layer at (0,0) size 800x600
  RenderView at (0,0) size 800x600
layer at (0,0) size 800x600
  RenderBlock {HTML} at (0,0) size 800x600
    RenderBody {BODY} at (8,8) size 784x584
      RenderBlock {P} at (0,0) size 784x21
        RenderText {#text} at (0,0) size 57x21
          text run at (0,0) width 57: "Test for "
        RenderInline {A} at (0,0) size 365x21 [color=#0000EE]
          RenderText {#text} at (57,0) size 365x21
            text run at (57,0) width 365: "http://bugzilla.opendarwin.org/show_bug.cgi?id=7281"
      RenderBlock {P} at (0,37) size 784x42
        RenderText {#text} at (0,0) size 774x42
          text run at (0,0) width 774: "This tests rendering of an applet element with Java disabled. If Java is disabled and Safari shows the content in the"
          text run at (0,21) width 210: "applet tag, then the test passed."
      RenderBlock (anonymous) at (0,95) size 784x21
        RenderInline {APPLET} at (0,0) size 74x21
          RenderText {#text} at (0,0) size 74x21
            text run at (0,0) width 74: "SUCCESS"
        RenderText {#text} at (0,0) size 0x0
