layer at (0,0) size 800x600
  RenderView at (0,0) size 800x600
layer at (0,0) size 800x600
  RenderBlock {HTML} at (0,0) size 800x600
    RenderBody {BODY} at (8,8) size 784x584
      RenderBlock {P} at (0,0) size 784x21
        RenderText {#text} at (0,0) size 57x21
          text run at (0,0) width 57: "Test for "
        RenderInline {I} at (0,0) size 536x21
          RenderInline {A} at (0,0) size 296x21 [color=#0000EE]
            RenderText {#text} at (57,0) size 296x21
              text run at (57,0) width 296: "http://bugs.webkit.org/show_bug.cgi?id=9276"
          RenderText {#text} at (353,0) size 240x21
            text run at (353,0) width 4: " "
            text run at (357,0) width 236: "Quirksmode: Image swap resize bug"
        RenderText {#text} at (593,0) size 4x21
          text run at (593,0) width 4: "."
      RenderBlock {P} at (0,37) size 784x21
        RenderText {#text} at (0,0) size 301x21
          text run at (0,0) width 301: "This should be a blue 100\x{D7}100 pixels square."
      RenderBlock (anonymous) at (0,74) size 784x100
        RenderImage {IMG} at (0,0) size 100x100
        RenderText {#text} at (0,0) size 0x0
