layer at (0,0) size 800x600
  RenderView at (0,0) size 800x600
layer at (0,0) size 800x600
  RenderBlock {HTML} at (0,0) size 800x600
    RenderBody {BODY} at (8,8) size 784x584
      RenderBlock {P} at (0,0) size 784x42
        RenderText {#text} at (0,0) size 271x21
          text run at (0,0) width 271: "This test checks for a regression against "
        RenderInline {I} at (0,0) size 770x42
          RenderInline {A} at (0,0) size 352x21 [color=#0000EE]
            RenderText {#text} at (271,0) size 352x21
              text run at (271,0) width 352: "http://bugzilla.opendarwin.org/show_bug.cgi?id=6276"
          RenderText {#text} at (623,0) size 770x42
            text run at (623,0) width 4: " "
            text run at (627,0) width 143: "Image thumbnails are"
            text run at (0,21) width 199: "misplaced on forum.2ostrov.ru"
        RenderText {#text} at (199,21) size 4x21
          text run at (199,21) width 4: "."
      RenderBlock {HR} at (0,58) size 784x2 [border: (1px inset #000000)]
      RenderBlock {P} at (0,76) size 784x21
        RenderText {#text} at (0,0) size 244x21
          text run at (0,0) width 244: "Box 1 and box 2 should be identical."
      RenderBlock (anonymous) at (0,113) size 784x21
        RenderText {#text} at (0,0) size 44x21
          text run at (0,0) width 44: "Box 1:"
      RenderBlock {DIV} at (0,134) size 67x82 [border: (1px solid #000000)]
        RenderBlock {DIV} at (6,6) size 40x20 [bgcolor=#0000FF]
        RenderText {#text} at (6,30) size 16x21
          text run at (6,30) width 16: "A "
        RenderBlock {DIV} at (22,26) size 35x20 [bgcolor=#FF0000]
        RenderText {#text} at (6,55) size 15x21
          text run at (6,55) width 15: "B "
        RenderBlock {DIV} at (21,51) size 20x20 [bgcolor=#008000]
        RenderText {#text} at (41,55) size 16x21
          text run at (41,55) width 16: " C"
      RenderBlock (anonymous) at (0,216) size 784x42
        RenderBR {BR} at (0,0) size 0x21
        RenderText {#text} at (0,21) size 44x21
          text run at (0,21) width 44: "Box 2:"
      RenderBlock {DIV} at (0,258) size 67x82 [border: (1px solid #000000)]
        RenderBlock {DIV} at (6,6) size 40x20 [bgcolor=#0000FF]
        RenderText {#text} at (6,30) size 16x21
          text run at (6,30) width 16: "A "
        RenderBlock {DIV} at (22,26) size 35x20 [bgcolor=#FF0000]
        RenderText {#text} at (6,55) size 15x21
          text run at (6,55) width 15: "B "
        RenderBlock {DIV} at (21,51) size 20x20 [bgcolor=#008000]
        RenderText {#text} at (41,55) size 16x21
          text run at (41,55) width 16: " C"
