layer at (0,0) size 800x600
  RenderView at (0,0) size 800x600
layer at (0,0) size 800x600
  RenderBlock {HTML} at (0,0) size 800x600
    RenderBody {BODY} at (8,8) size 784x584
      RenderBlock {DIV} at (0,0) size 10x46
        RenderText {#text} at (0,0) size 26x21
          text run at (0,0) width 26: "Foo"
        RenderImage {IMG} at (0,21) size 25x25
      RenderBlock {DIV} at (0,46) size 10x52
        RenderText {#text} at (0,0) size 26x21
          text run at (0,0) width 26: "Foo"
        RenderMenuList {SELECT} at (2,23) size 70x27 [bgcolor=#FFFFFF]
          RenderBlock (anonymous) at (4,3) size 42x21
            RenderText at (0,0) size 28x21
              text run at (0,0) width 28: "One"
      RenderBlock {DIV} at (0,98) size 10x50
        RenderText {#text} at (0,0) size 26x21
          text run at (0,0) width 26: "Foo"
        RenderTextControl {INPUT} at (2,23) size 166x25
      RenderBlock {DIV} at (0,148) size 10x46
        RenderImage {IMG} at (0,0) size 25x25
        RenderText {#text} at (0,25) size 26x21
          text run at (0,25) width 26: "Foo"
      RenderBlock {DIV} at (0,194) size 10x52
        RenderMenuList {SELECT} at (2,2) size 70x27 [bgcolor=#FFFFFF]
          RenderBlock (anonymous) at (4,3) size 42x21
            RenderText at (0,0) size 28x21
              text run at (0,0) width 28: "One"
        RenderText {#text} at (0,31) size 26x21
          text run at (0,31) width 26: "Foo"
      RenderBlock {DIV} at (0,246) size 10x50
        RenderTextControl {INPUT} at (2,2) size 166x25
        RenderText {#text} at (0,29) size 26x21
          text run at (0,29) width 26: "Foo"
layer at (12,131) size 162x21
  RenderBlock {DIV} at (2,2) size 162x21
layer at (12,258) size 162x21
  RenderBlock {DIV} at (2,2) size 162x21
