layer at (0,0) size 839x584
  RenderView at (0,0) size 800x584
layer at (0,0) size 800x584
  RenderBlock {HTML} at (0,0) size 800x584
    RenderBody {BODY} at (8,8) size 784x568
      RenderBlock (anonymous) at (0,0) size 784x21
        RenderText {#text} at (0,0) size 238x21
          text run at (0,0) width 238: "These textfields should not overlap."
      RenderTable {TABLE} at (0,21) size 784x33
        RenderTableSection {TBODY} at (0,0) size 784x33
          RenderTableRow {TR} at (0,1) size 784x31
            RenderTableCell {TD} at (1,1) size 168x31 [r=0 c=0 rs=1 cs=1]
              RenderTextControl {INPUT} at (1,3) size 166x25
            RenderTableCell {TD} at (170,1) size 6x31 [r=0 c=1 rs=1 cs=1]
              RenderTextControl {INPUT} at (1,3) size 4x25
            RenderTableCell {TD} at (177,1) size 6x31 [r=0 c=2 rs=1 cs=1]
              RenderTextControl {INPUT} at (1,3) size 4x25
            RenderTableCell {TD} at (184,5) size 599x23 [r=0 c=3 rs=1 cs=1]
              RenderText {#text} at (1,1) size 4x21
                text run at (1,1) width 4: " "
      RenderBlock (anonymous) at (0,54) size 784x42
        RenderBR {BR} at (0,0) size 0x21
        RenderBR {BR} at (0,21) size 0x21
      RenderTable {TABLE} at (0,96) size 831x33
        RenderTableSection {TBODY} at (0,0) size 831x33
          RenderTableRow {TR} at (0,1) size 831x31
            RenderTableCell {TD} at (1,1) size 808x31 [r=0 c=0 rs=1 cs=1]
              RenderTextControl {INPUT} at (1,3) size 806x25
            RenderTableCell {TD} at (810,1) size 6x31 [r=0 c=1 rs=1 cs=1]
              RenderTextControl {INPUT} at (1,3) size 4x25
            RenderTableCell {TD} at (817,1) size 6x31 [r=0 c=2 rs=1 cs=1]
              RenderTextControl {INPUT} at (1,3) size 4x25
            RenderTableCell {TD} at (824,5) size 6x23 [r=0 c=3 rs=1 cs=1]
              RenderText {#text} at (1,1) size 4x21
                text run at (1,1) width 4: " "
layer at (12,35) size 162x21
  RenderBlock {DIV} at (2,2) size 162x21
    RenderText {#text} at (1,0) size 66x21
      text run at (1,0) width 66: "New Mail"
layer at (181,35) size 2x21 scrollWidth 42
  RenderBlock {DIV} at (2,2) size 2x21
    RenderText {#text} at (1,0) size 40x21
      text run at (1,0) width 40: "Reply"
layer at (188,35) size 2x21 scrollWidth 66
  RenderBlock {DIV} at (2,2) size 2x21
    RenderText {#text} at (1,0) size 64x21
      text run at (1,0) width 64: "Reply All"
layer at (12,110) size 802x21
  RenderBlock {DIV} at (2,2) size 802x21
    RenderText {#text} at (1,0) size 66x21
      text run at (1,0) width 66: "New Mail"
layer at (821,110) size 2x21 scrollWidth 42
  RenderBlock {DIV} at (2,2) size 2x21
    RenderText {#text} at (1,0) size 40x21
      text run at (1,0) width 40: "Reply"
layer at (828,110) size 2x21 scrollWidth 66
  RenderBlock {DIV} at (2,2) size 2x21
    RenderText {#text} at (1,0) size 64x21
      text run at (1,0) width 64: "Reply All"
