layer at (0,0) size 800x600
  RenderView at (0,0) size 800x600
layer at (0,0) size 800x600
  RenderBlock {HTML} at (0,0) size 800x600
    RenderBody {BODY} at (0,0) size 800x600
      RenderDetails {DETAILS} at (0,0) size 800x20
        RenderBlock (anonymous) at (0,0) size 800x20
          RenderSummary {SUMMARY} at (0,0) size 800x20
            RenderDetailsMarker at (0,0) size 10x19: right
            RenderText {#text} at (10,0) size 37x19
              text run at (10,0) width 37: "new 1"
        RenderBlock (anonymous) at (0,20) size 800x0
caret: position 0 of child 0 {#text} of child 1 {SUMMARY} of child 1 {DETAILS} of body
