layer at (0,0) size 800x600
  RenderView at (0,0) size 800x600
layer at (0,0) size 800x600
  RenderBlock {HTML} at (0,0) size 800x600
    RenderBody {BODY} at (0,0) size 800x600
      RenderDetails {DETAILS} at (0,0) size 800x20
        RenderBlock (anonymous) at (0,0) size 800x20
          RenderBlock (anonymous) at (0,0) size 800x20
            RenderDetailsMarker at (0,0) size 10x19: down
            RenderText at (10,0) size 41x19
              text run at (10,0) width 41: "Details"
caret: position 0 of child 1 {DETAILS} of body
