layer at (0,0) size 800x600
  RenderView at (0,0) size 800x600
layer at (0,0) size 800x600
  RenderBlock {HTML} at (0,0) size 800x600
    RenderBody {BODY} at (8,8) size 784x584
      RenderBlock {P} at (0,0) size 784x38
        RenderText {#text} at (0,0) size 776x38
          text run at (0,0) width 408: "This tests smart paste of a fragment that ends in a select element. "
          text run at (408,0) width 368: "There should be spaces added before and after the inserted"
          text run at (0,19) width 50: "content."
      RenderBlock {DIV} at (0,54) size 784x31
        RenderMenuList {SELECT} at (2,2) size 37x27 [bgcolor=#FFFFFF] [border: (1px solid #000000)]
          RenderBlock (anonymous) at (1,1) size 35x25
            RenderText at (3,3) size 9x19
              text run at (3,3) width 9: "1"
      RenderBlock {DIV} at (0,85) size 784x31
        RenderText {#text} at (0,6) size 8x19
          text run at (0,6) width 8: "x"
        RenderMenuList {SELECT} at (10,2) size 37x27 [bgcolor=#FFFFFF] [border: (1px solid #000000)]
          RenderBlock (anonymous) at (1,1) size 35x25
            RenderText at (3,3) size 9x19
              text run at (3,3) width 9: "1"
        RenderText {#text} at (49,6) size 8x19
          text run at (49,6) width 8: "x"
caret: position 3 of child 1 {SELECT} of child 4 {DIV} of body
