EDITING DELEGATE: shouldBeginEditingInDOMRange:range from 0 of DIV > BODY > HTML > #document to 1 of DIV > BODY > HTML > #document
EDITING DELEGATE: webViewDidBeginEditing:WebViewDidBeginEditingNotification
EDITING DELEGATE: webViewDidChangeSelection:WebViewDidChangeSelectionNotification
EDITING DELEGATE: webViewDidChangeSelection:WebViewDidChangeSelectionNotification
EDITING DELEGATE: webViewDidChangeSelection:WebViewDidChangeSelectionNotification
EDITING DELEGATE: webViewDidChangeSelection:WebViewDidChangeSelectionNotification
EDITING DELEGATE: webViewDidChange:WebViewDidChangeNotification
layer at (0,0) size 800x600
  RenderView at (0,0) size 800x600
layer at (0,0) size 800x600
  RenderBlock {HTML} at (0,0) size 800x600
    RenderBody {BODY} at (8,8) size 784x584
      RenderBlock {P} at (0,0) size 784x57
        RenderText {#text} at (0,0) size 762x57
          text run at (0,0) width 762: "There is an interchange newline at the end of the incoming fragment, so the last bit of pasted content and the content after"
          text run at (0,19) width 446: "the position where the paste occured should be in separate paragraphs. "
          text run at (446,19) width 316: "The last bit of pasted content is a div wrapped in a"
          text run at (0,38) width 476: "span, which breaks the old code in paste that handled interchange newlines."
      RenderBlock {DIV} at (0,73) size 784x57
        RenderBlock (anonymous) at (0,0) size 784x19
          RenderText {#text} at (0,0) size 8x19
            text run at (0,0) width 8: "x"
          RenderInline {SPAN} at (0,0) size 21x19
            RenderText {#text} at (8,0) size 21x19
              text run at (8,0) width 21: "foo"
        RenderBlock (anonymous) at (0,19) size 784x19
          RenderBlock {DIV} at (0,0) size 784x19
            RenderText {#text} at (0,0) size 20x19
              text run at (0,0) width 20: "bar"
        RenderBlock (anonymous) at (0,38) size 784x19
          RenderInline {SPAN} at (0,0) size 0x0
          RenderText {#text} at (0,0) size 8x19
            text run at (0,0) width 8: "x"
caret: position 0 of child 2 {#text} of child 2 {DIV} of body
