EDITING DELEGATE: shouldBeginEditingInDOMRange:range from 0 of BODY > HTML > #document to 6 of BODY > HTML > #document
EDITING DELEGATE: webViewDidBeginEditing:WebViewDidBeginEditingNotification
EDITING DELEGATE: webViewDidChangeSelection:WebViewDidChangeSelectionNotification
EDITING DELEGATE: shouldChangeSelectedDOMRange:range from 0 of P > BODY > HTML > #document to 0 of P > BODY > HTML > #document toDOMRange:range from 0 of #text > B > FONT > P > BODY > HTML > #document to 5 of #text > B > FONT > P > BODY > HTML > #document affinity:NSSelectionAffinityDownstream stillSelecting:FALSE
EDITING DELEGATE: webViewDidChangeSelection:WebViewDidChangeSelectionNotification
EDITING DELEGATE: webViewDidChangeSelection:WebViewDidChangeSelectionNotification
EDITING DELEGATE: shouldChangeSelectedDOMRange:range from 5 of #text > B > FONT > P > BODY > HTML > #document to 5 of #text > B > FONT > P > BODY > HTML > #document toDOMRange:range from 0 of P > BODY > HTML > #document to 0 of P > BODY > HTML > #document affinity:NSSelectionAffinityDownstream stillSelecting:FALSE
EDITING DELEGATE: webViewDidChangeSelection:WebViewDidChangeSelectionNotification
EDITING DELEGATE: webViewDidChange:WebViewDidChangeNotification
EDITING DELEGATE: shouldInsertNode:#document-fragment replacingDOMRange:range from 0 of P > BODY > HTML > #document to 0 of P > BODY > HTML > #document givenAction:WebViewInsertActionPasted
EDITING DELEGATE: webViewDidChangeSelection:WebViewDidChangeSelectionNotification
EDITING DELEGATE: shouldChangeSelectedDOMRange:(null) toDOMRange:range from 5 of #text > B > FONT > P > FONT > P > BODY > HTML > #document to 5 of #text > B > FONT > P > FONT > P > BODY > HTML > #document affinity:NSSelectionAffinityDownstream stillSelecting:FALSE
EDITING DELEGATE: webViewDidChangeSelection:WebViewDidChangeSelectionNotification
EDITING DELEGATE: webViewDidChange:WebViewDidChangeNotification
layer at (0,0) size 800x600
  RenderView at (0,0) size 800x600
layer at (0,0) size 800x600
  RenderBlock {HTML} at (0,0) size 800x600
    RenderBody {BODY} at (8,8) size 784x576
      RenderBlock {P} at (0,0) size 784x19
        RenderInline {FONT} at (0,0) size 50x19
          RenderInline {B} at (0,0) size 50x19
            RenderText {#text} at (0,0) size 50x19
              text run at (0,0) width 50: "hello"
      RenderBlock {P} at (0,35) size 784x19
        RenderInline {FONT} at (0,0) size 50x19
          RenderInline {B} at (0,0) size 50x19
            RenderText {#text} at (0,0) size 50x19
              text run at (0,0) width 50: "there"
      RenderBlock {P} at (0,70) size 784x54
        RenderBlock (anonymous) at (0,0) size 784x0
          RenderInline {FONT} at (0,0) size 0x0
        RenderBlock (anonymous) at (0,0) size 784x54
          RenderBlock {P} at (0,0) size 784x19
            RenderInline {FONT} at (0,0) size 50x19
              RenderInline {B} at (0,0) size 50x19
                RenderText {#text} at (0,0) size 50x19
                  text run at (0,0) width 50: "hello"
          RenderBlock {P} at (0,35) size 784x19
            RenderInline {FONT} at (0,0) size 50x19
              RenderInline {B} at (0,0) size 50x19
                RenderText {#text} at (0,0) size 50x19
                  text run at (0,0) width 50: "there"
        RenderBlock (anonymous) at (0,70) size 784x0
          RenderInline {FONT} at (0,0) size 0x0
          RenderInline {FONT} at (0,0) size 0x0
caret: position 5 of child 0 {#text} of child 0 {B} of child 0 {FONT} of child 1 {P} of child 0 {FONT} of child 4 {P} of body
