layer at (0,0) size 800x600
  RenderView at (0,0) size 800x600
layer at (0,0) size 800x600
  RenderBlock {HTML} at (0,0) size 800x600
    RenderBody {BODY} at (8,8) size 784x584
      RenderBlock {DIV} at (0,0) size 784x0
      RenderTable {TABLE} at (0,0) size 106x27
        RenderTableSection {TBODY} at (0,0) size 106x27
          RenderTableRow {TR} at (0,2) size 106x23
            RenderTableCell {TD} at (2,2) size 37x23 [r=0 c=0 rs=1 cs=1]
              RenderText {#text} at (1,1) size 35x21
                text run at (1,1) width 35: "Hello"
            RenderTableCell {TD} at (41,2) size 63x23 [r=0 c=1 rs=1 cs=1]
              RenderText {#text} at (1,1) size 61x21
                text run at (1,1) width 61: "Goodbye"
