layer at (0,0) size 800x600
  RenderView at (0,0) size 800x600
layer at (0,0) size 800x600
  RenderBlock {HTML} at (0,0) size 800x600
    RenderBody {BODY} at (8,8) size 784x584
      RenderTable {TABLE} at (0,0) size 784x126 [bgcolor=#808000]
        RenderTableSection {TBODY} at (0,0) size 784x126
          RenderTableRow {TR} at (0,0) size 784x126
            RenderTableCell {TD} at (0,0) size 78x126 [r=0 c=0 rs=1 cs=1]
              RenderText {#text} at (0,0) size 78x126
                text run at (0,0) width 57: "Dorothy"
                text run at (0,21) width 78: "Rothschild:"
                text run at (0,42) width 38: "Love,"
                text run at (0,63) width 62: "curiosity,"
                text run at (0,84) width 52: "freckles"
                text run at (0,105) width 26: "and"
            RenderTableCell {TD} at (78,0) size 706x21 [bgcolor=#008000] [r=0 c=1 rs=1 cs=1]
              RenderText {#text} at (0,0) size 211x21
                text run at (0,0) width 211: "Animal Friends Rescue Project"
