layer at (0,0) size 784x842
  RenderView at (0,0) size 784x600
layer at (0,0) size 784x842
  RenderBlock {HTML} at (0,0) size 784x842
    RenderBody {BODY} at (8,8) size 768x818
      RenderTable {TABLE} at (0,0) size 768x92
        RenderTableSection {TBODY} at (0,0) size 768x92
          RenderTableRow {TR} at (0,2) size 768x88
            RenderTableCell {TD} at (2,33) size 683x25 [border: (1px solid #008000)] [r=0 c=0 rs=1 cs=1]
              RenderText {#text} at (2,2) size 8x21
                text run at (2,2) width 8: "1"
            RenderTableCell {TD} at (687,2) size 65x88 [border: (1px solid #008000)] [r=0 c=1 rs=1 cs=1]
              RenderText {#text} at (2,2) size 61x84
                text run at (2,2) width 55: "See, this"
                text run at (2,23) width 35: "is the"
                text run at (2,44) width 61: "problem."
                text run at (2,65) width 51: "It will..."
            RenderTableCell {TD} at (754,33) size 12x25 [border: (1px solid #008000)] [r=0 c=2 rs=1 cs=1]
              RenderText {#text} at (2,2) size 8x21
                text run at (2,2) width 8: "3"
      RenderBlock {P} at (0,108) size 768x0
      RenderTable {TABLE} at (0,108) size 768x226
        RenderTableSection {TBODY} at (0,0) size 768x226
          RenderTableRow {TR} at (0,2) size 768x222
            RenderTableCell {TD} at (2,2) size 764x222 [border: (1px solid #008000)] [r=0 c=0 rs=1 cs=1]
              RenderTable {TABLE} at (2,2) size 760x218
                RenderTableSection {TBODY} at (0,0) size 760x218
                  RenderTableRow {TR} at (0,2) size 760x214
                    RenderTableCell {TD} at (2,96) size 675x25 [border: (1px solid #008000)] [r=0 c=0 rs=1 cs=1]
                      RenderText {#text} at (2,2) size 8x21
                        text run at (2,2) width 8: "1"
                    RenderTableCell {TD} at (679,2) size 65x214 [border: (1px solid #008000)] [r=0 c=1 rs=1 cs=1]
                      RenderText {#text} at (2,2) size 61x210
                        text run at (2,2) width 55: "See, this"
                        text run at (2,23) width 35: "is the"
                        text run at (2,44) width 61: "problem."
                        text run at (2,65) width 40: "S See,"
                        text run at (2,86) width 38: "this is"
                        text run at (2,107) width 21: "the"
                        text run at (2,128) width 61: "problem."
                        text run at (2,149) width 55: "See, this"
                        text run at (2,170) width 35: "is the"
                        text run at (2,191) width 61: "problem."
                    RenderTableCell {TD} at (746,96) size 12x25 [border: (1px solid #008000)] [r=0 c=2 rs=1 cs=1]
                      RenderText {#text} at (2,2) size 8x21
                        text run at (2,2) width 8: "3"
      RenderBlock {P} at (0,350) size 768x0
      RenderTable {TABLE} at (0,350) size 542x226
        RenderTableSection {TBODY} at (0,0) size 542x226
          RenderTableRow {TR} at (0,2) size 542x222
            RenderTableCell {TD} at (2,2) size 538x222 [border: (1px solid #008000)] [r=0 c=0 rs=1 cs=1]
              RenderTable {TABLE} at (2,2) size 534x218
                RenderTableSection {TBODY} at (0,0) size 534x218
                  RenderTableRow {TR} at (0,2) size 534x214
                    RenderTableCell {TD} at (2,96) size 449x25 [border: (1px solid #008000)] [r=0 c=0 rs=1 cs=1]
                      RenderText {#text} at (2,2) size 8x21
                        text run at (2,2) width 8: "1"
                    RenderTableCell {TD} at (453,2) size 65x214 [border: (1px solid #008000)] [r=0 c=1 rs=1 cs=1]
                      RenderText {#text} at (2,2) size 61x210
                        text run at (2,2) width 55: "See, this"
                        text run at (2,23) width 35: "is the"
                        text run at (2,44) width 61: "problem."
                        text run at (2,65) width 40: "S See,"
                        text run at (2,86) width 38: "this is"
                        text run at (2,107) width 21: "the"
                        text run at (2,128) width 61: "problem."
                        text run at (2,149) width 55: "See, this"
                        text run at (2,170) width 35: "is the"
                        text run at (2,191) width 61: "problem."
                    RenderTableCell {TD} at (520,96) size 12x25 [border: (1px solid #008000)] [r=0 c=2 rs=1 cs=1]
                      RenderText {#text} at (2,2) size 8x21
                        text run at (2,2) width 8: "3"
      RenderBlock {P} at (0,592) size 768x0
      RenderTable {TABLE} at (0,592) size 542x226
        RenderTableSection {TBODY} at (0,0) size 542x226
          RenderTableRow {TR} at (0,2) size 542x222
            RenderTableCell {TD} at (2,2) size 538x222 [border: (1px solid #008000)] [r=0 c=0 rs=1 cs=1]
              RenderBlock {DIV} at (2,2) size 534x218
                RenderTable {TABLE} at (0,0) size 534x218
                  RenderTableSection {TBODY} at (0,0) size 534x218
                    RenderTableRow {TR} at (0,2) size 534x214
                      RenderTableCell {TD} at (2,96) size 449x25 [border: (1px solid #008000)] [r=0 c=0 rs=1 cs=1]
                        RenderText {#text} at (2,2) size 8x21
                          text run at (2,2) width 8: "1"
                      RenderTableCell {TD} at (453,2) size 65x214 [border: (1px solid #008000)] [r=0 c=1 rs=1 cs=1]
                        RenderText {#text} at (2,2) size 61x210
                          text run at (2,2) width 55: "See, this"
                          text run at (2,23) width 35: "is the"
                          text run at (2,44) width 61: "problem."
                          text run at (2,65) width 40: "S See,"
                          text run at (2,86) width 38: "this is"
                          text run at (2,107) width 21: "the"
                          text run at (2,128) width 61: "problem."
                          text run at (2,149) width 55: "See, this"
                          text run at (2,170) width 35: "is the"
                          text run at (2,191) width 61: "problem."
                      RenderTableCell {TD} at (520,96) size 12x25 [border: (1px solid #008000)] [r=0 c=2 rs=1 cs=1]
                        RenderText {#text} at (2,2) size 8x21
                          text run at (2,2) width 8: "3"
      RenderBlock {P} at (0,834) size 768x0
