layer at (0,0) size 800x600
  RenderView at (0,0) size 800x600
layer at (0,0) size 800x600
  RenderBlock {HTML} at (0,0) size 800x600
    RenderBody {BODY} at (8,8) size 784x584
      RenderTable {TABLE} at (714,0) size 70x33
        RenderTableSection {TBODY} at (0,0) size 70x33
          RenderTableRow {TR} at (0,2) size 70x29
            RenderTableCell {TD} at (2,2) size 66x29 [r=0 c=0 rs=1 cs=1]
              RenderBlock (floating) {DIV} at (1,1) size 64x27
                RenderTable {TABLE} at (0,0) size 64x27
                  RenderTableSection {TBODY} at (0,0) size 64x27
                    RenderTableRow {TR} at (0,2) size 64x23
                      RenderTableCell {TD} at (2,2) size 10x23 [r=0 c=0 rs=1 cs=1]
                        RenderText {#text} at (1,1) size 8x21
                          text run at (1,1) width 8: "a"
                      RenderTableCell {TD} at (14,2) size 37x23 [r=0 c=1 rs=1 cs=1]
                        RenderText {#text} at (1,1) size 35x21
                          text run at (1,1) width 35: "Hello"
                      RenderTableCell {TD} at (53,2) size 9x23 [r=0 c=2 rs=1 cs=1]
                        RenderText {#text} at (1,1) size 7x21
                          text run at (1,1) width 7: "c"
