layer at (0,0) size 837x584
  RenderView at (0,0) size 800x584
layer at (0,0) size 800x584
  RenderBlock {HTML} at (0,0) size 800x584
    RenderBody {BODY} at (8,8) size 784x568
      RenderTable {TABLE} at (0,0) size 829x389
        RenderTableSection {TBODY} at (0,0) size 829x389
          RenderTableRow {TR} at (0,0) size 829x29
            RenderTableCell {TD} at (0,0) size 829x29 [border: (1px solid #008000)] [r=0 c=0 rs=1 cs=3]
              RenderText {#text} at (4,4) size 248x21
                text run at (4,4) width 150: "   Join Now   Sign In   "
                text run at (154,4) width 98: "   Personalize: "
              RenderInline {A} at (0,0) size 53x21
                RenderText {#text} at (252,4) size 53x21
                  text run at (252,4) width 53: "Settings"
              RenderText {#text} at (305,4) size 14x21
                text run at (305,4) width 14: " \x{2022} "
              RenderInline {A} at (0,0) size 55x21
                RenderText {#text} at (319,4) size 55x21
                  text run at (319,4) width 55: "Content"
              RenderText {#text} at (374,4) size 14x21
                text run at (374,4) width 14: " \x{2022} "
              RenderInline {A} at (0,0) size 49x21
                RenderText {#text} at (388,4) size 49x21
                  text run at (388,4) width 49: "Layout"
              RenderText {#text} at (437,4) size 14x21
                text run at (437,4) width 14: " \x{2022} "
              RenderInline {A} at (0,0) size 119x21
                RenderText {#text} at (451,4) size 119x21
                  text run at (451,4) width 119: "Colors & Themes"
              RenderText {#text} at (570,4) size 14x21
                text run at (570,4) width 14: " \x{2022} "
              RenderInline {A} at (0,0) size 49x21
                RenderText {#text} at (584,4) size 49x21
                  text run at (584,4) width 49: "Sign In"
              RenderText {#text} at (633,4) size 192x21
                text run at (633,4) width 8: "  "
                text run at (641,4) width 95: "   My Links:   "
                text run at (736,4) width 89: "  Lite \x{2022} Email"
          RenderTableRow {TR} at (0,29) size 829x360
            RenderTableCell {TD} at (0,205) size 8x8 [border: (1px solid #008000)] [r=1 c=0 rs=1 cs=1]
            RenderTableCell {TD} at (8,29) size 601x360 [border: (1px solid #008000)] [r=1 c=1 rs=1 cs=1]
              RenderTable {TABLE} at (4,4) size 593x352
                RenderTableSection {TBODY} at (0,0) size 593x352
                  RenderTableRow {TR} at (0,2) size 593x348
                    RenderTableCell {TD} at (2,2) size 589x348 [border: (1px solid #008000)] [r=0 c=0 rs=1 cs=1]
                      RenderTable {TABLE} at (2,2) size 585x344
                        RenderTableSection {TBODY} at (0,0) size 585x344
                          RenderTableRow {TR} at (0,2) size 585x340
                            RenderTableCell {TD} at (2,170) size 250x4 [border: (1px solid #008000)] [r=0 c=0 rs=1 cs=1]
                            RenderTableCell {TD} at (254,2) size 76x340 [border: (1px solid #008000)] [r=0 c=1 rs=1 cs=1]
                              RenderText {#text} at (2,2) size 72x336
                                text run at (2,2) width 59: "This guy"
                                text run at (2,23) width 45: "should"
                                text run at (2,44) width 57: "have the"
                                text run at (2,65) width 63: "really big"
                                text run at (2,86) width 72: "maxwidth."
                                text run at (2,107) width 15: "It "
                                text run at (17,107) width 45: "should"
                                text run at (2,128) width 41: "be big"
                                text run at (2,149) width 67: "enough to"
                                text run at (2,170) width 38: "really"
                                text run at (2,191) width 38: "really"
                                text run at (2,212) width 39: "screw"
                                text run at (2,233) width 67: "things up."
                                text run at (2,254) width 47: "That is"
                                text run at (2,275) width 44: "what I"
                                text run at (2,296) width 64: "think will"
                                text run at (2,317) width 40: "work."
                            RenderTableCell {TD} at (332,170) size 251x4 [border: (1px solid #008000)] [r=0 c=2 rs=1 cs=1]
            RenderTableCell {TD} at (609,196) size 220x26 [border: (1px solid #008000)] [r=1 c=2 rs=1 cs=1]
              RenderImage {IMG} at (4,4) size 212x18
              RenderText {#text} at (0,0) size 0x0
