layer at (0,0) size 784x604
  RenderView at (0,0) size 784x600
layer at (0,0) size 784x604
  RenderBlock {HTML} at (0,0) size 784x604
    RenderBody {BODY} at (8,16) size 768x580
      RenderBlock {DIV} at (0,0) size 600x580
        RenderBlock {P} at (0,0) size 600x21
          RenderText {#text} at (0,0) size 301x21
            text run at (0,0) width 301: "The following two tables should be the same."
        RenderBlock {P} at (0,37) size 600x21
          RenderText {#text} at (0,0) size 173x21
            text run at (0,0) width 173: "Table 1: width in <COL>"
        RenderTable {TABLE} at (0,74) size 256x237
          RenderTableCol {COLGROUP} at (0,0) size 0x0
            RenderTableCol {COL} at (0,0) size 0x0
            RenderTableCol {COL} at (0,0) size 0x0
          RenderTableSection {TBODY} at (0,0) size 256x237
            RenderTableRow {TR} at (0,2) size 256x233
              RenderTableCell {TD} at (2,2) size 150x233 [bgcolor=#FFFF00] [r=0 c=0 rs=1 cs=1]
                RenderText {#text} at (1,1) size 145x231
                  text run at (1,1) width 98: "Cras tincidunt"
                  text run at (1,22) width 111: "bibendum nunc."
                  text run at (1,43) width 140: "Morbi condimentum"
                  text run at (1,64) width 88: "aliquet diam."
                  text run at (1,85) width 129: "Phasellus pulvinar,"
                  text run at (1,106) width 145: "nisl at tempor auctor,"
                  text run at (1,127) width 72: "dolor pede"
                  text run at (1,148) width 114: "vestibulum risus,"
                  text run at (1,169) width 131: "placerat malesuada"
                  text run at (1,190) width 112: "dui enim nec est."
                  text run at (1,211) width 64: "Nulla leo."
              RenderTableCell {TD} at (154,107) size 100x23 [bgcolor=#008000] [r=0 c=1 rs=1 cs=1]
                RenderText {#text} at (1,1) size 91x21
                  text run at (1,1) width 91: "Lorem ipsum"
        RenderBlock {P} at (0,327) size 600x21
          RenderText {#text} at (0,0) size 161x21
            text run at (0,0) width 161: "Table 2: width in <TD>"
        RenderTable {TABLE} at (0,364) size 260x216
          RenderTableSection {TBODY} at (0,0) size 260x216
            RenderTableRow {TR} at (0,2) size 260x212
              RenderTableCell {TD} at (2,2) size 152x212 [bgcolor=#FFFF00] [r=0 c=0 rs=1 cs=1]
                RenderText {#text} at (1,1) size 150x210
                  text run at (1,1) width 98: "Cras tincidunt"
                  text run at (1,22) width 111: "bibendum nunc."
                  text run at (1,43) width 140: "Morbi condimentum"
                  text run at (1,64) width 88: "aliquet diam."
                  text run at (1,85) width 129: "Phasellus pulvinar,"
                  text run at (1,106) width 145: "nisl at tempor auctor,"
                  text run at (1,127) width 150: "dolor pede vestibulum"
                  text run at (1,148) width 95: "risus, placerat"
                  text run at (1,169) width 135: "malesuada dui enim"
                  text run at (1,190) width 117: "nec est. Nulla leo."
              RenderTableCell {TD} at (156,96) size 102x23 [bgcolor=#008000] [r=0 c=1 rs=1 cs=1]
                RenderText {#text} at (1,1) size 91x21
                  text run at (1,1) width 91: "Lorem ipsum"
