layer at (0,0) size 800x600
  RenderView at (0,0) size 800x600
layer at (0,0) size 800x600
  RenderBlock {HTML} at (0,0) size 800x600
    RenderBody {BODY} at (8,8) size 784x584
      RenderTable {TABLE} at (0,0) size 244x234 [border: none]
        RenderTableCol {COLGROUP} at (0,0) size 0x0 [border: (1px solid #000000) none (1px solid #000000)]
        RenderTableCol {COLGROUP} at (0,0) size 0x0 [border: (1px solid #000000) none (1px solid #000000)]
        RenderTableSection {TBODY} at (0,0) size 243x233 [border: (1px solid #808080) none (1px solid #808080) none]
          RenderTableRow {TR} at (0,0) size 243x30
            RenderTableCell {TH} at (0,0) size 88x30 [border: (1px none #000000)] [r=0 c=0 rs=1 cs=1]
              RenderText {#text} at (12,5) size 65x21
                text run at (12,5) width 65: "Weekday"
            RenderTableCell {TH} at (88,0) size 45x30 [border: (1px none #000000)] [r=0 c=1 rs=1 cs=1]
              RenderText {#text} at (7,5) size 32x21
                text run at (7,5) width 32: "Date"
            RenderTableCell {TH} at (133,0) size 70x30 [border: (1px none #000000)] [r=0 c=2 rs=1 cs=1]
              RenderText {#text} at (4,5) size 62x21
                text run at (4,5) width 62: "Manager"
            RenderTableCell {TH} at (203,0) size 40x30 [border: (1px none #000000)] [r=0 c=3 rs=1 cs=1]
              RenderText {#text} at (7,5) size 26x21
                text run at (7,5) width 26: "Qty"
          RenderTableRow {TR} at (0,30) size 243x29
            RenderTableCell {TD} at (0,30) size 88x29 [border: none] [r=1 c=0 rs=1 cs=1]
              RenderText {#text} at (5,4) size 57x21
                text run at (5,4) width 57: "Monday"
            RenderTableCell {TD} at (88,30) size 45x29 [border: none] [r=1 c=1 rs=1 cs=1]
              RenderText {#text} at (5,4) size 36x21
                text run at (5,4) width 36: "09/11"
            RenderTableCell {TD} at (133,30) size 70x29 [r=1 c=2 rs=1 cs=1]
              RenderText {#text} at (4,4) size 44x21
                text run at (4,4) width 44: "Kelsey"
            RenderTableCell {TD} at (203,30) size 40x29 [r=1 c=3 rs=1 cs=1]
              RenderText {#text} at (4,4) size 24x21
                text run at (4,4) width 24: "639"
          RenderTableRow {TR} at (0,59) size 243x29
            RenderTableCell {TD} at (0,59) size 88x29 [border: none] [r=2 c=0 rs=1 cs=1]
              RenderText {#text} at (5,4) size 58x21
                text run at (5,4) width 58: "Tuesday"
            RenderTableCell {TD} at (88,59) size 45x29 [border: none] [r=2 c=1 rs=1 cs=1]
              RenderText {#text} at (5,4) size 36x21
                text run at (5,4) width 36: "09/12"
            RenderTableCell {TD} at (133,59) size 70x29 [r=2 c=2 rs=1 cs=1]
              RenderText {#text} at (4,4) size 54x21
                text run at (4,4) width 54: "Lindsey"
            RenderTableCell {TD} at (203,59) size 40x29 [r=2 c=3 rs=1 cs=1]
              RenderText {#text} at (4,4) size 24x21
                text run at (4,4) width 24: "596"
          RenderTableRow {TR} at (0,88) size 243x29
            RenderTableCell {TD} at (0,88) size 88x29 [border: none] [r=3 c=0 rs=1 cs=1]
              RenderText {#text} at (5,4) size 79x21
                text run at (5,4) width 79: "Wednesday"
            RenderTableCell {TD} at (88,88) size 45x29 [border: none] [r=3 c=1 rs=1 cs=1]
              RenderText {#text} at (5,4) size 36x21
                text run at (5,4) width 36: "09/13"
            RenderTableCell {TD} at (133,88) size 70x29 [r=3 c=2 rs=1 cs=1]
              RenderText {#text} at (4,4) size 46x21
                text run at (4,4) width 46: "Randy"
            RenderTableCell {TD} at (203,88) size 40x29 [r=3 c=3 rs=1 cs=1]
              RenderText {#text} at (4,4) size 32x21
                text run at (4,4) width 32: "1135"
          RenderTableRow {TR} at (0,117) size 243x29
            RenderTableCell {TD} at (0,117) size 88x29 [border: none] [r=4 c=0 rs=1 cs=1]
              RenderText {#text} at (5,4) size 67x21
                text run at (5,4) width 67: "Thursday"
            RenderTableCell {TD} at (88,117) size 45x29 [border: none] [r=4 c=1 rs=1 cs=1]
              RenderText {#text} at (5,4) size 36x21
                text run at (5,4) width 36: "09/14"
            RenderTableCell {TD} at (133,117) size 70x29 [r=4 c=2 rs=1 cs=1]
              RenderText {#text} at (4,4) size 41x21
                text run at (4,4) width 41: "Susan"
            RenderTableCell {TD} at (203,117) size 40x29 [r=4 c=3 rs=1 cs=1]
              RenderText {#text} at (4,4) size 32x21
                text run at (4,4) width 32: "1002"
          RenderTableRow {TR} at (0,146) size 243x29
            RenderTableCell {TD} at (0,146) size 88x29 [border: none] [r=5 c=0 rs=1 cs=1]
              RenderText {#text} at (5,4) size 46x21
                text run at (5,4) width 46: "Friday"
            RenderTableCell {TD} at (88,146) size 45x29 [border: none] [r=5 c=1 rs=1 cs=1]
              RenderText {#text} at (5,4) size 36x21
                text run at (5,4) width 36: "09/15"
            RenderTableCell {TD} at (133,146) size 70x29 [r=5 c=2 rs=1 cs=1]
              RenderText {#text} at (4,4) size 46x21
                text run at (4,4) width 46: "Randy"
            RenderTableCell {TD} at (203,146) size 40x29 [r=5 c=3 rs=1 cs=1]
              RenderText {#text} at (4,4) size 24x21
                text run at (4,4) width 24: "908"
          RenderTableRow {TR} at (0,175) size 243x29
            RenderTableCell {TD} at (0,175) size 88x29 [border: none] [r=6 c=0 rs=1 cs=1]
              RenderText {#text} at (5,4) size 63x21
                text run at (5,4) width 63: "Saturday"
            RenderTableCell {TD} at (88,175) size 45x29 [border: none] [r=6 c=1 rs=1 cs=1]
              RenderText {#text} at (5,4) size 36x21
                text run at (5,4) width 36: "09/16"
            RenderTableCell {TD} at (133,175) size 70x29 [r=6 c=2 rs=1 cs=1]
              RenderText {#text} at (4,4) size 54x21
                text run at (4,4) width 54: "Lindsey"
            RenderTableCell {TD} at (203,175) size 40x29 [r=6 c=3 rs=1 cs=1]
              RenderText {#text} at (4,4) size 24x21
                text run at (4,4) width 24: "371"
          RenderTableRow {TR} at (0,204) size 243x29
            RenderTableCell {TD} at (0,204) size 88x29 [border: none] [r=7 c=0 rs=1 cs=1]
              RenderText {#text} at (5,4) size 52x21
                text run at (5,4) width 52: "Sunday"
            RenderTableCell {TD} at (88,204) size 45x29 [border: none] [r=7 c=1 rs=1 cs=1]
              RenderText {#text} at (5,4) size 36x21
                text run at (5,4) width 36: "09/17"
            RenderTableCell {TD} at (133,204) size 70x29 [r=7 c=2 rs=1 cs=1]
              RenderText {#text} at (4,4) size 41x21
                text run at (4,4) width 41: "Susan"
            RenderTableCell {TD} at (203,204) size 40x29 [r=7 c=3 rs=1 cs=1]
              RenderText {#text} at (4,4) size 24x21
                text run at (4,4) width 24: "272"
