layer at (0,0) size 800x600
  RenderView at (0,0) size 800x600
layer at (0,0) size 800x600
  RenderBlock {HTML} at (0,0) size 800x600
    RenderBody {BODY} at (8,8) size 784x576
      RenderBlock {P} at (0,0) size 784x21
        RenderText {#text} at (0,0) size 57x21
          text run at (0,0) width 57: "Test for "
        RenderInline {I} at (0,0) size 681x21
          RenderInline {A} at (0,0) size 352x21 [color=#0000EE]
            RenderText {#text} at (57,0) size 352x21
              text run at (57,0) width 352: "http://bugzilla.opendarwin.org/show_bug.cgi?id=9009"
          RenderText {#text} at (409,0) size 329x21
            text run at (409,0) width 4: " "
            text run at (413,0) width 325: "REGRESSION: ToT crash in WebCore at Zap2it"
        RenderText {#text} at (738,0) size 4x21
          text run at (738,0) width 4: "."
      RenderBlock {P} at (0,37) size 784x21
        RenderText {#text} at (0,0) size 156x21
          text run at (0,0) width 156: "No crash means PASS."
layer at (8,-6) size 100x7 backgroundClip at (0,0) size 800x600 clip at (0,0) size 800x600 outlineClip at (0,0) size 800x600
  RenderTable {TABLE} at (8,-6) size 100x7 [border: (5px solid #000000) none]
    RenderTableSection {TBODY} at (0,5) size 100x0
    RenderTableSection {TBODY} at (0,5) size 100x2
      RenderTableRow {TR} at (0,0) size 100x2
        RenderTableCell {TD} at (0,0) size 100x2 [r=0 c=0 rs=1 cs=1]
