layer at (0,0) size 784x8418
  RenderView at (0,0) size 784x600
layer at (0,0) size 784x8418
  RenderBlock {HTML} at (0,0) size 784x8418
    RenderBody {BODY} at (8,8) size 768x8362
      RenderTable {TABLE} at (0,0) size 279x136
        RenderBlock {CAPTION} at (0,0) size 279x21
          RenderInline {A} at (0,0) size 224x21
            RenderText {#text} at (25,0) size 224x21
              text run at (25,0) width 224: "Frame=\x{201C}void\x{201D} and Rules=\x{201C}none\x{201D}"
          RenderInline (generated) at (0,0) size 5x21
            RenderText at (249,0) size 5x21
              text run at (249,0) width 5: ":"
        RenderTableSection {THEAD} at (0,21) size 279x23
          RenderTableRow {TR} at (0,0) size 279x23
            RenderTableCell {TD} at (0,0) size 93x23 [r=0 c=0 rs=1 cs=1]
              RenderText {#text} at (1,1) size 91x21
                text run at (1,1) width 91: "Row 1, Cell 1"
            RenderTableCell {TD} at (93,0) size 93x23 [r=0 c=1 rs=1 cs=1]
              RenderText {#text} at (1,1) size 91x21
                text run at (1,1) width 91: "Row 1, Cell 2"
            RenderTableCell {TD} at (186,0) size 93x23 [r=0 c=2 rs=1 cs=1]
              RenderText {#text} at (1,1) size 91x21
                text run at (1,1) width 91: "Row 1, Cell 3"
        RenderTableSection {TBODY} at (0,44) size 279x69
          RenderTableRow {TR} at (0,0) size 279x23
            RenderTableCell {TD} at (0,11) size 93x23 [r=0 c=0 rs=2 cs=1]
              RenderText {#text} at (1,1) size 91x21
                text run at (1,1) width 91: "Row 2, Cell 1"
            RenderTableCell {TD} at (93,0) size 186x23 [r=0 c=1 rs=1 cs=2]
              RenderText {#text} at (1,1) size 91x21
                text run at (1,1) width 91: "Row 2, Cell 2"
          RenderTableRow {TR} at (0,23) size 279x23
            RenderTableCell {TD} at (93,23) size 93x23 [r=1 c=1 rs=1 cs=1]
              RenderText {#text} at (1,1) size 91x21
                text run at (1,1) width 91: "Row 3, Cell 2"
            RenderTableCell {TD} at (186,34) size 93x23 [r=1 c=2 rs=2 cs=1]
              RenderText {#text} at (1,1) size 91x21
                text run at (1,1) width 91: "Row 3, Cell 3"
          RenderTableRow {TR} at (0,46) size 279x23
            RenderTableCell {TD} at (0,46) size 186x23 [r=2 c=0 rs=1 cs=2]
              RenderText {#text} at (1,1) size 91x21
                text run at (1,1) width 91: "Row 4, Cell 1"
        RenderTableSection {TFOOT} at (0,113) size 279x23
          RenderTableRow {TR} at (0,0) size 279x23
            RenderTableCell {TD} at (0,0) size 93x23 [r=0 c=0 rs=1 cs=1]
              RenderText {#text} at (1,1) size 91x21
                text run at (1,1) width 91: "Row 5, Cell 1"
            RenderTableCell {TD} at (93,0) size 93x23 [r=0 c=1 rs=1 cs=1]
              RenderText {#text} at (1,1) size 91x21
                text run at (1,1) width 91: "Row 5, Cell 2"
            RenderTableCell {TD} at (186,0) size 93x23 [r=0 c=2 rs=1 cs=1]
              RenderText {#text} at (1,1) size 91x21
                text run at (1,1) width 91: "Row 5, Cell 3"
      RenderTable {TABLE} at (0,184) size 279x137
        RenderBlock {CAPTION} at (0,0) size 279x21
          RenderInline {A} at (0,0) size 236x21
            RenderText {#text} at (19,0) size 236x21
              text run at (19,0) width 236: "Frame=\x{201C}above\x{201D} and Rules=\x{201C}none\x{201D}"
          RenderInline (generated) at (0,0) size 6x21
            RenderText at (254,0) size 6x21
              text run at (254,0) width 6: ":"
        RenderTableSection {THEAD} at (0,21) size 279x24
          RenderTableRow {TR} at (0,0) size 279x24
            RenderTableCell {TD} at (0,0) size 93x24 [border: (1px none #000000)] [r=0 c=0 rs=1 cs=1]
              RenderText {#text} at (1,2) size 91x21
                text run at (1,2) width 91: "Row 1, Cell 1"
            RenderTableCell {TD} at (93,0) size 93x24 [border: (1px none #000000)] [r=0 c=1 rs=1 cs=1]
              RenderText {#text} at (1,2) size 91x21
                text run at (1,2) width 91: "Row 1, Cell 2"
            RenderTableCell {TD} at (186,0) size 93x24 [border: (1px none #000000)] [r=0 c=2 rs=1 cs=1]
              RenderText {#text} at (1,2) size 91x21
                text run at (1,2) width 91: "Row 1, Cell 3"
        RenderTableSection {TBODY} at (0,45) size 279x69
          RenderTableRow {TR} at (0,0) size 279x23
            RenderTableCell {TD} at (0,11) size 93x23 [r=0 c=0 rs=2 cs=1]
              RenderText {#text} at (1,1) size 91x21
                text run at (1,1) width 91: "Row 2, Cell 1"
            RenderTableCell {TD} at (93,0) size 186x23 [r=0 c=1 rs=1 cs=2]
              RenderText {#text} at (1,1) size 91x21
                text run at (1,1) width 91: "Row 2, Cell 2"
          RenderTableRow {TR} at (0,23) size 279x23
            RenderTableCell {TD} at (93,23) size 93x23 [r=1 c=1 rs=1 cs=1]
              RenderText {#text} at (1,1) size 91x21
                text run at (1,1) width 91: "Row 3, Cell 2"
            RenderTableCell {TD} at (186,34) size 93x23 [r=1 c=2 rs=2 cs=1]
              RenderText {#text} at (1,1) size 91x21
                text run at (1,1) width 91: "Row 3, Cell 3"
          RenderTableRow {TR} at (0,46) size 279x23
            RenderTableCell {TD} at (0,46) size 186x23 [r=2 c=0 rs=1 cs=2]
              RenderText {#text} at (1,1) size 91x21
                text run at (1,1) width 91: "Row 4, Cell 1"
        RenderTableSection {TFOOT} at (0,114) size 279x23
          RenderTableRow {TR} at (0,0) size 279x23
            RenderTableCell {TD} at (0,0) size 93x23 [r=0 c=0 rs=1 cs=1]
              RenderText {#text} at (1,1) size 91x21
                text run at (1,1) width 91: "Row 5, Cell 1"
            RenderTableCell {TD} at (93,0) size 93x23 [r=0 c=1 rs=1 cs=1]
              RenderText {#text} at (1,1) size 91x21
                text run at (1,1) width 91: "Row 5, Cell 2"
            RenderTableCell {TD} at (186,0) size 93x23 [r=0 c=2 rs=1 cs=1]
              RenderText {#text} at (1,1) size 91x21
                text run at (1,1) width 91: "Row 5, Cell 3"
      RenderTable {TABLE} at (0,369) size 279x137 [border: none (1px solid #808080) none]
        RenderBlock {CAPTION} at (0,0) size 279x21
          RenderInline {A} at (0,0) size 236x21
            RenderText {#text} at (19,0) size 236x21
              text run at (19,0) width 236: "Frame=\x{201C}below\x{201D} and Rules=\x{201C}none\x{201D}"
          RenderInline (generated) at (0,0) size 6x21
            RenderText at (254,0) size 6x21
              text run at (254,0) width 6: ":"
        RenderTableSection {THEAD} at (0,21) size 279x23
          RenderTableRow {TR} at (0,0) size 279x23
            RenderTableCell {TD} at (0,0) size 93x23 [r=0 c=0 rs=1 cs=1]
              RenderText {#text} at (1,1) size 91x21
                text run at (1,1) width 91: "Row 1, Cell 1"
            RenderTableCell {TD} at (93,0) size 93x23 [r=0 c=1 rs=1 cs=1]
              RenderText {#text} at (1,1) size 91x21
                text run at (1,1) width 91: "Row 1, Cell 2"
            RenderTableCell {TD} at (186,0) size 93x23 [r=0 c=2 rs=1 cs=1]
              RenderText {#text} at (1,1) size 91x21
                text run at (1,1) width 91: "Row 1, Cell 3"
        RenderTableSection {TBODY} at (0,44) size 279x69
          RenderTableRow {TR} at (0,0) size 279x23
            RenderTableCell {TD} at (0,11) size 93x23 [r=0 c=0 rs=2 cs=1]
              RenderText {#text} at (1,1) size 91x21
                text run at (1,1) width 91: "Row 2, Cell 1"
            RenderTableCell {TD} at (93,0) size 186x23 [r=0 c=1 rs=1 cs=2]
              RenderText {#text} at (1,1) size 91x21
                text run at (1,1) width 91: "Row 2, Cell 2"
          RenderTableRow {TR} at (0,23) size 279x23
            RenderTableCell {TD} at (93,23) size 93x23 [r=1 c=1 rs=1 cs=1]
              RenderText {#text} at (1,1) size 91x21
                text run at (1,1) width 91: "Row 3, Cell 2"
            RenderTableCell {TD} at (186,34) size 93x23 [r=1 c=2 rs=2 cs=1]
              RenderText {#text} at (1,1) size 91x21
                text run at (1,1) width 91: "Row 3, Cell 3"
          RenderTableRow {TR} at (0,46) size 279x23
            RenderTableCell {TD} at (0,46) size 186x23 [r=2 c=0 rs=1 cs=2]
              RenderText {#text} at (1,1) size 91x21
                text run at (1,1) width 91: "Row 4, Cell 1"
        RenderTableSection {TFOOT} at (0,113) size 279x23
          RenderTableRow {TR} at (0,0) size 279x23
            RenderTableCell {TD} at (0,0) size 93x23 [r=0 c=0 rs=1 cs=1]
              RenderText {#text} at (1,1) size 91x21
                text run at (1,1) width 91: "Row 5, Cell 1"
            RenderTableCell {TD} at (93,0) size 93x23 [r=0 c=1 rs=1 cs=1]
              RenderText {#text} at (1,1) size 91x21
                text run at (1,1) width 91: "Row 5, Cell 2"
            RenderTableCell {TD} at (186,0) size 93x23 [r=0 c=2 rs=1 cs=1]
              RenderText {#text} at (1,1) size 91x21
                text run at (1,1) width 91: "Row 5, Cell 3"
      RenderTable {TABLE} at (0,554) size 279x138 [border: none none (1px solid #808080) none]
        RenderBlock {CAPTION} at (0,0) size 279x21
          RenderInline {A} at (0,0) size 238x21
            RenderText {#text} at (18,0) size 238x21
              text run at (18,0) width 238: "Frame=\x{201C}hsides\x{201D} and Rules=\x{201C}none\x{201D}"
          RenderInline (generated) at (0,0) size 6x21
            RenderText at (255,0) size 6x21
              text run at (255,0) width 6: ":"
        RenderTableSection {THEAD} at (0,21) size 279x24
          RenderTableRow {TR} at (0,0) size 279x24
            RenderTableCell {TD} at (0,0) size 93x24 [border: (1px none #000000)] [r=0 c=0 rs=1 cs=1]
              RenderText {#text} at (1,2) size 91x21
                text run at (1,2) width 91: "Row 1, Cell 1"
            RenderTableCell {TD} at (93,0) size 93x24 [border: (1px none #000000)] [r=0 c=1 rs=1 cs=1]
              RenderText {#text} at (1,2) size 91x21
                text run at (1,2) width 91: "Row 1, Cell 2"
            RenderTableCell {TD} at (186,0) size 93x24 [border: (1px none #000000)] [r=0 c=2 rs=1 cs=1]
              RenderText {#text} at (1,2) size 91x21
                text run at (1,2) width 91: "Row 1, Cell 3"
        RenderTableSection {TBODY} at (0,45) size 279x69
          RenderTableRow {TR} at (0,0) size 279x23
            RenderTableCell {TD} at (0,11) size 93x23 [r=0 c=0 rs=2 cs=1]
              RenderText {#text} at (1,1) size 91x21
                text run at (1,1) width 91: "Row 2, Cell 1"
            RenderTableCell {TD} at (93,0) size 186x23 [r=0 c=1 rs=1 cs=2]
              RenderText {#text} at (1,1) size 91x21
                text run at (1,1) width 91: "Row 2, Cell 2"
          RenderTableRow {TR} at (0,23) size 279x23
            RenderTableCell {TD} at (93,23) size 93x23 [r=1 c=1 rs=1 cs=1]
              RenderText {#text} at (1,1) size 91x21
                text run at (1,1) width 91: "Row 3, Cell 2"
            RenderTableCell {TD} at (186,34) size 93x23 [r=1 c=2 rs=2 cs=1]
              RenderText {#text} at (1,1) size 91x21
                text run at (1,1) width 91: "Row 3, Cell 3"
          RenderTableRow {TR} at (0,46) size 279x23
            RenderTableCell {TD} at (0,46) size 186x23 [r=2 c=0 rs=1 cs=2]
              RenderText {#text} at (1,1) size 91x21
                text run at (1,1) width 91: "Row 4, Cell 1"
        RenderTableSection {TFOOT} at (0,114) size 279x23
          RenderTableRow {TR} at (0,0) size 279x23
            RenderTableCell {TD} at (0,0) size 93x23 [r=0 c=0 rs=1 cs=1]
              RenderText {#text} at (1,1) size 91x21
                text run at (1,1) width 91: "Row 5, Cell 1"
            RenderTableCell {TD} at (93,0) size 93x23 [r=0 c=1 rs=1 cs=1]
              RenderText {#text} at (1,1) size 91x21
                text run at (1,1) width 91: "Row 5, Cell 2"
            RenderTableCell {TD} at (186,0) size 93x23 [r=0 c=2 rs=1 cs=1]
              RenderText {#text} at (1,1) size 91x21
                text run at (1,1) width 91: "Row 5, Cell 3"
      RenderTable {TABLE} at (0,740) size 281x136 [border: none (1px solid #808080) none none]
        RenderBlock {CAPTION} at (0,0) size 280x21
          RenderInline {A} at (0,0) size 235x21
            RenderText {#text} at (20,0) size 235x21
              text run at (20,0) width 235: "Frame=\x{201C}vsides\x{201D} and Rules=\x{201C}none\x{201D}"
          RenderInline (generated) at (0,0) size 5x21
            RenderText at (255,0) size 5x21
              text run at (255,0) width 5: ":"
        RenderTableSection {THEAD} at (0,21) size 280x23
          RenderTableRow {TR} at (0,0) size 280x23
            RenderTableCell {TD} at (0,0) size 94x23 [border: none] [r=0 c=0 rs=1 cs=1]
              RenderText {#text} at (2,1) size 91x21
                text run at (2,1) width 91: "Row 1, Cell 1"
            RenderTableCell {TD} at (94,0) size 93x23 [r=0 c=1 rs=1 cs=1]
              RenderText {#text} at (1,1) size 91x21
                text run at (1,1) width 91: "Row 1, Cell 2"
            RenderTableCell {TD} at (187,0) size 93x23 [r=0 c=2 rs=1 cs=1]
              RenderText {#text} at (1,1) size 91x21
                text run at (1,1) width 91: "Row 1, Cell 3"
        RenderTableSection {TBODY} at (0,44) size 280x69
          RenderTableRow {TR} at (0,0) size 280x23
            RenderTableCell {TD} at (0,11) size 94x23 [border: none] [r=0 c=0 rs=2 cs=1]
              RenderText {#text} at (2,1) size 91x21
                text run at (2,1) width 91: "Row 2, Cell 1"
            RenderTableCell {TD} at (94,0) size 186x23 [r=0 c=1 rs=1 cs=2]
              RenderText {#text} at (1,1) size 91x21
                text run at (1,1) width 91: "Row 2, Cell 2"
          RenderTableRow {TR} at (0,23) size 280x23
            RenderTableCell {TD} at (94,23) size 93x23 [r=1 c=1 rs=1 cs=1]
              RenderText {#text} at (1,1) size 91x21
                text run at (1,1) width 91: "Row 3, Cell 2"
            RenderTableCell {TD} at (187,34) size 93x23 [r=1 c=2 rs=2 cs=1]
              RenderText {#text} at (1,1) size 91x21
                text run at (1,1) width 91: "Row 3, Cell 3"
          RenderTableRow {TR} at (0,46) size 280x23
            RenderTableCell {TD} at (0,46) size 187x23 [border: none] [r=2 c=0 rs=1 cs=2]
              RenderText {#text} at (2,1) size 91x21
                text run at (2,1) width 91: "Row 4, Cell 1"
        RenderTableSection {TFOOT} at (0,113) size 280x23
          RenderTableRow {TR} at (0,0) size 280x23
            RenderTableCell {TD} at (0,0) size 94x23 [border: none] [r=0 c=0 rs=1 cs=1]
              RenderText {#text} at (2,1) size 91x21
                text run at (2,1) width 91: "Row 5, Cell 1"
            RenderTableCell {TD} at (94,0) size 93x23 [r=0 c=1 rs=1 cs=1]
              RenderText {#text} at (1,1) size 91x21
                text run at (1,1) width 91: "Row 5, Cell 2"
            RenderTableCell {TD} at (187,0) size 93x23 [r=0 c=2 rs=1 cs=1]
              RenderText {#text} at (1,1) size 91x21
                text run at (1,1) width 91: "Row 5, Cell 3"
      RenderTable {TABLE} at (0,924) size 280x136
        RenderBlock {CAPTION} at (0,0) size 280x21
          RenderInline {A} at (0,0) size 217x21
            RenderText {#text} at (29,0) size 217x21
              text run at (29,0) width 217: "Frame=\x{201C}lhs\x{201D} and Rules=\x{201C}none\x{201D}"
          RenderInline (generated) at (0,0) size 6x21
            RenderText at (245,0) size 6x21
              text run at (245,0) width 6: ":"
        RenderTableSection {THEAD} at (0,21) size 280x23
          RenderTableRow {TR} at (0,0) size 280x23
            RenderTableCell {TD} at (0,0) size 94x23 [border: none] [r=0 c=0 rs=1 cs=1]
              RenderText {#text} at (2,1) size 91x21
                text run at (2,1) width 91: "Row 1, Cell 1"
            RenderTableCell {TD} at (94,0) size 93x23 [r=0 c=1 rs=1 cs=1]
              RenderText {#text} at (1,1) size 91x21
                text run at (1,1) width 91: "Row 1, Cell 2"
            RenderTableCell {TD} at (187,0) size 93x23 [r=0 c=2 rs=1 cs=1]
              RenderText {#text} at (1,1) size 91x21
                text run at (1,1) width 91: "Row 1, Cell 3"
        RenderTableSection {TBODY} at (0,44) size 280x69
          RenderTableRow {TR} at (0,0) size 280x23
            RenderTableCell {TD} at (0,11) size 94x23 [border: none] [r=0 c=0 rs=2 cs=1]
              RenderText {#text} at (2,1) size 91x21
                text run at (2,1) width 91: "Row 2, Cell 1"
            RenderTableCell {TD} at (94,0) size 186x23 [r=0 c=1 rs=1 cs=2]
              RenderText {#text} at (1,1) size 91x21
                text run at (1,1) width 91: "Row 2, Cell 2"
          RenderTableRow {TR} at (0,23) size 280x23
            RenderTableCell {TD} at (94,23) size 93x23 [r=1 c=1 rs=1 cs=1]
              RenderText {#text} at (1,1) size 91x21
                text run at (1,1) width 91: "Row 3, Cell 2"
            RenderTableCell {TD} at (187,34) size 93x23 [r=1 c=2 rs=2 cs=1]
              RenderText {#text} at (1,1) size 91x21
                text run at (1,1) width 91: "Row 3, Cell 3"
          RenderTableRow {TR} at (0,46) size 280x23
            RenderTableCell {TD} at (0,46) size 187x23 [border: none] [r=2 c=0 rs=1 cs=2]
              RenderText {#text} at (2,1) size 91x21
                text run at (2,1) width 91: "Row 4, Cell 1"
        RenderTableSection {TFOOT} at (0,113) size 280x23
          RenderTableRow {TR} at (0,0) size 280x23
            RenderTableCell {TD} at (0,0) size 94x23 [border: none] [r=0 c=0 rs=1 cs=1]
              RenderText {#text} at (2,1) size 91x21
                text run at (2,1) width 91: "Row 5, Cell 1"
            RenderTableCell {TD} at (94,0) size 93x23 [r=0 c=1 rs=1 cs=1]
              RenderText {#text} at (1,1) size 91x21
                text run at (1,1) width 91: "Row 5, Cell 2"
            RenderTableCell {TD} at (187,0) size 93x23 [r=0 c=2 rs=1 cs=1]
              RenderText {#text} at (1,1) size 91x21
                text run at (1,1) width 91: "Row 5, Cell 3"
      RenderTable {TABLE} at (0,1108) size 280x136 [border: none (1px solid #808080) none]
        RenderBlock {CAPTION} at (0,0) size 279x21
          RenderInline {A} at (0,0) size 218x21
            RenderText {#text} at (28,0) size 218x21
              text run at (28,0) width 218: "Frame=\x{201C}rhs\x{201D} and Rules=\x{201C}none\x{201D}"
          RenderInline (generated) at (0,0) size 5x21
            RenderText at (246,0) size 5x21
              text run at (246,0) width 5: ":"
        RenderTableSection {THEAD} at (0,21) size 279x23
          RenderTableRow {TR} at (0,0) size 279x23
            RenderTableCell {TD} at (0,0) size 93x23 [r=0 c=0 rs=1 cs=1]
              RenderText {#text} at (1,1) size 91x21
                text run at (1,1) width 91: "Row 1, Cell 1"
            RenderTableCell {TD} at (93,0) size 93x23 [r=0 c=1 rs=1 cs=1]
              RenderText {#text} at (1,1) size 91x21
                text run at (1,1) width 91: "Row 1, Cell 2"
            RenderTableCell {TD} at (186,0) size 93x23 [r=0 c=2 rs=1 cs=1]
              RenderText {#text} at (1,1) size 91x21
                text run at (1,1) width 91: "Row 1, Cell 3"
        RenderTableSection {TBODY} at (0,44) size 279x69
          RenderTableRow {TR} at (0,0) size 279x23
            RenderTableCell {TD} at (0,11) size 93x23 [r=0 c=0 rs=2 cs=1]
              RenderText {#text} at (1,1) size 91x21
                text run at (1,1) width 91: "Row 2, Cell 1"
            RenderTableCell {TD} at (93,0) size 186x23 [r=0 c=1 rs=1 cs=2]
              RenderText {#text} at (1,1) size 91x21
                text run at (1,1) width 91: "Row 2, Cell 2"
          RenderTableRow {TR} at (0,23) size 279x23
            RenderTableCell {TD} at (93,23) size 93x23 [r=1 c=1 rs=1 cs=1]
              RenderText {#text} at (1,1) size 91x21
                text run at (1,1) width 91: "Row 3, Cell 2"
            RenderTableCell {TD} at (186,34) size 93x23 [r=1 c=2 rs=2 cs=1]
              RenderText {#text} at (1,1) size 91x21
                text run at (1,1) width 91: "Row 3, Cell 3"
          RenderTableRow {TR} at (0,46) size 279x23
            RenderTableCell {TD} at (0,46) size 186x23 [r=2 c=0 rs=1 cs=2]
              RenderText {#text} at (1,1) size 91x21
                text run at (1,1) width 91: "Row 4, Cell 1"
        RenderTableSection {TFOOT} at (0,113) size 279x23
          RenderTableRow {TR} at (0,0) size 279x23
            RenderTableCell {TD} at (0,0) size 93x23 [r=0 c=0 rs=1 cs=1]
              RenderText {#text} at (1,1) size 91x21
                text run at (1,1) width 91: "Row 5, Cell 1"
            RenderTableCell {TD} at (93,0) size 93x23 [r=0 c=1 rs=1 cs=1]
              RenderText {#text} at (1,1) size 91x21
                text run at (1,1) width 91: "Row 5, Cell 2"
            RenderTableCell {TD} at (186,0) size 93x23 [r=0 c=2 rs=1 cs=1]
              RenderText {#text} at (1,1) size 91x21
                text run at (1,1) width 91: "Row 5, Cell 3"
      RenderTable {TABLE} at (0,1292) size 281x138 [border: none]
        RenderBlock {CAPTION} at (0,0) size 280x21
          RenderInline {A} at (0,0) size 221x21
            RenderText {#text} at (27,0) size 221x21
              text run at (27,0) width 221: "Frame=\x{201C}box\x{201D} and Rules=\x{201C}none\x{201D}"
          RenderInline (generated) at (0,0) size 5x21
            RenderText at (248,0) size 5x21
              text run at (248,0) width 5: ":"
        RenderTableSection {THEAD} at (0,21) size 280x24
          RenderTableRow {TR} at (0,0) size 280x24
            RenderTableCell {TD} at (0,0) size 94x24 [border: (1px none #000000)] [r=0 c=0 rs=1 cs=1]
              RenderText {#text} at (2,2) size 91x21
                text run at (2,2) width 91: "Row 1, Cell 1"
            RenderTableCell {TD} at (94,0) size 93x24 [border: (1px none #000000)] [r=0 c=1 rs=1 cs=1]
              RenderText {#text} at (1,2) size 91x21
                text run at (1,2) width 91: "Row 1, Cell 2"
            RenderTableCell {TD} at (187,0) size 93x24 [border: (1px none #000000)] [r=0 c=2 rs=1 cs=1]
              RenderText {#text} at (1,2) size 91x21
                text run at (1,2) width 91: "Row 1, Cell 3"
        RenderTableSection {TBODY} at (0,45) size 280x69
          RenderTableRow {TR} at (0,0) size 280x23
            RenderTableCell {TD} at (0,11) size 94x23 [border: none] [r=0 c=0 rs=2 cs=1]
              RenderText {#text} at (2,1) size 91x21
                text run at (2,1) width 91: "Row 2, Cell 1"
            RenderTableCell {TD} at (94,0) size 186x23 [r=0 c=1 rs=1 cs=2]
              RenderText {#text} at (1,1) size 91x21
                text run at (1,1) width 91: "Row 2, Cell 2"
          RenderTableRow {TR} at (0,23) size 280x23
            RenderTableCell {TD} at (94,23) size 93x23 [r=1 c=1 rs=1 cs=1]
              RenderText {#text} at (1,1) size 91x21
                text run at (1,1) width 91: "Row 3, Cell 2"
            RenderTableCell {TD} at (187,34) size 93x23 [r=1 c=2 rs=2 cs=1]
              RenderText {#text} at (1,1) size 91x21
                text run at (1,1) width 91: "Row 3, Cell 3"
          RenderTableRow {TR} at (0,46) size 280x23
            RenderTableCell {TD} at (0,46) size 187x23 [border: none] [r=2 c=0 rs=1 cs=2]
              RenderText {#text} at (2,1) size 91x21
                text run at (2,1) width 91: "Row 4, Cell 1"
        RenderTableSection {TFOOT} at (0,114) size 280x23
          RenderTableRow {TR} at (0,0) size 280x23
            RenderTableCell {TD} at (0,0) size 94x23 [border: none] [r=0 c=0 rs=1 cs=1]
              RenderText {#text} at (2,1) size 91x21
                text run at (2,1) width 91: "Row 5, Cell 1"
            RenderTableCell {TD} at (94,0) size 93x23 [r=0 c=1 rs=1 cs=1]
              RenderText {#text} at (1,1) size 91x21
                text run at (1,1) width 91: "Row 5, Cell 2"
            RenderTableCell {TD} at (187,0) size 93x23 [r=0 c=2 rs=1 cs=1]
              RenderText {#text} at (1,1) size 91x21
                text run at (1,1) width 91: "Row 5, Cell 3"
      RenderTable {TABLE} at (0,1478) size 281x138 [border: none]
        RenderBlock {CAPTION} at (0,0) size 280x21
          RenderInline {A} at (0,0) size 241x21
            RenderText {#text} at (17,0) size 241x21
              text run at (17,0) width 241: "Frame=\x{201C}border\x{201D} and Rules=\x{201C}none\x{201D}"
          RenderInline (generated) at (0,0) size 6x21
            RenderText at (257,0) size 6x21
              text run at (257,0) width 6: ":"
        RenderTableSection {THEAD} at (0,21) size 280x24
          RenderTableRow {TR} at (0,0) size 280x24
            RenderTableCell {TD} at (0,0) size 94x24 [border: (1px none #000000)] [r=0 c=0 rs=1 cs=1]
              RenderText {#text} at (2,2) size 91x21
                text run at (2,2) width 91: "Row 1, Cell 1"
            RenderTableCell {TD} at (94,0) size 93x24 [border: (1px none #000000)] [r=0 c=1 rs=1 cs=1]
              RenderText {#text} at (1,2) size 91x21
                text run at (1,2) width 91: "Row 1, Cell 2"
            RenderTableCell {TD} at (187,0) size 93x24 [border: (1px none #000000)] [r=0 c=2 rs=1 cs=1]
              RenderText {#text} at (1,2) size 91x21
                text run at (1,2) width 91: "Row 1, Cell 3"
        RenderTableSection {TBODY} at (0,45) size 280x69
          RenderTableRow {TR} at (0,0) size 280x23
            RenderTableCell {TD} at (0,11) size 94x23 [border: none] [r=0 c=0 rs=2 cs=1]
              RenderText {#text} at (2,1) size 91x21
                text run at (2,1) width 91: "Row 2, Cell 1"
            RenderTableCell {TD} at (94,0) size 186x23 [r=0 c=1 rs=1 cs=2]
              RenderText {#text} at (1,1) size 91x21
                text run at (1,1) width 91: "Row 2, Cell 2"
          RenderTableRow {TR} at (0,23) size 280x23
            RenderTableCell {TD} at (94,23) size 93x23 [r=1 c=1 rs=1 cs=1]
              RenderText {#text} at (1,1) size 91x21
                text run at (1,1) width 91: "Row 3, Cell 2"
            RenderTableCell {TD} at (187,34) size 93x23 [r=1 c=2 rs=2 cs=1]
              RenderText {#text} at (1,1) size 91x21
                text run at (1,1) width 91: "Row 3, Cell 3"
          RenderTableRow {TR} at (0,46) size 280x23
            RenderTableCell {TD} at (0,46) size 187x23 [border: none] [r=2 c=0 rs=1 cs=2]
              RenderText {#text} at (2,1) size 91x21
                text run at (2,1) width 91: "Row 4, Cell 1"
        RenderTableSection {TFOOT} at (0,114) size 280x23
          RenderTableRow {TR} at (0,0) size 280x23
            RenderTableCell {TD} at (0,0) size 94x23 [border: none] [r=0 c=0 rs=1 cs=1]
              RenderText {#text} at (2,1) size 91x21
                text run at (2,1) width 91: "Row 5, Cell 1"
            RenderTableCell {TD} at (94,0) size 93x23 [r=0 c=1 rs=1 cs=1]
              RenderText {#text} at (1,1) size 91x21
                text run at (1,1) width 91: "Row 5, Cell 2"
            RenderTableCell {TD} at (187,0) size 93x23 [r=0 c=2 rs=1 cs=1]
              RenderText {#text} at (1,1) size 91x21
                text run at (1,1) width 91: "Row 5, Cell 3"
      RenderTable {TABLE} at (0,1664) size 279x138
        RenderBlock {CAPTION} at (0,0) size 279x21
          RenderInline {A} at (0,0) size 236x21
            RenderText {#text} at (19,0) size 236x21
              text run at (19,0) width 236: "Frame=\x{201C}void\x{201D} and Rules=\x{201C}groups\x{201D}"
          RenderInline (generated) at (0,0) size 5x21
            RenderText at (255,0) size 5x21
              text run at (255,0) width 5: ":"
        RenderTableSection {THEAD} at (0,21) size 279x23 [border: (1px solid #808080) none (1px solid #808080) none]
          RenderTableRow {TR} at (0,0) size 279x23
            RenderTableCell {TD} at (0,0) size 93x23 [r=0 c=0 rs=1 cs=1]
              RenderText {#text} at (1,1) size 91x21
                text run at (1,1) width 91: "Row 1, Cell 1"
            RenderTableCell {TD} at (93,0) size 93x23 [r=0 c=1 rs=1 cs=1]
              RenderText {#text} at (1,1) size 91x21
                text run at (1,1) width 91: "Row 1, Cell 2"
            RenderTableCell {TD} at (186,0) size 93x23 [r=0 c=2 rs=1 cs=1]
              RenderText {#text} at (1,1) size 91x21
                text run at (1,1) width 91: "Row 1, Cell 3"
        RenderTableSection {TBODY} at (0,44) size 279x70 [border: (1px solid #808080) none (1px solid #808080) none]
          RenderTableRow {TR} at (0,0) size 279x24
            RenderTableCell {TD} at (0,11) size 93x24 [border: (1px none #000000)] [r=0 c=0 rs=2 cs=1]
              RenderText {#text} at (1,2) size 91x21
                text run at (1,2) width 91: "Row 2, Cell 1"
            RenderTableCell {TD} at (93,0) size 186x24 [border: (1px none #000000)] [r=0 c=1 rs=1 cs=2]
              RenderText {#text} at (1,2) size 91x21
                text run at (1,2) width 91: "Row 2, Cell 2"
          RenderTableRow {TR} at (0,24) size 279x23
            RenderTableCell {TD} at (93,24) size 93x23 [r=1 c=1 rs=1 cs=1]
              RenderText {#text} at (1,1) size 91x21
                text run at (1,1) width 91: "Row 3, Cell 2"
            RenderTableCell {TD} at (186,35) size 93x23 [r=1 c=2 rs=2 cs=1]
              RenderText {#text} at (1,1) size 91x21
                text run at (1,1) width 91: "Row 3, Cell 3"
          RenderTableRow {TR} at (0,47) size 279x23
            RenderTableCell {TD} at (0,47) size 186x23 [r=2 c=0 rs=1 cs=2]
              RenderText {#text} at (1,1) size 91x21
                text run at (1,1) width 91: "Row 4, Cell 1"
        RenderTableSection {TFOOT} at (0,114) size 279x24 [border: (1px solid #808080) none (1px solid #808080) none]
          RenderTableRow {TR} at (0,0) size 279x24
            RenderTableCell {TD} at (0,0) size 93x24 [border: (1px none #000000)] [r=0 c=0 rs=1 cs=1]
              RenderText {#text} at (1,2) size 91x21
                text run at (1,2) width 91: "Row 5, Cell 1"
            RenderTableCell {TD} at (93,0) size 93x24 [border: (1px none #000000)] [r=0 c=1 rs=1 cs=1]
              RenderText {#text} at (1,2) size 91x21
                text run at (1,2) width 91: "Row 5, Cell 2"
            RenderTableCell {TD} at (186,0) size 93x24 [border: (1px none #000000)] [r=0 c=2 rs=1 cs=1]
              RenderText {#text} at (1,2) size 91x21
                text run at (1,2) width 91: "Row 5, Cell 3"
      RenderTable {TABLE} at (0,1850) size 279x139
        RenderBlock {CAPTION} at (0,0) size 279x21
          RenderInline {A} at (0,0) size 248x21
            RenderText {#text} at (13,0) size 248x21
              text run at (13,0) width 248: "Frame=\x{201C}above\x{201D} and Rules=\x{201C}groups\x{201D}"
          RenderInline (generated) at (0,0) size 6x21
            RenderText at (260,0) size 6x21
              text run at (260,0) width 6: ":"
        RenderTableSection {THEAD} at (0,21) size 279x24 [border: (1px solid #808080) none (1px solid #808080) none]
          RenderTableRow {TR} at (0,0) size 279x24
            RenderTableCell {TD} at (0,0) size 93x24 [border: (1px none #000000)] [r=0 c=0 rs=1 cs=1]
              RenderText {#text} at (1,2) size 91x21
                text run at (1,2) width 91: "Row 1, Cell 1"
            RenderTableCell {TD} at (93,0) size 93x24 [border: (1px none #000000)] [r=0 c=1 rs=1 cs=1]
              RenderText {#text} at (1,2) size 91x21
                text run at (1,2) width 91: "Row 1, Cell 2"
            RenderTableCell {TD} at (186,0) size 93x24 [border: (1px none #000000)] [r=0 c=2 rs=1 cs=1]
              RenderText {#text} at (1,2) size 91x21
                text run at (1,2) width 91: "Row 1, Cell 3"
        RenderTableSection {TBODY} at (0,45) size 279x70 [border: (1px solid #808080) none (1px solid #808080) none]
          RenderTableRow {TR} at (0,0) size 279x24
            RenderTableCell {TD} at (0,11) size 93x24 [border: (1px none #000000)] [r=0 c=0 rs=2 cs=1]
              RenderText {#text} at (1,2) size 91x21
                text run at (1,2) width 91: "Row 2, Cell 1"
            RenderTableCell {TD} at (93,0) size 186x24 [border: (1px none #000000)] [r=0 c=1 rs=1 cs=2]
              RenderText {#text} at (1,2) size 91x21
                text run at (1,2) width 91: "Row 2, Cell 2"
          RenderTableRow {TR} at (0,24) size 279x23
            RenderTableCell {TD} at (93,24) size 93x23 [r=1 c=1 rs=1 cs=1]
              RenderText {#text} at (1,1) size 91x21
                text run at (1,1) width 91: "Row 3, Cell 2"
            RenderTableCell {TD} at (186,35) size 93x23 [r=1 c=2 rs=2 cs=1]
              RenderText {#text} at (1,1) size 91x21
                text run at (1,1) width 91: "Row 3, Cell 3"
          RenderTableRow {TR} at (0,47) size 279x23
            RenderTableCell {TD} at (0,47) size 186x23 [r=2 c=0 rs=1 cs=2]
              RenderText {#text} at (1,1) size 91x21
                text run at (1,1) width 91: "Row 4, Cell 1"
        RenderTableSection {TFOOT} at (0,115) size 279x24 [border: (1px solid #808080) none (1px solid #808080) none]
          RenderTableRow {TR} at (0,0) size 279x24
            RenderTableCell {TD} at (0,0) size 93x24 [border: (1px none #000000)] [r=0 c=0 rs=1 cs=1]
              RenderText {#text} at (1,2) size 91x21
                text run at (1,2) width 91: "Row 5, Cell 1"
            RenderTableCell {TD} at (93,0) size 93x24 [border: (1px none #000000)] [r=0 c=1 rs=1 cs=1]
              RenderText {#text} at (1,2) size 91x21
                text run at (1,2) width 91: "Row 5, Cell 2"
            RenderTableCell {TD} at (186,0) size 93x24 [border: (1px none #000000)] [r=0 c=2 rs=1 cs=1]
              RenderText {#text} at (1,2) size 91x21
                text run at (1,2) width 91: "Row 5, Cell 3"
      RenderTable {TABLE} at (0,2037) size 279x139 [border: none (1px solid #808080) none]
        RenderBlock {CAPTION} at (0,0) size 279x21
          RenderInline {A} at (0,0) size 248x21
            RenderText {#text} at (13,0) size 248x21
              text run at (13,0) width 248: "Frame=\x{201C}below\x{201D} and Rules=\x{201C}groups\x{201D}"
          RenderInline (generated) at (0,0) size 6x21
            RenderText at (260,0) size 6x21
              text run at (260,0) width 6: ":"
        RenderTableSection {THEAD} at (0,21) size 279x23 [border: (1px solid #808080) none (1px solid #808080) none]
          RenderTableRow {TR} at (0,0) size 279x23
            RenderTableCell {TD} at (0,0) size 93x23 [r=0 c=0 rs=1 cs=1]
              RenderText {#text} at (1,1) size 91x21
                text run at (1,1) width 91: "Row 1, Cell 1"
            RenderTableCell {TD} at (93,0) size 93x23 [r=0 c=1 rs=1 cs=1]
              RenderText {#text} at (1,1) size 91x21
                text run at (1,1) width 91: "Row 1, Cell 2"
            RenderTableCell {TD} at (186,0) size 93x23 [r=0 c=2 rs=1 cs=1]
              RenderText {#text} at (1,1) size 91x21
                text run at (1,1) width 91: "Row 1, Cell 3"
        RenderTableSection {TBODY} at (0,44) size 279x70 [border: (1px solid #808080) none (1px solid #808080) none]
          RenderTableRow {TR} at (0,0) size 279x24
            RenderTableCell {TD} at (0,11) size 93x24 [border: (1px none #000000)] [r=0 c=0 rs=2 cs=1]
              RenderText {#text} at (1,2) size 91x21
                text run at (1,2) width 91: "Row 2, Cell 1"
            RenderTableCell {TD} at (93,0) size 186x24 [border: (1px none #000000)] [r=0 c=1 rs=1 cs=2]
              RenderText {#text} at (1,2) size 91x21
                text run at (1,2) width 91: "Row 2, Cell 2"
          RenderTableRow {TR} at (0,24) size 279x23
            RenderTableCell {TD} at (93,24) size 93x23 [r=1 c=1 rs=1 cs=1]
              RenderText {#text} at (1,1) size 91x21
                text run at (1,1) width 91: "Row 3, Cell 2"
            RenderTableCell {TD} at (186,35) size 93x23 [r=1 c=2 rs=2 cs=1]
              RenderText {#text} at (1,1) size 91x21
                text run at (1,1) width 91: "Row 3, Cell 3"
          RenderTableRow {TR} at (0,47) size 279x23
            RenderTableCell {TD} at (0,47) size 186x23 [r=2 c=0 rs=1 cs=2]
              RenderText {#text} at (1,1) size 91x21
                text run at (1,1) width 91: "Row 4, Cell 1"
        RenderTableSection {TFOOT} at (0,114) size 279x24 [border: (1px solid #808080) none (1px solid #808080) none]
          RenderTableRow {TR} at (0,0) size 279x24
            RenderTableCell {TD} at (0,0) size 93x24 [border: (1px none #000000)] [r=0 c=0 rs=1 cs=1]
              RenderText {#text} at (1,2) size 91x21
                text run at (1,2) width 91: "Row 5, Cell 1"
            RenderTableCell {TD} at (93,0) size 93x24 [border: (1px none #000000)] [r=0 c=1 rs=1 cs=1]
              RenderText {#text} at (1,2) size 91x21
                text run at (1,2) width 91: "Row 5, Cell 2"
            RenderTableCell {TD} at (186,0) size 93x24 [border: (1px none #000000)] [r=0 c=2 rs=1 cs=1]
              RenderText {#text} at (1,2) size 91x21
                text run at (1,2) width 91: "Row 5, Cell 3"
      RenderTable {TABLE} at (0,2224) size 279x140 [border: none none (1px solid #808080) none]
        RenderBlock {CAPTION} at (0,0) size 279x21
          RenderInline {A} at (0,0) size 250x21
            RenderText {#text} at (12,0) size 250x21
              text run at (12,0) width 250: "Frame=\x{201C}hsides\x{201D} and Rules=\x{201C}groups\x{201D}"
          RenderInline (generated) at (0,0) size 6x21
            RenderText at (261,0) size 6x21
              text run at (261,0) width 6: ":"
        RenderTableSection {THEAD} at (0,21) size 279x24 [border: (1px solid #808080) none (1px solid #808080) none]
          RenderTableRow {TR} at (0,0) size 279x24
            RenderTableCell {TD} at (0,0) size 93x24 [border: (1px none #000000)] [r=0 c=0 rs=1 cs=1]
              RenderText {#text} at (1,2) size 91x21
                text run at (1,2) width 91: "Row 1, Cell 1"
            RenderTableCell {TD} at (93,0) size 93x24 [border: (1px none #000000)] [r=0 c=1 rs=1 cs=1]
              RenderText {#text} at (1,2) size 91x21
                text run at (1,2) width 91: "Row 1, Cell 2"
            RenderTableCell {TD} at (186,0) size 93x24 [border: (1px none #000000)] [r=0 c=2 rs=1 cs=1]
              RenderText {#text} at (1,2) size 91x21
                text run at (1,2) width 91: "Row 1, Cell 3"
        RenderTableSection {TBODY} at (0,45) size 279x70 [border: (1px solid #808080) none (1px solid #808080) none]
          RenderTableRow {TR} at (0,0) size 279x24
            RenderTableCell {TD} at (0,11) size 93x24 [border: (1px none #000000)] [r=0 c=0 rs=2 cs=1]
              RenderText {#text} at (1,2) size 91x21
                text run at (1,2) width 91: "Row 2, Cell 1"
            RenderTableCell {TD} at (93,0) size 186x24 [border: (1px none #000000)] [r=0 c=1 rs=1 cs=2]
              RenderText {#text} at (1,2) size 91x21
                text run at (1,2) width 91: "Row 2, Cell 2"
          RenderTableRow {TR} at (0,24) size 279x23
            RenderTableCell {TD} at (93,24) size 93x23 [r=1 c=1 rs=1 cs=1]
              RenderText {#text} at (1,1) size 91x21
                text run at (1,1) width 91: "Row 3, Cell 2"
            RenderTableCell {TD} at (186,35) size 93x23 [r=1 c=2 rs=2 cs=1]
              RenderText {#text} at (1,1) size 91x21
                text run at (1,1) width 91: "Row 3, Cell 3"
          RenderTableRow {TR} at (0,47) size 279x23
            RenderTableCell {TD} at (0,47) size 186x23 [r=2 c=0 rs=1 cs=2]
              RenderText {#text} at (1,1) size 91x21
                text run at (1,1) width 91: "Row 4, Cell 1"
        RenderTableSection {TFOOT} at (0,115) size 279x24 [border: (1px solid #808080) none (1px solid #808080) none]
          RenderTableRow {TR} at (0,0) size 279x24
            RenderTableCell {TD} at (0,0) size 93x24 [border: (1px none #000000)] [r=0 c=0 rs=1 cs=1]
              RenderText {#text} at (1,2) size 91x21
                text run at (1,2) width 91: "Row 5, Cell 1"
            RenderTableCell {TD} at (93,0) size 93x24 [border: (1px none #000000)] [r=0 c=1 rs=1 cs=1]
              RenderText {#text} at (1,2) size 91x21
                text run at (1,2) width 91: "Row 5, Cell 2"
            RenderTableCell {TD} at (186,0) size 93x24 [border: (1px none #000000)] [r=0 c=2 rs=1 cs=1]
              RenderText {#text} at (1,2) size 91x21
                text run at (1,2) width 91: "Row 5, Cell 3"
      RenderTable {TABLE} at (0,2412) size 281x138 [border: none (1px solid #808080) none none]
        RenderBlock {CAPTION} at (0,0) size 280x21
          RenderInline {A} at (0,0) size 247x21
            RenderText {#text} at (14,0) size 247x21
              text run at (14,0) width 247: "Frame=\x{201C}vsides\x{201D} and Rules=\x{201C}groups\x{201D}"
          RenderInline (generated) at (0,0) size 5x21
            RenderText at (261,0) size 5x21
              text run at (261,0) width 5: ":"
        RenderTableSection {THEAD} at (0,21) size 280x23 [border: (1px solid #808080) none (1px solid #808080) none]
          RenderTableRow {TR} at (0,0) size 280x23
            RenderTableCell {TD} at (0,0) size 94x23 [border: none] [r=0 c=0 rs=1 cs=1]
              RenderText {#text} at (2,1) size 91x21
                text run at (2,1) width 91: "Row 1, Cell 1"
            RenderTableCell {TD} at (94,0) size 93x23 [r=0 c=1 rs=1 cs=1]
              RenderText {#text} at (1,1) size 91x21
                text run at (1,1) width 91: "Row 1, Cell 2"
            RenderTableCell {TD} at (187,0) size 93x23 [r=0 c=2 rs=1 cs=1]
              RenderText {#text} at (1,1) size 91x21
                text run at (1,1) width 91: "Row 1, Cell 3"
        RenderTableSection {TBODY} at (0,44) size 280x70 [border: (1px solid #808080) none (1px solid #808080) none]
          RenderTableRow {TR} at (0,0) size 280x24
            RenderTableCell {TD} at (0,11) size 94x24 [border: (1px none #000000)] [r=0 c=0 rs=2 cs=1]
              RenderText {#text} at (2,2) size 91x21
                text run at (2,2) width 91: "Row 2, Cell 1"
            RenderTableCell {TD} at (94,0) size 186x24 [border: (1px none #000000)] [r=0 c=1 rs=1 cs=2]
              RenderText {#text} at (1,2) size 91x21
                text run at (1,2) width 91: "Row 2, Cell 2"
          RenderTableRow {TR} at (0,24) size 280x23
            RenderTableCell {TD} at (94,24) size 93x23 [r=1 c=1 rs=1 cs=1]
              RenderText {#text} at (1,1) size 91x21
                text run at (1,1) width 91: "Row 3, Cell 2"
            RenderTableCell {TD} at (187,35) size 93x23 [r=1 c=2 rs=2 cs=1]
              RenderText {#text} at (1,1) size 91x21
                text run at (1,1) width 91: "Row 3, Cell 3"
          RenderTableRow {TR} at (0,47) size 280x23
            RenderTableCell {TD} at (0,47) size 187x23 [border: none] [r=2 c=0 rs=1 cs=2]
              RenderText {#text} at (2,1) size 91x21
                text run at (2,1) width 91: "Row 4, Cell 1"
        RenderTableSection {TFOOT} at (0,114) size 280x24 [border: (1px solid #808080) none (1px solid #808080) none]
          RenderTableRow {TR} at (0,0) size 280x24
            RenderTableCell {TD} at (0,0) size 94x24 [border: (1px none #000000)] [r=0 c=0 rs=1 cs=1]
              RenderText {#text} at (2,2) size 91x21
                text run at (2,2) width 91: "Row 5, Cell 1"
            RenderTableCell {TD} at (94,0) size 93x24 [border: (1px none #000000)] [r=0 c=1 rs=1 cs=1]
              RenderText {#text} at (1,2) size 91x21
                text run at (1,2) width 91: "Row 5, Cell 2"
            RenderTableCell {TD} at (187,0) size 93x24 [border: (1px none #000000)] [r=0 c=2 rs=1 cs=1]
              RenderText {#text} at (1,2) size 91x21
                text run at (1,2) width 91: "Row 5, Cell 3"
      RenderTable {TABLE} at (0,2598) size 280x138
        RenderBlock {CAPTION} at (0,0) size 280x21
          RenderInline {A} at (0,0) size 229x21
            RenderText {#text} at (23,0) size 229x21
              text run at (23,0) width 229: "Frame=\x{201C}lhs\x{201D} and Rules=\x{201C}groups\x{201D}"
          RenderInline (generated) at (0,0) size 6x21
            RenderText at (251,0) size 6x21
              text run at (251,0) width 6: ":"
        RenderTableSection {THEAD} at (0,21) size 280x23 [border: (1px solid #808080) none (1px solid #808080) none]
          RenderTableRow {TR} at (0,0) size 280x23
            RenderTableCell {TD} at (0,0) size 94x23 [border: none] [r=0 c=0 rs=1 cs=1]
              RenderText {#text} at (2,1) size 91x21
                text run at (2,1) width 91: "Row 1, Cell 1"
            RenderTableCell {TD} at (94,0) size 93x23 [r=0 c=1 rs=1 cs=1]
              RenderText {#text} at (1,1) size 91x21
                text run at (1,1) width 91: "Row 1, Cell 2"
            RenderTableCell {TD} at (187,0) size 93x23 [r=0 c=2 rs=1 cs=1]
              RenderText {#text} at (1,1) size 91x21
                text run at (1,1) width 91: "Row 1, Cell 3"
        RenderTableSection {TBODY} at (0,44) size 280x70 [border: (1px solid #808080) none (1px solid #808080) none]
          RenderTableRow {TR} at (0,0) size 280x24
            RenderTableCell {TD} at (0,11) size 94x24 [border: (1px none #000000)] [r=0 c=0 rs=2 cs=1]
              RenderText {#text} at (2,2) size 91x21
                text run at (2,2) width 91: "Row 2, Cell 1"
            RenderTableCell {TD} at (94,0) size 186x24 [border: (1px none #000000)] [r=0 c=1 rs=1 cs=2]
              RenderText {#text} at (1,2) size 91x21
                text run at (1,2) width 91: "Row 2, Cell 2"
          RenderTableRow {TR} at (0,24) size 280x23
            RenderTableCell {TD} at (94,24) size 93x23 [r=1 c=1 rs=1 cs=1]
              RenderText {#text} at (1,1) size 91x21
                text run at (1,1) width 91: "Row 3, Cell 2"
            RenderTableCell {TD} at (187,35) size 93x23 [r=1 c=2 rs=2 cs=1]
              RenderText {#text} at (1,1) size 91x21
                text run at (1,1) width 91: "Row 3, Cell 3"
          RenderTableRow {TR} at (0,47) size 280x23
            RenderTableCell {TD} at (0,47) size 187x23 [border: none] [r=2 c=0 rs=1 cs=2]
              RenderText {#text} at (2,1) size 91x21
                text run at (2,1) width 91: "Row 4, Cell 1"
        RenderTableSection {TFOOT} at (0,114) size 280x24 [border: (1px solid #808080) none (1px solid #808080) none]
          RenderTableRow {TR} at (0,0) size 280x24
            RenderTableCell {TD} at (0,0) size 94x24 [border: (1px none #000000)] [r=0 c=0 rs=1 cs=1]
              RenderText {#text} at (2,2) size 91x21
                text run at (2,2) width 91: "Row 5, Cell 1"
            RenderTableCell {TD} at (94,0) size 93x24 [border: (1px none #000000)] [r=0 c=1 rs=1 cs=1]
              RenderText {#text} at (1,2) size 91x21
                text run at (1,2) width 91: "Row 5, Cell 2"
            RenderTableCell {TD} at (187,0) size 93x24 [border: (1px none #000000)] [r=0 c=2 rs=1 cs=1]
              RenderText {#text} at (1,2) size 91x21
                text run at (1,2) width 91: "Row 5, Cell 3"
      RenderTable {TABLE} at (0,2784) size 280x138 [border: none (1px solid #808080) none]
        RenderBlock {CAPTION} at (0,0) size 279x21
          RenderInline {A} at (0,0) size 230x21
            RenderText {#text} at (22,0) size 230x21
              text run at (22,0) width 230: "Frame=\x{201C}rhs\x{201D} and Rules=\x{201C}groups\x{201D}"
          RenderInline (generated) at (0,0) size 5x21
            RenderText at (252,0) size 5x21
              text run at (252,0) width 5: ":"
        RenderTableSection {THEAD} at (0,21) size 279x23 [border: (1px solid #808080) none (1px solid #808080) none]
          RenderTableRow {TR} at (0,0) size 279x23
            RenderTableCell {TD} at (0,0) size 93x23 [r=0 c=0 rs=1 cs=1]
              RenderText {#text} at (1,1) size 91x21
                text run at (1,1) width 91: "Row 1, Cell 1"
            RenderTableCell {TD} at (93,0) size 93x23 [r=0 c=1 rs=1 cs=1]
              RenderText {#text} at (1,1) size 91x21
                text run at (1,1) width 91: "Row 1, Cell 2"
            RenderTableCell {TD} at (186,0) size 93x23 [r=0 c=2 rs=1 cs=1]
              RenderText {#text} at (1,1) size 91x21
                text run at (1,1) width 91: "Row 1, Cell 3"
        RenderTableSection {TBODY} at (0,44) size 279x70 [border: (1px solid #808080) none (1px solid #808080) none]
          RenderTableRow {TR} at (0,0) size 279x24
            RenderTableCell {TD} at (0,11) size 93x24 [border: (1px none #000000)] [r=0 c=0 rs=2 cs=1]
              RenderText {#text} at (1,2) size 91x21
                text run at (1,2) width 91: "Row 2, Cell 1"
            RenderTableCell {TD} at (93,0) size 186x24 [border: (1px none #000000)] [r=0 c=1 rs=1 cs=2]
              RenderText {#text} at (1,2) size 91x21
                text run at (1,2) width 91: "Row 2, Cell 2"
          RenderTableRow {TR} at (0,24) size 279x23
            RenderTableCell {TD} at (93,24) size 93x23 [r=1 c=1 rs=1 cs=1]
              RenderText {#text} at (1,1) size 91x21
                text run at (1,1) width 91: "Row 3, Cell 2"
            RenderTableCell {TD} at (186,35) size 93x23 [r=1 c=2 rs=2 cs=1]
              RenderText {#text} at (1,1) size 91x21
                text run at (1,1) width 91: "Row 3, Cell 3"
          RenderTableRow {TR} at (0,47) size 279x23
            RenderTableCell {TD} at (0,47) size 186x23 [r=2 c=0 rs=1 cs=2]
              RenderText {#text} at (1,1) size 91x21
                text run at (1,1) width 91: "Row 4, Cell 1"
        RenderTableSection {TFOOT} at (0,114) size 279x24 [border: (1px solid #808080) none (1px solid #808080) none]
          RenderTableRow {TR} at (0,0) size 279x24
            RenderTableCell {TD} at (0,0) size 93x24 [border: (1px none #000000)] [r=0 c=0 rs=1 cs=1]
              RenderText {#text} at (1,2) size 91x21
                text run at (1,2) width 91: "Row 5, Cell 1"
            RenderTableCell {TD} at (93,0) size 93x24 [border: (1px none #000000)] [r=0 c=1 rs=1 cs=1]
              RenderText {#text} at (1,2) size 91x21
                text run at (1,2) width 91: "Row 5, Cell 2"
            RenderTableCell {TD} at (186,0) size 93x24 [border: (1px none #000000)] [r=0 c=2 rs=1 cs=1]
              RenderText {#text} at (1,2) size 91x21
                text run at (1,2) width 91: "Row 5, Cell 3"
      RenderTable {TABLE} at (0,2970) size 281x140 [border: none]
        RenderBlock {CAPTION} at (0,0) size 280x21
          RenderInline {A} at (0,0) size 233x21
            RenderText {#text} at (21,0) size 233x21
              text run at (21,0) width 233: "Frame=\x{201C}box\x{201D} and Rules=\x{201C}groups\x{201D}"
          RenderInline (generated) at (0,0) size 5x21
            RenderText at (254,0) size 5x21
              text run at (254,0) width 5: ":"
        RenderTableSection {THEAD} at (0,21) size 280x24 [border: (1px solid #808080) none (1px solid #808080) none]
          RenderTableRow {TR} at (0,0) size 280x24
            RenderTableCell {TD} at (0,0) size 94x24 [border: (1px none #000000)] [r=0 c=0 rs=1 cs=1]
              RenderText {#text} at (2,2) size 91x21
                text run at (2,2) width 91: "Row 1, Cell 1"
            RenderTableCell {TD} at (94,0) size 93x24 [border: (1px none #000000)] [r=0 c=1 rs=1 cs=1]
              RenderText {#text} at (1,2) size 91x21
                text run at (1,2) width 91: "Row 1, Cell 2"
            RenderTableCell {TD} at (187,0) size 93x24 [border: (1px none #000000)] [r=0 c=2 rs=1 cs=1]
              RenderText {#text} at (1,2) size 91x21
                text run at (1,2) width 91: "Row 1, Cell 3"
        RenderTableSection {TBODY} at (0,45) size 280x70 [border: (1px solid #808080) none (1px solid #808080) none]
          RenderTableRow {TR} at (0,0) size 280x24
            RenderTableCell {TD} at (0,11) size 94x24 [border: (1px none #000000)] [r=0 c=0 rs=2 cs=1]
              RenderText {#text} at (2,2) size 91x21
                text run at (2,2) width 91: "Row 2, Cell 1"
            RenderTableCell {TD} at (94,0) size 186x24 [border: (1px none #000000)] [r=0 c=1 rs=1 cs=2]
              RenderText {#text} at (1,2) size 91x21
                text run at (1,2) width 91: "Row 2, Cell 2"
          RenderTableRow {TR} at (0,24) size 280x23
            RenderTableCell {TD} at (94,24) size 93x23 [r=1 c=1 rs=1 cs=1]
              RenderText {#text} at (1,1) size 91x21
                text run at (1,1) width 91: "Row 3, Cell 2"
            RenderTableCell {TD} at (187,35) size 93x23 [r=1 c=2 rs=2 cs=1]
              RenderText {#text} at (1,1) size 91x21
                text run at (1,1) width 91: "Row 3, Cell 3"
          RenderTableRow {TR} at (0,47) size 280x23
            RenderTableCell {TD} at (0,47) size 187x23 [border: none] [r=2 c=0 rs=1 cs=2]
              RenderText {#text} at (2,1) size 91x21
                text run at (2,1) width 91: "Row 4, Cell 1"
        RenderTableSection {TFOOT} at (0,115) size 280x24 [border: (1px solid #808080) none (1px solid #808080) none]
          RenderTableRow {TR} at (0,0) size 280x24
            RenderTableCell {TD} at (0,0) size 94x24 [border: (1px none #000000)] [r=0 c=0 rs=1 cs=1]
              RenderText {#text} at (2,2) size 91x21
                text run at (2,2) width 91: "Row 5, Cell 1"
            RenderTableCell {TD} at (94,0) size 93x24 [border: (1px none #000000)] [r=0 c=1 rs=1 cs=1]
              RenderText {#text} at (1,2) size 91x21
                text run at (1,2) width 91: "Row 5, Cell 2"
            RenderTableCell {TD} at (187,0) size 93x24 [border: (1px none #000000)] [r=0 c=2 rs=1 cs=1]
              RenderText {#text} at (1,2) size 91x21
                text run at (1,2) width 91: "Row 5, Cell 3"
      RenderTable {TABLE} at (0,3158) size 281x140 [border: none]
        RenderBlock {CAPTION} at (0,0) size 280x21
          RenderInline {A} at (0,0) size 253x21
            RenderText {#text} at (11,0) size 253x21
              text run at (11,0) width 253: "Frame=\x{201C}border\x{201D} and Rules=\x{201C}groups\x{201D}"
          RenderInline (generated) at (0,0) size 6x21
            RenderText at (263,0) size 6x21
              text run at (263,0) width 6: ":"
        RenderTableSection {THEAD} at (0,21) size 280x24 [border: (1px solid #808080) none (1px solid #808080) none]
          RenderTableRow {TR} at (0,0) size 280x24
            RenderTableCell {TD} at (0,0) size 94x24 [border: (1px none #000000)] [r=0 c=0 rs=1 cs=1]
              RenderText {#text} at (2,2) size 91x21
                text run at (2,2) width 91: "Row 1, Cell 1"
            RenderTableCell {TD} at (94,0) size 93x24 [border: (1px none #000000)] [r=0 c=1 rs=1 cs=1]
              RenderText {#text} at (1,2) size 91x21
                text run at (1,2) width 91: "Row 1, Cell 2"
            RenderTableCell {TD} at (187,0) size 93x24 [border: (1px none #000000)] [r=0 c=2 rs=1 cs=1]
              RenderText {#text} at (1,2) size 91x21
                text run at (1,2) width 91: "Row 1, Cell 3"
        RenderTableSection {TBODY} at (0,45) size 280x70 [border: (1px solid #808080) none (1px solid #808080) none]
          RenderTableRow {TR} at (0,0) size 280x24
            RenderTableCell {TD} at (0,11) size 94x24 [border: (1px none #000000)] [r=0 c=0 rs=2 cs=1]
              RenderText {#text} at (2,2) size 91x21
                text run at (2,2) width 91: "Row 2, Cell 1"
            RenderTableCell {TD} at (94,0) size 186x24 [border: (1px none #000000)] [r=0 c=1 rs=1 cs=2]
              RenderText {#text} at (1,2) size 91x21
                text run at (1,2) width 91: "Row 2, Cell 2"
          RenderTableRow {TR} at (0,24) size 280x23
            RenderTableCell {TD} at (94,24) size 93x23 [r=1 c=1 rs=1 cs=1]
              RenderText {#text} at (1,1) size 91x21
                text run at (1,1) width 91: "Row 3, Cell 2"
            RenderTableCell {TD} at (187,35) size 93x23 [r=1 c=2 rs=2 cs=1]
              RenderText {#text} at (1,1) size 91x21
                text run at (1,1) width 91: "Row 3, Cell 3"
          RenderTableRow {TR} at (0,47) size 280x23
            RenderTableCell {TD} at (0,47) size 187x23 [border: none] [r=2 c=0 rs=1 cs=2]
              RenderText {#text} at (2,1) size 91x21
                text run at (2,1) width 91: "Row 4, Cell 1"
        RenderTableSection {TFOOT} at (0,115) size 280x24 [border: (1px solid #808080) none (1px solid #808080) none]
          RenderTableRow {TR} at (0,0) size 280x24
            RenderTableCell {TD} at (0,0) size 94x24 [border: (1px none #000000)] [r=0 c=0 rs=1 cs=1]
              RenderText {#text} at (2,2) size 91x21
                text run at (2,2) width 91: "Row 5, Cell 1"
            RenderTableCell {TD} at (94,0) size 93x24 [border: (1px none #000000)] [r=0 c=1 rs=1 cs=1]
              RenderText {#text} at (1,2) size 91x21
                text run at (1,2) width 91: "Row 5, Cell 2"
            RenderTableCell {TD} at (187,0) size 93x24 [border: (1px none #000000)] [r=0 c=2 rs=1 cs=1]
              RenderText {#text} at (1,2) size 91x21
                text run at (1,2) width 91: "Row 5, Cell 3"
      RenderTable {TABLE} at (0,3346) size 279x140
        RenderBlock {CAPTION} at (0,0) size 279x21
          RenderInline {A} at (0,0) size 222x21
            RenderText {#text} at (26,0) size 222x21
              text run at (26,0) width 222: "Frame=\x{201C}void\x{201D} and Rules=\x{201C}rows\x{201D}"
          RenderInline (generated) at (0,0) size 5x21
            RenderText at (248,0) size 5x21
              text run at (248,0) width 5: ":"
        RenderTableSection {THEAD} at (0,21) size 279x23
          RenderTableRow {TR} at (0,0) size 279x23
            RenderTableCell {TD} at (0,0) size 93x23 [r=0 c=0 rs=1 cs=1]
              RenderText {#text} at (1,1) size 91x21
                text run at (1,1) width 91: "Row 1, Cell 1"
            RenderTableCell {TD} at (93,0) size 93x23 [r=0 c=1 rs=1 cs=1]
              RenderText {#text} at (1,1) size 91x21
                text run at (1,1) width 91: "Row 1, Cell 2"
            RenderTableCell {TD} at (186,0) size 93x23 [r=0 c=2 rs=1 cs=1]
              RenderText {#text} at (1,1) size 91x21
                text run at (1,1) width 91: "Row 1, Cell 3"
        RenderTableSection {TBODY} at (0,44) size 279x72
          RenderTableRow {TR} at (0,0) size 279x24
            RenderTableCell {TD} at (0,12) size 93x24 [border: (1px solid #808080) none none none] [r=0 c=0 rs=2 cs=1]
              RenderText {#text} at (1,2) size 91x21
                text run at (1,2) width 91: "Row 2, Cell 1"
            RenderTableCell {TD} at (93,0) size 186x24 [border: (1px solid #808080) none none none] [r=0 c=1 rs=1 cs=2]
              RenderText {#text} at (1,2) size 91x21
                text run at (1,2) width 91: "Row 2, Cell 2"
          RenderTableRow {TR} at (0,24) size 279x24
            RenderTableCell {TD} at (93,24) size 93x24 [border: (1px solid #808080) none none none] [r=1 c=1 rs=1 cs=1]
              RenderText {#text} at (1,2) size 91x21
                text run at (1,2) width 91: "Row 3, Cell 2"
            RenderTableCell {TD} at (186,36) size 93x24 [border: (1px solid #808080) none none none] [r=1 c=2 rs=2 cs=1]
              RenderText {#text} at (1,2) size 91x21
                text run at (1,2) width 91: "Row 3, Cell 3"
          RenderTableRow {TR} at (0,48) size 279x24
            RenderTableCell {TD} at (0,48) size 186x24 [border: (1px solid #808080) none none none] [r=2 c=0 rs=1 cs=2]
              RenderText {#text} at (1,2) size 91x21
                text run at (1,2) width 91: "Row 4, Cell 1"
        RenderTableSection {TFOOT} at (0,116) size 279x24
          RenderTableRow {TR} at (0,0) size 279x24
            RenderTableCell {TD} at (0,0) size 93x24 [border: (1px solid #808080) none none none] [r=0 c=0 rs=1 cs=1]
              RenderText {#text} at (1,2) size 91x21
                text run at (1,2) width 91: "Row 5, Cell 1"
            RenderTableCell {TD} at (93,0) size 93x24 [border: (1px solid #808080) none none none] [r=0 c=1 rs=1 cs=1]
              RenderText {#text} at (1,2) size 91x21
                text run at (1,2) width 91: "Row 5, Cell 2"
            RenderTableCell {TD} at (186,0) size 93x24 [border: (1px solid #808080) none none none] [r=0 c=2 rs=1 cs=1]
              RenderText {#text} at (1,2) size 91x21
                text run at (1,2) width 91: "Row 5, Cell 3"
      RenderTable {TABLE} at (0,3534) size 279x141
        RenderBlock {CAPTION} at (0,0) size 279x21
          RenderInline {A} at (0,0) size 234x21
            RenderText {#text} at (20,0) size 234x21
              text run at (20,0) width 234: "Frame=\x{201C}above\x{201D} and Rules=\x{201C}rows\x{201D}"
          RenderInline (generated) at (0,0) size 6x21
            RenderText at (253,0) size 6x21
              text run at (253,0) width 6: ":"
        RenderTableSection {THEAD} at (0,21) size 279x24
          RenderTableRow {TR} at (0,0) size 279x24
            RenderTableCell {TD} at (0,0) size 93x24 [border: (1px solid #808080) none none none] [r=0 c=0 rs=1 cs=1]
              RenderText {#text} at (1,2) size 91x21
                text run at (1,2) width 91: "Row 1, Cell 1"
            RenderTableCell {TD} at (93,0) size 93x24 [border: (1px solid #808080) none none none] [r=0 c=1 rs=1 cs=1]
              RenderText {#text} at (1,2) size 91x21
                text run at (1,2) width 91: "Row 1, Cell 2"
            RenderTableCell {TD} at (186,0) size 93x24 [border: (1px solid #808080) none none none] [r=0 c=2 rs=1 cs=1]
              RenderText {#text} at (1,2) size 91x21
                text run at (1,2) width 91: "Row 1, Cell 3"
        RenderTableSection {TBODY} at (0,45) size 279x72
          RenderTableRow {TR} at (0,0) size 279x24
            RenderTableCell {TD} at (0,12) size 93x24 [border: (1px solid #808080) none none none] [r=0 c=0 rs=2 cs=1]
              RenderText {#text} at (1,2) size 91x21
                text run at (1,2) width 91: "Row 2, Cell 1"
            RenderTableCell {TD} at (93,0) size 186x24 [border: (1px solid #808080) none none none] [r=0 c=1 rs=1 cs=2]
              RenderText {#text} at (1,2) size 91x21
                text run at (1,2) width 91: "Row 2, Cell 2"
          RenderTableRow {TR} at (0,24) size 279x24
            RenderTableCell {TD} at (93,24) size 93x24 [border: (1px solid #808080) none none none] [r=1 c=1 rs=1 cs=1]
              RenderText {#text} at (1,2) size 91x21
                text run at (1,2) width 91: "Row 3, Cell 2"
            RenderTableCell {TD} at (186,36) size 93x24 [border: (1px solid #808080) none none none] [r=1 c=2 rs=2 cs=1]
              RenderText {#text} at (1,2) size 91x21
                text run at (1,2) width 91: "Row 3, Cell 3"
          RenderTableRow {TR} at (0,48) size 279x24
            RenderTableCell {TD} at (0,48) size 186x24 [border: (1px solid #808080) none none none] [r=2 c=0 rs=1 cs=2]
              RenderText {#text} at (1,2) size 91x21
                text run at (1,2) width 91: "Row 4, Cell 1"
        RenderTableSection {TFOOT} at (0,117) size 279x24
          RenderTableRow {TR} at (0,0) size 279x24
            RenderTableCell {TD} at (0,0) size 93x24 [border: (1px solid #808080) none none none] [r=0 c=0 rs=1 cs=1]
              RenderText {#text} at (1,2) size 91x21
                text run at (1,2) width 91: "Row 5, Cell 1"
            RenderTableCell {TD} at (93,0) size 93x24 [border: (1px solid #808080) none none none] [r=0 c=1 rs=1 cs=1]
              RenderText {#text} at (1,2) size 91x21
                text run at (1,2) width 91: "Row 5, Cell 2"
            RenderTableCell {TD} at (186,0) size 93x24 [border: (1px solid #808080) none none none] [r=0 c=2 rs=1 cs=1]
              RenderText {#text} at (1,2) size 91x21
                text run at (1,2) width 91: "Row 5, Cell 3"
      RenderTable {TABLE} at (0,3723) size 279x141 [border: none (1px solid #808080) none]
        RenderBlock {CAPTION} at (0,0) size 279x21
          RenderInline {A} at (0,0) size 234x21
            RenderText {#text} at (20,0) size 234x21
              text run at (20,0) width 234: "Frame=\x{201C}below\x{201D} and Rules=\x{201C}rows\x{201D}"
          RenderInline (generated) at (0,0) size 6x21
            RenderText at (253,0) size 6x21
              text run at (253,0) width 6: ":"
        RenderTableSection {THEAD} at (0,21) size 279x23
          RenderTableRow {TR} at (0,0) size 279x23
            RenderTableCell {TD} at (0,0) size 93x23 [r=0 c=0 rs=1 cs=1]
              RenderText {#text} at (1,1) size 91x21
                text run at (1,1) width 91: "Row 1, Cell 1"
            RenderTableCell {TD} at (93,0) size 93x23 [r=0 c=1 rs=1 cs=1]
              RenderText {#text} at (1,1) size 91x21
                text run at (1,1) width 91: "Row 1, Cell 2"
            RenderTableCell {TD} at (186,0) size 93x23 [r=0 c=2 rs=1 cs=1]
              RenderText {#text} at (1,1) size 91x21
                text run at (1,1) width 91: "Row 1, Cell 3"
        RenderTableSection {TBODY} at (0,44) size 279x72
          RenderTableRow {TR} at (0,0) size 279x24
            RenderTableCell {TD} at (0,12) size 93x24 [border: (1px solid #808080) none none none] [r=0 c=0 rs=2 cs=1]
              RenderText {#text} at (1,2) size 91x21
                text run at (1,2) width 91: "Row 2, Cell 1"
            RenderTableCell {TD} at (93,0) size 186x24 [border: (1px solid #808080) none none none] [r=0 c=1 rs=1 cs=2]
              RenderText {#text} at (1,2) size 91x21
                text run at (1,2) width 91: "Row 2, Cell 2"
          RenderTableRow {TR} at (0,24) size 279x24
            RenderTableCell {TD} at (93,24) size 93x24 [border: (1px solid #808080) none none none] [r=1 c=1 rs=1 cs=1]
              RenderText {#text} at (1,2) size 91x21
                text run at (1,2) width 91: "Row 3, Cell 2"
            RenderTableCell {TD} at (186,36) size 93x24 [border: (1px solid #808080) none none none] [r=1 c=2 rs=2 cs=1]
              RenderText {#text} at (1,2) size 91x21
                text run at (1,2) width 91: "Row 3, Cell 3"
          RenderTableRow {TR} at (0,48) size 279x24
            RenderTableCell {TD} at (0,48) size 186x24 [border: (1px solid #808080) none none none] [r=2 c=0 rs=1 cs=2]
              RenderText {#text} at (1,2) size 91x21
                text run at (1,2) width 91: "Row 4, Cell 1"
        RenderTableSection {TFOOT} at (0,116) size 279x24
          RenderTableRow {TR} at (0,0) size 279x24
            RenderTableCell {TD} at (0,0) size 93x24 [border: (1px solid #808080) none none none] [r=0 c=0 rs=1 cs=1]
              RenderText {#text} at (1,2) size 91x21
                text run at (1,2) width 91: "Row 5, Cell 1"
            RenderTableCell {TD} at (93,0) size 93x24 [border: (1px solid #808080) none none none] [r=0 c=1 rs=1 cs=1]
              RenderText {#text} at (1,2) size 91x21
                text run at (1,2) width 91: "Row 5, Cell 2"
            RenderTableCell {TD} at (186,0) size 93x24 [border: (1px solid #808080) none none none] [r=0 c=2 rs=1 cs=1]
              RenderText {#text} at (1,2) size 91x21
                text run at (1,2) width 91: "Row 5, Cell 3"
      RenderTable {TABLE} at (0,3912) size 279x142 [border: none none (1px solid #808080) none]
        RenderBlock {CAPTION} at (0,0) size 279x21
          RenderInline {A} at (0,0) size 236x21
            RenderText {#text} at (19,0) size 236x21
              text run at (19,0) width 236: "Frame=\x{201C}hsides\x{201D} and Rules=\x{201C}rows\x{201D}"
          RenderInline (generated) at (0,0) size 6x21
            RenderText at (254,0) size 6x21
              text run at (254,0) width 6: ":"
        RenderTableSection {THEAD} at (0,21) size 279x24
          RenderTableRow {TR} at (0,0) size 279x24
            RenderTableCell {TD} at (0,0) size 93x24 [border: (1px solid #808080) none none none] [r=0 c=0 rs=1 cs=1]
              RenderText {#text} at (1,2) size 91x21
                text run at (1,2) width 91: "Row 1, Cell 1"
            RenderTableCell {TD} at (93,0) size 93x24 [border: (1px solid #808080) none none none] [r=0 c=1 rs=1 cs=1]
              RenderText {#text} at (1,2) size 91x21
                text run at (1,2) width 91: "Row 1, Cell 2"
            RenderTableCell {TD} at (186,0) size 93x24 [border: (1px solid #808080) none none none] [r=0 c=2 rs=1 cs=1]
              RenderText {#text} at (1,2) size 91x21
                text run at (1,2) width 91: "Row 1, Cell 3"
        RenderTableSection {TBODY} at (0,45) size 279x72
          RenderTableRow {TR} at (0,0) size 279x24
            RenderTableCell {TD} at (0,12) size 93x24 [border: (1px solid #808080) none none none] [r=0 c=0 rs=2 cs=1]
              RenderText {#text} at (1,2) size 91x21
                text run at (1,2) width 91: "Row 2, Cell 1"
            RenderTableCell {TD} at (93,0) size 186x24 [border: (1px solid #808080) none none none] [r=0 c=1 rs=1 cs=2]
              RenderText {#text} at (1,2) size 91x21
                text run at (1,2) width 91: "Row 2, Cell 2"
          RenderTableRow {TR} at (0,24) size 279x24
            RenderTableCell {TD} at (93,24) size 93x24 [border: (1px solid #808080) none none none] [r=1 c=1 rs=1 cs=1]
              RenderText {#text} at (1,2) size 91x21
                text run at (1,2) width 91: "Row 3, Cell 2"
            RenderTableCell {TD} at (186,36) size 93x24 [border: (1px solid #808080) none none none] [r=1 c=2 rs=2 cs=1]
              RenderText {#text} at (1,2) size 91x21
                text run at (1,2) width 91: "Row 3, Cell 3"
          RenderTableRow {TR} at (0,48) size 279x24
            RenderTableCell {TD} at (0,48) size 186x24 [border: (1px solid #808080) none none none] [r=2 c=0 rs=1 cs=2]
              RenderText {#text} at (1,2) size 91x21
                text run at (1,2) width 91: "Row 4, Cell 1"
        RenderTableSection {TFOOT} at (0,117) size 279x24
          RenderTableRow {TR} at (0,0) size 279x24
            RenderTableCell {TD} at (0,0) size 93x24 [border: (1px solid #808080) none none none] [r=0 c=0 rs=1 cs=1]
              RenderText {#text} at (1,2) size 91x21
                text run at (1,2) width 91: "Row 5, Cell 1"
            RenderTableCell {TD} at (93,0) size 93x24 [border: (1px solid #808080) none none none] [r=0 c=1 rs=1 cs=1]
              RenderText {#text} at (1,2) size 91x21
                text run at (1,2) width 91: "Row 5, Cell 2"
            RenderTableCell {TD} at (186,0) size 93x24 [border: (1px solid #808080) none none none] [r=0 c=2 rs=1 cs=1]
              RenderText {#text} at (1,2) size 91x21
                text run at (1,2) width 91: "Row 5, Cell 3"
      RenderTable {TABLE} at (0,4102) size 281x140 [border: none (1px solid #808080) none none]
        RenderBlock {CAPTION} at (0,0) size 280x21
          RenderInline {A} at (0,0) size 233x21
            RenderText {#text} at (21,0) size 233x21
              text run at (21,0) width 233: "Frame=\x{201C}vsides\x{201D} and Rules=\x{201C}rows\x{201D}"
          RenderInline (generated) at (0,0) size 5x21
            RenderText at (254,0) size 5x21
              text run at (254,0) width 5: ":"
        RenderTableSection {THEAD} at (0,21) size 280x23
          RenderTableRow {TR} at (0,0) size 280x23
            RenderTableCell {TD} at (0,0) size 94x23 [border: none none none (1px none #808080)] [r=0 c=0 rs=1 cs=1]
              RenderText {#text} at (2,1) size 91x21
                text run at (2,1) width 91: "Row 1, Cell 1"
            RenderTableCell {TD} at (94,0) size 93x23 [r=0 c=1 rs=1 cs=1]
              RenderText {#text} at (1,1) size 91x21
                text run at (1,1) width 91: "Row 1, Cell 2"
            RenderTableCell {TD} at (187,0) size 93x23 [r=0 c=2 rs=1 cs=1]
              RenderText {#text} at (1,1) size 91x21
                text run at (1,1) width 91: "Row 1, Cell 3"
        RenderTableSection {TBODY} at (0,44) size 280x72
          RenderTableRow {TR} at (0,0) size 280x24
            RenderTableCell {TD} at (0,12) size 94x24 [border: (1px solid #808080) none none (1px none #808080)] [r=0 c=0 rs=2 cs=1]
              RenderText {#text} at (2,2) size 91x21
                text run at (2,2) width 91: "Row 2, Cell 1"
            RenderTableCell {TD} at (94,0) size 186x24 [border: (1px solid #808080) none none none] [r=0 c=1 rs=1 cs=2]
              RenderText {#text} at (1,2) size 91x21
                text run at (1,2) width 91: "Row 2, Cell 2"
          RenderTableRow {TR} at (0,24) size 280x24
            RenderTableCell {TD} at (94,24) size 93x24 [border: (1px solid #808080) none none none] [r=1 c=1 rs=1 cs=1]
              RenderText {#text} at (1,2) size 91x21
                text run at (1,2) width 91: "Row 3, Cell 2"
            RenderTableCell {TD} at (187,36) size 93x24 [border: (1px solid #808080) none none none] [r=1 c=2 rs=2 cs=1]
              RenderText {#text} at (1,2) size 91x21
                text run at (1,2) width 91: "Row 3, Cell 3"
          RenderTableRow {TR} at (0,48) size 280x24
            RenderTableCell {TD} at (0,48) size 187x24 [border: (1px solid #808080) none none (1px none #808080)] [r=2 c=0 rs=1 cs=2]
              RenderText {#text} at (2,2) size 91x21
                text run at (2,2) width 91: "Row 4, Cell 1"
        RenderTableSection {TFOOT} at (0,116) size 280x24
          RenderTableRow {TR} at (0,0) size 280x24
            RenderTableCell {TD} at (0,0) size 94x24 [border: (1px solid #808080) none none (1px none #808080)] [r=0 c=0 rs=1 cs=1]
              RenderText {#text} at (2,2) size 91x21
                text run at (2,2) width 91: "Row 5, Cell 1"
            RenderTableCell {TD} at (94,0) size 93x24 [border: (1px solid #808080) none none none] [r=0 c=1 rs=1 cs=1]
              RenderText {#text} at (1,2) size 91x21
                text run at (1,2) width 91: "Row 5, Cell 2"
            RenderTableCell {TD} at (187,0) size 93x24 [border: (1px solid #808080) none none none] [r=0 c=2 rs=1 cs=1]
              RenderText {#text} at (1,2) size 91x21
                text run at (1,2) width 91: "Row 5, Cell 3"
      RenderTable {TABLE} at (0,4290) size 280x140
        RenderBlock {CAPTION} at (0,0) size 280x21
          RenderInline {A} at (0,0) size 215x21
            RenderText {#text} at (30,0) size 215x21
              text run at (30,0) width 215: "Frame=\x{201C}lhs\x{201D} and Rules=\x{201C}rows\x{201D}"
          RenderInline (generated) at (0,0) size 6x21
            RenderText at (244,0) size 6x21
              text run at (244,0) width 6: ":"
        RenderTableSection {THEAD} at (0,21) size 280x23
          RenderTableRow {TR} at (0,0) size 280x23
            RenderTableCell {TD} at (0,0) size 94x23 [border: none none none (1px none #808080)] [r=0 c=0 rs=1 cs=1]
              RenderText {#text} at (2,1) size 91x21
                text run at (2,1) width 91: "Row 1, Cell 1"
            RenderTableCell {TD} at (94,0) size 93x23 [r=0 c=1 rs=1 cs=1]
              RenderText {#text} at (1,1) size 91x21
                text run at (1,1) width 91: "Row 1, Cell 2"
            RenderTableCell {TD} at (187,0) size 93x23 [r=0 c=2 rs=1 cs=1]
              RenderText {#text} at (1,1) size 91x21
                text run at (1,1) width 91: "Row 1, Cell 3"
        RenderTableSection {TBODY} at (0,44) size 280x72
          RenderTableRow {TR} at (0,0) size 280x24
            RenderTableCell {TD} at (0,12) size 94x24 [border: (1px solid #808080) none none (1px none #808080)] [r=0 c=0 rs=2 cs=1]
              RenderText {#text} at (2,2) size 91x21
                text run at (2,2) width 91: "Row 2, Cell 1"
            RenderTableCell {TD} at (94,0) size 186x24 [border: (1px solid #808080) none none none] [r=0 c=1 rs=1 cs=2]
              RenderText {#text} at (1,2) size 91x21
                text run at (1,2) width 91: "Row 2, Cell 2"
          RenderTableRow {TR} at (0,24) size 280x24
            RenderTableCell {TD} at (94,24) size 93x24 [border: (1px solid #808080) none none none] [r=1 c=1 rs=1 cs=1]
              RenderText {#text} at (1,2) size 91x21
                text run at (1,2) width 91: "Row 3, Cell 2"
            RenderTableCell {TD} at (187,36) size 93x24 [border: (1px solid #808080) none none none] [r=1 c=2 rs=2 cs=1]
              RenderText {#text} at (1,2) size 91x21
                text run at (1,2) width 91: "Row 3, Cell 3"
          RenderTableRow {TR} at (0,48) size 280x24
            RenderTableCell {TD} at (0,48) size 187x24 [border: (1px solid #808080) none none (1px none #808080)] [r=2 c=0 rs=1 cs=2]
              RenderText {#text} at (2,2) size 91x21
                text run at (2,2) width 91: "Row 4, Cell 1"
        RenderTableSection {TFOOT} at (0,116) size 280x24
          RenderTableRow {TR} at (0,0) size 280x24
            RenderTableCell {TD} at (0,0) size 94x24 [border: (1px solid #808080) none none (1px none #808080)] [r=0 c=0 rs=1 cs=1]
              RenderText {#text} at (2,2) size 91x21
                text run at (2,2) width 91: "Row 5, Cell 1"
            RenderTableCell {TD} at (94,0) size 93x24 [border: (1px solid #808080) none none none] [r=0 c=1 rs=1 cs=1]
              RenderText {#text} at (1,2) size 91x21
                text run at (1,2) width 91: "Row 5, Cell 2"
            RenderTableCell {TD} at (187,0) size 93x24 [border: (1px solid #808080) none none none] [r=0 c=2 rs=1 cs=1]
              RenderText {#text} at (1,2) size 91x21
                text run at (1,2) width 91: "Row 5, Cell 3"
      RenderTable {TABLE} at (0,4478) size 280x140 [border: none (1px solid #808080) none]
        RenderBlock {CAPTION} at (0,0) size 279x21
          RenderInline {A} at (0,0) size 216x21
            RenderText {#text} at (29,0) size 216x21
              text run at (29,0) width 216: "Frame=\x{201C}rhs\x{201D} and Rules=\x{201C}rows\x{201D}"
          RenderInline (generated) at (0,0) size 5x21
            RenderText at (245,0) size 5x21
              text run at (245,0) width 5: ":"
        RenderTableSection {THEAD} at (0,21) size 279x23
          RenderTableRow {TR} at (0,0) size 279x23
            RenderTableCell {TD} at (0,0) size 93x23 [r=0 c=0 rs=1 cs=1]
              RenderText {#text} at (1,1) size 91x21
                text run at (1,1) width 91: "Row 1, Cell 1"
            RenderTableCell {TD} at (93,0) size 93x23 [r=0 c=1 rs=1 cs=1]
              RenderText {#text} at (1,1) size 91x21
                text run at (1,1) width 91: "Row 1, Cell 2"
            RenderTableCell {TD} at (186,0) size 93x23 [r=0 c=2 rs=1 cs=1]
              RenderText {#text} at (1,1) size 91x21
                text run at (1,1) width 91: "Row 1, Cell 3"
        RenderTableSection {TBODY} at (0,44) size 279x72
          RenderTableRow {TR} at (0,0) size 279x24
            RenderTableCell {TD} at (0,12) size 93x24 [border: (1px solid #808080) none none none] [r=0 c=0 rs=2 cs=1]
              RenderText {#text} at (1,2) size 91x21
                text run at (1,2) width 91: "Row 2, Cell 1"
            RenderTableCell {TD} at (93,0) size 186x24 [border: (1px solid #808080) none none none] [r=0 c=1 rs=1 cs=2]
              RenderText {#text} at (1,2) size 91x21
                text run at (1,2) width 91: "Row 2, Cell 2"
          RenderTableRow {TR} at (0,24) size 279x24
            RenderTableCell {TD} at (93,24) size 93x24 [border: (1px solid #808080) none none none] [r=1 c=1 rs=1 cs=1]
              RenderText {#text} at (1,2) size 91x21
                text run at (1,2) width 91: "Row 3, Cell 2"
            RenderTableCell {TD} at (186,36) size 93x24 [border: (1px solid #808080) none none none] [r=1 c=2 rs=2 cs=1]
              RenderText {#text} at (1,2) size 91x21
                text run at (1,2) width 91: "Row 3, Cell 3"
          RenderTableRow {TR} at (0,48) size 279x24
            RenderTableCell {TD} at (0,48) size 186x24 [border: (1px solid #808080) none none none] [r=2 c=0 rs=1 cs=2]
              RenderText {#text} at (1,2) size 91x21
                text run at (1,2) width 91: "Row 4, Cell 1"
        RenderTableSection {TFOOT} at (0,116) size 279x24
          RenderTableRow {TR} at (0,0) size 279x24
            RenderTableCell {TD} at (0,0) size 93x24 [border: (1px solid #808080) none none none] [r=0 c=0 rs=1 cs=1]
              RenderText {#text} at (1,2) size 91x21
                text run at (1,2) width 91: "Row 5, Cell 1"
            RenderTableCell {TD} at (93,0) size 93x24 [border: (1px solid #808080) none none none] [r=0 c=1 rs=1 cs=1]
              RenderText {#text} at (1,2) size 91x21
                text run at (1,2) width 91: "Row 5, Cell 2"
            RenderTableCell {TD} at (186,0) size 93x24 [border: (1px solid #808080) none none none] [r=0 c=2 rs=1 cs=1]
              RenderText {#text} at (1,2) size 91x21
                text run at (1,2) width 91: "Row 5, Cell 3"
      RenderTable {TABLE} at (0,4666) size 281x142 [border: none]
        RenderBlock {CAPTION} at (0,0) size 280x21
          RenderInline {A} at (0,0) size 219x21
            RenderText {#text} at (28,0) size 219x21
              text run at (28,0) width 219: "Frame=\x{201C}box\x{201D} and Rules=\x{201C}rows\x{201D}"
          RenderInline (generated) at (0,0) size 5x21
            RenderText at (247,0) size 5x21
              text run at (247,0) width 5: ":"
        RenderTableSection {THEAD} at (0,21) size 280x24
          RenderTableRow {TR} at (0,0) size 280x24
            RenderTableCell {TD} at (0,0) size 94x24 [border: (1px solid #808080) none none (1px none #808080)] [r=0 c=0 rs=1 cs=1]
              RenderText {#text} at (2,2) size 91x21
                text run at (2,2) width 91: "Row 1, Cell 1"
            RenderTableCell {TD} at (94,0) size 93x24 [border: (1px solid #808080) none none none] [r=0 c=1 rs=1 cs=1]
              RenderText {#text} at (1,2) size 91x21
                text run at (1,2) width 91: "Row 1, Cell 2"
            RenderTableCell {TD} at (187,0) size 93x24 [border: (1px solid #808080) none none none] [r=0 c=2 rs=1 cs=1]
              RenderText {#text} at (1,2) size 91x21
                text run at (1,2) width 91: "Row 1, Cell 3"
        RenderTableSection {TBODY} at (0,45) size 280x72
          RenderTableRow {TR} at (0,0) size 280x24
            RenderTableCell {TD} at (0,12) size 94x24 [border: (1px solid #808080) none none (1px none #808080)] [r=0 c=0 rs=2 cs=1]
              RenderText {#text} at (2,2) size 91x21
                text run at (2,2) width 91: "Row 2, Cell 1"
            RenderTableCell {TD} at (94,0) size 186x24 [border: (1px solid #808080) none none none] [r=0 c=1 rs=1 cs=2]
              RenderText {#text} at (1,2) size 91x21
                text run at (1,2) width 91: "Row 2, Cell 2"
          RenderTableRow {TR} at (0,24) size 280x24
            RenderTableCell {TD} at (94,24) size 93x24 [border: (1px solid #808080) none none none] [r=1 c=1 rs=1 cs=1]
              RenderText {#text} at (1,2) size 91x21
                text run at (1,2) width 91: "Row 3, Cell 2"
            RenderTableCell {TD} at (187,36) size 93x24 [border: (1px solid #808080) none none none] [r=1 c=2 rs=2 cs=1]
              RenderText {#text} at (1,2) size 91x21
                text run at (1,2) width 91: "Row 3, Cell 3"
          RenderTableRow {TR} at (0,48) size 280x24
            RenderTableCell {TD} at (0,48) size 187x24 [border: (1px solid #808080) none none (1px none #808080)] [r=2 c=0 rs=1 cs=2]
              RenderText {#text} at (2,2) size 91x21
                text run at (2,2) width 91: "Row 4, Cell 1"
        RenderTableSection {TFOOT} at (0,117) size 280x24
          RenderTableRow {TR} at (0,0) size 280x24
            RenderTableCell {TD} at (0,0) size 94x24 [border: (1px solid #808080) none none (1px none #808080)] [r=0 c=0 rs=1 cs=1]
              RenderText {#text} at (2,2) size 91x21
                text run at (2,2) width 91: "Row 5, Cell 1"
            RenderTableCell {TD} at (94,0) size 93x24 [border: (1px solid #808080) none none none] [r=0 c=1 rs=1 cs=1]
              RenderText {#text} at (1,2) size 91x21
                text run at (1,2) width 91: "Row 5, Cell 2"
            RenderTableCell {TD} at (187,0) size 93x24 [border: (1px solid #808080) none none none] [r=0 c=2 rs=1 cs=1]
              RenderText {#text} at (1,2) size 91x21
                text run at (1,2) width 91: "Row 5, Cell 3"
      RenderTable {TABLE} at (0,4856) size 281x142 [border: none]
        RenderBlock {CAPTION} at (0,0) size 280x21
          RenderInline {A} at (0,0) size 239x21
            RenderText {#text} at (18,0) size 239x21
              text run at (18,0) width 239: "Frame=\x{201C}border\x{201D} and Rules=\x{201C}rows\x{201D}"
          RenderInline (generated) at (0,0) size 6x21
            RenderText at (256,0) size 6x21
              text run at (256,0) width 6: ":"
        RenderTableSection {THEAD} at (0,21) size 280x24
          RenderTableRow {TR} at (0,0) size 280x24
            RenderTableCell {TD} at (0,0) size 94x24 [border: (1px solid #808080) none none (1px none #808080)] [r=0 c=0 rs=1 cs=1]
              RenderText {#text} at (2,2) size 91x21
                text run at (2,2) width 91: "Row 1, Cell 1"
            RenderTableCell {TD} at (94,0) size 93x24 [border: (1px solid #808080) none none none] [r=0 c=1 rs=1 cs=1]
              RenderText {#text} at (1,2) size 91x21
                text run at (1,2) width 91: "Row 1, Cell 2"
            RenderTableCell {TD} at (187,0) size 93x24 [border: (1px solid #808080) none none none] [r=0 c=2 rs=1 cs=1]
              RenderText {#text} at (1,2) size 91x21
                text run at (1,2) width 91: "Row 1, Cell 3"
        RenderTableSection {TBODY} at (0,45) size 280x72
          RenderTableRow {TR} at (0,0) size 280x24
            RenderTableCell {TD} at (0,12) size 94x24 [border: (1px solid #808080) none none (1px none #808080)] [r=0 c=0 rs=2 cs=1]
              RenderText {#text} at (2,2) size 91x21
                text run at (2,2) width 91: "Row 2, Cell 1"
            RenderTableCell {TD} at (94,0) size 186x24 [border: (1px solid #808080) none none none] [r=0 c=1 rs=1 cs=2]
              RenderText {#text} at (1,2) size 91x21
                text run at (1,2) width 91: "Row 2, Cell 2"
          RenderTableRow {TR} at (0,24) size 280x24
            RenderTableCell {TD} at (94,24) size 93x24 [border: (1px solid #808080) none none none] [r=1 c=1 rs=1 cs=1]
              RenderText {#text} at (1,2) size 91x21
                text run at (1,2) width 91: "Row 3, Cell 2"
            RenderTableCell {TD} at (187,36) size 93x24 [border: (1px solid #808080) none none none] [r=1 c=2 rs=2 cs=1]
              RenderText {#text} at (1,2) size 91x21
                text run at (1,2) width 91: "Row 3, Cell 3"
          RenderTableRow {TR} at (0,48) size 280x24
            RenderTableCell {TD} at (0,48) size 187x24 [border: (1px solid #808080) none none (1px none #808080)] [r=2 c=0 rs=1 cs=2]
              RenderText {#text} at (2,2) size 91x21
                text run at (2,2) width 91: "Row 4, Cell 1"
        RenderTableSection {TFOOT} at (0,117) size 280x24
          RenderTableRow {TR} at (0,0) size 280x24
            RenderTableCell {TD} at (0,0) size 94x24 [border: (1px solid #808080) none none (1px none #808080)] [r=0 c=0 rs=1 cs=1]
              RenderText {#text} at (2,2) size 91x21
                text run at (2,2) width 91: "Row 5, Cell 1"
            RenderTableCell {TD} at (94,0) size 93x24 [border: (1px solid #808080) none none none] [r=0 c=1 rs=1 cs=1]
              RenderText {#text} at (1,2) size 91x21
                text run at (1,2) width 91: "Row 5, Cell 2"
            RenderTableCell {TD} at (187,0) size 93x24 [border: (1px solid #808080) none none none] [r=0 c=2 rs=1 cs=1]
              RenderText {#text} at (1,2) size 91x21
                text run at (1,2) width 91: "Row 5, Cell 3"
      RenderTable {TABLE} at (0,5046) size 281x136
        RenderBlock {CAPTION} at (0,0) size 281x21
          RenderInline {A} at (0,0) size 216x21
            RenderText {#text} at (30,0) size 216x21
              text run at (30,0) width 216: "Frame=\x{201C}void\x{201D} and Rules=\x{201C}cols\x{201D}"
          RenderInline (generated) at (0,0) size 5x21
            RenderText at (246,0) size 5x21
              text run at (246,0) width 5: ":"
        RenderTableSection {THEAD} at (0,21) size 281x23
          RenderTableRow {TR} at (0,0) size 281x23
            RenderTableCell {TD} at (0,0) size 93x23 [r=0 c=0 rs=1 cs=1]
              RenderText {#text} at (1,1) size 91x21
                text run at (1,1) width 91: "Row 1, Cell 1"
            RenderTableCell {TD} at (93,0) size 94x23 [border: none none none (1px solid #808080)] [r=0 c=1 rs=1 cs=1]
              RenderText {#text} at (2,1) size 91x21
                text run at (2,1) width 91: "Row 1, Cell 2"
            RenderTableCell {TD} at (187,0) size 94x23 [border: none none none (1px solid #808080)] [r=0 c=2 rs=1 cs=1]
              RenderText {#text} at (2,1) size 91x21
                text run at (2,1) width 91: "Row 1, Cell 3"
        RenderTableSection {TBODY} at (0,44) size 281x69
          RenderTableRow {TR} at (0,0) size 281x23
            RenderTableCell {TD} at (0,11) size 93x23 [r=0 c=0 rs=2 cs=1]
              RenderText {#text} at (1,1) size 91x21
                text run at (1,1) width 91: "Row 2, Cell 1"
            RenderTableCell {TD} at (93,0) size 188x23 [border: none none none (1px solid #808080)] [r=0 c=1 rs=1 cs=2]
              RenderText {#text} at (2,1) size 91x21
                text run at (2,1) width 91: "Row 2, Cell 2"
          RenderTableRow {TR} at (0,23) size 281x23
            RenderTableCell {TD} at (93,23) size 94x23 [border: none none none (1px solid #808080)] [r=1 c=1 rs=1 cs=1]
              RenderText {#text} at (2,1) size 91x21
                text run at (2,1) width 91: "Row 3, Cell 2"
            RenderTableCell {TD} at (187,34) size 94x23 [border: none none none (1px solid #808080)] [r=1 c=2 rs=2 cs=1]
              RenderText {#text} at (2,1) size 91x21
                text run at (2,1) width 91: "Row 3, Cell 3"
          RenderTableRow {TR} at (0,46) size 281x23
            RenderTableCell {TD} at (0,46) size 187x23 [r=2 c=0 rs=1 cs=2]
              RenderText {#text} at (1,1) size 91x21
                text run at (1,1) width 91: "Row 4, Cell 1"
        RenderTableSection {TFOOT} at (0,113) size 281x23
          RenderTableRow {TR} at (0,0) size 281x23
            RenderTableCell {TD} at (0,0) size 93x23 [r=0 c=0 rs=1 cs=1]
              RenderText {#text} at (1,1) size 91x21
                text run at (1,1) width 91: "Row 5, Cell 1"
            RenderTableCell {TD} at (93,0) size 94x23 [border: none none none (1px solid #808080)] [r=0 c=1 rs=1 cs=1]
              RenderText {#text} at (2,1) size 91x21
                text run at (2,1) width 91: "Row 5, Cell 2"
            RenderTableCell {TD} at (187,0) size 94x23 [border: none none none (1px solid #808080)] [r=0 c=2 rs=1 cs=1]
              RenderText {#text} at (2,1) size 91x21
                text run at (2,1) width 91: "Row 5, Cell 3"
      RenderTable {TABLE} at (0,5230) size 281x137
        RenderBlock {CAPTION} at (0,0) size 281x21
          RenderInline {A} at (0,0) size 228x21
            RenderText {#text} at (24,0) size 228x21
              text run at (24,0) width 228: "Frame=\x{201C}above\x{201D} and Rules=\x{201C}cols\x{201D}"
          RenderInline (generated) at (0,0) size 6x21
            RenderText at (251,0) size 6x21
              text run at (251,0) width 6: ":"
        RenderTableSection {THEAD} at (0,21) size 281x24
          RenderTableRow {TR} at (0,0) size 281x24
            RenderTableCell {TD} at (0,0) size 93x24 [border: (1px none #808080) none none none] [r=0 c=0 rs=1 cs=1]
              RenderText {#text} at (1,2) size 91x21
                text run at (1,2) width 91: "Row 1, Cell 1"
            RenderTableCell {TD} at (93,0) size 94x24 [border: (1px none #808080) none none (1px solid #808080)] [r=0 c=1 rs=1 cs=1]
              RenderText {#text} at (2,2) size 91x21
                text run at (2,2) width 91: "Row 1, Cell 2"
            RenderTableCell {TD} at (187,0) size 94x24 [border: (1px none #808080) none none (1px solid #808080)] [r=0 c=2 rs=1 cs=1]
              RenderText {#text} at (2,2) size 91x21
                text run at (2,2) width 91: "Row 1, Cell 3"
        RenderTableSection {TBODY} at (0,45) size 281x69
          RenderTableRow {TR} at (0,0) size 281x23
            RenderTableCell {TD} at (0,11) size 93x23 [r=0 c=0 rs=2 cs=1]
              RenderText {#text} at (1,1) size 91x21
                text run at (1,1) width 91: "Row 2, Cell 1"
            RenderTableCell {TD} at (93,0) size 188x23 [border: none none none (1px solid #808080)] [r=0 c=1 rs=1 cs=2]
              RenderText {#text} at (2,1) size 91x21
                text run at (2,1) width 91: "Row 2, Cell 2"
          RenderTableRow {TR} at (0,23) size 281x23
            RenderTableCell {TD} at (93,23) size 94x23 [border: none none none (1px solid #808080)] [r=1 c=1 rs=1 cs=1]
              RenderText {#text} at (2,1) size 91x21
                text run at (2,1) width 91: "Row 3, Cell 2"
            RenderTableCell {TD} at (187,34) size 94x23 [border: none none none (1px solid #808080)] [r=1 c=2 rs=2 cs=1]
              RenderText {#text} at (2,1) size 91x21
                text run at (2,1) width 91: "Row 3, Cell 3"
          RenderTableRow {TR} at (0,46) size 281x23
            RenderTableCell {TD} at (0,46) size 187x23 [r=2 c=0 rs=1 cs=2]
              RenderText {#text} at (1,1) size 91x21
                text run at (1,1) width 91: "Row 4, Cell 1"
        RenderTableSection {TFOOT} at (0,114) size 281x23
          RenderTableRow {TR} at (0,0) size 281x23
            RenderTableCell {TD} at (0,0) size 93x23 [r=0 c=0 rs=1 cs=1]
              RenderText {#text} at (1,1) size 91x21
                text run at (1,1) width 91: "Row 5, Cell 1"
            RenderTableCell {TD} at (93,0) size 94x23 [border: none none none (1px solid #808080)] [r=0 c=1 rs=1 cs=1]
              RenderText {#text} at (2,1) size 91x21
                text run at (2,1) width 91: "Row 5, Cell 2"
            RenderTableCell {TD} at (187,0) size 94x23 [border: none none none (1px solid #808080)] [r=0 c=2 rs=1 cs=1]
              RenderText {#text} at (2,1) size 91x21
                text run at (2,1) width 91: "Row 5, Cell 3"
      RenderTable {TABLE} at (0,5415) size 281x137 [border: none (1px solid #808080) none]
        RenderBlock {CAPTION} at (0,0) size 281x21
          RenderInline {A} at (0,0) size 228x21
            RenderText {#text} at (24,0) size 228x21
              text run at (24,0) width 228: "Frame=\x{201C}below\x{201D} and Rules=\x{201C}cols\x{201D}"
          RenderInline (generated) at (0,0) size 6x21
            RenderText at (251,0) size 6x21
              text run at (251,0) width 6: ":"
        RenderTableSection {THEAD} at (0,21) size 281x23
          RenderTableRow {TR} at (0,0) size 281x23
            RenderTableCell {TD} at (0,0) size 93x23 [r=0 c=0 rs=1 cs=1]
              RenderText {#text} at (1,1) size 91x21
                text run at (1,1) width 91: "Row 1, Cell 1"
            RenderTableCell {TD} at (93,0) size 94x23 [border: none none none (1px solid #808080)] [r=0 c=1 rs=1 cs=1]
              RenderText {#text} at (2,1) size 91x21
                text run at (2,1) width 91: "Row 1, Cell 2"
            RenderTableCell {TD} at (187,0) size 94x23 [border: none none none (1px solid #808080)] [r=0 c=2 rs=1 cs=1]
              RenderText {#text} at (2,1) size 91x21
                text run at (2,1) width 91: "Row 1, Cell 3"
        RenderTableSection {TBODY} at (0,44) size 281x69
          RenderTableRow {TR} at (0,0) size 281x23
            RenderTableCell {TD} at (0,11) size 93x23 [r=0 c=0 rs=2 cs=1]
              RenderText {#text} at (1,1) size 91x21
                text run at (1,1) width 91: "Row 2, Cell 1"
            RenderTableCell {TD} at (93,0) size 188x23 [border: none none none (1px solid #808080)] [r=0 c=1 rs=1 cs=2]
              RenderText {#text} at (2,1) size 91x21
                text run at (2,1) width 91: "Row 2, Cell 2"
          RenderTableRow {TR} at (0,23) size 281x23
            RenderTableCell {TD} at (93,23) size 94x23 [border: none none none (1px solid #808080)] [r=1 c=1 rs=1 cs=1]
              RenderText {#text} at (2,1) size 91x21
                text run at (2,1) width 91: "Row 3, Cell 2"
            RenderTableCell {TD} at (187,34) size 94x23 [border: none none none (1px solid #808080)] [r=1 c=2 rs=2 cs=1]
              RenderText {#text} at (2,1) size 91x21
                text run at (2,1) width 91: "Row 3, Cell 3"
          RenderTableRow {TR} at (0,46) size 281x23
            RenderTableCell {TD} at (0,46) size 187x23 [r=2 c=0 rs=1 cs=2]
              RenderText {#text} at (1,1) size 91x21
                text run at (1,1) width 91: "Row 4, Cell 1"
        RenderTableSection {TFOOT} at (0,113) size 281x23
          RenderTableRow {TR} at (0,0) size 281x23
            RenderTableCell {TD} at (0,0) size 93x23 [r=0 c=0 rs=1 cs=1]
              RenderText {#text} at (1,1) size 91x21
                text run at (1,1) width 91: "Row 5, Cell 1"
            RenderTableCell {TD} at (93,0) size 94x23 [border: none none none (1px solid #808080)] [r=0 c=1 rs=1 cs=1]
              RenderText {#text} at (2,1) size 91x21
                text run at (2,1) width 91: "Row 5, Cell 2"
            RenderTableCell {TD} at (187,0) size 94x23 [border: none none none (1px solid #808080)] [r=0 c=2 rs=1 cs=1]
              RenderText {#text} at (2,1) size 91x21
                text run at (2,1) width 91: "Row 5, Cell 3"
      RenderTable {TABLE} at (0,5600) size 281x138 [border: none none (1px solid #808080) none]
        RenderBlock {CAPTION} at (0,0) size 281x21
          RenderInline {A} at (0,0) size 230x21
            RenderText {#text} at (23,0) size 230x21
              text run at (23,0) width 230: "Frame=\x{201C}hsides\x{201D} and Rules=\x{201C}cols\x{201D}"
          RenderInline (generated) at (0,0) size 6x21
            RenderText at (252,0) size 6x21
              text run at (252,0) width 6: ":"
        RenderTableSection {THEAD} at (0,21) size 281x24
          RenderTableRow {TR} at (0,0) size 281x24
            RenderTableCell {TD} at (0,0) size 93x24 [border: (1px none #808080) none none none] [r=0 c=0 rs=1 cs=1]
              RenderText {#text} at (1,2) size 91x21
                text run at (1,2) width 91: "Row 1, Cell 1"
            RenderTableCell {TD} at (93,0) size 94x24 [border: (1px none #808080) none none (1px solid #808080)] [r=0 c=1 rs=1 cs=1]
              RenderText {#text} at (2,2) size 91x21
                text run at (2,2) width 91: "Row 1, Cell 2"
            RenderTableCell {TD} at (187,0) size 94x24 [border: (1px none #808080) none none (1px solid #808080)] [r=0 c=2 rs=1 cs=1]
              RenderText {#text} at (2,2) size 91x21
                text run at (2,2) width 91: "Row 1, Cell 3"
        RenderTableSection {TBODY} at (0,45) size 281x69
          RenderTableRow {TR} at (0,0) size 281x23
            RenderTableCell {TD} at (0,11) size 93x23 [r=0 c=0 rs=2 cs=1]
              RenderText {#text} at (1,1) size 91x21
                text run at (1,1) width 91: "Row 2, Cell 1"
            RenderTableCell {TD} at (93,0) size 188x23 [border: none none none (1px solid #808080)] [r=0 c=1 rs=1 cs=2]
              RenderText {#text} at (2,1) size 91x21
                text run at (2,1) width 91: "Row 2, Cell 2"
          RenderTableRow {TR} at (0,23) size 281x23
            RenderTableCell {TD} at (93,23) size 94x23 [border: none none none (1px solid #808080)] [r=1 c=1 rs=1 cs=1]
              RenderText {#text} at (2,1) size 91x21
                text run at (2,1) width 91: "Row 3, Cell 2"
            RenderTableCell {TD} at (187,34) size 94x23 [border: none none none (1px solid #808080)] [r=1 c=2 rs=2 cs=1]
              RenderText {#text} at (2,1) size 91x21
                text run at (2,1) width 91: "Row 3, Cell 3"
          RenderTableRow {TR} at (0,46) size 281x23
            RenderTableCell {TD} at (0,46) size 187x23 [r=2 c=0 rs=1 cs=2]
              RenderText {#text} at (1,1) size 91x21
                text run at (1,1) width 91: "Row 4, Cell 1"
        RenderTableSection {TFOOT} at (0,114) size 281x23
          RenderTableRow {TR} at (0,0) size 281x23
            RenderTableCell {TD} at (0,0) size 93x23 [r=0 c=0 rs=1 cs=1]
              RenderText {#text} at (1,1) size 91x21
                text run at (1,1) width 91: "Row 5, Cell 1"
            RenderTableCell {TD} at (93,0) size 94x23 [border: none none none (1px solid #808080)] [r=0 c=1 rs=1 cs=1]
              RenderText {#text} at (2,1) size 91x21
                text run at (2,1) width 91: "Row 5, Cell 2"
            RenderTableCell {TD} at (187,0) size 94x23 [border: none none none (1px solid #808080)] [r=0 c=2 rs=1 cs=1]
              RenderText {#text} at (2,1) size 91x21
                text run at (2,1) width 91: "Row 5, Cell 3"
      RenderTable {TABLE} at (0,5786) size 283x136 [border: none (1px solid #808080) none none]
        RenderBlock {CAPTION} at (0,0) size 282x21
          RenderInline {A} at (0,0) size 227x21
            RenderText {#text} at (25,0) size 227x21
              text run at (25,0) width 227: "Frame=\x{201C}vsides\x{201D} and Rules=\x{201C}cols\x{201D}"
          RenderInline (generated) at (0,0) size 5x21
            RenderText at (252,0) size 5x21
              text run at (252,0) width 5: ":"
        RenderTableSection {THEAD} at (0,21) size 282x23
          RenderTableRow {TR} at (0,0) size 282x23
            RenderTableCell {TD} at (0,0) size 94x23 [border: none none none (1px solid #808080)] [r=0 c=0 rs=1 cs=1]
              RenderText {#text} at (2,1) size 91x21
                text run at (2,1) width 91: "Row 1, Cell 1"
            RenderTableCell {TD} at (94,0) size 94x23 [border: none none none (1px solid #808080)] [r=0 c=1 rs=1 cs=1]
              RenderText {#text} at (2,1) size 91x21
                text run at (2,1) width 91: "Row 1, Cell 2"
            RenderTableCell {TD} at (188,0) size 94x23 [border: none none none (1px solid #808080)] [r=0 c=2 rs=1 cs=1]
              RenderText {#text} at (2,1) size 91x21
                text run at (2,1) width 91: "Row 1, Cell 3"
        RenderTableSection {TBODY} at (0,44) size 282x69
          RenderTableRow {TR} at (0,0) size 282x23
            RenderTableCell {TD} at (0,11) size 94x23 [border: none none none (1px solid #808080)] [r=0 c=0 rs=2 cs=1]
              RenderText {#text} at (2,1) size 91x21
                text run at (2,1) width 91: "Row 2, Cell 1"
            RenderTableCell {TD} at (94,0) size 188x23 [border: none none none (1px solid #808080)] [r=0 c=1 rs=1 cs=2]
              RenderText {#text} at (2,1) size 91x21
                text run at (2,1) width 91: "Row 2, Cell 2"
          RenderTableRow {TR} at (0,23) size 282x23
            RenderTableCell {TD} at (94,23) size 94x23 [border: none none none (1px solid #808080)] [r=1 c=1 rs=1 cs=1]
              RenderText {#text} at (2,1) size 91x21
                text run at (2,1) width 91: "Row 3, Cell 2"
            RenderTableCell {TD} at (188,34) size 94x23 [border: none none none (1px solid #808080)] [r=1 c=2 rs=2 cs=1]
              RenderText {#text} at (2,1) size 91x21
                text run at (2,1) width 91: "Row 3, Cell 3"
          RenderTableRow {TR} at (0,46) size 282x23
            RenderTableCell {TD} at (0,46) size 188x23 [border: none none none (1px solid #808080)] [r=2 c=0 rs=1 cs=2]
              RenderText {#text} at (2,1) size 91x21
                text run at (2,1) width 91: "Row 4, Cell 1"
        RenderTableSection {TFOOT} at (0,113) size 282x23
          RenderTableRow {TR} at (0,0) size 282x23
            RenderTableCell {TD} at (0,0) size 94x23 [border: none none none (1px solid #808080)] [r=0 c=0 rs=1 cs=1]
              RenderText {#text} at (2,1) size 91x21
                text run at (2,1) width 91: "Row 5, Cell 1"
            RenderTableCell {TD} at (94,0) size 94x23 [border: none none none (1px solid #808080)] [r=0 c=1 rs=1 cs=1]
              RenderText {#text} at (2,1) size 91x21
                text run at (2,1) width 91: "Row 5, Cell 2"
            RenderTableCell {TD} at (188,0) size 94x23 [border: none none none (1px solid #808080)] [r=0 c=2 rs=1 cs=1]
              RenderText {#text} at (2,1) size 91x21
                text run at (2,1) width 91: "Row 5, Cell 3"
      RenderTable {TABLE} at (0,5970) size 282x136
        RenderBlock {CAPTION} at (0,0) size 282x21
          RenderInline {A} at (0,0) size 209x21
            RenderText {#text} at (34,0) size 209x21
              text run at (34,0) width 209: "Frame=\x{201C}lhs\x{201D} and Rules=\x{201C}cols\x{201D}"
          RenderInline (generated) at (0,0) size 6x21
            RenderText at (242,0) size 6x21
              text run at (242,0) width 6: ":"
        RenderTableSection {THEAD} at (0,21) size 282x23
          RenderTableRow {TR} at (0,0) size 282x23
            RenderTableCell {TD} at (0,0) size 94x23 [border: none none none (1px solid #808080)] [r=0 c=0 rs=1 cs=1]
              RenderText {#text} at (2,1) size 91x21
                text run at (2,1) width 91: "Row 1, Cell 1"
            RenderTableCell {TD} at (94,0) size 94x23 [border: none none none (1px solid #808080)] [r=0 c=1 rs=1 cs=1]
              RenderText {#text} at (2,1) size 91x21
                text run at (2,1) width 91: "Row 1, Cell 2"
            RenderTableCell {TD} at (188,0) size 94x23 [border: none none none (1px solid #808080)] [r=0 c=2 rs=1 cs=1]
              RenderText {#text} at (2,1) size 91x21
                text run at (2,1) width 91: "Row 1, Cell 3"
        RenderTableSection {TBODY} at (0,44) size 282x69
          RenderTableRow {TR} at (0,0) size 282x23
            RenderTableCell {TD} at (0,11) size 94x23 [border: none none none (1px solid #808080)] [r=0 c=0 rs=2 cs=1]
              RenderText {#text} at (2,1) size 91x21
                text run at (2,1) width 91: "Row 2, Cell 1"
            RenderTableCell {TD} at (94,0) size 188x23 [border: none none none (1px solid #808080)] [r=0 c=1 rs=1 cs=2]
              RenderText {#text} at (2,1) size 91x21
                text run at (2,1) width 91: "Row 2, Cell 2"
          RenderTableRow {TR} at (0,23) size 282x23
            RenderTableCell {TD} at (94,23) size 94x23 [border: none none none (1px solid #808080)] [r=1 c=1 rs=1 cs=1]
              RenderText {#text} at (2,1) size 91x21
                text run at (2,1) width 91: "Row 3, Cell 2"
            RenderTableCell {TD} at (188,34) size 94x23 [border: none none none (1px solid #808080)] [r=1 c=2 rs=2 cs=1]
              RenderText {#text} at (2,1) size 91x21
                text run at (2,1) width 91: "Row 3, Cell 3"
          RenderTableRow {TR} at (0,46) size 282x23
            RenderTableCell {TD} at (0,46) size 188x23 [border: none none none (1px solid #808080)] [r=2 c=0 rs=1 cs=2]
              RenderText {#text} at (2,1) size 91x21
                text run at (2,1) width 91: "Row 4, Cell 1"
        RenderTableSection {TFOOT} at (0,113) size 282x23
          RenderTableRow {TR} at (0,0) size 282x23
            RenderTableCell {TD} at (0,0) size 94x23 [border: none none none (1px solid #808080)] [r=0 c=0 rs=1 cs=1]
              RenderText {#text} at (2,1) size 91x21
                text run at (2,1) width 91: "Row 5, Cell 1"
            RenderTableCell {TD} at (94,0) size 94x23 [border: none none none (1px solid #808080)] [r=0 c=1 rs=1 cs=1]
              RenderText {#text} at (2,1) size 91x21
                text run at (2,1) width 91: "Row 5, Cell 2"
            RenderTableCell {TD} at (188,0) size 94x23 [border: none none none (1px solid #808080)] [r=0 c=2 rs=1 cs=1]
              RenderText {#text} at (2,1) size 91x21
                text run at (2,1) width 91: "Row 5, Cell 3"
      RenderTable {TABLE} at (0,6154) size 282x136 [border: none (1px solid #808080) none]
        RenderBlock {CAPTION} at (0,0) size 281x21
          RenderInline {A} at (0,0) size 210x21
            RenderText {#text} at (33,0) size 210x21
              text run at (33,0) width 210: "Frame=\x{201C}rhs\x{201D} and Rules=\x{201C}cols\x{201D}"
          RenderInline (generated) at (0,0) size 5x21
            RenderText at (243,0) size 5x21
              text run at (243,0) width 5: ":"
        RenderTableSection {THEAD} at (0,21) size 281x23
          RenderTableRow {TR} at (0,0) size 281x23
            RenderTableCell {TD} at (0,0) size 93x23 [r=0 c=0 rs=1 cs=1]
              RenderText {#text} at (1,1) size 91x21
                text run at (1,1) width 91: "Row 1, Cell 1"
            RenderTableCell {TD} at (93,0) size 94x23 [border: none none none (1px solid #808080)] [r=0 c=1 rs=1 cs=1]
              RenderText {#text} at (2,1) size 91x21
                text run at (2,1) width 91: "Row 1, Cell 2"
            RenderTableCell {TD} at (187,0) size 94x23 [border: none none none (1px solid #808080)] [r=0 c=2 rs=1 cs=1]
              RenderText {#text} at (2,1) size 91x21
                text run at (2,1) width 91: "Row 1, Cell 3"
        RenderTableSection {TBODY} at (0,44) size 281x69
          RenderTableRow {TR} at (0,0) size 281x23
            RenderTableCell {TD} at (0,11) size 93x23 [r=0 c=0 rs=2 cs=1]
              RenderText {#text} at (1,1) size 91x21
                text run at (1,1) width 91: "Row 2, Cell 1"
            RenderTableCell {TD} at (93,0) size 188x23 [border: none none none (1px solid #808080)] [r=0 c=1 rs=1 cs=2]
              RenderText {#text} at (2,1) size 91x21
                text run at (2,1) width 91: "Row 2, Cell 2"
          RenderTableRow {TR} at (0,23) size 281x23
            RenderTableCell {TD} at (93,23) size 94x23 [border: none none none (1px solid #808080)] [r=1 c=1 rs=1 cs=1]
              RenderText {#text} at (2,1) size 91x21
                text run at (2,1) width 91: "Row 3, Cell 2"
            RenderTableCell {TD} at (187,34) size 94x23 [border: none none none (1px solid #808080)] [r=1 c=2 rs=2 cs=1]
              RenderText {#text} at (2,1) size 91x21
                text run at (2,1) width 91: "Row 3, Cell 3"
          RenderTableRow {TR} at (0,46) size 281x23
            RenderTableCell {TD} at (0,46) size 187x23 [r=2 c=0 rs=1 cs=2]
              RenderText {#text} at (1,1) size 91x21
                text run at (1,1) width 91: "Row 4, Cell 1"
        RenderTableSection {TFOOT} at (0,113) size 281x23
          RenderTableRow {TR} at (0,0) size 281x23
            RenderTableCell {TD} at (0,0) size 93x23 [r=0 c=0 rs=1 cs=1]
              RenderText {#text} at (1,1) size 91x21
                text run at (1,1) width 91: "Row 5, Cell 1"
            RenderTableCell {TD} at (93,0) size 94x23 [border: none none none (1px solid #808080)] [r=0 c=1 rs=1 cs=1]
              RenderText {#text} at (2,1) size 91x21
                text run at (2,1) width 91: "Row 5, Cell 2"
            RenderTableCell {TD} at (187,0) size 94x23 [border: none none none (1px solid #808080)] [r=0 c=2 rs=1 cs=1]
              RenderText {#text} at (2,1) size 91x21
                text run at (2,1) width 91: "Row 5, Cell 3"
      RenderTable {TABLE} at (0,6338) size 283x138 [border: none]
        RenderBlock {CAPTION} at (0,0) size 282x21
          RenderInline {A} at (0,0) size 213x21
            RenderText {#text} at (32,0) size 213x21
              text run at (32,0) width 213: "Frame=\x{201C}box\x{201D} and Rules=\x{201C}cols\x{201D}"
          RenderInline (generated) at (0,0) size 5x21
            RenderText at (245,0) size 5x21
              text run at (245,0) width 5: ":"
        RenderTableSection {THEAD} at (0,21) size 282x24
          RenderTableRow {TR} at (0,0) size 282x24
            RenderTableCell {TD} at (0,0) size 94x24 [border: (1px none #808080) none none (1px solid #808080)] [r=0 c=0 rs=1 cs=1]
              RenderText {#text} at (2,2) size 91x21
                text run at (2,2) width 91: "Row 1, Cell 1"
            RenderTableCell {TD} at (94,0) size 94x24 [border: (1px none #808080) none none (1px solid #808080)] [r=0 c=1 rs=1 cs=1]
              RenderText {#text} at (2,2) size 91x21
                text run at (2,2) width 91: "Row 1, Cell 2"
            RenderTableCell {TD} at (188,0) size 94x24 [border: (1px none #808080) none none (1px solid #808080)] [r=0 c=2 rs=1 cs=1]
              RenderText {#text} at (2,2) size 91x21
                text run at (2,2) width 91: "Row 1, Cell 3"
        RenderTableSection {TBODY} at (0,45) size 282x69
          RenderTableRow {TR} at (0,0) size 282x23
            RenderTableCell {TD} at (0,11) size 94x23 [border: none none none (1px solid #808080)] [r=0 c=0 rs=2 cs=1]
              RenderText {#text} at (2,1) size 91x21
                text run at (2,1) width 91: "Row 2, Cell 1"
            RenderTableCell {TD} at (94,0) size 188x23 [border: none none none (1px solid #808080)] [r=0 c=1 rs=1 cs=2]
              RenderText {#text} at (2,1) size 91x21
                text run at (2,1) width 91: "Row 2, Cell 2"
          RenderTableRow {TR} at (0,23) size 282x23
            RenderTableCell {TD} at (94,23) size 94x23 [border: none none none (1px solid #808080)] [r=1 c=1 rs=1 cs=1]
              RenderText {#text} at (2,1) size 91x21
                text run at (2,1) width 91: "Row 3, Cell 2"
            RenderTableCell {TD} at (188,34) size 94x23 [border: none none none (1px solid #808080)] [r=1 c=2 rs=2 cs=1]
              RenderText {#text} at (2,1) size 91x21
                text run at (2,1) width 91: "Row 3, Cell 3"
          RenderTableRow {TR} at (0,46) size 282x23
            RenderTableCell {TD} at (0,46) size 188x23 [border: none none none (1px solid #808080)] [r=2 c=0 rs=1 cs=2]
              RenderText {#text} at (2,1) size 91x21
                text run at (2,1) width 91: "Row 4, Cell 1"
        RenderTableSection {TFOOT} at (0,114) size 282x23
          RenderTableRow {TR} at (0,0) size 282x23
            RenderTableCell {TD} at (0,0) size 94x23 [border: none none none (1px solid #808080)] [r=0 c=0 rs=1 cs=1]
              RenderText {#text} at (2,1) size 91x21
                text run at (2,1) width 91: "Row 5, Cell 1"
            RenderTableCell {TD} at (94,0) size 94x23 [border: none none none (1px solid #808080)] [r=0 c=1 rs=1 cs=1]
              RenderText {#text} at (2,1) size 91x21
                text run at (2,1) width 91: "Row 5, Cell 2"
            RenderTableCell {TD} at (188,0) size 94x23 [border: none none none (1px solid #808080)] [r=0 c=2 rs=1 cs=1]
              RenderText {#text} at (2,1) size 91x21
                text run at (2,1) width 91: "Row 5, Cell 3"
      RenderTable {TABLE} at (0,6524) size 283x138 [border: none]
        RenderBlock {CAPTION} at (0,0) size 282x21
          RenderInline {A} at (0,0) size 233x21
            RenderText {#text} at (22,0) size 233x21
              text run at (22,0) width 233: "Frame=\x{201C}border\x{201D} and Rules=\x{201C}cols\x{201D}"
          RenderInline (generated) at (0,0) size 6x21
            RenderText at (254,0) size 6x21
              text run at (254,0) width 6: ":"
        RenderTableSection {THEAD} at (0,21) size 282x24
          RenderTableRow {TR} at (0,0) size 282x24
            RenderTableCell {TD} at (0,0) size 94x24 [border: (1px none #808080) none none (1px solid #808080)] [r=0 c=0 rs=1 cs=1]
              RenderText {#text} at (2,2) size 91x21
                text run at (2,2) width 91: "Row 1, Cell 1"
            RenderTableCell {TD} at (94,0) size 94x24 [border: (1px none #808080) none none (1px solid #808080)] [r=0 c=1 rs=1 cs=1]
              RenderText {#text} at (2,2) size 91x21
                text run at (2,2) width 91: "Row 1, Cell 2"
            RenderTableCell {TD} at (188,0) size 94x24 [border: (1px none #808080) none none (1px solid #808080)] [r=0 c=2 rs=1 cs=1]
              RenderText {#text} at (2,2) size 91x21
                text run at (2,2) width 91: "Row 1, Cell 3"
        RenderTableSection {TBODY} at (0,45) size 282x69
          RenderTableRow {TR} at (0,0) size 282x23
            RenderTableCell {TD} at (0,11) size 94x23 [border: none none none (1px solid #808080)] [r=0 c=0 rs=2 cs=1]
              RenderText {#text} at (2,1) size 91x21
                text run at (2,1) width 91: "Row 2, Cell 1"
            RenderTableCell {TD} at (94,0) size 188x23 [border: none none none (1px solid #808080)] [r=0 c=1 rs=1 cs=2]
              RenderText {#text} at (2,1) size 91x21
                text run at (2,1) width 91: "Row 2, Cell 2"
          RenderTableRow {TR} at (0,23) size 282x23
            RenderTableCell {TD} at (94,23) size 94x23 [border: none none none (1px solid #808080)] [r=1 c=1 rs=1 cs=1]
              RenderText {#text} at (2,1) size 91x21
                text run at (2,1) width 91: "Row 3, Cell 2"
            RenderTableCell {TD} at (188,34) size 94x23 [border: none none none (1px solid #808080)] [r=1 c=2 rs=2 cs=1]
              RenderText {#text} at (2,1) size 91x21
                text run at (2,1) width 91: "Row 3, Cell 3"
          RenderTableRow {TR} at (0,46) size 282x23
            RenderTableCell {TD} at (0,46) size 188x23 [border: none none none (1px solid #808080)] [r=2 c=0 rs=1 cs=2]
              RenderText {#text} at (2,1) size 91x21
                text run at (2,1) width 91: "Row 4, Cell 1"
        RenderTableSection {TFOOT} at (0,114) size 282x23
          RenderTableRow {TR} at (0,0) size 282x23
            RenderTableCell {TD} at (0,0) size 94x23 [border: none none none (1px solid #808080)] [r=0 c=0 rs=1 cs=1]
              RenderText {#text} at (2,1) size 91x21
                text run at (2,1) width 91: "Row 5, Cell 1"
            RenderTableCell {TD} at (94,0) size 94x23 [border: none none none (1px solid #808080)] [r=0 c=1 rs=1 cs=1]
              RenderText {#text} at (2,1) size 91x21
                text run at (2,1) width 91: "Row 5, Cell 2"
            RenderTableCell {TD} at (188,0) size 94x23 [border: none none none (1px solid #808080)] [r=0 c=2 rs=1 cs=1]
              RenderText {#text} at (2,1) size 91x21
                text run at (2,1) width 91: "Row 5, Cell 3"
      RenderTable {TABLE} at (0,6710) size 281x140
        RenderBlock {CAPTION} at (0,0) size 281x21
          RenderInline {A} at (0,0) size 208x21
            RenderText {#text} at (34,0) size 208x21
              text run at (34,0) width 208: "Frame=\x{201C}void\x{201D} and Rules=\x{201C}all\x{201D}"
          RenderInline (generated) at (0,0) size 6x21
            RenderText at (241,0) size 6x21
              text run at (241,0) width 6: ":"
        RenderTableSection {THEAD} at (0,21) size 281x23
          RenderTableRow {TR} at (0,0) size 281x23
            RenderTableCell {TD} at (0,0) size 93x23 [r=0 c=0 rs=1 cs=1]
              RenderText {#text} at (1,1) size 91x21
                text run at (1,1) width 91: "Row 1, Cell 1"
            RenderTableCell {TD} at (93,0) size 94x23 [border: none] [r=0 c=1 rs=1 cs=1]
              RenderText {#text} at (2,1) size 91x21
                text run at (2,1) width 91: "Row 1, Cell 2"
            RenderTableCell {TD} at (187,0) size 94x23 [border: none] [r=0 c=2 rs=1 cs=1]
              RenderText {#text} at (2,1) size 91x21
                text run at (2,1) width 91: "Row 1, Cell 3"
        RenderTableSection {TBODY} at (0,44) size 281x72
          RenderTableRow {TR} at (0,0) size 281x24
            RenderTableCell {TD} at (0,12) size 93x24 [border: (1px solid #808080)] [r=0 c=0 rs=2 cs=1]
              RenderText {#text} at (1,2) size 91x21
                text run at (1,2) width 91: "Row 2, Cell 1"
            RenderTableCell {TD} at (93,0) size 188x24 [border: (1px solid #808080)] [r=0 c=1 rs=1 cs=2]
              RenderText {#text} at (2,2) size 91x21
                text run at (2,2) width 91: "Row 2, Cell 2"
          RenderTableRow {TR} at (0,24) size 281x24
            RenderTableCell {TD} at (93,24) size 94x24 [border: (1px solid #808080)] [r=1 c=1 rs=1 cs=1]
              RenderText {#text} at (2,2) size 91x21
                text run at (2,2) width 91: "Row 3, Cell 2"
            RenderTableCell {TD} at (187,36) size 94x24 [border: (1px solid #808080)] [r=1 c=2 rs=2 cs=1]
              RenderText {#text} at (2,2) size 91x21
                text run at (2,2) width 91: "Row 3, Cell 3"
          RenderTableRow {TR} at (0,48) size 281x24
            RenderTableCell {TD} at (0,48) size 187x24 [border: (1px solid #808080)] [r=2 c=0 rs=1 cs=2]
              RenderText {#text} at (1,2) size 91x21
                text run at (1,2) width 91: "Row 4, Cell 1"
        RenderTableSection {TFOOT} at (0,116) size 281x24
          RenderTableRow {TR} at (0,0) size 281x24
            RenderTableCell {TD} at (0,0) size 93x24 [border: (1px solid #808080)] [r=0 c=0 rs=1 cs=1]
              RenderText {#text} at (1,2) size 91x21
                text run at (1,2) width 91: "Row 5, Cell 1"
            RenderTableCell {TD} at (93,0) size 94x24 [border: (1px solid #808080)] [r=0 c=1 rs=1 cs=1]
              RenderText {#text} at (2,2) size 91x21
                text run at (2,2) width 91: "Row 5, Cell 2"
            RenderTableCell {TD} at (187,0) size 94x24 [border: (1px solid #808080)] [r=0 c=2 rs=1 cs=1]
              RenderText {#text} at (2,2) size 91x21
                text run at (2,2) width 91: "Row 5, Cell 3"
      RenderTable {TABLE} at (0,6898) size 281x141
        RenderBlock {CAPTION} at (0,0) size 281x21
          RenderInline {A} at (0,0) size 218x21
            RenderText {#text} at (29,0) size 218x21
              text run at (29,0) width 218: "Frame=\x{201C}above\x{201D} and Rules=\x{201C}all\x{201D}"
          RenderInline (generated) at (0,0) size 5x21
            RenderText at (247,0) size 5x21
              text run at (247,0) width 5: ":"
        RenderTableSection {THEAD} at (0,21) size 281x24
          RenderTableRow {TR} at (0,0) size 281x24
            RenderTableCell {TD} at (0,0) size 93x24 [border: (1px solid #808080)] [r=0 c=0 rs=1 cs=1]
              RenderText {#text} at (1,2) size 91x21
                text run at (1,2) width 91: "Row 1, Cell 1"
            RenderTableCell {TD} at (93,0) size 94x24 [border: (1px solid #808080)] [r=0 c=1 rs=1 cs=1]
              RenderText {#text} at (2,2) size 91x21
                text run at (2,2) width 91: "Row 1, Cell 2"
            RenderTableCell {TD} at (187,0) size 94x24 [border: (1px solid #808080)] [r=0 c=2 rs=1 cs=1]
              RenderText {#text} at (2,2) size 91x21
                text run at (2,2) width 91: "Row 1, Cell 3"
        RenderTableSection {TBODY} at (0,45) size 281x72
          RenderTableRow {TR} at (0,0) size 281x24
            RenderTableCell {TD} at (0,12) size 93x24 [border: (1px solid #808080)] [r=0 c=0 rs=2 cs=1]
              RenderText {#text} at (1,2) size 91x21
                text run at (1,2) width 91: "Row 2, Cell 1"
            RenderTableCell {TD} at (93,0) size 188x24 [border: (1px solid #808080)] [r=0 c=1 rs=1 cs=2]
              RenderText {#text} at (2,2) size 91x21
                text run at (2,2) width 91: "Row 2, Cell 2"
          RenderTableRow {TR} at (0,24) size 281x24
            RenderTableCell {TD} at (93,24) size 94x24 [border: (1px solid #808080)] [r=1 c=1 rs=1 cs=1]
              RenderText {#text} at (2,2) size 91x21
                text run at (2,2) width 91: "Row 3, Cell 2"
            RenderTableCell {TD} at (187,36) size 94x24 [border: (1px solid #808080)] [r=1 c=2 rs=2 cs=1]
              RenderText {#text} at (2,2) size 91x21
                text run at (2,2) width 91: "Row 3, Cell 3"
          RenderTableRow {TR} at (0,48) size 281x24
            RenderTableCell {TD} at (0,48) size 187x24 [border: (1px solid #808080)] [r=2 c=0 rs=1 cs=2]
              RenderText {#text} at (1,2) size 91x21
                text run at (1,2) width 91: "Row 4, Cell 1"
        RenderTableSection {TFOOT} at (0,117) size 281x24
          RenderTableRow {TR} at (0,0) size 281x24
            RenderTableCell {TD} at (0,0) size 93x24 [border: (1px solid #808080)] [r=0 c=0 rs=1 cs=1]
              RenderText {#text} at (1,2) size 91x21
                text run at (1,2) width 91: "Row 5, Cell 1"
            RenderTableCell {TD} at (93,0) size 94x24 [border: (1px solid #808080)] [r=0 c=1 rs=1 cs=1]
              RenderText {#text} at (2,2) size 91x21
                text run at (2,2) width 91: "Row 5, Cell 2"
            RenderTableCell {TD} at (187,0) size 94x24 [border: (1px solid #808080)] [r=0 c=2 rs=1 cs=1]
              RenderText {#text} at (2,2) size 91x21
                text run at (2,2) width 91: "Row 5, Cell 3"
      RenderTable {TABLE} at (0,7087) size 281x141 [border: none (1px solid #808080) none]
        RenderBlock {CAPTION} at (0,0) size 281x21
          RenderInline {A} at (0,0) size 218x21
            RenderText {#text} at (29,0) size 218x21
              text run at (29,0) width 218: "Frame=\x{201C}below\x{201D} and Rules=\x{201C}all\x{201D}"
          RenderInline (generated) at (0,0) size 5x21
            RenderText at (247,0) size 5x21
              text run at (247,0) width 5: ":"
        RenderTableSection {THEAD} at (0,21) size 281x23
          RenderTableRow {TR} at (0,0) size 281x23
            RenderTableCell {TD} at (0,0) size 93x23 [r=0 c=0 rs=1 cs=1]
              RenderText {#text} at (1,1) size 91x21
                text run at (1,1) width 91: "Row 1, Cell 1"
            RenderTableCell {TD} at (93,0) size 94x23 [border: none] [r=0 c=1 rs=1 cs=1]
              RenderText {#text} at (2,1) size 91x21
                text run at (2,1) width 91: "Row 1, Cell 2"
            RenderTableCell {TD} at (187,0) size 94x23 [border: none] [r=0 c=2 rs=1 cs=1]
              RenderText {#text} at (2,1) size 91x21
                text run at (2,1) width 91: "Row 1, Cell 3"
        RenderTableSection {TBODY} at (0,44) size 281x72
          RenderTableRow {TR} at (0,0) size 281x24
            RenderTableCell {TD} at (0,12) size 93x24 [border: (1px solid #808080)] [r=0 c=0 rs=2 cs=1]
              RenderText {#text} at (1,2) size 91x21
                text run at (1,2) width 91: "Row 2, Cell 1"
            RenderTableCell {TD} at (93,0) size 188x24 [border: (1px solid #808080)] [r=0 c=1 rs=1 cs=2]
              RenderText {#text} at (2,2) size 91x21
                text run at (2,2) width 91: "Row 2, Cell 2"
          RenderTableRow {TR} at (0,24) size 281x24
            RenderTableCell {TD} at (93,24) size 94x24 [border: (1px solid #808080)] [r=1 c=1 rs=1 cs=1]
              RenderText {#text} at (2,2) size 91x21
                text run at (2,2) width 91: "Row 3, Cell 2"
            RenderTableCell {TD} at (187,36) size 94x24 [border: (1px solid #808080)] [r=1 c=2 rs=2 cs=1]
              RenderText {#text} at (2,2) size 91x21
                text run at (2,2) width 91: "Row 3, Cell 3"
          RenderTableRow {TR} at (0,48) size 281x24
            RenderTableCell {TD} at (0,48) size 187x24 [border: (1px solid #808080)] [r=2 c=0 rs=1 cs=2]
              RenderText {#text} at (1,2) size 91x21
                text run at (1,2) width 91: "Row 4, Cell 1"
        RenderTableSection {TFOOT} at (0,116) size 281x24
          RenderTableRow {TR} at (0,0) size 281x24
            RenderTableCell {TD} at (0,0) size 93x24 [border: (1px solid #808080)] [r=0 c=0 rs=1 cs=1]
              RenderText {#text} at (1,2) size 91x21
                text run at (1,2) width 91: "Row 5, Cell 1"
            RenderTableCell {TD} at (93,0) size 94x24 [border: (1px solid #808080)] [r=0 c=1 rs=1 cs=1]
              RenderText {#text} at (2,2) size 91x21
                text run at (2,2) width 91: "Row 5, Cell 2"
            RenderTableCell {TD} at (187,0) size 94x24 [border: (1px solid #808080)] [r=0 c=2 rs=1 cs=1]
              RenderText {#text} at (2,2) size 91x21
                text run at (2,2) width 91: "Row 5, Cell 3"
      RenderTable {TABLE} at (0,7276) size 281x142 [border: none none (1px solid #808080) none]
        RenderBlock {CAPTION} at (0,0) size 281x21
          RenderInline {A} at (0,0) size 220x21
            RenderText {#text} at (28,0) size 220x21
              text run at (28,0) width 220: "Frame=\x{201C}hsides\x{201D} and Rules=\x{201C}all\x{201D}"
          RenderInline (generated) at (0,0) size 5x21
            RenderText at (248,0) size 5x21
              text run at (248,0) width 5: ":"
        RenderTableSection {THEAD} at (0,21) size 281x24
          RenderTableRow {TR} at (0,0) size 281x24
            RenderTableCell {TD} at (0,0) size 93x24 [border: (1px solid #808080)] [r=0 c=0 rs=1 cs=1]
              RenderText {#text} at (1,2) size 91x21
                text run at (1,2) width 91: "Row 1, Cell 1"
            RenderTableCell {TD} at (93,0) size 94x24 [border: (1px solid #808080)] [r=0 c=1 rs=1 cs=1]
              RenderText {#text} at (2,2) size 91x21
                text run at (2,2) width 91: "Row 1, Cell 2"
            RenderTableCell {TD} at (187,0) size 94x24 [border: (1px solid #808080)] [r=0 c=2 rs=1 cs=1]
              RenderText {#text} at (2,2) size 91x21
                text run at (2,2) width 91: "Row 1, Cell 3"
        RenderTableSection {TBODY} at (0,45) size 281x72
          RenderTableRow {TR} at (0,0) size 281x24
            RenderTableCell {TD} at (0,12) size 93x24 [border: (1px solid #808080)] [r=0 c=0 rs=2 cs=1]
              RenderText {#text} at (1,2) size 91x21
                text run at (1,2) width 91: "Row 2, Cell 1"
            RenderTableCell {TD} at (93,0) size 188x24 [border: (1px solid #808080)] [r=0 c=1 rs=1 cs=2]
              RenderText {#text} at (2,2) size 91x21
                text run at (2,2) width 91: "Row 2, Cell 2"
          RenderTableRow {TR} at (0,24) size 281x24
            RenderTableCell {TD} at (93,24) size 94x24 [border: (1px solid #808080)] [r=1 c=1 rs=1 cs=1]
              RenderText {#text} at (2,2) size 91x21
                text run at (2,2) width 91: "Row 3, Cell 2"
            RenderTableCell {TD} at (187,36) size 94x24 [border: (1px solid #808080)] [r=1 c=2 rs=2 cs=1]
              RenderText {#text} at (2,2) size 91x21
                text run at (2,2) width 91: "Row 3, Cell 3"
          RenderTableRow {TR} at (0,48) size 281x24
            RenderTableCell {TD} at (0,48) size 187x24 [border: (1px solid #808080)] [r=2 c=0 rs=1 cs=2]
              RenderText {#text} at (1,2) size 91x21
                text run at (1,2) width 91: "Row 4, Cell 1"
        RenderTableSection {TFOOT} at (0,117) size 281x24
          RenderTableRow {TR} at (0,0) size 281x24
            RenderTableCell {TD} at (0,0) size 93x24 [border: (1px solid #808080)] [r=0 c=0 rs=1 cs=1]
              RenderText {#text} at (1,2) size 91x21
                text run at (1,2) width 91: "Row 5, Cell 1"
            RenderTableCell {TD} at (93,0) size 94x24 [border: (1px solid #808080)] [r=0 c=1 rs=1 cs=1]
              RenderText {#text} at (2,2) size 91x21
                text run at (2,2) width 91: "Row 5, Cell 2"
            RenderTableCell {TD} at (187,0) size 94x24 [border: (1px solid #808080)] [r=0 c=2 rs=1 cs=1]
              RenderText {#text} at (2,2) size 91x21
                text run at (2,2) width 91: "Row 5, Cell 3"
      RenderTable {TABLE} at (0,7466) size 283x140 [border: none (1px solid #808080) none none]
        RenderBlock {CAPTION} at (0,0) size 282x21
          RenderInline {A} at (0,0) size 219x21
            RenderText {#text} at (29,0) size 219x21
              text run at (29,0) width 219: "Frame=\x{201C}vsides\x{201D} and Rules=\x{201C}all\x{201D}"
          RenderInline (generated) at (0,0) size 6x21
            RenderText at (247,0) size 6x21
              text run at (247,0) width 6: ":"
        RenderTableSection {THEAD} at (0,21) size 282x23
          RenderTableRow {TR} at (0,0) size 282x23
            RenderTableCell {TD} at (0,0) size 94x23 [border: none] [r=0 c=0 rs=1 cs=1]
              RenderText {#text} at (2,1) size 91x21
                text run at (2,1) width 91: "Row 1, Cell 1"
            RenderTableCell {TD} at (94,0) size 94x23 [border: none] [r=0 c=1 rs=1 cs=1]
              RenderText {#text} at (2,1) size 91x21
                text run at (2,1) width 91: "Row 1, Cell 2"
            RenderTableCell {TD} at (188,0) size 94x23 [border: none] [r=0 c=2 rs=1 cs=1]
              RenderText {#text} at (2,1) size 91x21
                text run at (2,1) width 91: "Row 1, Cell 3"
        RenderTableSection {TBODY} at (0,44) size 282x72
          RenderTableRow {TR} at (0,0) size 282x24
            RenderTableCell {TD} at (0,12) size 94x24 [border: (1px solid #808080)] [r=0 c=0 rs=2 cs=1]
              RenderText {#text} at (2,2) size 91x21
                text run at (2,2) width 91: "Row 2, Cell 1"
            RenderTableCell {TD} at (94,0) size 188x24 [border: (1px solid #808080)] [r=0 c=1 rs=1 cs=2]
              RenderText {#text} at (2,2) size 91x21
                text run at (2,2) width 91: "Row 2, Cell 2"
          RenderTableRow {TR} at (0,24) size 282x24
            RenderTableCell {TD} at (94,24) size 94x24 [border: (1px solid #808080)] [r=1 c=1 rs=1 cs=1]
              RenderText {#text} at (2,2) size 91x21
                text run at (2,2) width 91: "Row 3, Cell 2"
            RenderTableCell {TD} at (188,36) size 94x24 [border: (1px solid #808080)] [r=1 c=2 rs=2 cs=1]
              RenderText {#text} at (2,2) size 91x21
                text run at (2,2) width 91: "Row 3, Cell 3"
          RenderTableRow {TR} at (0,48) size 282x24
            RenderTableCell {TD} at (0,48) size 188x24 [border: (1px solid #808080)] [r=2 c=0 rs=1 cs=2]
              RenderText {#text} at (2,2) size 91x21
                text run at (2,2) width 91: "Row 4, Cell 1"
        RenderTableSection {TFOOT} at (0,116) size 282x24
          RenderTableRow {TR} at (0,0) size 282x24
            RenderTableCell {TD} at (0,0) size 94x24 [border: (1px solid #808080)] [r=0 c=0 rs=1 cs=1]
              RenderText {#text} at (2,2) size 91x21
                text run at (2,2) width 91: "Row 5, Cell 1"
            RenderTableCell {TD} at (94,0) size 94x24 [border: (1px solid #808080)] [r=0 c=1 rs=1 cs=1]
              RenderText {#text} at (2,2) size 91x21
                text run at (2,2) width 91: "Row 5, Cell 2"
            RenderTableCell {TD} at (188,0) size 94x24 [border: (1px solid #808080)] [r=0 c=2 rs=1 cs=1]
              RenderText {#text} at (2,2) size 91x21
                text run at (2,2) width 91: "Row 5, Cell 3"
      RenderTable {TABLE} at (0,7654) size 282x140
        RenderBlock {CAPTION} at (0,0) size 282x21
          RenderInline {A} at (0,0) size 199x21
            RenderText {#text} at (39,0) size 199x21
              text run at (39,0) width 199: "Frame=\x{201C}lhs\x{201D} and Rules=\x{201C}all\x{201D}"
          RenderInline (generated) at (0,0) size 5x21
            RenderText at (238,0) size 5x21
              text run at (238,0) width 5: ":"
        RenderTableSection {THEAD} at (0,21) size 282x23
          RenderTableRow {TR} at (0,0) size 282x23
            RenderTableCell {TD} at (0,0) size 94x23 [border: none] [r=0 c=0 rs=1 cs=1]
              RenderText {#text} at (2,1) size 91x21
                text run at (2,1) width 91: "Row 1, Cell 1"
            RenderTableCell {TD} at (94,0) size 94x23 [border: none] [r=0 c=1 rs=1 cs=1]
              RenderText {#text} at (2,1) size 91x21
                text run at (2,1) width 91: "Row 1, Cell 2"
            RenderTableCell {TD} at (188,0) size 94x23 [border: none] [r=0 c=2 rs=1 cs=1]
              RenderText {#text} at (2,1) size 91x21
                text run at (2,1) width 91: "Row 1, Cell 3"
        RenderTableSection {TBODY} at (0,44) size 282x72
          RenderTableRow {TR} at (0,0) size 282x24
            RenderTableCell {TD} at (0,12) size 94x24 [border: (1px solid #808080)] [r=0 c=0 rs=2 cs=1]
              RenderText {#text} at (2,2) size 91x21
                text run at (2,2) width 91: "Row 2, Cell 1"
            RenderTableCell {TD} at (94,0) size 188x24 [border: (1px solid #808080)] [r=0 c=1 rs=1 cs=2]
              RenderText {#text} at (2,2) size 91x21
                text run at (2,2) width 91: "Row 2, Cell 2"
          RenderTableRow {TR} at (0,24) size 282x24
            RenderTableCell {TD} at (94,24) size 94x24 [border: (1px solid #808080)] [r=1 c=1 rs=1 cs=1]
              RenderText {#text} at (2,2) size 91x21
                text run at (2,2) width 91: "Row 3, Cell 2"
            RenderTableCell {TD} at (188,36) size 94x24 [border: (1px solid #808080)] [r=1 c=2 rs=2 cs=1]
              RenderText {#text} at (2,2) size 91x21
                text run at (2,2) width 91: "Row 3, Cell 3"
          RenderTableRow {TR} at (0,48) size 282x24
            RenderTableCell {TD} at (0,48) size 188x24 [border: (1px solid #808080)] [r=2 c=0 rs=1 cs=2]
              RenderText {#text} at (2,2) size 91x21
                text run at (2,2) width 91: "Row 4, Cell 1"
        RenderTableSection {TFOOT} at (0,116) size 282x24
          RenderTableRow {TR} at (0,0) size 282x24
            RenderTableCell {TD} at (0,0) size 94x24 [border: (1px solid #808080)] [r=0 c=0 rs=1 cs=1]
              RenderText {#text} at (2,2) size 91x21
                text run at (2,2) width 91: "Row 5, Cell 1"
            RenderTableCell {TD} at (94,0) size 94x24 [border: (1px solid #808080)] [r=0 c=1 rs=1 cs=1]
              RenderText {#text} at (2,2) size 91x21
                text run at (2,2) width 91: "Row 5, Cell 2"
            RenderTableCell {TD} at (188,0) size 94x24 [border: (1px solid #808080)] [r=0 c=2 rs=1 cs=1]
              RenderText {#text} at (2,2) size 91x21
                text run at (2,2) width 91: "Row 5, Cell 3"
      RenderTable {TABLE} at (0,7842) size 282x140 [border: none (1px solid #808080) none]
        RenderBlock {CAPTION} at (0,0) size 281x21
          RenderInline {A} at (0,0) size 202x21
            RenderText {#text} at (37,0) size 202x21
              text run at (37,0) width 202: "Frame=\x{201C}rhs\x{201D} and Rules=\x{201C}all\x{201D}"
          RenderInline (generated) at (0,0) size 6x21
            RenderText at (238,0) size 6x21
              text run at (238,0) width 6: ":"
        RenderTableSection {THEAD} at (0,21) size 281x23
          RenderTableRow {TR} at (0,0) size 281x23
            RenderTableCell {TD} at (0,0) size 93x23 [r=0 c=0 rs=1 cs=1]
              RenderText {#text} at (1,1) size 91x21
                text run at (1,1) width 91: "Row 1, Cell 1"
            RenderTableCell {TD} at (93,0) size 94x23 [border: none] [r=0 c=1 rs=1 cs=1]
              RenderText {#text} at (2,1) size 91x21
                text run at (2,1) width 91: "Row 1, Cell 2"
            RenderTableCell {TD} at (187,0) size 94x23 [border: none] [r=0 c=2 rs=1 cs=1]
              RenderText {#text} at (2,1) size 91x21
                text run at (2,1) width 91: "Row 1, Cell 3"
        RenderTableSection {TBODY} at (0,44) size 281x72
          RenderTableRow {TR} at (0,0) size 281x24
            RenderTableCell {TD} at (0,12) size 93x24 [border: (1px solid #808080)] [r=0 c=0 rs=2 cs=1]
              RenderText {#text} at (1,2) size 91x21
                text run at (1,2) width 91: "Row 2, Cell 1"
            RenderTableCell {TD} at (93,0) size 188x24 [border: (1px solid #808080)] [r=0 c=1 rs=1 cs=2]
              RenderText {#text} at (2,2) size 91x21
                text run at (2,2) width 91: "Row 2, Cell 2"
          RenderTableRow {TR} at (0,24) size 281x24
            RenderTableCell {TD} at (93,24) size 94x24 [border: (1px solid #808080)] [r=1 c=1 rs=1 cs=1]
              RenderText {#text} at (2,2) size 91x21
                text run at (2,2) width 91: "Row 3, Cell 2"
            RenderTableCell {TD} at (187,36) size 94x24 [border: (1px solid #808080)] [r=1 c=2 rs=2 cs=1]
              RenderText {#text} at (2,2) size 91x21
                text run at (2,2) width 91: "Row 3, Cell 3"
          RenderTableRow {TR} at (0,48) size 281x24
            RenderTableCell {TD} at (0,48) size 187x24 [border: (1px solid #808080)] [r=2 c=0 rs=1 cs=2]
              RenderText {#text} at (1,2) size 91x21
                text run at (1,2) width 91: "Row 4, Cell 1"
        RenderTableSection {TFOOT} at (0,116) size 281x24
          RenderTableRow {TR} at (0,0) size 281x24
            RenderTableCell {TD} at (0,0) size 93x24 [border: (1px solid #808080)] [r=0 c=0 rs=1 cs=1]
              RenderText {#text} at (1,2) size 91x21
                text run at (1,2) width 91: "Row 5, Cell 1"
            RenderTableCell {TD} at (93,0) size 94x24 [border: (1px solid #808080)] [r=0 c=1 rs=1 cs=1]
              RenderText {#text} at (2,2) size 91x21
                text run at (2,2) width 91: "Row 5, Cell 2"
            RenderTableCell {TD} at (187,0) size 94x24 [border: (1px solid #808080)] [r=0 c=2 rs=1 cs=1]
              RenderText {#text} at (2,2) size 91x21
                text run at (2,2) width 91: "Row 5, Cell 3"
      RenderTable {TABLE} at (0,8030) size 283x142 [border: none]
        RenderBlock {CAPTION} at (0,0) size 282x21
          RenderInline {A} at (0,0) size 205x21
            RenderText {#text} at (36,0) size 205x21
              text run at (36,0) width 205: "Frame=\x{201C}box\x{201D} and Rules=\x{201C}all\x{201D}"
          RenderInline (generated) at (0,0) size 6x21
            RenderText at (240,0) size 6x21
              text run at (240,0) width 6: ":"
        RenderTableSection {THEAD} at (0,21) size 282x24
          RenderTableRow {TR} at (0,0) size 282x24
            RenderTableCell {TD} at (0,0) size 94x24 [border: (1px solid #808080)] [r=0 c=0 rs=1 cs=1]
              RenderText {#text} at (2,2) size 91x21
                text run at (2,2) width 91: "Row 1, Cell 1"
            RenderTableCell {TD} at (94,0) size 94x24 [border: (1px solid #808080)] [r=0 c=1 rs=1 cs=1]
              RenderText {#text} at (2,2) size 91x21
                text run at (2,2) width 91: "Row 1, Cell 2"
            RenderTableCell {TD} at (188,0) size 94x24 [border: (1px solid #808080)] [r=0 c=2 rs=1 cs=1]
              RenderText {#text} at (2,2) size 91x21
                text run at (2,2) width 91: "Row 1, Cell 3"
        RenderTableSection {TBODY} at (0,45) size 282x72
          RenderTableRow {TR} at (0,0) size 282x24
            RenderTableCell {TD} at (0,12) size 94x24 [border: (1px solid #808080)] [r=0 c=0 rs=2 cs=1]
              RenderText {#text} at (2,2) size 91x21
                text run at (2,2) width 91: "Row 2, Cell 1"
            RenderTableCell {TD} at (94,0) size 188x24 [border: (1px solid #808080)] [r=0 c=1 rs=1 cs=2]
              RenderText {#text} at (2,2) size 91x21
                text run at (2,2) width 91: "Row 2, Cell 2"
          RenderTableRow {TR} at (0,24) size 282x24
            RenderTableCell {TD} at (94,24) size 94x24 [border: (1px solid #808080)] [r=1 c=1 rs=1 cs=1]
              RenderText {#text} at (2,2) size 91x21
                text run at (2,2) width 91: "Row 3, Cell 2"
            RenderTableCell {TD} at (188,36) size 94x24 [border: (1px solid #808080)] [r=1 c=2 rs=2 cs=1]
              RenderText {#text} at (2,2) size 91x21
                text run at (2,2) width 91: "Row 3, Cell 3"
          RenderTableRow {TR} at (0,48) size 282x24
            RenderTableCell {TD} at (0,48) size 188x24 [border: (1px solid #808080)] [r=2 c=0 rs=1 cs=2]
              RenderText {#text} at (2,2) size 91x21
                text run at (2,2) width 91: "Row 4, Cell 1"
        RenderTableSection {TFOOT} at (0,117) size 282x24
          RenderTableRow {TR} at (0,0) size 282x24
            RenderTableCell {TD} at (0,0) size 94x24 [border: (1px solid #808080)] [r=0 c=0 rs=1 cs=1]
              RenderText {#text} at (2,2) size 91x21
                text run at (2,2) width 91: "Row 5, Cell 1"
            RenderTableCell {TD} at (94,0) size 94x24 [border: (1px solid #808080)] [r=0 c=1 rs=1 cs=1]
              RenderText {#text} at (2,2) size 91x21
                text run at (2,2) width 91: "Row 5, Cell 2"
            RenderTableCell {TD} at (188,0) size 94x24 [border: (1px solid #808080)] [r=0 c=2 rs=1 cs=1]
              RenderText {#text} at (2,2) size 91x21
                text run at (2,2) width 91: "Row 5, Cell 3"
      RenderTable {TABLE} at (0,8220) size 283x142 [border: none]
        RenderBlock {CAPTION} at (0,0) size 282x21
          RenderInline {A} at (0,0) size 223x21
            RenderText {#text} at (27,0) size 223x21
              text run at (27,0) width 223: "Frame=\x{201C}border\x{201D} and Rules=\x{201C}all\x{201D}"
          RenderInline (generated) at (0,0) size 5x21
            RenderText at (250,0) size 5x21
              text run at (250,0) width 5: ":"
        RenderTableSection {THEAD} at (0,21) size 282x24
          RenderTableRow {TR} at (0,0) size 282x24
            RenderTableCell {TD} at (0,0) size 94x24 [border: (1px solid #808080)] [r=0 c=0 rs=1 cs=1]
              RenderText {#text} at (2,2) size 91x21
                text run at (2,2) width 91: "Row 1, Cell 1"
            RenderTableCell {TD} at (94,0) size 94x24 [border: (1px solid #808080)] [r=0 c=1 rs=1 cs=1]
              RenderText {#text} at (2,2) size 91x21
                text run at (2,2) width 91: "Row 1, Cell 2"
            RenderTableCell {TD} at (188,0) size 94x24 [border: (1px solid #808080)] [r=0 c=2 rs=1 cs=1]
              RenderText {#text} at (2,2) size 91x21
                text run at (2,2) width 91: "Row 1, Cell 3"
        RenderTableSection {TBODY} at (0,45) size 282x72
          RenderTableRow {TR} at (0,0) size 282x24
            RenderTableCell {TD} at (0,12) size 94x24 [border: (1px solid #808080)] [r=0 c=0 rs=2 cs=1]
              RenderText {#text} at (2,2) size 91x21
                text run at (2,2) width 91: "Row 2, Cell 1"
            RenderTableCell {TD} at (94,0) size 188x24 [border: (1px solid #808080)] [r=0 c=1 rs=1 cs=2]
              RenderText {#text} at (2,2) size 91x21
                text run at (2,2) width 91: "Row 2, Cell 2"
          RenderTableRow {TR} at (0,24) size 282x24
            RenderTableCell {TD} at (94,24) size 94x24 [border: (1px solid #808080)] [r=1 c=1 rs=1 cs=1]
              RenderText {#text} at (2,2) size 91x21
                text run at (2,2) width 91: "Row 3, Cell 2"
            RenderTableCell {TD} at (188,36) size 94x24 [border: (1px solid #808080)] [r=1 c=2 rs=2 cs=1]
              RenderText {#text} at (2,2) size 91x21
                text run at (2,2) width 91: "Row 3, Cell 3"
          RenderTableRow {TR} at (0,48) size 282x24
            RenderTableCell {TD} at (0,48) size 188x24 [border: (1px solid #808080)] [r=2 c=0 rs=1 cs=2]
              RenderText {#text} at (2,2) size 91x21
                text run at (2,2) width 91: "Row 4, Cell 1"
        RenderTableSection {TFOOT} at (0,117) size 282x24
          RenderTableRow {TR} at (0,0) size 282x24
            RenderTableCell {TD} at (0,0) size 94x24 [border: (1px solid #808080)] [r=0 c=0 rs=1 cs=1]
              RenderText {#text} at (2,2) size 91x21
                text run at (2,2) width 91: "Row 5, Cell 1"
            RenderTableCell {TD} at (94,0) size 94x24 [border: (1px solid #808080)] [r=0 c=1 rs=1 cs=1]
              RenderText {#text} at (2,2) size 91x21
                text run at (2,2) width 91: "Row 5, Cell 2"
            RenderTableCell {TD} at (188,0) size 94x24 [border: (1px solid #808080)] [r=0 c=2 rs=1 cs=1]
              RenderText {#text} at (2,2) size 91x21
                text run at (2,2) width 91: "Row 5, Cell 3"
layer at (392,24) size 392x150
  RenderBlock (positioned) {TABLE} at (392,24) size 392x150
    RenderTable at (0,0) size 378x165
      RenderBlock {CAPTION} at (0,0) size 378x21
        RenderText {#text} at (69,0) size 235x21
          text run at (69,0) width 235: "Local links to specific testcase tables"
        RenderInline (generated) at (0,0) size 6x21
          RenderText at (303,0) size 6x21
            text run at (303,0) width 6: ":"
      RenderTableCol {COLGROUP} at (0,0) size 0x0
      RenderTableCol {COLGROUP} at (0,0) size 0x0
      RenderTableSection {THEAD} at (0,21) size 378x42
        RenderTableRow {TR} at (0,2) size 378x18
          RenderTableCell {TH} at (2,20) size 78x2 [r=0 c=0 rs=2 cs=2]
          RenderTableCell {TH} at (82,2) size 294x18 [r=0 c=2 rs=1 cs=9]
            RenderText {#text} at (128,1) size 38x16
              text run at (128,1) width 38: "Frame"
        RenderTableRow {TR} at (0,22) size 378x18
          RenderTableCell {TH} at (82,22) size 26x18 [r=1 c=2 rs=1 cs=1]
            RenderText {#text} at (1,1) size 24x16
              text run at (1,1) width 24: "void"
          RenderTableCell {TH} at (110,22) size 37x18 [r=1 c=3 rs=1 cs=1]
            RenderText {#text} at (1,1) size 35x16
              text run at (1,1) width 35: "above"
          RenderTableCell {TH} at (149,22) size 35x18 [r=1 c=4 rs=1 cs=1]
            RenderText {#text} at (1,1) size 33x16
              text run at (1,1) width 33: "below"
          RenderTableCell {TH} at (186,22) size 40x18 [r=1 c=5 rs=1 cs=1]
            RenderText {#text} at (1,1) size 38x16
              text run at (1,1) width 38: "hsides"
          RenderTableCell {TH} at (228,22) size 40x18 [r=1 c=6 rs=1 cs=1]
            RenderText {#text} at (1,1) size 38x16
              text run at (1,1) width 38: "vsides"
          RenderTableCell {TH} at (270,22) size 19x18 [r=1 c=7 rs=1 cs=1]
            RenderText {#text} at (1,1) size 17x16
              text run at (1,1) width 17: "lhs"
          RenderTableCell {TH} at (291,22) size 20x18 [r=1 c=8 rs=1 cs=1]
            RenderText {#text} at (1,1) size 18x16
              text run at (1,1) width 18: "rhs"
          RenderTableCell {TH} at (313,22) size 23x18 [r=1 c=9 rs=1 cs=1]
            RenderText {#text} at (1,1) size 21x16
              text run at (1,1) width 21: "box"
          RenderTableCell {TH} at (338,22) size 38x18 [r=1 c=10 rs=1 cs=1]
            RenderText {#text} at (1,1) size 36x16
              text run at (1,1) width 36: "border"
      RenderTableSection {TBODY} at (0,63) size 378x102
        RenderTableRow {TR} at (0,2) size 378x18
          RenderTableCell {TH} at (2,42) size 35x18 [r=0 c=0 rs=5 cs=1]
            RenderText {#text} at (1,1) size 33x16
              text run at (1,1) width 33: "Rules"
          RenderTableCell {TH} at (39,2) size 41x18 [r=0 c=1 rs=1 cs=1]
            RenderText {#text} at (12,1) size 28x16
              text run at (12,1) width 28: "none"
          RenderTableCell {TD} at (82,2) size 26x17 [bgcolor=#CCCCCC] [r=0 c=2 rs=1 cs=1]
            RenderInline {A} at (0,0) size 16x15 [color=#0000EE]
              RenderText {#text} at (5,1) size 16x15
                text run at (5,1) width 16: "Go"
          RenderTableCell {TD} at (110,2) size 37x17 [bgcolor=#CCCCCC] [r=0 c=3 rs=1 cs=1]
            RenderInline {A} at (0,0) size 17x15 [color=#0000EE]
              RenderText {#text} at (10,1) size 17x15
                text run at (10,1) width 17: "Go"
          RenderTableCell {TD} at (149,2) size 35x17 [bgcolor=#CCCCCC] [r=0 c=4 rs=1 cs=1]
            RenderInline {A} at (0,0) size 17x15 [color=#0000EE]
              RenderText {#text} at (9,1) size 17x15
                text run at (9,1) width 17: "Go"
          RenderTableCell {TD} at (186,2) size 40x17 [bgcolor=#CCCCCC] [r=0 c=5 rs=1 cs=1]
            RenderInline {A} at (0,0) size 16x15 [color=#0000EE]
              RenderText {#text} at (12,1) size 16x15
                text run at (12,1) width 16: "Go"
          RenderTableCell {TD} at (228,2) size 40x17 [bgcolor=#CCCCCC] [r=0 c=6 rs=1 cs=1]
            RenderInline {A} at (0,0) size 16x15 [color=#0000EE]
              RenderText {#text} at (12,1) size 16x15
                text run at (12,1) width 16: "Go"
          RenderTableCell {TD} at (270,2) size 19x17 [bgcolor=#CCCCCC] [r=0 c=7 rs=1 cs=1]
            RenderInline {A} at (0,0) size 17x15 [color=#0000EE]
              RenderText {#text} at (1,1) size 17x15
                text run at (1,1) width 17: "Go"
          RenderTableCell {TD} at (291,2) size 20x17 [bgcolor=#CCCCCC] [r=0 c=8 rs=1 cs=1]
            RenderInline {A} at (0,0) size 16x15 [color=#0000EE]
              RenderText {#text} at (2,1) size 16x15
                text run at (2,1) width 16: "Go"
          RenderTableCell {TD} at (313,2) size 23x17 [bgcolor=#CCCCCC] [r=0 c=9 rs=1 cs=1]
            RenderInline {A} at (0,0) size 17x15 [color=#0000EE]
              RenderText {#text} at (3,1) size 17x15
                text run at (3,1) width 17: "Go"
          RenderTableCell {TD} at (338,2) size 38x17 [bgcolor=#CCCCCC] [r=0 c=10 rs=1 cs=1]
            RenderInline {A} at (0,0) size 16x15 [color=#0000EE]
              RenderText {#text} at (11,1) size 16x15
                text run at (11,1) width 16: "Go"
        RenderTableRow {TR} at (0,22) size 378x18
          RenderTableCell {TH} at (39,22) size 41x18 [r=1 c=1 rs=1 cs=1]
            RenderText {#text} at (1,1) size 39x16
              text run at (1,1) width 39: "groups"
          RenderTableCell {TD} at (82,22) size 26x17 [bgcolor=#CCCCCC] [r=1 c=2 rs=1 cs=1]
            RenderInline {A} at (0,0) size 16x15 [color=#0000EE]
              RenderText {#text} at (5,1) size 16x15
                text run at (5,1) width 16: "Go"
          RenderTableCell {TD} at (110,22) size 37x17 [bgcolor=#CCCCCC] [r=1 c=3 rs=1 cs=1]
            RenderInline {A} at (0,0) size 17x15 [color=#0000EE]
              RenderText {#text} at (10,1) size 17x15
                text run at (10,1) width 17: "Go"
          RenderTableCell {TD} at (149,22) size 35x17 [bgcolor=#CCCCCC] [r=1 c=4 rs=1 cs=1]
            RenderInline {A} at (0,0) size 17x15 [color=#0000EE]
              RenderText {#text} at (9,1) size 17x15
                text run at (9,1) width 17: "Go"
          RenderTableCell {TD} at (186,22) size 40x17 [bgcolor=#CCCCCC] [r=1 c=5 rs=1 cs=1]
            RenderInline {A} at (0,0) size 16x15 [color=#0000EE]
              RenderText {#text} at (12,1) size 16x15
                text run at (12,1) width 16: "Go"
          RenderTableCell {TD} at (228,22) size 40x17 [bgcolor=#CCCCCC] [r=1 c=6 rs=1 cs=1]
            RenderInline {A} at (0,0) size 16x15 [color=#0000EE]
              RenderText {#text} at (12,1) size 16x15
                text run at (12,1) width 16: "Go"
          RenderTableCell {TD} at (270,22) size 19x17 [bgcolor=#CCCCCC] [r=1 c=7 rs=1 cs=1]
            RenderInline {A} at (0,0) size 17x15 [color=#0000EE]
              RenderText {#text} at (1,1) size 17x15
                text run at (1,1) width 17: "Go"
          RenderTableCell {TD} at (291,22) size 20x17 [bgcolor=#CCCCCC] [r=1 c=8 rs=1 cs=1]
            RenderInline {A} at (0,0) size 16x15 [color=#0000EE]
              RenderText {#text} at (2,1) size 16x15
                text run at (2,1) width 16: "Go"
          RenderTableCell {TD} at (313,22) size 23x17 [bgcolor=#CCCCCC] [r=1 c=9 rs=1 cs=1]
            RenderInline {A} at (0,0) size 17x15 [color=#0000EE]
              RenderText {#text} at (3,1) size 17x15
                text run at (3,1) width 17: "Go"
          RenderTableCell {TD} at (338,22) size 38x17 [bgcolor=#CCCCCC] [r=1 c=10 rs=1 cs=1]
            RenderInline {A} at (0,0) size 16x15 [color=#0000EE]
              RenderText {#text} at (11,1) size 16x15
                text run at (11,1) width 16: "Go"
        RenderTableRow {TR} at (0,42) size 378x18
          RenderTableCell {TH} at (39,42) size 41x18 [r=2 c=1 rs=1 cs=1]
            RenderText {#text} at (13,1) size 27x16
              text run at (13,1) width 27: "rows"
          RenderTableCell {TD} at (82,42) size 26x17 [bgcolor=#CCCCCC] [r=2 c=2 rs=1 cs=1]
            RenderInline {A} at (0,0) size 16x15 [color=#0000EE]
              RenderText {#text} at (5,1) size 16x15
                text run at (5,1) width 16: "Go"
          RenderTableCell {TD} at (110,42) size 37x17 [bgcolor=#CCCCCC] [r=2 c=3 rs=1 cs=1]
            RenderInline {A} at (0,0) size 17x15 [color=#0000EE]
              RenderText {#text} at (10,1) size 17x15
                text run at (10,1) width 17: "Go"
          RenderTableCell {TD} at (149,42) size 35x17 [bgcolor=#CCCCCC] [r=2 c=4 rs=1 cs=1]
            RenderInline {A} at (0,0) size 17x15 [color=#0000EE]
              RenderText {#text} at (9,1) size 17x15
                text run at (9,1) width 17: "Go"
          RenderTableCell {TD} at (186,42) size 40x17 [bgcolor=#CCCCCC] [r=2 c=5 rs=1 cs=1]
            RenderInline {A} at (0,0) size 16x15 [color=#0000EE]
              RenderText {#text} at (12,1) size 16x15
                text run at (12,1) width 16: "Go"
          RenderTableCell {TD} at (228,42) size 40x17 [bgcolor=#CCCCCC] [r=2 c=6 rs=1 cs=1]
            RenderInline {A} at (0,0) size 16x15 [color=#0000EE]
              RenderText {#text} at (12,1) size 16x15
                text run at (12,1) width 16: "Go"
          RenderTableCell {TD} at (270,42) size 19x17 [bgcolor=#CCCCCC] [r=2 c=7 rs=1 cs=1]
            RenderInline {A} at (0,0) size 17x15 [color=#0000EE]
              RenderText {#text} at (1,1) size 17x15
                text run at (1,1) width 17: "Go"
          RenderTableCell {TD} at (291,42) size 20x17 [bgcolor=#CCCCCC] [r=2 c=8 rs=1 cs=1]
            RenderInline {A} at (0,0) size 16x15 [color=#0000EE]
              RenderText {#text} at (2,1) size 16x15
                text run at (2,1) width 16: "Go"
          RenderTableCell {TD} at (313,42) size 23x17 [bgcolor=#CCCCCC] [r=2 c=9 rs=1 cs=1]
            RenderInline {A} at (0,0) size 17x15 [color=#0000EE]
              RenderText {#text} at (3,1) size 17x15
                text run at (3,1) width 17: "Go"
          RenderTableCell {TD} at (338,42) size 38x17 [bgcolor=#CCCCCC] [r=2 c=10 rs=1 cs=1]
            RenderInline {A} at (0,0) size 16x15 [color=#0000EE]
              RenderText {#text} at (11,1) size 16x15
                text run at (11,1) width 16: "Go"
        RenderTableRow {TR} at (0,62) size 378x18
          RenderTableCell {TH} at (39,62) size 41x18 [r=3 c=1 rs=1 cs=1]
            RenderText {#text} at (16,1) size 24x16
              text run at (16,1) width 24: "cols"
          RenderTableCell {TD} at (82,62) size 26x17 [bgcolor=#CCCCCC] [r=3 c=2 rs=1 cs=1]
            RenderInline {A} at (0,0) size 16x15 [color=#0000EE]
              RenderText {#text} at (5,1) size 16x15
                text run at (5,1) width 16: "Go"
          RenderTableCell {TD} at (110,62) size 37x17 [bgcolor=#CCCCCC] [r=3 c=3 rs=1 cs=1]
            RenderInline {A} at (0,0) size 17x15 [color=#0000EE]
              RenderText {#text} at (10,1) size 17x15
                text run at (10,1) width 17: "Go"
          RenderTableCell {TD} at (149,62) size 35x17 [bgcolor=#CCCCCC] [r=3 c=4 rs=1 cs=1]
            RenderInline {A} at (0,0) size 17x15 [color=#0000EE]
              RenderText {#text} at (9,1) size 17x15
                text run at (9,1) width 17: "Go"
          RenderTableCell {TD} at (186,62) size 40x17 [bgcolor=#CCCCCC] [r=3 c=5 rs=1 cs=1]
            RenderInline {A} at (0,0) size 16x15 [color=#0000EE]
              RenderText {#text} at (12,1) size 16x15
                text run at (12,1) width 16: "Go"
          RenderTableCell {TD} at (228,62) size 40x17 [bgcolor=#CCCCCC] [r=3 c=6 rs=1 cs=1]
            RenderInline {A} at (0,0) size 16x15 [color=#0000EE]
              RenderText {#text} at (12,1) size 16x15
                text run at (12,1) width 16: "Go"
          RenderTableCell {TD} at (270,62) size 19x17 [bgcolor=#CCCCCC] [r=3 c=7 rs=1 cs=1]
            RenderInline {A} at (0,0) size 17x15 [color=#0000EE]
              RenderText {#text} at (1,1) size 17x15
                text run at (1,1) width 17: "Go"
          RenderTableCell {TD} at (291,62) size 20x17 [bgcolor=#CCCCCC] [r=3 c=8 rs=1 cs=1]
            RenderInline {A} at (0,0) size 16x15 [color=#0000EE]
              RenderText {#text} at (2,1) size 16x15
                text run at (2,1) width 16: "Go"
          RenderTableCell {TD} at (313,62) size 23x17 [bgcolor=#CCCCCC] [r=3 c=9 rs=1 cs=1]
            RenderInline {A} at (0,0) size 17x15 [color=#0000EE]
              RenderText {#text} at (3,1) size 17x15
                text run at (3,1) width 17: "Go"
          RenderTableCell {TD} at (338,62) size 38x17 [bgcolor=#CCCCCC] [r=3 c=10 rs=1 cs=1]
            RenderInline {A} at (0,0) size 16x15 [color=#0000EE]
              RenderText {#text} at (11,1) size 16x15
                text run at (11,1) width 16: "Go"
        RenderTableRow {TR} at (0,82) size 378x18
          RenderTableCell {TH} at (39,82) size 41x18 [r=4 c=1 rs=1 cs=1]
            RenderText {#text} at (27,1) size 13x16
              text run at (27,1) width 13: "all"
          RenderTableCell {TD} at (82,82) size 26x17 [bgcolor=#CCCCCC] [r=4 c=2 rs=1 cs=1]
            RenderInline {A} at (0,0) size 16x15 [color=#0000EE]
              RenderText {#text} at (5,1) size 16x15
                text run at (5,1) width 16: "Go"
          RenderTableCell {TD} at (110,82) size 37x17 [bgcolor=#CCCCCC] [r=4 c=3 rs=1 cs=1]
            RenderInline {A} at (0,0) size 17x15 [color=#0000EE]
              RenderText {#text} at (10,1) size 17x15
                text run at (10,1) width 17: "Go"
          RenderTableCell {TD} at (149,82) size 35x17 [bgcolor=#CCCCCC] [r=4 c=4 rs=1 cs=1]
            RenderInline {A} at (0,0) size 17x15 [color=#0000EE]
              RenderText {#text} at (9,1) size 17x15
                text run at (9,1) width 17: "Go"
          RenderTableCell {TD} at (186,82) size 40x17 [bgcolor=#CCCCCC] [r=4 c=5 rs=1 cs=1]
            RenderInline {A} at (0,0) size 16x15 [color=#0000EE]
              RenderText {#text} at (12,1) size 16x15
                text run at (12,1) width 16: "Go"
          RenderTableCell {TD} at (228,82) size 40x17 [bgcolor=#CCCCCC] [r=4 c=6 rs=1 cs=1]
            RenderInline {A} at (0,0) size 16x15 [color=#0000EE]
              RenderText {#text} at (12,1) size 16x15
                text run at (12,1) width 16: "Go"
          RenderTableCell {TD} at (270,82) size 19x17 [bgcolor=#CCCCCC] [r=4 c=7 rs=1 cs=1]
            RenderInline {A} at (0,0) size 17x15 [color=#0000EE]
              RenderText {#text} at (1,1) size 17x15
                text run at (1,1) width 17: "Go"
          RenderTableCell {TD} at (291,82) size 20x17 [bgcolor=#CCCCCC] [r=4 c=8 rs=1 cs=1]
            RenderInline {A} at (0,0) size 16x15 [color=#0000EE]
              RenderText {#text} at (2,1) size 16x15
                text run at (2,1) width 16: "Go"
          RenderTableCell {TD} at (313,82) size 23x17 [bgcolor=#CCCCCC] [r=4 c=9 rs=1 cs=1]
            RenderInline {A} at (0,0) size 17x15 [color=#0000EE]
              RenderText {#text} at (3,1) size 17x15
                text run at (3,1) width 17: "Go"
          RenderTableCell {TD} at (338,82) size 38x17 [bgcolor=#CCCCCC] [r=4 c=10 rs=1 cs=1]
            RenderInline {A} at (0,0) size 16x15 [color=#0000EE]
              RenderText {#text} at (11,1) size 16x15
                text run at (11,1) width 16: "Go"
