layer at (0,0) size 800x600
  RenderView at (0,0) size 800x600
layer at (0,0) size 800x600
  RenderBlock {HTML} at (0,0) size 800x600
    RenderBody {BODY} at (8,8) size 784x584
      RenderBlock {P} at (0,0) size 784x42
        RenderText {#text} at (0,0) size 57x21
          text run at (0,0) width 57: "Test for "
        RenderInline {I} at (0,0) size 707x42
          RenderInline {A} at (0,0) size 304x21 [color=#0000EE]
            RenderText {#text} at (57,0) size 304x21
              text run at (57,0) width 304: "http://bugs.webkit.org/show_bug.cgi?id=12373"
          RenderText {#text} at (361,0) size 707x42
            text run at (361,0) width 4: " "
            text run at (365,0) width 342: "ASSERTION FAILURE: !child->needsLayout() on"
            text run at (0,21) width 74: "paypal.com"
        RenderText {#text} at (74,21) size 4x21
          text run at (74,21) width 4: "."
      RenderBlock {P} at (0,58) size 784x21
        RenderText {#text} at (0,0) size 185x21
          text run at (0,0) width 185: "No assert means test PASS."
      RenderTable {TABLE} at (0,95) size 4x0
      RenderTable {TABLE} at (0,95) size 4x2
        RenderTableSection {TBODY} at (0,0) size 4x2
      RenderTable {TABLE} at (0,97) size 5x4
        RenderTableSection {THEAD} at (0,0) size 5x4
          RenderTableRow (anonymous) at (0,2) size 5x0
            RenderTableCell (anonymous) at (2,2) size 1x0 [r=0 c=0 rs=1 cs=1]
              RenderInline {FORM} at (0,0) size 0x0
      RenderTable {TABLE} at (0,101) size 5x4
        RenderTableSection {TFOOT} at (0,0) size 5x4
          RenderTableRow (anonymous) at (0,2) size 5x0
            RenderTableCell (anonymous) at (2,2) size 1x0 [r=0 c=0 rs=1 cs=1]
              RenderInline {FORM} at (0,0) size 0x0
      RenderTable {TABLE} at (0,105) size 4x4
        RenderTableSection {TBODY} at (0,0) size 4x4
          RenderTableRow {TR} at (0,2) size 4x0
