layer at (0,0) size 800x600
  RenderView at (0,0) size 800x600
layer at (0,0) size 800x600
  RenderBlock {HTML} at (0,0) size 800x600
    RenderBody {BODY} at (8,8) size 784x584
      RenderBlock {P} at (0,0) size 784x42
        RenderText {#text} at (0,0) size 57x21
          text run at (0,0) width 57: "Test for "
        RenderInline {I} at (0,0) size 749x42
          RenderInline {A} at (0,0) size 304x21 [color=#0000EE]
            RenderText {#text} at (57,0) size 304x21
              text run at (57,0) width 304: "http://bugs.webkit.org/show_bug.cgi?id=15208"
          RenderText {#text} at (361,0) size 749x42
            text run at (361,0) width 4: " "
            text run at (365,0) width 384: "display:table causes the collapsed text to show at a different"
            text run at (0,21) width 158: "position when expanded"
        RenderText {#text} at (158,21) size 4x21
          text run at (158,21) width 4: "."
      RenderBlock {P} at (0,58) size 784x21
        RenderText {#text} at (0,0) size 221x21
          text run at (0,0) width 221: "This should say \x{201C}Lorem ipsum\x{201D}:"
      RenderTable {DIV} at (0,95) size 91x21
        RenderTableSection (anonymous) at (0,0) size 91x21
          RenderTableRow (anonymous) at (0,0) size 91x21
            RenderTableCell (anonymous) at (0,0) size 91x21 [r=0 c=0 rs=1 cs=1]
              RenderText {#text} at (0,0) size 46x21
                text run at (0,0) width 46: "Lorem"
              RenderText {#text} at (46,0) size 45x21
                text run at (46,0) width 4: " "
                text run at (50,0) width 41: "ipsum"
