layer at (0,0) size 800x600
  RenderView at (0,0) size 800x600
layer at (0,0) size 800x600
  RenderBlock {HTML} at (0,0) size 800x600
    RenderBody {BODY} at (8,8) size 784x584
      RenderBlock {P} at (0,0) size 784x21
        RenderText {#text} at (0,0) size 336x21
          text run at (0,0) width 336: "This tests that the background of a table cell with "
        RenderInline {TT} at (0,0) size 89x16
          RenderText {#text} at (336,3) size 89x16
            text run at (336,3) width 89: "visibility:hidden"
        RenderText {#text} at (425,0) size 115x21
          text run at (425,0) width 115: " is never painted."
      RenderBlock {P} at (0,37) size 784x21
        RenderText {#text} at (0,0) size 492x21
          text run at (0,0) width 492: "You should see nine green squares and no red, orange or yellow squares."
      RenderTable {TABLE} at (4,74) size 27x25
        RenderTableSection {TBODY} at (0,0) size 27x25 [bgcolor=#FFFF00]
          RenderTableRow {TR} at (0,0) size 27x25 [bgcolor=#FFA500]
            RenderTableCell {TD} at (0,11) size 27x2 [bgcolor=#FF0000] [r=0 c=0 rs=1 cs=1]
      RenderTable {TABLE} at (4,103) size 27x25 [bgcolor=#FF0000]
        RenderTableSection {TBODY} at (0,0) size 27x25 [bgcolor=#FFFF00]
          RenderTableRow {TR} at (0,0) size 27x25 [bgcolor=#FFA500]
            RenderTableCell {TD} at (0,11) size 27x2 [bgcolor=#008000] [r=0 c=0 rs=1 cs=1]
      RenderTable {TABLE} at (4,132) size 27x25 [bgcolor=#FF0000]
        RenderTableSection {TBODY} at (0,0) size 27x25 [bgcolor=#FFFF00]
          RenderTableRow {TR} at (0,0) size 27x25 [bgcolor=#FFA500]
            RenderTableCell {TD} at (0,11) size 27x2 [bgcolor=#008000] [r=0 c=0 rs=1 cs=1]
      RenderTable {TABLE} at (4,161) size 27x25 [bgcolor=#FF0000]
        RenderTableSection {TBODY} at (0,0) size 27x25 [bgcolor=#FFFF00]
          RenderTableRow {TR} at (0,0) size 27x25 [bgcolor=#FFA500]
            RenderTableCell {TD} at (0,11) size 27x2 [bgcolor=#008000] [r=0 c=0 rs=1 cs=1]
      RenderTable {TABLE} at (4,190) size 27x25 [bgcolor=#008000]
        RenderTableSection {TBODY} at (0,0) size 27x25 [bgcolor=#FF0000]
          RenderTableRow {TR} at (0,0) size 27x25 [bgcolor=#FFA500]
            RenderTableCell {TD} at (0,11) size 27x2 [r=0 c=0 rs=1 cs=1]
      RenderTable {TABLE} at (4,219) size 27x25 [bgcolor=#FF0000]
        RenderTableSection {TBODY} at (0,0) size 27x25 [bgcolor=#FFFF00]
          RenderTableRow {TR} at (0,0) size 27x25 [bgcolor=#FFA500]
            RenderTableCell {TD} at (0,11) size 27x2 [bgcolor=#008000] [r=0 c=0 rs=1 cs=1]
      RenderTable {TABLE} at (4,248) size 27x25 [bgcolor=#FF0000]
        RenderTableSection {TBODY} at (0,0) size 27x25 [bgcolor=#FFFF00]
          RenderTableRow {TR} at (0,0) size 27x25 [bgcolor=#FFA500]
            RenderTableCell {TD} at (0,11) size 27x2 [bgcolor=#008000] [r=0 c=0 rs=1 cs=1]
      RenderTable {TABLE} at (4,277) size 27x25 [bgcolor=#008000]
        RenderTableSection {TBODY} at (0,0) size 27x25 [bgcolor=#FFFF00]
          RenderTableRow {TR} at (0,0) size 27x25 [bgcolor=#FFA500]
            RenderTableCell {TD} at (0,11) size 27x2 [bgcolor=#FF0000] [r=0 c=0 rs=1 cs=1]
      RenderTable {TABLE} at (4,306) size 27x25 [bgcolor=#FF0000]
        RenderTableSection {TBODY} at (0,0) size 27x25 [bgcolor=#FFFF00]
          RenderTableRow {TR} at (0,0) size 27x25 [bgcolor=#FFA500]
            RenderTableCell {TD} at (0,11) size 27x2 [bgcolor=#008000] [r=0 c=0 rs=1 cs=1]
      RenderTable {TABLE} at (4,335) size 27x25 [bgcolor=#008000]
        RenderTableSection {TBODY} at (0,0) size 27x25 [bgcolor=#FFFF00]
          RenderTableRow {TR} at (0,0) size 27x25 [bgcolor=#FFA500]
            RenderTableCell {TD} at (0,11) size 27x2 [bgcolor=#FF0000] [r=0 c=0 rs=1 cs=1]
