layer at (0,0) size 800x600
  RenderView at (0,0) size 800x600
layer at (0,0) size 800x600
  RenderBlock {HTML} at (0,0) size 800x600
    RenderBody {BODY} at (8,8) size 784x584
      RenderBlock {H3} at (0,0) size 784x25
        RenderText {#text} at (0,0) size 247x25
          text run at (0,0) width 247: "Small Percentage Heights Bug"
      RenderBlock {P} at (0,43) size 784x42
        RenderText {#text} at (0,0) size 772x42
          text run at (0,0) width 423: "In the example below, all eight cells should be the same height. "
          text run at (423,0) width 349: "It appears that any percentage heights cause cells to"
          text run at (0,21) width 176: "fill the entire table height. "
          text run at (176,21) width 563: "Note how cell 8 is correct but 2-7 are not, despite the cells all specifying height:30%."
      RenderTable {TABLE} at (0,101) size 784x108 [border: (1px outset #808080)]
        RenderTableSection {TBODY} at (1,1) size 782x106
          RenderTableRow {TR} at (0,0) size 782x106
            RenderTableCell {TD} at (0,0) size 467x106 [bgcolor=#FFFF00] [border: (1px inset #808080)] [r=0 c=0 rs=1 cs=1]
              RenderText {#text} at (185,11) size 97x21
                text run at (185,11) width 97: "Table Data #1"
              RenderBR {BR} at (281,27) size 1x0
              RenderText {#text} at (197,32) size 73x21
                text run at (197,32) width 73: "Other cells"
              RenderBR {BR} at (269,48) size 1x0
              RenderText {#text} at (165,53) size 137x21
                text run at (165,53) width 137: "should be the height"
              RenderBR {BR} at (301,69) size 1x0
              RenderText {#text} at (200,74) size 67x21
                text run at (200,74) width 67: "of this cell"
            RenderTableCell {TD} at (467,21) size 45x64 [bgcolor=#006000] [border: (1px inset #808080)] [r=0 c=1 rs=1 cs=1]
              RenderText {#text} at (11,11) size 23x42
                text run at (11,11) width 23: "TD"
                text run at (14,32) width 17: "#2"
            RenderTableCell {TD} at (512,21) size 45x64 [bgcolor=#00FFFF] [border: (1px inset #808080)] [r=0 c=2 rs=1 cs=1]
              RenderText {#text} at (11,11) size 23x42
                text run at (11,11) width 23: "TD"
                text run at (14,32) width 17: "#3"
            RenderTableCell {TD} at (557,21) size 45x64 [bgcolor=#0000FF] [border: (1px inset #808080)] [r=0 c=3 rs=1 cs=1]
              RenderText {#text} at (11,11) size 23x42
                text run at (11,11) width 23: "TD"
                text run at (14,32) width 17: "#4"
            RenderTableCell {TD} at (602,21) size 45x64 [bgcolor=#008000] [border: (1px inset #808080)] [r=0 c=4 rs=1 cs=1]
              RenderText {#text} at (11,11) size 23x42
                text run at (11,11) width 23: "TD"
                text run at (14,32) width 17: "#5"
            RenderTableCell {TD} at (647,21) size 45x64 [bgcolor=#000080] [border: (1px inset #808080)] [r=0 c=5 rs=1 cs=1]
              RenderText {#text} at (11,11) size 23x42
                text run at (11,11) width 23: "TD"
                text run at (14,32) width 17: "#6"
            RenderTableCell {TD} at (692,21) size 45x64 [bgcolor=#CACACA] [border: (1px inset #808080)] [r=0 c=6 rs=1 cs=1]
              RenderText {#text} at (11,11) size 23x42
                text run at (11,11) width 23: "TD"
                text run at (14,32) width 17: "#7"
            RenderTableCell {TD} at (737,21) size 45x64 [bgcolor=#000000] [border: (1px inset #808080)] [r=0 c=7 rs=1 cs=1]
              RenderInline {FONT} at (0,0) size 23x42 [color=#FFFFFF]
                RenderText {#text} at (11,11) size 23x42
                  text run at (11,11) width 23: "TD"
                  text run at (14,32) width 17: "#8"
