layer at (0,0) size 800x600
  RenderView at (0,0) size 800x600
layer at (0,0) size 800x600
  RenderBlock {HTML} at (0,0) size 800x600
    RenderBody {BODY} at (8,8) size 784x584
      RenderBlock {P} at (0,0) size 784x42
        RenderText {#text} at (0,0) size 184x21
          text run at (0,0) width 184: "This is a regression test for "
        RenderInline {I} at (0,0) size 775x42
          RenderInline {A} at (0,0) size 352x21 [color=#0000EE]
            RenderText {#text} at (184,0) size 352x21
              text run at (184,0) width 352: "http://bugzilla.opendarwin.org/show_bug.cgi?id=9652"
          RenderText {#text} at (536,0) size 775x42
            text run at (536,0) width 4: " "
            text run at (540,0) width 235: "Assertion failure when changing an"
            text run at (0,21) width 195: "RTL table cell to display:none"
        RenderText {#text} at (195,21) size 4x21
          text run at (195,21) width 4: "."
      RenderBlock {HR} at (0,58) size 784x2 [border: (1px inset #000000)]
      RenderBlock {P} at (0,76) size 784x21
        RenderText {#text} at (0,0) size 273x21
          text run at (0,0) width 273: "No assertion failure means TEST PASS."
      RenderTable {TABLE} at (0,113) size 54x29 [border: (1px solid #008000)]
        RenderTableSection {TBODY} at (1,1) size 52x27
          RenderTableRow {TR} at (0,2) size 52x23
            RenderTableCell {TD} at (2,2) size 48x23 [r=0 c=0 rs=1 cs=1]
              RenderText {#text} at (1,1) size 46x21
                text run at (1,1) width 46: "Lorem"
