layer at (0,0) size 784x661
  RenderView at (0,0) size 784x600
layer at (0,0) size 784x661
  RenderBlock {HTML} at (0,0) size 784x661
    RenderBody {BODY} at (8,10) size 768x643
      RenderTable {TABLE} at (10,0) size 126x108 [border: (1px solid #000000)]
        RenderTableSection {THEAD} at (1,1) size 124x27
          RenderTableRow {TR} at (0,2) size 124x23
            RenderTableCell {TD} at (2,2) size 59x23 [r=0 c=0 rs=1 cs=1]
              RenderText {#text} at (1,1) size 48x21
                text run at (1,1) width 48: "Head 1"
            RenderTableCell {TD} at (63,2) size 59x23 [r=0 c=1 rs=1 cs=1]
              RenderText {#text} at (1,1) size 48x21
                text run at (1,1) width 48: "Head 2"
        RenderTableSection {TFOOT} at (1,80) size 124x27
          RenderTableRow {TR} at (0,2) size 124x23
            RenderTableCell {TD} at (2,2) size 59x23 [r=0 c=0 rs=1 cs=1]
              RenderText {#text} at (1,1) size 57x21
                text run at (1,1) width 57: "Footer 1"
            RenderTableCell {TD} at (63,2) size 59x23 [r=0 c=1 rs=1 cs=1]
              RenderText {#text} at (1,1) size 57x21
                text run at (1,1) width 57: "Footer 2"
        RenderTableSection {TBODY} at (1,28) size 124x52
          RenderTableRow {TR} at (0,2) size 124x23
            RenderTableCell {TD} at (2,2) size 59x23 [r=0 c=0 rs=1 cs=1]
              RenderText {#text} at (1,1) size 39x21
                text run at (1,1) width 39: "Cell 1"
            RenderTableCell {TD} at (63,2) size 59x23 [r=0 c=1 rs=1 cs=1]
              RenderText {#text} at (1,1) size 39x21
                text run at (1,1) width 39: "Cell 2"
          RenderTableRow {TR} at (0,27) size 124x23
            RenderTableCell {TD} at (2,27) size 59x23 [r=1 c=0 rs=1 cs=1]
              RenderText {#text} at (1,1) size 39x21
                text run at (1,1) width 39: "Cell 3"
            RenderTableCell {TD} at (63,27) size 59x23 [r=1 c=1 rs=1 cs=1]
              RenderText {#text} at (1,1) size 39x21
                text run at (1,1) width 39: "Cell 4"
      RenderBlock {P} at (0,124) size 768x21
        RenderText {#text} at (0,0) size 236x21
          text run at (0,0) width 236: "Row groups have display:table-cell"
      RenderTable {TABLE} at (10,161) size 246x68 [border: (1px solid #000000)]
        RenderTableSection (anonymous) at (1,1) size 244x35
          RenderTableRow (anonymous) at (0,2) size 244x31
            RenderTableCell {THEAD} at (2,2) size 110x31 [r=0 c=0 rs=1 cs=1]
              RenderTable at (0,0) size 110x31
                RenderTableSection (anonymous) at (0,0) size 110x31
                  RenderTableRow (anonymous) at (0,2) size 110x27
                    RenderTableCell {TR} at (2,2) size 106x27 [r=0 c=0 rs=1 cs=1]
                      RenderTable at (0,0) size 106x27
                        RenderTableSection (anonymous) at (0,0) size 106x27
                          RenderTableRow (anonymous) at (0,2) size 106x23
                            RenderTableCell {TD} at (2,2) size 50x23 [r=0 c=0 rs=1 cs=1]
                              RenderText {#text} at (1,1) size 48x21
                                text run at (1,1) width 48: "Head 1"
                            RenderTableCell {TD} at (54,2) size 50x23 [r=0 c=1 rs=1 cs=1]
                              RenderText {#text} at (1,1) size 48x21
                                text run at (1,1) width 48: "Head 2"
            RenderTableCell {TFOOT} at (114,2) size 128x31 [r=0 c=1 rs=1 cs=1]
              RenderTable at (0,0) size 128x31
                RenderTableSection (anonymous) at (0,0) size 128x31
                  RenderTableRow (anonymous) at (0,2) size 128x27
                    RenderTableCell {TR} at (2,2) size 124x27 [r=0 c=0 rs=1 cs=1]
                      RenderTable at (0,0) size 124x27
                        RenderTableSection (anonymous) at (0,0) size 124x27
                          RenderTableRow (anonymous) at (0,2) size 124x23
                            RenderTableCell {TD} at (2,2) size 59x23 [r=0 c=0 rs=1 cs=1]
                              RenderText {#text} at (1,1) size 57x21
                                text run at (1,1) width 57: "Footer 1"
                            RenderTableCell {TD} at (63,2) size 59x23 [r=0 c=1 rs=1 cs=1]
                              RenderText {#text} at (1,1) size 57x21
                                text run at (1,1) width 57: "Footer 2"
        RenderTableSection {TBODY} at (1,36) size 244x31
          RenderTableRow (anonymous) at (0,2) size 244x27
            RenderTableCell {TR} at (2,2) size 110x27 [r=0 c=0 rs=1 cs=1]
              RenderTable at (0,0) size 88x27
                RenderTableSection (anonymous) at (0,0) size 88x27
                  RenderTableRow (anonymous) at (0,2) size 88x23
                    RenderTableCell {TD} at (2,2) size 41x23 [r=0 c=0 rs=1 cs=1]
                      RenderText {#text} at (1,1) size 39x21
                        text run at (1,1) width 39: "Cell 1"
                    RenderTableCell {TD} at (45,2) size 41x23 [r=0 c=1 rs=1 cs=1]
                      RenderText {#text} at (1,1) size 39x21
                        text run at (1,1) width 39: "Cell 2"
            RenderTableCell {TR} at (114,2) size 128x27 [r=0 c=1 rs=1 cs=1]
              RenderTable at (0,0) size 88x27
                RenderTableSection (anonymous) at (0,0) size 88x27
                  RenderTableRow (anonymous) at (0,2) size 88x23
                    RenderTableCell {TD} at (2,2) size 41x23 [r=0 c=0 rs=1 cs=1]
                      RenderText {#text} at (1,1) size 39x21
                        text run at (1,1) width 39: "Cell 3"
                    RenderTableCell {TD} at (45,2) size 41x23 [r=0 c=1 rs=1 cs=1]
                      RenderText {#text} at (1,1) size 39x21
                        text run at (1,1) width 39: "Cell 4"
      RenderBlock {P} at (0,245) size 768x21
        RenderText {#text} at (0,0) size 213x21
          text run at (0,0) width 213: "Row groups have display:block"
      RenderTable {TABLE} at (10,282) size 130x118 [border: (1px solid #000000)]
        RenderTableSection (anonymous) at (1,1) size 128x58
          RenderTableRow (anonymous) at (0,2) size 128x54
            RenderTableCell (anonymous) at (2,2) size 124x54 [r=0 c=0 rs=1 cs=1]
              RenderBlock {THEAD} at (0,0) size 124x27
                RenderBlock {TR} at (0,0) size 124x27
                  RenderTable at (0,0) size 106x27
                    RenderTableSection (anonymous) at (0,0) size 106x27
                      RenderTableRow (anonymous) at (0,2) size 106x23
                        RenderTableCell {TD} at (2,2) size 50x23 [r=0 c=0 rs=1 cs=1]
                          RenderText {#text} at (1,1) size 48x21
                            text run at (1,1) width 48: "Head 1"
                        RenderTableCell {TD} at (54,2) size 50x23 [r=0 c=1 rs=1 cs=1]
                          RenderText {#text} at (1,1) size 48x21
                            text run at (1,1) width 48: "Head 2"
              RenderBlock {TFOOT} at (0,27) size 124x27
                RenderBlock {TR} at (0,0) size 124x27
                  RenderTable at (0,0) size 124x27
                    RenderTableSection (anonymous) at (0,0) size 124x27
                      RenderTableRow (anonymous) at (0,2) size 124x23
                        RenderTableCell {TD} at (2,2) size 59x23 [r=0 c=0 rs=1 cs=1]
                          RenderText {#text} at (1,1) size 57x21
                            text run at (1,1) width 57: "Footer 1"
                        RenderTableCell {TD} at (63,2) size 59x23 [r=0 c=1 rs=1 cs=1]
                          RenderText {#text} at (1,1) size 57x21
                            text run at (1,1) width 57: "Footer 2"
        RenderTableSection {TBODY} at (1,59) size 128x58
          RenderTableRow (anonymous) at (0,2) size 128x54
            RenderTableCell (anonymous) at (2,2) size 124x54 [r=0 c=0 rs=1 cs=1]
              RenderBlock {TR} at (0,0) size 124x27
                RenderTable at (0,0) size 88x27
                  RenderTableSection (anonymous) at (0,0) size 88x27
                    RenderTableRow (anonymous) at (0,2) size 88x23
                      RenderTableCell {TD} at (2,2) size 41x23 [r=0 c=0 rs=1 cs=1]
                        RenderText {#text} at (1,1) size 39x21
                          text run at (1,1) width 39: "Cell 1"
                      RenderTableCell {TD} at (45,2) size 41x23 [r=0 c=1 rs=1 cs=1]
                        RenderText {#text} at (1,1) size 39x21
                          text run at (1,1) width 39: "Cell 2"
              RenderBlock {TR} at (0,27) size 124x27
                RenderTable at (0,0) size 88x27
                  RenderTableSection (anonymous) at (0,0) size 88x27
                    RenderTableRow (anonymous) at (0,2) size 88x23
                      RenderTableCell {TD} at (2,2) size 41x23 [r=0 c=0 rs=1 cs=1]
                        RenderText {#text} at (1,1) size 39x21
                          text run at (1,1) width 39: "Cell 3"
                      RenderTableCell {TD} at (45,2) size 41x23 [r=0 c=1 rs=1 cs=1]
                        RenderText {#text} at (1,1) size 39x21
                          text run at (1,1) width 39: "Cell 4"
      RenderTable at (0,410) size 302x233
        RenderTableSection (anonymous) at (0,0) size 302x233
          RenderTableRow (anonymous) at (0,0) size 302x233
            RenderTableCell {P} at (0,0) size 302x233 [border: (1px solid #000000)] [r=0 c=0 rs=1 cs=1]
              RenderText {#text} at (1,1) size 297x231
                text run at (1,1) width 272: "Lorem ipsum dolor sit amet, consectetur"
                text run at (1,22) width 260: "adipisicing elit, sed do eiusmod tempor"
                text run at (1,43) width 297: "incididunt ut labore et dolore magna aliqua."
                text run at (1,64) width 268: "Ut enim ad minim veniam, quis nostrud"
                text run at (1,85) width 282: "exercitation ullamco laboris nisi ut aliquip"
                text run at (1,106) width 286: "ex ea commodo consequat. Duis aute irure"
                text run at (1,127) width 297: "dolor in reprehenderit in voluptate velit esse"
                text run at (1,148) width 254: "cillum dolore eu fugiat nulla pariatur."
                text run at (1,169) width 257: "Excepteur sint occaecat cupidatat non"
                text run at (1,190) width 287: "proident, sunt in culpa qui officia deserunt"
                text run at (1,211) width 181: "mollit anim id est laborum."
