layer at (0,0) size 800x600
  RenderView at (0,0) size 800x600
layer at (0,0) size 800x565
  RenderBlock {HTML} at (0,0) size 800x565
    RenderBody {BODY} at (8,10) size 784x547
      RenderBlock {TABLE} at (10,0) size 764x108 [border: (1px solid #000000)]
        RenderTable at (1,1) size 124x106
          RenderTableSection {THEAD} at (0,0) size 124x27
            RenderTableRow {TR} at (0,2) size 124x23
              RenderTableCell {TD} at (2,2) size 59x23 [r=0 c=0 rs=1 cs=1]
                RenderText {#text} at (1,1) size 48x21
                  text run at (1,1) width 48: "Head 1"
              RenderTableCell {TD} at (63,2) size 59x23 [r=0 c=1 rs=1 cs=1]
                RenderText {#text} at (1,1) size 48x21
                  text run at (1,1) width 48: "Head 2"
          RenderTableSection {TFOOT} at (0,79) size 124x27
            RenderTableRow {TR} at (0,2) size 124x23
              RenderTableCell {TD} at (2,2) size 59x23 [r=0 c=0 rs=1 cs=1]
                RenderText {#text} at (1,1) size 57x21
                  text run at (1,1) width 57: "Footer 1"
              RenderTableCell {TD} at (63,2) size 59x23 [r=0 c=1 rs=1 cs=1]
                RenderText {#text} at (1,1) size 57x21
                  text run at (1,1) width 57: "Footer 2"
          RenderTableSection {TBODY} at (0,27) size 124x52
            RenderTableRow {TR} at (0,2) size 124x23
              RenderTableCell {TD} at (2,2) size 59x23 [r=0 c=0 rs=1 cs=1]
                RenderText {#text} at (1,1) size 39x21
                  text run at (1,1) width 39: "Cell 1"
              RenderTableCell {TD} at (63,2) size 59x23 [r=0 c=1 rs=1 cs=1]
                RenderText {#text} at (1,1) size 39x21
                  text run at (1,1) width 39: "Cell 2"
            RenderTableRow {TR} at (0,27) size 124x23
              RenderTableCell {TD} at (2,27) size 59x23 [r=1 c=0 rs=1 cs=1]
                RenderText {#text} at (1,1) size 39x21
                  text run at (1,1) width 39: "Cell 3"
              RenderTableCell {TD} at (63,27) size 59x23 [r=1 c=1 rs=1 cs=1]
                RenderText {#text} at (1,1) size 39x21
                  text run at (1,1) width 39: "Cell 4"
      RenderBlock {TABLE} at (10,118) size 764x62 [border: (1px solid #000000)]
        RenderTable at (1,1) size 232x60
          RenderTableSection (anonymous) at (0,0) size 232x32
            RenderTableRow (anonymous) at (0,2) size 232x28
              RenderTableCell {THEAD} at (2,2) size 104x28 [r=0 c=0 rs=1 cs=1]
                RenderTable at (0,0) size 104x28
                  RenderTableSection (anonymous) at (0,0) size 104x28
                    RenderTableRow (anonymous) at (0,2) size 104x24
                      RenderTableCell {TR} at (2,2) size 100x24 [r=0 c=0 rs=1 cs=1]
                        RenderInline {TD} at (0,0) size 50x23
                          RenderText {#text} at (1,3) size 48x21
                            text run at (1,3) width 48: "Head 1"
                        RenderInline {TD} at (0,0) size 50x23
                          RenderText {#text} at (51,3) size 48x21
                            text run at (51,3) width 48: "Head 2"
              RenderTableCell {TFOOT} at (108,2) size 122x28 [r=0 c=1 rs=1 cs=1]
                RenderTable at (0,0) size 122x28
                  RenderTableSection (anonymous) at (0,0) size 122x28
                    RenderTableRow (anonymous) at (0,2) size 122x24
                      RenderTableCell {TR} at (2,2) size 118x24 [r=0 c=0 rs=1 cs=1]
                        RenderInline {TD} at (0,0) size 59x23
                          RenderText {#text} at (1,3) size 57x21
                            text run at (1,3) width 57: "Footer 1"
                        RenderInline {TD} at (0,0) size 59x23
                          RenderText {#text} at (60,3) size 57x21
                            text run at (60,3) width 57: "Footer 2"
          RenderTableSection {TBODY} at (0,32) size 232x28
            RenderTableRow (anonymous) at (0,2) size 232x24
              RenderTableCell {TR} at (2,2) size 104x24 [r=0 c=0 rs=1 cs=1]
                RenderInline {TD} at (0,0) size 41x23
                  RenderText {#text} at (1,3) size 39x21
                    text run at (1,3) width 39: "Cell 1"
                RenderInline {TD} at (0,0) size 41x23
                  RenderText {#text} at (42,3) size 39x21
                    text run at (42,3) width 39: "Cell 2"
              RenderTableCell {TR} at (108,2) size 122x24 [r=0 c=1 rs=1 cs=1]
                RenderInline {TD} at (0,0) size 41x23
                  RenderText {#text} at (1,3) size 39x21
                    text run at (1,3) width 39: "Cell 3"
                RenderInline {TD} at (0,0) size 41x23
                  RenderText {#text} at (42,3) size 39x21
                    text run at (42,3) width 39: "Cell 4"
      RenderBlock {TABLE} at (10,190) size 764x114 [border: (1px solid #000000)]
        RenderBlock {THEAD} at (1,1) size 762x27
          RenderBlock {TR} at (0,0) size 762x27
            RenderTable at (0,0) size 106x27
              RenderTableSection (anonymous) at (0,0) size 106x27
                RenderTableRow (anonymous) at (0,2) size 106x23
                  RenderTableCell {TD} at (2,2) size 50x23 [r=0 c=0 rs=1 cs=1]
                    RenderText {#text} at (1,1) size 48x21
                      text run at (1,1) width 48: "Head 1"
                  RenderTableCell {TD} at (54,2) size 50x23 [r=0 c=1 rs=1 cs=1]
                    RenderText {#text} at (1,1) size 48x21
                      text run at (1,1) width 48: "Head 2"
        RenderBlock {TFOOT} at (1,28) size 762x27
          RenderBlock {TR} at (0,0) size 762x27
            RenderTable at (0,0) size 124x27
              RenderTableSection (anonymous) at (0,0) size 124x27
                RenderTableRow (anonymous) at (0,2) size 124x23
                  RenderTableCell {TD} at (2,2) size 59x23 [r=0 c=0 rs=1 cs=1]
                    RenderText {#text} at (1,1) size 57x21
                      text run at (1,1) width 57: "Footer 1"
                  RenderTableCell {TD} at (63,2) size 59x23 [r=0 c=1 rs=1 cs=1]
                    RenderText {#text} at (1,1) size 57x21
                      text run at (1,1) width 57: "Footer 2"
        RenderTable at (1,55) size 92x58
          RenderTableSection {TBODY} at (0,0) size 92x58
            RenderTableRow (anonymous) at (0,2) size 92x54
              RenderTableCell (anonymous) at (2,2) size 88x54 [r=0 c=0 rs=1 cs=1]
                RenderBlock {TR} at (0,0) size 88x27
                  RenderTable at (0,0) size 88x27
                    RenderTableSection (anonymous) at (0,0) size 88x27
                      RenderTableRow (anonymous) at (0,2) size 88x23
                        RenderTableCell {TD} at (2,2) size 41x23 [r=0 c=0 rs=1 cs=1]
                          RenderText {#text} at (1,1) size 39x21
                            text run at (1,1) width 39: "Cell 1"
                        RenderTableCell {TD} at (45,2) size 41x23 [r=0 c=1 rs=1 cs=1]
                          RenderText {#text} at (1,1) size 39x21
                            text run at (1,1) width 39: "Cell 2"
                RenderBlock {TR} at (0,27) size 88x27
                  RenderTable at (0,0) size 88x27
                    RenderTableSection (anonymous) at (0,0) size 88x27
                      RenderTableRow (anonymous) at (0,2) size 88x23
                        RenderTableCell {TD} at (2,2) size 41x23 [r=0 c=0 rs=1 cs=1]
                          RenderText {#text} at (1,1) size 39x21
                            text run at (1,1) width 39: "Cell 3"
                        RenderTableCell {TD} at (45,2) size 41x23 [r=0 c=1 rs=1 cs=1]
                          RenderText {#text} at (1,1) size 39x21
                            text run at (1,1) width 39: "Cell 4"
      RenderTable at (0,314) size 302x233
        RenderTableSection (anonymous) at (0,0) size 302x233
          RenderTableRow (anonymous) at (0,0) size 302x233
            RenderTableCell {P} at (0,0) size 302x233 [border: (1px solid #000000)] [r=0 c=0 rs=1 cs=1]
              RenderText {#text} at (1,1) size 297x231
                text run at (1,1) width 272: "Lorem ipsum dolor sit amet, consectetur"
                text run at (1,22) width 260: "adipisicing elit, sed do eiusmod tempor"
                text run at (1,43) width 297: "incididunt ut labore et dolore magna aliqua."
                text run at (1,64) width 268: "Ut enim ad minim veniam, quis nostrud"
                text run at (1,85) width 282: "exercitation ullamco laboris nisi ut aliquip"
                text run at (1,106) width 286: "ex ea commodo consequat. Duis aute irure"
                text run at (1,127) width 297: "dolor in reprehenderit in voluptate velit esse"
                text run at (1,148) width 254: "cillum dolore eu fugiat nulla pariatur."
                text run at (1,169) width 257: "Excepteur sint occaecat cupidatat non"
                text run at (1,190) width 287: "proident, sunt in culpa qui officia deserunt"
                text run at (1,211) width 181: "mollit anim id est laborum."
