layer at (0,0) size 784x1398
  RenderView at (0,0) size 784x600
layer at (0,0) size 784x1398
  RenderBlock {HTML} at (0,0) size 784x1398
    RenderBody {BODY} at (8,8) size 768x1382
      RenderBlock {H1} at (0,0) size 768x37
        RenderText {#text} at (0,0) size 397x36
          text run at (0,0) width 397: "Example 6: Table Stress Test"
      RenderBlock {PRE} at (0,58) size 768x15 [color=#FF0000]
        RenderText {#text} at (0,0) size 272x15
          text run at (0,0) width 272: "Resize document for maximum effect"
      RenderBlock (anonymous) at (0,86) size 768x19
        RenderBR {BR} at (0,0) size 0x19
      RenderBlock {H2} at (0,124) size 768x28
        RenderText {#text} at (0,0) size 501x28
          text run at (0,0) width 501: "Auto-width tables with spans nested 8 levels deep"
      RenderTable {TABLE} at (0,171) size 768x381 [bgcolor=#FF0000] [border: (1px outset #808080)]
        RenderTableSection {TBODY} at (1,1) size 766x379
          RenderTableRow {TR} at (0,2) size 766x23
            RenderTableCell {TD} at (2,2) size 30x23 [border: (1px inset #808080)] [r=0 c=0 rs=1 cs=1]
              RenderText {#text} at (2,2) size 26x19
                text run at (2,2) width 26: "Cell"
            RenderTableCell {TD} at (34,2) size 730x350 [border: (1px inset #808080)] [r=0 c=1 rs=2 cs=2]
              RenderTable {TABLE} at (2,2) size 726x346 [bgcolor=#ADD8E6] [border: (1px outset #808080)]
                RenderTableSection {TBODY} at (1,1) size 724x344
                  RenderTableRow {TR} at (0,2) size 724x23
                    RenderTableCell {TD} at (2,2) size 30x23 [border: (1px inset #808080)] [r=0 c=0 rs=1 cs=1]
                      RenderText {#text} at (2,2) size 26x19
                        text run at (2,2) width 26: "Cell"
                    RenderTableCell {TD} at (34,2) size 688x315 [border: (1px inset #808080)] [r=0 c=1 rs=2 cs=2]
                      RenderTable {TABLE} at (2,2) size 684x311 [bgcolor=#90EE90] [border: (1px outset #808080)]
                        RenderTableSection {TBODY} at (1,1) size 682x309
                          RenderTableRow {TR} at (0,2) size 682x23
                            RenderTableCell {TD} at (2,2) size 30x23 [border: (1px inset #808080)] [r=0 c=0 rs=1 cs=1]
                              RenderText {#text} at (2,2) size 26x19
                                text run at (2,2) width 26: "Cell"
                            RenderTableCell {TD} at (34,2) size 646x280 [border: (1px inset #808080)] [r=0 c=1 rs=2 cs=2]
                              RenderTable {TABLE} at (2,2) size 642x276 [border: (1px outset #808080)]
                                RenderTableSection {TBODY} at (1,1) size 640x274
                                  RenderTableRow {TR} at (0,2) size 640x23
                                    RenderTableCell {TD} at (2,2) size 30x23 [border: (1px inset #808080)] [r=0 c=0 rs=1 cs=1]
                                      RenderText {#text} at (2,2) size 26x19
                                        text run at (2,2) width 26: "Cell"
                                    RenderTableCell {TD} at (34,2) size 604x245 [border: (1px inset #808080)] [r=0 c=1 rs=2 cs=2]
                                      RenderTable {TABLE} at (2,2) size 600x241 [bgcolor=#FFA500] [border: (1px outset #808080)]
                                        RenderTableSection {TBODY} at (1,1) size 598x239
                                          RenderTableRow {TR} at (0,2) size 598x23
                                            RenderTableCell {TD} at (2,2) size 30x23 [border: (1px inset #808080)] [r=0 c=0 rs=1 cs=1]
                                              RenderText {#text} at (2,2) size 26x19
                                                text run at (2,2) width 26: "Cell"
                                            RenderTableCell {TD} at (34,2) size 562x210 [border: (1px inset #808080)] [r=0 c=1 rs=2 cs=2]
                                              RenderTable {TABLE} at (2,2) size 558x206 [bgcolor=#FF0000] [border: (1px outset #808080)]
                                                RenderTableSection {TBODY} at (1,1) size 556x204
                                                  RenderTableRow {TR} at (0,2) size 556x23
                                                    RenderTableCell {TD} at (2,2) size 30x23 [border: (1px inset #808080)] [r=0 c=0 rs=1 cs=1]
                                                      RenderText {#text} at (2,2) size 26x19
                                                        text run at (2,2) width 26: "Cell"
                                                    RenderTableCell {TD} at (34,2) size 520x156 [border: (1px inset #808080)] [r=0 c=1 rs=2 cs=2]
                                                      RenderTable {TABLE} at (2,2) size 516x152 [bgcolor=#ADD8E6] [border: (1px outset #808080)]
                                                        RenderTableSection {TBODY} at (1,1) size 514x150
                                                          RenderTableRow {TR} at (0,2) size 514x23
                                                            RenderTableCell {TD} at (2,2) size 30x23 [border: (1px inset #808080)] [r=0 c=0 rs=1 cs=1]
                                                              RenderText {#text} at (2,2) size 26x19
                                                                text run at (2,2) width 26: "Cell"
                                                            RenderTableCell {TD} at (34,2) size 478x102 [border: (1px inset #808080)] [r=0 c=1 rs=2 cs=2]
                                                              RenderTable {TABLE} at (2,2) size 474x98 [bgcolor=#90EE90] [border: (1px outset #808080)]
                                                                RenderTableSection {TBODY} at (1,1) size 472x96
                                                                  RenderTableRow {TR} at (0,2) size 472x23
                                                                    RenderTableCell {TD} at (2,2) size 30x23 [border: (1px inset #808080)] [r=0 c=0 rs=1 cs=1]
                                                                      RenderText {#text} at (2,2) size 26x19
                                                                        text run at (2,2) width 26: "Cell"
                                                                    RenderTableCell {TD} at (34,5) size 436x42 [border: (1px inset #808080)] [r=0 c=1 rs=2 cs=2]
                                                                      RenderText {#text} at (2,2) size 390x38
                                                                        text run at (2,2) width 390: "Cell, and stuff to test out table cell layout. This should be long"
                                                                        text run at (2,21) width 118: "enough for testing."
                                                                  RenderTableRow {TR} at (0,27) size 472x23
                                                                    RenderTableCell {TD} at (2,27) size 30x23 [border: (1px inset #808080)] [r=1 c=0 rs=1 cs=1]
                                                                      RenderText {#text} at (2,2) size 26x19
                                                                        text run at (2,2) width 26: "Cell"
                                                                  RenderTableRow {TR} at (0,52) size 472x42
                                                                    RenderTableCell {TD} at (2,61) size 30x23 [border: (1px inset #808080)] [r=2 c=0 rs=1 cs=1]
                                                                      RenderText {#text} at (2,2) size 26x19
                                                                        text run at (2,2) width 26: "Cell"
                                                                    RenderTableCell {TD} at (34,52) size 404x42 [border: (1px inset #808080)] [r=2 c=1 rs=1 cs=1]
                                                                      RenderText {#text} at (2,2) size 390x38
                                                                        text run at (2,2) width 390: "Cell, and stuff to test out table cell layout. This should be long"
                                                                        text run at (2,21) width 118: "enough for testing."
                                                                    RenderTableCell {TD} at (440,61) size 30x23 [border: (1px inset #808080)] [r=2 c=2 rs=1 cs=1]
                                                                      RenderText {#text} at (2,2) size 26x19
                                                                        text run at (2,2) width 26: "Cell"
                                                          RenderTableRow {TR} at (0,27) size 514x77
                                                            RenderTableCell {TD} at (2,54) size 30x23 [border: (1px inset #808080)] [r=1 c=0 rs=1 cs=1]
                                                              RenderText {#text} at (2,2) size 26x19
                                                                text run at (2,2) width 26: "Cell"
                                                          RenderTableRow {TR} at (0,106) size 514x42
                                                            RenderTableCell {TD} at (2,115) size 30x23 [border: (1px inset #808080)] [r=2 c=0 rs=1 cs=1]
                                                              RenderText {#text} at (2,2) size 26x19
                                                                text run at (2,2) width 26: "Cell"
                                                            RenderTableCell {TD} at (34,106) size 446x42 [border: (1px inset #808080)] [r=2 c=1 rs=1 cs=1]
                                                              RenderText {#text} at (2,2) size 441x38
                                                                text run at (2,2) width 394: "Cell, and stuff to test out table cell layout. This should be long "
                                                                text run at (396,2) width 47: "enough"
                                                                text run at (2,21) width 67: "for testing."
                                                            RenderTableCell {TD} at (482,115) size 30x23 [border: (1px inset #808080)] [r=2 c=2 rs=1 cs=1]
                                                              RenderText {#text} at (2,2) size 26x19
                                                                text run at (2,2) width 26: "Cell"
                                                  RenderTableRow {TR} at (0,27) size 556x131
                                                    RenderTableCell {TD} at (2,81) size 30x23 [border: (1px inset #808080)] [r=1 c=0 rs=1 cs=1]
                                                      RenderText {#text} at (2,2) size 26x19
                                                        text run at (2,2) width 26: "Cell"
                                                  RenderTableRow {TR} at (0,160) size 556x42
                                                    RenderTableCell {TD} at (2,169) size 30x23 [border: (1px inset #808080)] [r=2 c=0 rs=1 cs=1]
                                                      RenderText {#text} at (2,2) size 26x19
                                                        text run at (2,2) width 26: "Cell"
                                                    RenderTableCell {TD} at (34,160) size 488x42 [border: (1px inset #808080)] [r=2 c=1 rs=1 cs=1]
                                                      RenderText {#text} at (2,2) size 463x38
                                                        text run at (2,2) width 394: "Cell, and stuff to test out table cell layout. This should be long "
                                                        text run at (396,2) width 69: "enough for"
                                                        text run at (2,21) width 45: "testing."
                                                    RenderTableCell {TD} at (524,169) size 30x23 [border: (1px inset #808080)] [r=2 c=2 rs=1 cs=1]
                                                      RenderText {#text} at (2,2) size 26x19
                                                        text run at (2,2) width 26: "Cell"
                                          RenderTableRow {TR} at (0,27) size 598x185
                                            RenderTableCell {TD} at (2,108) size 30x23 [border: (1px inset #808080)] [r=1 c=0 rs=1 cs=1]
                                              RenderText {#text} at (2,2) size 26x19
                                                text run at (2,2) width 26: "Cell"
                                          RenderTableRow {TR} at (0,214) size 598x23
                                            RenderTableCell {TD} at (2,214) size 30x23 [border: (1px inset #808080)] [r=2 c=0 rs=1 cs=1]
                                              RenderText {#text} at (2,2) size 26x19
                                                text run at (2,2) width 26: "Cell"
                                            RenderTableCell {TD} at (34,214) size 529x23 [border: (1px inset #808080)] [r=2 c=1 rs=1 cs=1]
                                              RenderText {#text} at (2,2) size 512x19
                                                text run at (2,2) width 394: "Cell, and stuff to test out table cell layout. This should be long "
                                                text run at (396,2) width 118: "enough for testing."
                                            RenderTableCell {TD} at (565,214) size 31x23 [border: (1px inset #808080)] [r=2 c=2 rs=1 cs=1]
                                              RenderText {#text} at (2,2) size 26x19
                                                text run at (2,2) width 26: "Cell"
                                  RenderTableRow {TR} at (0,27) size 640x220
                                    RenderTableCell {TD} at (2,125) size 30x23 [border: (1px inset #808080)] [r=1 c=0 rs=1 cs=1]
                                      RenderText {#text} at (2,2) size 26x19
                                        text run at (2,2) width 26: "Cell"
                                  RenderTableRow {TR} at (0,249) size 640x23
                                    RenderTableCell {TD} at (2,249) size 30x23 [border: (1px inset #808080)] [r=2 c=0 rs=1 cs=1]
                                      RenderText {#text} at (2,2) size 26x19
                                        text run at (2,2) width 26: "Cell"
                                    RenderTableCell {TD} at (34,249) size 568x23 [border: (1px inset #808080)] [r=2 c=1 rs=1 cs=1]
                                      RenderText {#text} at (2,2) size 512x19
                                        text run at (2,2) width 394: "Cell, and stuff to test out table cell layout. This should be long "
                                        text run at (396,2) width 118: "enough for testing."
                                    RenderTableCell {TD} at (604,249) size 34x23 [border: (1px inset #808080)] [r=2 c=2 rs=1 cs=1]
                                      RenderText {#text} at (2,2) size 26x19
                                        text run at (2,2) width 26: "Cell"
                          RenderTableRow {TR} at (0,27) size 682x255
                            RenderTableCell {TD} at (2,143) size 30x23 [border: (1px inset #808080)] [r=1 c=0 rs=1 cs=1]
                              RenderText {#text} at (2,2) size 26x19
                                text run at (2,2) width 26: "Cell"
                          RenderTableRow {TR} at (0,284) size 682x23
                            RenderTableCell {TD} at (2,284) size 30x23 [border: (1px inset #808080)] [r=2 c=0 rs=1 cs=1]
                              RenderText {#text} at (2,2) size 26x19
                                text run at (2,2) width 26: "Cell"
                            RenderTableCell {TD} at (34,284) size 608x23 [border: (1px inset #808080)] [r=2 c=1 rs=1 cs=1]
                              RenderText {#text} at (2,2) size 512x19
                                text run at (2,2) width 394: "Cell, and stuff to test out table cell layout. This should be long "
                                text run at (396,2) width 118: "enough for testing."
                            RenderTableCell {TD} at (644,284) size 36x23 [border: (1px inset #808080)] [r=2 c=2 rs=1 cs=1]
                              RenderText {#text} at (2,2) size 26x19
                                text run at (2,2) width 26: "Cell"
                  RenderTableRow {TR} at (0,27) size 724x290
                    RenderTableCell {TD} at (2,160) size 30x23 [border: (1px inset #808080)] [r=1 c=0 rs=1 cs=1]
                      RenderText {#text} at (2,2) size 26x19
                        text run at (2,2) width 26: "Cell"
                  RenderTableRow {TR} at (0,319) size 724x23
                    RenderTableCell {TD} at (2,319) size 30x23 [border: (1px inset #808080)] [r=2 c=0 rs=1 cs=1]
                      RenderText {#text} at (2,2) size 26x19
                        text run at (2,2) width 26: "Cell"
                    RenderTableCell {TD} at (34,319) size 648x23 [border: (1px inset #808080)] [r=2 c=1 rs=1 cs=1]
                      RenderText {#text} at (2,2) size 512x19
                        text run at (2,2) width 394: "Cell, and stuff to test out table cell layout. This should be long "
                        text run at (396,2) width 118: "enough for testing."
                    RenderTableCell {TD} at (684,319) size 38x23 [border: (1px inset #808080)] [r=2 c=2 rs=1 cs=1]
                      RenderText {#text} at (2,2) size 26x19
                        text run at (2,2) width 26: "Cell"
          RenderTableRow {TR} at (0,27) size 766x325
            RenderTableCell {TD} at (2,178) size 30x23 [border: (1px inset #808080)] [r=1 c=0 rs=1 cs=1]
              RenderText {#text} at (2,2) size 26x19
                text run at (2,2) width 26: "Cell"
          RenderTableRow {TR} at (0,354) size 766x23
            RenderTableCell {TD} at (2,354) size 30x23 [border: (1px inset #808080)] [r=2 c=0 rs=1 cs=1]
              RenderText {#text} at (2,2) size 26x19
                text run at (2,2) width 26: "Cell"
            RenderTableCell {TD} at (34,354) size 687x23 [border: (1px inset #808080)] [r=2 c=1 rs=1 cs=1]
              RenderText {#text} at (2,2) size 512x19
                text run at (2,2) width 394: "Cell, and stuff to test out table cell layout. This should be long "
                text run at (396,2) width 118: "enough for testing."
            RenderTableCell {TD} at (723,354) size 41x23 [border: (1px inset #808080)] [r=2 c=2 rs=1 cs=1]
              RenderText {#text} at (2,2) size 26x19
                text run at (2,2) width 26: "Cell"
      RenderBlock (anonymous) at (0,552) size 768x19
        RenderBR {BR} at (0,0) size 0x19
      RenderBlock {H2} at (0,590) size 768x28
        RenderText {#text} at (0,0) size 396x28
          text run at (0,0) width 396: "100% width tables nested 6 levels deep"
      RenderTable {TABLE} at (0,637) size 768x745 [bgcolor=#FFFF00] [border: (1px outset #808080)]
        RenderTableSection {TBODY} at (1,1) size 766x743
          RenderTableRow {TR} at (0,2) size 766x23
            RenderTableCell {TD} at (2,2) size 610x23 [border: (1px inset #808080)] [r=0 c=0 rs=1 cs=1]
              RenderText {#text} at (2,2) size 53x19
                text run at (2,2) width 53: "Cell one"
            RenderTableCell {TD} at (614,2) size 74x23 [border: (1px inset #808080)] [r=0 c=1 rs=1 cs=1]
              RenderText {#text} at (2,2) size 34x19
                text run at (2,2) width 34: "Cell2"
            RenderTableCell {TD} at (690,2) size 74x23 [border: (1px inset #808080)] [r=0 c=2 rs=1 cs=1]
              RenderText {#text} at (2,2) size 38x19
                text run at (2,2) width 38: "Cell 3"
          RenderTableRow {TR} at (0,27) size 766x23
            RenderTableCell {TD} at (2,27) size 610x23 [border: (1px inset #808080)] [r=1 c=0 rs=1 cs=1]
              RenderText {#text} at (2,2) size 38x19
                text run at (2,2) width 38: "Cell 4"
            RenderTableCell {TD} at (614,27) size 74x23 [border: (1px inset #808080)] [r=1 c=1 rs=1 cs=1]
              RenderText {#text} at (2,2) size 38x19
                text run at (2,2) width 38: "Cell 5"
            RenderTableCell {TD} at (690,27) size 74x23 [border: (1px inset #808080)] [r=1 c=2 rs=1 cs=1]
              RenderText {#text} at (2,2) size 38x19
                text run at (2,2) width 38: "Cell 6"
          RenderTableRow {TR} at (0,52) size 766x689
            RenderTableCell {TD} at (2,52) size 610x689 [border: (1px inset #808080)] [r=2 c=0 rs=1 cs=1]
              RenderTable {TABLE} at (2,2) size 606x666 [bgcolor=#D3D3D3]
                RenderTableSection {TBODY} at (0,0) size 606x666
                  RenderTableRow {TR} at (0,2) size 606x21
                    RenderTableCell {TD} at (2,2) size 17x21 [r=0 c=0 rs=1 cs=1]
                      RenderText {#text} at (1,1) size 8x19
                        text run at (1,1) width 8: "1"
                    RenderTableCell {TD} at (21,2) size 563x21 [r=0 c=1 rs=1 cs=1]
                      RenderText {#text} at (1,1) size 8x19
                        text run at (1,1) width 8: "2"
                    RenderTableCell {TD} at (586,2) size 18x21 [r=0 c=2 rs=1 cs=1]
                      RenderText {#text} at (1,1) size 8x19
                        text run at (1,1) width 8: "3"
                  RenderTableRow {TR} at (0,25) size 606x616
                    RenderTableCell {TD} at (2,322) size 17x21 [r=1 c=0 rs=1 cs=1]
                      RenderText {#text} at (1,1) size 8x19
                        text run at (1,1) width 8: "4"
                    RenderTableCell {TD} at (21,25) size 563x616 [r=1 c=1 rs=1 cs=1]
                      RenderTable {TABLE} at (1,1) size 561x595 [bgcolor=#ADD8E6] [border: (1px outset #808080)]
                        RenderTableSection {TBODY} at (1,1) size 559x593
                          RenderTableRow {TR} at (0,2) size 559x539
                            RenderTableCell {TD} at (2,260) size 21x23 [border: (1px inset #808080)] [r=0 c=0 rs=1 cs=1]
                              RenderText {#text} at (2,2) size 8x19
                                text run at (2,2) width 8: "1"
                            RenderTableCell {TD} at (25,2) size 508x539 [border: (1px inset #808080)] [r=0 c=1 rs=1 cs=1]
                              RenderTable {TABLE} at (2,2) size 504x516 [bgcolor=#FF0000] [border: (1px outset #808080)]
                                RenderTableSection {TBODY} at (1,1) size 502x514
                                  RenderTableRow {TR} at (0,2) size 502x23
                                    RenderTableCell {TD} at (2,2) size 22x23 [border: (1px inset #808080)] [r=0 c=0 rs=1 cs=1]
                                      RenderText {#text} at (2,2) size 8x19
                                        text run at (2,2) width 8: "1"
                                    RenderTableCell {TD} at (26,2) size 22x23 [border: (1px inset #808080)] [r=0 c=1 rs=1 cs=1]
                                      RenderText {#text} at (2,2) size 8x19
                                        text run at (2,2) width 8: "2"
                                    RenderTableCell {TD} at (50,2) size 401x23 [border: (1px inset #808080)] [r=0 c=2 rs=1 cs=1]
                                      RenderText {#text} at (2,2) size 8x19
                                        text run at (2,2) width 8: "3"
                                    RenderTableCell {TD} at (453,2) size 22x23 [border: (1px inset #808080)] [r=0 c=3 rs=1 cs=1]
                                      RenderText {#text} at (2,2) size 8x19
                                        text run at (2,2) width 8: "4"
                                    RenderTableCell {TD} at (477,2) size 23x23 [border: (1px inset #808080)] [r=0 c=4 rs=1 cs=1]
                                      RenderText {#text} at (2,2) size 8x19
                                        text run at (2,2) width 8: "5"
                                  RenderTableRow {TR} at (0,27) size 502x410
                                    RenderTableCell {TD} at (2,220) size 22x23 [border: (1px inset #808080)] [r=1 c=0 rs=1 cs=1]
                                      RenderText {#text} at (2,2) size 8x19
                                        text run at (2,2) width 8: "6"
                                    RenderTableCell {TD} at (26,220) size 22x23 [border: (1px inset #808080)] [r=1 c=1 rs=1 cs=1]
                                      RenderText {#text} at (2,2) size 8x19
                                        text run at (2,2) width 8: "7"
                                    RenderTableCell {TD} at (50,27) size 401x410 [border: (1px inset #808080)] [r=1 c=2 rs=1 cs=1]
                                      RenderTable {TABLE} at (2,2) size 397x387 [bgcolor=#008000] [border: (1px outset #808080)]
                                        RenderTableSection {TBODY} at (1,1) size 395x385
                                          RenderTableRow {TR} at (0,2) size 395x23
                                            RenderTableCell {TD} at (2,2) size 23x23 [border: (1px inset #808080)] [r=0 c=0 rs=1 cs=1]
                                              RenderText {#text} at (2,2) size 7x19
                                                text run at (2,2) width 7: "a"
                                            RenderTableCell {TD} at (27,2) size 23x23 [border: (1px inset #808080)] [r=0 c=1 rs=1 cs=1]
                                              RenderText {#text} at (2,2) size 8x19
                                                text run at (2,2) width 8: "b"
                                            RenderTableCell {TD} at (52,2) size 289x23 [border: (1px inset #808080)] [r=0 c=2 rs=1 cs=1]
                                              RenderText {#text} at (2,2) size 7x19
                                                text run at (2,2) width 7: "c"
                                            RenderTableCell {TD} at (343,2) size 24x23 [border: (1px inset #808080)] [r=0 c=3 rs=1 cs=1]
                                              RenderText {#text} at (2,2) size 8x19
                                                text run at (2,2) width 8: "d"
                                            RenderTableCell {TD} at (369,2) size 24x23 [border: (1px inset #808080)] [r=0 c=4 rs=1 cs=1]
                                              RenderText {#text} at (2,2) size 7x19
                                                text run at (2,2) width 7: "e"
                                          RenderTableRow {TR} at (0,27) size 395x23
                                            RenderTableCell {TD} at (2,27) size 23x23 [border: (1px inset #808080)] [r=1 c=0 rs=1 cs=1]
                                              RenderText {#text} at (2,2) size 5x19
                                                text run at (2,2) width 5: "f"
                                            RenderTableCell {TD} at (27,27) size 23x23 [border: (1px inset #808080)] [r=1 c=1 rs=1 cs=1]
                                              RenderText {#text} at (2,2) size 8x19
                                                text run at (2,2) width 8: "g"
                                            RenderTableCell {TD} at (52,27) size 289x23 [border: (1px inset #808080)] [r=1 c=2 rs=1 cs=1]
                                              RenderText {#text} at (2,2) size 8x19
                                                text run at (2,2) width 8: "h"
                                            RenderTableCell {TD} at (343,27) size 24x23 [border: (1px inset #808080)] [r=1 c=3 rs=1 cs=1]
                                              RenderText {#text} at (2,2) size 4x19
                                                text run at (2,2) width 4: "i"
                                            RenderTableCell {TD} at (369,27) size 24x23 [border: (1px inset #808080)] [r=1 c=4 rs=1 cs=1]
                                              RenderText {#text} at (2,2) size 4x19
                                                text run at (2,2) width 4: "j"
                                          RenderTableRow {TR} at (0,52) size 395x281
                                            RenderTableCell {TD} at (2,181) size 23x23 [border: (1px inset #808080)] [r=2 c=0 rs=1 cs=1]
                                              RenderText {#text} at (2,2) size 8x19
                                                text run at (2,2) width 8: "k"
                                            RenderTableCell {TD} at (27,181) size 23x23 [border: (1px inset #808080)] [r=2 c=1 rs=1 cs=1]
                                              RenderText {#text} at (2,2) size 4x19
                                                text run at (2,2) width 4: "l"
                                            RenderTableCell {TD} at (52,52) size 289x281 [border: (1px inset #808080)] [r=2 c=2 rs=1 cs=1]
                                              RenderTable {TABLE} at (2,2) size 285x258 [bgcolor=#800080] [border: (1px outset #808080)]
                                                RenderTableSection {TBODY} at (1,1) size 283x256
                                                  RenderTableRow {TR} at (0,2) size 283x23
                                                    RenderTableCell {TD} at (2,2) size 25x23 [border: (1px inset #808080)] [r=0 c=0 rs=1 cs=1]
                                                      RenderText {#text} at (2,2) size 7x19
                                                        text run at (2,2) width 7: "a"
                                                    RenderTableCell {TD} at (29,2) size 25x23 [border: (1px inset #808080)] [r=0 c=1 rs=1 cs=1]
                                                      RenderText {#text} at (2,2) size 8x19
                                                        text run at (2,2) width 8: "b"
                                                    RenderTableCell {TD} at (56,2) size 170x23 [border: (1px inset #808080)] [r=0 c=2 rs=1 cs=1]
                                                      RenderText {#text} at (2,2) size 7x19
                                                        text run at (2,2) width 7: "c"
                                                    RenderTableCell {TD} at (228,2) size 25x23 [border: (1px inset #808080)] [r=0 c=3 rs=1 cs=1]
                                                      RenderText {#text} at (2,2) size 8x19
                                                        text run at (2,2) width 8: "d"
                                                    RenderTableCell {TD} at (255,2) size 26x23 [border: (1px inset #808080)] [r=0 c=4 rs=1 cs=1]
                                                      RenderText {#text} at (2,2) size 7x19
                                                        text run at (2,2) width 7: "e"
                                                  RenderTableRow {TR} at (0,27) size 283x23
                                                    RenderTableCell {TD} at (2,27) size 25x23 [border: (1px inset #808080)] [r=1 c=0 rs=1 cs=1]
                                                      RenderText {#text} at (2,2) size 5x19
                                                        text run at (2,2) width 5: "f"
                                                    RenderTableCell {TD} at (29,27) size 25x23 [border: (1px inset #808080)] [r=1 c=1 rs=1 cs=1]
                                                      RenderText {#text} at (2,2) size 8x19
                                                        text run at (2,2) width 8: "g"
                                                    RenderTableCell {TD} at (56,27) size 170x23 [border: (1px inset #808080)] [r=1 c=2 rs=1 cs=1]
                                                      RenderText {#text} at (2,2) size 8x19
                                                        text run at (2,2) width 8: "h"
                                                    RenderTableCell {TD} at (228,27) size 25x23 [border: (1px inset #808080)] [r=1 c=3 rs=1 cs=1]
                                                      RenderText {#text} at (2,2) size 4x19
                                                        text run at (2,2) width 4: "i"
                                                    RenderTableCell {TD} at (255,27) size 26x23 [border: (1px inset #808080)] [r=1 c=4 rs=1 cs=1]
                                                      RenderText {#text} at (2,2) size 4x19
                                                        text run at (2,2) width 4: "j"
                                                  RenderTableRow {TR} at (0,52) size 283x152
                                                    RenderTableCell {TD} at (2,116) size 25x23 [border: (1px inset #808080)] [r=2 c=0 rs=1 cs=1]
                                                      RenderText {#text} at (2,2) size 8x19
                                                        text run at (2,2) width 8: "k"
                                                    RenderTableCell {TD} at (29,116) size 25x23 [border: (1px inset #808080)] [r=2 c=1 rs=1 cs=1]
                                                      RenderText {#text} at (2,2) size 4x19
                                                        text run at (2,2) width 4: "l"
                                                    RenderTableCell {TD} at (56,52) size 170x152 [border: (1px inset #808080)] [r=2 c=2 rs=1 cs=1]
                                                      RenderTable {TABLE} at (2,2) size 166x129 [bgcolor=#FFA500] [border: (1px outset #808080)]
                                                        RenderTableSection {TBODY} at (1,1) size 164x127
                                                          RenderTableRow {TR} at (0,2) size 164x23
                                                            RenderTableCell {TD} at (2,2) size 28x23 [border: (1px inset #808080)] [r=0 c=0 rs=1 cs=1]
                                                              RenderText {#text} at (2,2) size 7x19
                                                                text run at (2,2) width 7: "a"
                                                            RenderTableCell {TD} at (32,2) size 28x23 [border: (1px inset #808080)] [r=0 c=1 rs=1 cs=1]
                                                              RenderText {#text} at (2,2) size 8x19
                                                                text run at (2,2) width 8: "b"
                                                            RenderTableCell {TD} at (62,2) size 38x23 [border: (1px inset #808080)] [r=0 c=2 rs=1 cs=1]
                                                              RenderText {#text} at (2,2) size 7x19
                                                                text run at (2,2) width 7: "c"
                                                            RenderTableCell {TD} at (102,2) size 29x23 [border: (1px inset #808080)] [r=0 c=3 rs=1 cs=1]
                                                              RenderText {#text} at (2,2) size 8x19
                                                                text run at (2,2) width 8: "d"
                                                            RenderTableCell {TD} at (133,2) size 29x23 [border: (1px inset #808080)] [r=0 c=4 rs=1 cs=1]
                                                              RenderText {#text} at (2,2) size 7x19
                                                                text run at (2,2) width 7: "e"
                                                          RenderTableRow {TR} at (0,27) size 164x23
                                                            RenderTableCell {TD} at (2,27) size 28x23 [border: (1px inset #808080)] [r=1 c=0 rs=1 cs=1]
                                                              RenderText {#text} at (2,2) size 5x19
                                                                text run at (2,2) width 5: "f"
                                                            RenderTableCell {TD} at (32,27) size 28x23 [border: (1px inset #808080)] [r=1 c=1 rs=1 cs=1]
                                                              RenderText {#text} at (2,2) size 8x19
                                                                text run at (2,2) width 8: "g"
                                                            RenderTableCell {TD} at (62,27) size 38x23 [border: (1px inset #808080)] [r=1 c=2 rs=1 cs=1]
                                                              RenderText {#text} at (2,2) size 8x19
                                                                text run at (2,2) width 8: "h"
                                                            RenderTableCell {TD} at (102,27) size 29x23 [border: (1px inset #808080)] [r=1 c=3 rs=1 cs=1]
                                                              RenderText {#text} at (2,2) size 4x19
                                                                text run at (2,2) width 4: "i"
                                                            RenderTableCell {TD} at (133,27) size 29x23 [border: (1px inset #808080)] [r=1 c=4 rs=1 cs=1]
                                                              RenderText {#text} at (2,2) size 4x19
                                                                text run at (2,2) width 4: "j"
                                                          RenderTableRow {TR} at (0,52) size 164x23
                                                            RenderTableCell {TD} at (2,52) size 28x23 [border: (1px inset #808080)] [r=2 c=0 rs=1 cs=1]
                                                              RenderText {#text} at (2,2) size 8x19
                                                                text run at (2,2) width 8: "k"
                                                            RenderTableCell {TD} at (32,52) size 28x23 [border: (1px inset #808080)] [r=2 c=1 rs=1 cs=1]
                                                              RenderText {#text} at (2,2) size 4x19
                                                                text run at (2,2) width 4: "l"
                                                            RenderTableCell {TD} at (62,52) size 38x23 [border: (1px inset #808080)] [r=2 c=2 rs=1 cs=1]
                                                              RenderText {#text} at (2,2) size 12x19
                                                                text run at (2,2) width 12: "m"
                                                            RenderTableCell {TD} at (102,52) size 29x23 [border: (1px inset #808080)] [r=2 c=3 rs=1 cs=1]
                                                              RenderText {#text} at (2,2) size 8x19
                                                                text run at (2,2) width 8: "n"
                                                            RenderTableCell {TD} at (133,52) size 29x23 [border: (1px inset #808080)] [r=2 c=4 rs=1 cs=1]
                                                              RenderText {#text} at (2,2) size 8x19
                                                                text run at (2,2) width 8: "o"
                                                          RenderTableRow {TR} at (0,77) size 164x23
                                                            RenderTableCell {TD} at (2,77) size 28x23 [border: (1px inset #808080)] [r=3 c=0 rs=1 cs=1]
                                                              RenderText {#text} at (2,2) size 8x19
                                                                text run at (2,2) width 8: "p"
                                                            RenderTableCell {TD} at (32,77) size 28x23 [border: (1px inset #808080)] [r=3 c=1 rs=1 cs=1]
                                                              RenderText {#text} at (2,2) size 8x19
                                                                text run at (2,2) width 8: "q"
                                                            RenderTableCell {TD} at (62,77) size 38x23 [border: (1px inset #808080)] [r=3 c=2 rs=1 cs=1]
                                                              RenderText {#text} at (2,2) size 5x19
                                                                text run at (2,2) width 5: "r"
                                                            RenderTableCell {TD} at (102,77) size 29x23 [border: (1px inset #808080)] [r=3 c=3 rs=1 cs=1]
                                                              RenderText {#text} at (2,2) size 6x19
                                                                text run at (2,2) width 6: "s"
                                                            RenderTableCell {TD} at (133,77) size 29x23 [border: (1px inset #808080)] [r=3 c=4 rs=1 cs=1]
                                                              RenderText {#text} at (2,2) size 4x19
                                                                text run at (2,2) width 4: "t"
                                                          RenderTableRow {TR} at (0,102) size 164x23
                                                            RenderTableCell {TD} at (2,102) size 28x23 [border: (1px inset #808080)] [r=4 c=0 rs=1 cs=1]
                                                              RenderText {#text} at (2,2) size 8x19
                                                                text run at (2,2) width 8: "u"
                                                            RenderTableCell {TD} at (32,102) size 28x23 [border: (1px inset #808080)] [r=4 c=1 rs=1 cs=1]
                                                              RenderText {#text} at (2,2) size 8x19
                                                                text run at (2,2) width 8: "v"
                                                            RenderTableCell {TD} at (62,102) size 38x23 [border: (1px inset #808080)] [r=4 c=2 rs=1 cs=1]
                                                              RenderText {#text} at (2,2) size 12x19
                                                                text run at (2,2) width 12: "w"
                                                            RenderTableCell {TD} at (102,102) size 29x23 [border: (1px inset #808080)] [r=4 c=3 rs=1 cs=1]
                                                              RenderText {#text} at (2,2) size 8x19
                                                                text run at (2,2) width 8: "x"
                                                            RenderTableCell {TD} at (133,102) size 29x23 [border: (1px inset #808080)] [r=4 c=4 rs=1 cs=1]
                                                              RenderText {#text} at (2,2) size 8x19
                                                                text run at (2,2) width 8: "y"
                                                      RenderBlock (anonymous) at (2,131) size 166x19
                                                        RenderText {#text} at (0,0) size 4x19
                                                          text run at (0,0) width 4: " "
                                                    RenderTableCell {TD} at (228,116) size 25x23 [border: (1px inset #808080)] [r=2 c=3 rs=1 cs=1]
                                                      RenderText {#text} at (2,2) size 8x19
                                                        text run at (2,2) width 8: "n"
                                                    RenderTableCell {TD} at (255,116) size 26x23 [border: (1px inset #808080)] [r=2 c=4 rs=1 cs=1]
                                                      RenderText {#text} at (2,2) size 8x19
                                                        text run at (2,2) width 8: "o"
                                                  RenderTableRow {TR} at (0,206) size 283x23
                                                    RenderTableCell {TD} at (2,206) size 25x23 [border: (1px inset #808080)] [r=3 c=0 rs=1 cs=1]
                                                      RenderText {#text} at (2,2) size 8x19
                                                        text run at (2,2) width 8: "p"
                                                    RenderTableCell {TD} at (29,206) size 25x23 [border: (1px inset #808080)] [r=3 c=1 rs=1 cs=1]
                                                      RenderText {#text} at (2,2) size 8x19
                                                        text run at (2,2) width 8: "q"
                                                    RenderTableCell {TD} at (56,206) size 170x23 [border: (1px inset #808080)] [r=3 c=2 rs=1 cs=1]
                                                      RenderText {#text} at (2,2) size 5x19
                                                        text run at (2,2) width 5: "r"
                                                    RenderTableCell {TD} at (228,206) size 25x23 [border: (1px inset #808080)] [r=3 c=3 rs=1 cs=1]
                                                      RenderText {#text} at (2,2) size 6x19
                                                        text run at (2,2) width 6: "s"
                                                    RenderTableCell {TD} at (255,206) size 26x23 [border: (1px inset #808080)] [r=3 c=4 rs=1 cs=1]
                                                      RenderText {#text} at (2,2) size 4x19
                                                        text run at (2,2) width 4: "t"
                                                  RenderTableRow {TR} at (0,231) size 283x23
                                                    RenderTableCell {TD} at (2,231) size 25x23 [border: (1px inset #808080)] [r=4 c=0 rs=1 cs=1]
                                                      RenderText {#text} at (2,2) size 8x19
                                                        text run at (2,2) width 8: "u"
                                                    RenderTableCell {TD} at (29,231) size 25x23 [border: (1px inset #808080)] [r=4 c=1 rs=1 cs=1]
                                                      RenderText {#text} at (2,2) size 8x19
                                                        text run at (2,2) width 8: "v"
                                                    RenderTableCell {TD} at (56,231) size 170x23 [border: (1px inset #808080)] [r=4 c=2 rs=1 cs=1]
                                                      RenderText {#text} at (2,2) size 12x19
                                                        text run at (2,2) width 12: "w"
                                                    RenderTableCell {TD} at (228,231) size 25x23 [border: (1px inset #808080)] [r=4 c=3 rs=1 cs=1]
                                                      RenderText {#text} at (2,2) size 8x19
                                                        text run at (2,2) width 8: "x"
                                                    RenderTableCell {TD} at (255,231) size 26x23 [border: (1px inset #808080)] [r=4 c=4 rs=1 cs=1]
                                                      RenderText {#text} at (2,2) size 8x19
                                                        text run at (2,2) width 8: "y"
                                              RenderBlock (anonymous) at (2,260) size 285x19
                                                RenderText {#text} at (0,0) size 4x19
                                                  text run at (0,0) width 4: " "
                                            RenderTableCell {TD} at (343,181) size 24x23 [border: (1px inset #808080)] [r=2 c=3 rs=1 cs=1]
                                              RenderText {#text} at (2,2) size 8x19
                                                text run at (2,2) width 8: "n"
                                            RenderTableCell {TD} at (369,181) size 24x23 [border: (1px inset #808080)] [r=2 c=4 rs=1 cs=1]
                                              RenderText {#text} at (2,2) size 8x19
                                                text run at (2,2) width 8: "o"
                                          RenderTableRow {TR} at (0,335) size 395x23
                                            RenderTableCell {TD} at (2,335) size 23x23 [border: (1px inset #808080)] [r=3 c=0 rs=1 cs=1]
                                              RenderText {#text} at (2,2) size 8x19
                                                text run at (2,2) width 8: "p"
                                            RenderTableCell {TD} at (27,335) size 23x23 [border: (1px inset #808080)] [r=3 c=1 rs=1 cs=1]
                                              RenderText {#text} at (2,2) size 8x19
                                                text run at (2,2) width 8: "q"
                                            RenderTableCell {TD} at (52,335) size 289x23 [border: (1px inset #808080)] [r=3 c=2 rs=1 cs=1]
                                              RenderText {#text} at (2,2) size 5x19
                                                text run at (2,2) width 5: "r"
                                            RenderTableCell {TD} at (343,335) size 24x23 [border: (1px inset #808080)] [r=3 c=3 rs=1 cs=1]
                                              RenderText {#text} at (2,2) size 6x19
                                                text run at (2,2) width 6: "s"
                                            RenderTableCell {TD} at (369,335) size 24x23 [border: (1px inset #808080)] [r=3 c=4 rs=1 cs=1]
                                              RenderText {#text} at (2,2) size 4x19
                                                text run at (2,2) width 4: "t"
                                          RenderTableRow {TR} at (0,360) size 395x23
                                            RenderTableCell {TD} at (2,360) size 23x23 [border: (1px inset #808080)] [r=4 c=0 rs=1 cs=1]
                                              RenderText {#text} at (2,2) size 8x19
                                                text run at (2,2) width 8: "u"
                                            RenderTableCell {TD} at (27,360) size 23x23 [border: (1px inset #808080)] [r=4 c=1 rs=1 cs=1]
                                              RenderText {#text} at (2,2) size 8x19
                                                text run at (2,2) width 8: "v"
                                            RenderTableCell {TD} at (52,360) size 289x23 [border: (1px inset #808080)] [r=4 c=2 rs=1 cs=1]
                                              RenderText {#text} at (2,2) size 12x19
                                                text run at (2,2) width 12: "w"
                                            RenderTableCell {TD} at (343,360) size 24x23 [border: (1px inset #808080)] [r=4 c=3 rs=1 cs=1]
                                              RenderText {#text} at (2,2) size 8x19
                                                text run at (2,2) width 8: "x"
                                            RenderTableCell {TD} at (369,360) size 24x23 [border: (1px inset #808080)] [r=4 c=4 rs=1 cs=1]
                                              RenderText {#text} at (2,2) size 8x19
                                                text run at (2,2) width 8: "y"
                                      RenderBlock (anonymous) at (2,389) size 397x19
                                        RenderText {#text} at (0,0) size 4x19
                                          text run at (0,0) width 4: " "
                                    RenderTableCell {TD} at (453,220) size 22x23 [border: (1px inset #808080)] [r=1 c=3 rs=1 cs=1]
                                      RenderText {#text} at (2,2) size 8x19
                                        text run at (2,2) width 8: "9"
                                    RenderTableCell {TD} at (477,220) size 23x23 [border: (1px inset #808080)] [r=1 c=4 rs=1 cs=1]
                                      RenderText {#text} at (2,2) size 8x19
                                        text run at (2,2) width 8: "0"
                                  RenderTableRow {TR} at (0,439) size 502x23
                                    RenderTableCell {TD} at (2,439) size 22x23 [border: (1px inset #808080)] [r=2 c=0 rs=1 cs=1]
                                      RenderText {#text} at (2,2) size 7x19
                                        text run at (2,2) width 7: "a"
                                    RenderTableCell {TD} at (26,439) size 22x23 [border: (1px inset #808080)] [r=2 c=1 rs=1 cs=1]
                                      RenderText {#text} at (2,2) size 8x19
                                        text run at (2,2) width 8: "b"
                                    RenderTableCell {TD} at (50,439) size 401x23 [border: (1px inset #808080)] [r=2 c=2 rs=1 cs=1]
                                      RenderText {#text} at (2,2) size 7x19
                                        text run at (2,2) width 7: "c"
                                    RenderTableCell {TD} at (453,439) size 22x23 [border: (1px inset #808080)] [r=2 c=3 rs=1 cs=1]
                                      RenderText {#text} at (2,2) size 8x19
                                        text run at (2,2) width 8: "d"
                                    RenderTableCell {TD} at (477,439) size 23x23 [border: (1px inset #808080)] [r=2 c=4 rs=1 cs=1]
                                      RenderText {#text} at (2,2) size 7x19
                                        text run at (2,2) width 7: "e"
                                  RenderTableRow {TR} at (0,464) size 502x23
                                    RenderTableCell {TD} at (2,464) size 22x23 [border: (1px inset #808080)] [r=3 c=0 rs=1 cs=1]
                                      RenderText {#text} at (2,2) size 5x19
                                        text run at (2,2) width 5: "f"
                                    RenderTableCell {TD} at (26,464) size 22x23 [border: (1px inset #808080)] [r=3 c=1 rs=1 cs=1]
                                      RenderText {#text} at (2,2) size 8x19
                                        text run at (2,2) width 8: "g"
                                    RenderTableCell {TD} at (50,464) size 401x23 [border: (1px inset #808080)] [r=3 c=2 rs=1 cs=1]
                                      RenderText {#text} at (2,2) size 8x19
                                        text run at (2,2) width 8: "h"
                                    RenderTableCell {TD} at (453,464) size 22x23 [border: (1px inset #808080)] [r=3 c=3 rs=1 cs=1]
                                      RenderText {#text} at (2,2) size 4x19
                                        text run at (2,2) width 4: "i"
                                    RenderTableCell {TD} at (477,464) size 23x23 [border: (1px inset #808080)] [r=3 c=4 rs=1 cs=1]
                                      RenderText {#text} at (2,2) size 4x19
                                        text run at (2,2) width 4: "j"
                                  RenderTableRow {TR} at (0,489) size 502x23
                                    RenderTableCell {TD} at (2,489) size 22x23 [border: (1px inset #808080)] [r=4 c=0 rs=1 cs=1]
                                      RenderText {#text} at (2,2) size 8x19
                                        text run at (2,2) width 8: "k"
                                    RenderTableCell {TD} at (26,489) size 22x23 [border: (1px inset #808080)] [r=4 c=1 rs=1 cs=1]
                                      RenderText {#text} at (2,2) size 4x19
                                        text run at (2,2) width 4: "l"
                                    RenderTableCell {TD} at (50,489) size 401x23 [border: (1px inset #808080)] [r=4 c=2 rs=1 cs=1]
                                      RenderText {#text} at (2,2) size 12x19
                                        text run at (2,2) width 12: "m"
                                    RenderTableCell {TD} at (453,489) size 22x23 [border: (1px inset #808080)] [r=4 c=3 rs=1 cs=1]
                                      RenderText {#text} at (2,2) size 8x19
                                        text run at (2,2) width 8: "n"
                                    RenderTableCell {TD} at (477,489) size 23x23 [border: (1px inset #808080)] [r=4 c=4 rs=1 cs=1]
                                      RenderText {#text} at (2,2) size 8x19
                                        text run at (2,2) width 8: "o"
                              RenderBlock (anonymous) at (2,518) size 504x19
                                RenderText {#text} at (0,0) size 4x19
                                  text run at (0,0) width 4: " "
                            RenderTableCell {TD} at (535,260) size 22x23 [border: (1px inset #808080)] [r=0 c=2 rs=1 cs=1]
                              RenderText {#text} at (2,2) size 8x19
                                text run at (2,2) width 8: "3"
                          RenderTableRow {TR} at (0,543) size 559x23
                            RenderTableCell {TD} at (2,543) size 21x23 [border: (1px inset #808080)] [r=1 c=0 rs=1 cs=1]
                              RenderText {#text} at (2,2) size 8x19
                                text run at (2,2) width 8: "4"
                            RenderTableCell {TD} at (25,543) size 508x23 [border: (1px inset #808080)] [r=1 c=1 rs=1 cs=1]
                              RenderText {#text} at (2,2) size 8x19
                                text run at (2,2) width 8: "5"
                            RenderTableCell {TD} at (535,543) size 22x23 [border: (1px inset #808080)] [r=1 c=2 rs=1 cs=1]
                              RenderText {#text} at (2,2) size 8x19
                                text run at (2,2) width 8: "6"
                          RenderTableRow {TR} at (0,568) size 559x23
                            RenderTableCell {TD} at (2,568) size 21x23 [border: (1px inset #808080)] [r=2 c=0 rs=1 cs=1]
                              RenderText {#text} at (2,2) size 8x19
                                text run at (2,2) width 8: "7"
                            RenderTableCell {TD} at (25,568) size 508x23 [border: (1px inset #808080)] [r=2 c=1 rs=1 cs=1]
                              RenderText {#text} at (2,2) size 8x19
                                text run at (2,2) width 8: "8"
                            RenderTableCell {TD} at (535,568) size 22x23 [border: (1px inset #808080)] [r=2 c=2 rs=1 cs=1]
                              RenderText {#text} at (2,2) size 8x19
                                text run at (2,2) width 8: "9"
                      RenderBlock (anonymous) at (1,596) size 561x19
                        RenderText {#text} at (0,0) size 4x19
                          text run at (0,0) width 4: " "
                    RenderTableCell {TD} at (586,322) size 18x21 [r=1 c=2 rs=1 cs=1]
                      RenderText {#text} at (1,1) size 8x19
                        text run at (1,1) width 8: "6"
                  RenderTableRow {TR} at (0,643) size 606x21
                    RenderTableCell {TD} at (2,643) size 17x21 [r=2 c=0 rs=1 cs=1]
                      RenderText {#text} at (1,1) size 8x19
                        text run at (1,1) width 8: "7"
                    RenderTableCell {TD} at (21,643) size 563x21 [r=2 c=1 rs=1 cs=1]
                      RenderText {#text} at (1,1) size 8x19
                        text run at (1,1) width 8: "8"
                    RenderTableCell {TD} at (586,643) size 18x21 [r=2 c=2 rs=1 cs=1]
                      RenderText {#text} at (1,1) size 8x19
                        text run at (1,1) width 8: "9"
              RenderBlock (anonymous) at (2,668) size 606x19
                RenderText {#text} at (0,0) size 4x19
                  text run at (0,0) width 4: " "
            RenderTableCell {TD} at (614,385) size 74x23 [border: (1px inset #808080)] [r=2 c=1 rs=1 cs=1]
              RenderText {#text} at (2,2) size 8x19
                text run at (2,2) width 8: "8"
            RenderTableCell {TD} at (690,385) size 74x23 [border: (1px inset #808080)] [r=2 c=2 rs=1 cs=1]
              RenderText {#text} at (2,2) size 8x19
                text run at (2,2) width 8: "9"
