layer at (0,0) size 800x600
  RenderView at (0,0) size 800x600
layer at (0,0) size 800x600
  RenderBlock {HTML} at (0,0) size 800x600
    RenderBody {BODY} at (8,8) size 784x584
      RenderBlock {P} at (0,0) size 784x57
        RenderText {#text} at (0,0) size 571x19
          text run at (0,0) width 571: "This tests that bidirectional text is correctly rendered in popup controls."
        RenderBR {BR} at (571,15) size 0x0
        RenderText {#text} at (0,19) size 780x38
          text run at (0,19) width 780: "The order of the text below each popup button should match the order of the select's option text,"
          text run at (0,38) width 359: "and the order of the text in the popup menu."
      RenderBlock (anonymous) at (0,73) size 784x50
        RenderText {#text} at (0,0) size 344x19
          text run at (0,0) width 344: "1) direction: rtl; -webkit-rtl-ordering: logical"
        RenderBR {BR} at (344,15) size 0x0
        RenderMenuList {SELECT} at (0,21) size 100x27 [bgcolor=#FFFFFF] [border: (1px solid #000000)]
          RenderBlock (anonymous) at (1,1) size 98x25
            RenderText at (23,3) size 85x19
              text run at (23,3) width 26: "abc"
              text run at (49,3) width 59 RTL: "\x{5D0}\x{5E4}\x{5E8}\x{5E1}\x{5DE}\x{5D5}\x{5DF}"
        RenderBR {BR} at (100,40) size 0x0
      RenderBlock {DIV} at (0,123) size 100x19
        RenderText {#text} at (0,0) size 88x19
          text run at (0,0) width 29: "abc"
          text run at (29,0) width 59 RTL: "\x{5D0}\x{5E4}\x{5E8}\x{5E1}\x{5DE}\x{5D5}\x{5DF}"
      RenderBlock (anonymous) at (0,142) size 784x69
        RenderBR {BR} at (0,0) size 0x19
        RenderText {#text} at (0,19) size 143x19
          text run at (0,19) width 143: "2) text-align: right"
        RenderBR {BR} at (143,34) size 0x0
        RenderMenuList {SELECT} at (0,40) size 200x27 [bgcolor=#FFFFFF] [border: (1px solid #000000)]
          RenderBlock (anonymous) at (1,1) size 198x25
            RenderText at (3,3) size 85x19
              text run at (3,3) width 26: "abc"
              text run at (29,3) width 59 RTL: "\x{5D0}\x{5E4}\x{5E8}\x{5E1}\x{5DE}\x{5D5}\x{5DF}"
        RenderBR {BR} at (200,59) size 0x0
      RenderBlock {DIV} at (0,211) size 200x19
        RenderText {#text} at (0,0) size 88x19
          text run at (0,0) width 29: "abc"
          text run at (29,0) width 59 RTL: "\x{5D0}\x{5E4}\x{5E8}\x{5E1}\x{5DE}\x{5D5}\x{5DF}"
      RenderBlock (anonymous) at (0,230) size 784x69
        RenderBR {BR} at (0,0) size 0x19
        RenderText {#text} at (0,19) size 85x19
          text run at (0,19) width 85: "3) No style"
        RenderBR {BR} at (85,34) size 0x0
        RenderMenuList {SELECT} at (0,40) size 100x27 [bgcolor=#FFFFFF] [border: (1px solid #000000)]
          RenderBlock (anonymous) at (1,1) size 98x25
            RenderText at (3,3) size 85x19
              text run at (3,3) width 26: "abc"
              text run at (29,3) width 59 RTL: "\x{5D0}\x{5E4}\x{5E8}\x{5E1}\x{5DE}\x{5D5}\x{5DF}"
        RenderBR {BR} at (100,59) size 0x0
      RenderBlock {DIV} at (0,299) size 100x19
        RenderText {#text} at (0,0) size 88x19
          text run at (0,0) width 29: "abc"
          text run at (29,0) width 59 RTL: "\x{5D0}\x{5E4}\x{5E8}\x{5E1}\x{5DE}\x{5D5}\x{5DF}"
      RenderBlock (anonymous) at (0,318) size 784x19
        RenderBR {BR} at (0,0) size 0x19
