layer at (0,0) size 784x787
  RenderView at (0,0) size 784x600
layer at (0,0) size 784x787
  RenderBlock {HTML} at (0,0) size 784x787
    RenderBody {BODY} at (8,8) size 768x763
      RenderBlock {P} at (0,0) size 768x57
        RenderText {#text} at (0,0) size 733x38
          text run at (0,0) width 733: "This tests that complex text that requires font fallback wraps correctly. The text is Tamil, which is not covered by the"
          text run at (0,19) width 468: "default font, so fallback occurs. Note that the exclamation point in the end "
        RenderInline {I} at (0,0) size 10x19
          RenderText {#text} at (468,19) size 10x19
            text run at (468,19) width 10: "is"
        RenderText {#text} at (478,19) size 751x38
          text run at (478,19) width 273: " covered by the default font and is rendered"
          text run at (0,38) width 50: "using it."
      RenderBlock {P} at (0,73) size 306x310 [border: (3px solid #000000)]
        RenderText {#text} at (3,3) size 297x304
          text run at (3,3) width 297: "\x{B87}\x{BA4}\x{BC1} \x{B89}\x{B99}\x{BCD}\x{B95}\x{BB3}\x{BC8}\x{BAA}\x{BCD} \x{BAA}\x{BCB}\x{BA9}\x{BCD}\x{BB1}"
          text run at (3,22) width 289: "\x{B86}\x{BB0}\x{BCD}\x{BB5}\x{BAE}\x{BC1}\x{B9F}\x{BC8}\x{BAF}\x{BB5}\x{BB0}\x{BCD}\x{B95}\x{BB3}\x{BBE}\x{BB2}\x{BCD}"
          text run at (3,41) width 255: "\x{BA4}\x{BCA}\x{B95}\x{BC1}\x{B95}\x{BCD}\x{B95}\x{BAA}\x{BCD}\x{BAA}\x{B9F}\x{BCD}\x{B9F}\x{BC1}"
          text run at (3,60) width 238: "\x{B95}\x{B9F}\x{BCD}\x{B9F}\x{BC1}\x{BAA}\x{BCD}\x{BAA}\x{BBE}\x{B9F}\x{BC1}\x{B95}\x{BB3}\x{BCD}"
          text run at (3,79) width 174: "\x{B8F}\x{BA4}\x{BC1}\x{BAE}\x{BCD} \x{B87}\x{BA9}\x{BCD}\x{BB1}\x{BBF}"
          text run at (3,98) width 153: "\x{B87}\x{BB2}\x{BB5}\x{B9A}\x{BAE}\x{BBE}\x{B95}\x{BAA}\x{BCD}"
          text run at (3,117) width 289: "\x{BAA}\x{BAF}\x{BA9}\x{BCD}\x{BAA}\x{B9F}\x{BC1}\x{BA4}\x{BCD}\x{BA4}\x{B95}\x{BCD}\x{B95}\x{BC2}\x{B9F}\x{BBF}\x{BAF}"
          text run at (3,136) width 225: "\x{B92}\x{BB0}\x{BC1} \x{BAA}\x{BA9}\x{BCD}\x{BAE}\x{BCA}\x{BB4}\x{BBF}\x{B95}\x{BCD}"
          text run at (3,155) width 242: "\x{B95}\x{BB2}\x{BC8}\x{B95}\x{BCD} \x{B95}\x{BB3}\x{B9E}\x{BCD}\x{B9A}\x{BBF}\x{BAF}\x{BA4}\x{BCD}"
          text run at (3,174) width 280: "\x{BA4}\x{BBF}\x{B9F}\x{BCD}\x{B9F}\x{BAE}\x{BBE}\x{B95}\x{BC1}\x{BAE}\x{BCD}. \x{B87}\x{B99}\x{BCD}\x{B95}\x{BC1}"
          text run at (3,193) width 153: "\x{BA8}\x{BC0}\x{B99}\x{BCD}\x{B95}\x{BB3}\x{BC1}\x{BAE}\x{BCD}"
          text run at (3,212) width 170: "\x{B89}\x{B99}\x{BCD}\x{B95}\x{BB3}\x{BC1}\x{B95}\x{BCD}\x{B95}\x{BC1}"
          text run at (3,231) width 170: "\x{BB5}\x{BBF}\x{BB0}\x{BC1}\x{BAA}\x{BCD}\x{BAA}\x{BAE}\x{BBE}\x{BA9}"
          text run at (3,250) width 204: "\x{BA4}\x{BB2}\x{BC8}\x{BAA}\x{BCD}\x{BAA}\x{BC1}\x{B95}\x{BB3}\x{BBF}\x{BB2}\x{BCD}"
          text run at (3,269) width 153: "\x{BAA}\x{BC1}\x{BA4}\x{BBF}\x{BA4}\x{BBE}\x{B95}\x{B95}\x{BCD}"
          text run at (3,288) width 175: "\x{B95}\x{B9F}\x{BCD}\x{B9F}\x{BC1}\x{BB0}\x{BC8}\x{B95}\x{BB3}\x{BCD}!"
      RenderBlock {P} at (0,399) size 768x38
        RenderText {#text} at (0,0) size 749x38
          text run at (0,0) width 749: "This is the same text but specifying a font that covers Tamil. Note that the exclamation point is rendered using the same"
          text run at (0,19) width 96: "font as the text."
      RenderBlock {P} at (0,453) size 306x310 [border: (3px solid #000000)]
        RenderText {#text} at (3,3) size 297x304
          text run at (3,3) width 297: "\x{B87}\x{BA4}\x{BC1} \x{B89}\x{B99}\x{BCD}\x{B95}\x{BB3}\x{BC8}\x{BAA}\x{BCD} \x{BAA}\x{BCB}\x{BA9}\x{BCD}\x{BB1}"
          text run at (3,22) width 289: "\x{B86}\x{BB0}\x{BCD}\x{BB5}\x{BAE}\x{BC1}\x{B9F}\x{BC8}\x{BAF}\x{BB5}\x{BB0}\x{BCD}\x{B95}\x{BB3}\x{BBE}\x{BB2}\x{BCD}"
          text run at (3,41) width 255: "\x{BA4}\x{BCA}\x{B95}\x{BC1}\x{B95}\x{BCD}\x{B95}\x{BAA}\x{BCD}\x{BAA}\x{B9F}\x{BCD}\x{B9F}\x{BC1}"
          text run at (3,60) width 238: "\x{B95}\x{B9F}\x{BCD}\x{B9F}\x{BC1}\x{BAA}\x{BCD}\x{BAA}\x{BBE}\x{B9F}\x{BC1}\x{B95}\x{BB3}\x{BCD}"
          text run at (3,79) width 174: "\x{B8F}\x{BA4}\x{BC1}\x{BAE}\x{BCD} \x{B87}\x{BA9}\x{BCD}\x{BB1}\x{BBF}"
          text run at (3,98) width 153: "\x{B87}\x{BB2}\x{BB5}\x{B9A}\x{BAE}\x{BBE}\x{B95}\x{BAA}\x{BCD}"
          text run at (3,117) width 289: "\x{BAA}\x{BAF}\x{BA9}\x{BCD}\x{BAA}\x{B9F}\x{BC1}\x{BA4}\x{BCD}\x{BA4}\x{B95}\x{BCD}\x{B95}\x{BC2}\x{B9F}\x{BBF}\x{BAF}"
          text run at (3,136) width 225: "\x{B92}\x{BB0}\x{BC1} \x{BAA}\x{BA9}\x{BCD}\x{BAE}\x{BCA}\x{BB4}\x{BBF}\x{B95}\x{BCD}"
          text run at (3,155) width 242: "\x{B95}\x{BB2}\x{BC8}\x{B95}\x{BCD} \x{B95}\x{BB3}\x{B9E}\x{BCD}\x{B9A}\x{BBF}\x{BAF}\x{BA4}\x{BCD}"
          text run at (3,174) width 280: "\x{BA4}\x{BBF}\x{B9F}\x{BCD}\x{B9F}\x{BAE}\x{BBE}\x{B95}\x{BC1}\x{BAE}\x{BCD}. \x{B87}\x{B99}\x{BCD}\x{B95}\x{BC1}"
          text run at (3,193) width 153: "\x{BA8}\x{BC0}\x{B99}\x{BCD}\x{B95}\x{BB3}\x{BC1}\x{BAE}\x{BCD}"
          text run at (3,212) width 170: "\x{B89}\x{B99}\x{BCD}\x{B95}\x{BB3}\x{BC1}\x{B95}\x{BCD}\x{B95}\x{BC1}"
          text run at (3,231) width 170: "\x{BB5}\x{BBF}\x{BB0}\x{BC1}\x{BAA}\x{BCD}\x{BAA}\x{BAE}\x{BBE}\x{BA9}"
          text run at (3,250) width 204: "\x{BA4}\x{BB2}\x{BC8}\x{BAA}\x{BCD}\x{BAA}\x{BC1}\x{B95}\x{BB3}\x{BBF}\x{BB2}\x{BCD}"
          text run at (3,269) width 153: "\x{BAA}\x{BC1}\x{BA4}\x{BBF}\x{BA4}\x{BBE}\x{B95}\x{B95}\x{BCD}"
          text run at (3,288) width 175: "\x{B95}\x{B9F}\x{BCD}\x{B9F}\x{BC1}\x{BB0}\x{BC8}\x{B95}\x{BB3}\x{BCD}!"
