layer at (0,0) size 800x600
  RenderView at (0,0) size 800x600
layer at (0,0) size 800x585
  RenderBlock {HTML} at (0,0) size 800x585
    RenderBody {BODY} at (8,16) size 784x561
      RenderBlock {P} at (0,0) size 784x19
        RenderText {#text} at (0,0) size 695x19
          text run at (0,0) width 486: "Verify that the alignment and writing direction of each selected item matches "
          text run at (486,0) width 209: "the one below the pop-up button."
      RenderBlock {DIV} at (0,35) size 784x262
        RenderMenuList {SELECT} at (0,0) size 500x27 [bgcolor=#FFFFFF] [border: (1px solid #000000)]
          RenderBlock (anonymous) at (1,1) size 498x25
            RenderText at (3,3) size 181x19
              text run at (3,3) width 35: "First "
              text run at (38,3) width 56 RTL: ") \x{5E8}\x{5D1}\x{5D9}\x{5E2}\x{5D9}\x{5EA}"
              text run at (94,3) width 18: "03"
              text run at (112,3) width 43 RTL: "\x{5E9}\x{5E0}\x{5D9}\x{5D4} ("
              text run at (155,3) width 29: " fifth"
        RenderBlock {DIV} at (0,29) size 470x35
          RenderText {#text} at (10,10) size 155x15
            text run at (10,10) width 30: "First "
            text run at (40,10) width 48 RTL: ") \x{5E8}\x{5D1}\x{5D9}\x{5E2}\x{5D9}\x{5EA}"
            text run at (88,10) width 14: "03"
            text run at (102,10) width 37 RTL: "\x{5E9}\x{5E0}\x{5D9}\x{5D4} ("
            text run at (139,10) width 26: " fifth"
        RenderMenuList {SELECT} at (0,66) size 500x27 [bgcolor=#FFFFFF] [border: (1px solid #000000)]
          RenderBlock (anonymous) at (1,1) size 498x25
            RenderText at (3,3) size 181x19
              text run at (3,3) width 35: "First "
              text run at (38,3) width 56 RTL: ") \x{5E8}\x{5D1}\x{5D9}\x{5E2}\x{5D9}\x{5EA}"
              text run at (94,3) width 18: "03"
              text run at (112,3) width 43 RTL: "\x{5E9}\x{5E0}\x{5D9}\x{5D4} ("
              text run at (155,3) width 29: " fifth"
        RenderBlock {DIV} at (0,95) size 470x35
          RenderText {#text} at (10,10) size 155x15
            text run at (10,10) width 22: "fifth"
            text run at (32,10) width 52 RTL: ") \x{5E8}\x{5D1}\x{5D9}\x{5E2}\x{5D9}\x{5EA} "
            text run at (84,10) width 14: "03"
            text run at (98,10) width 41 RTL: " \x{5E9}\x{5E0}\x{5D9}\x{5D4} ("
            text run at (139,10) width 26: "First"
        RenderMenuList {SELECT} at (0,132) size 500x27 [bgcolor=#FFFFFF] [border: (1px solid #000000)]
          RenderBlock (anonymous) at (1,1) size 498x25
            RenderText at (3,3) size 181x19
              text run at (3,3) width 35: "First "
              text run at (38,3) width 56 RTL: ") \x{5E8}\x{5D1}\x{5D9}\x{5E2}\x{5D9}\x{5EA}"
              text run at (94,3) width 18: "03"
              text run at (112,3) width 43 RTL: "\x{5E9}\x{5E0}\x{5D9}\x{5D4} ("
              text run at (155,3) width 29: " fifth"
        RenderBlock {DIV} at (0,161) size 470x35
          RenderText {#text} at (10,10) size 155x15
            text run at (10,10) width 155 LTR override: "First \x{5E9}\x{5E0}\x{5D9}\x{5D4} (03) \x{5E8}\x{5D1}\x{5D9}\x{5E2}\x{5D9}\x{5EA} fifth"
        RenderMenuList {SELECT} at (0,198) size 500x27 [bgcolor=#FFFFFF] [border: (1px solid #000000)]
          RenderBlock (anonymous) at (1,1) size 498x25
            RenderText at (3,3) size 181x19
              text run at (3,3) width 35: "First "
              text run at (38,3) width 56 RTL: ") \x{5E8}\x{5D1}\x{5D9}\x{5E2}\x{5D9}\x{5EA}"
              text run at (94,3) width 18: "03"
              text run at (112,3) width 43 RTL: "\x{5E9}\x{5E0}\x{5D9}\x{5D4} ("
              text run at (155,3) width 29: " fifth"
        RenderBlock {DIV} at (0,227) size 470x35
          RenderText {#text} at (10,10) size 155x15
            text run at (10,10) width 155 RTL override: "First \x{5E9}\x{5E0}\x{5D9}\x{5D4} (03) \x{5E8}\x{5D1}\x{5D9}\x{5E2}\x{5D9}\x{5EA} fifth"
      RenderBlock {DIV} at (0,299) size 784x262
        RenderMenuList {SELECT} at (0,0) size 500x27 [bgcolor=#FFFFFF] [border: (1px solid #000000)]
          RenderBlock (anonymous) at (1,1) size 498x25
            RenderText at (23,3) size 181x19
              text run at (23,3) width 35: "First "
              text run at (58,3) width 56 RTL: ") \x{5E8}\x{5D1}\x{5D9}\x{5E2}\x{5D9}\x{5EA}"
              text run at (114,3) width 18: "03"
              text run at (132,3) width 43 RTL: "\x{5E9}\x{5E0}\x{5D9}\x{5D4} ("
              text run at (175,3) width 29: " fifth"
        RenderBlock {DIV} at (0,29) size 470x35
          RenderText {#text} at (305,10) size 155x15
            text run at (305,10) width 30: "First "
            text run at (335,10) width 48 RTL: ") \x{5E8}\x{5D1}\x{5D9}\x{5E2}\x{5D9}\x{5EA}"
            text run at (383,10) width 14: "03"
            text run at (397,10) width 37 RTL: "\x{5E9}\x{5E0}\x{5D9}\x{5D4} ("
            text run at (434,10) width 26: " fifth"
        RenderMenuList {SELECT} at (0,66) size 500x27 [bgcolor=#FFFFFF] [border: (1px solid #000000)]
          RenderBlock (anonymous) at (1,1) size 498x25
            RenderText at (23,3) size 181x19
              text run at (23,3) width 35: "First "
              text run at (58,3) width 56 RTL: ") \x{5E8}\x{5D1}\x{5D9}\x{5E2}\x{5D9}\x{5EA}"
              text run at (114,3) width 18: "03"
              text run at (132,3) width 43 RTL: "\x{5E9}\x{5E0}\x{5D9}\x{5D4} ("
              text run at (175,3) width 29: " fifth"
        RenderBlock {DIV} at (0,95) size 470x35
          RenderText {#text} at (305,10) size 155x15
            text run at (305,10) width 22: "fifth"
            text run at (327,10) width 52 RTL: ") \x{5E8}\x{5D1}\x{5D9}\x{5E2}\x{5D9}\x{5EA} "
            text run at (379,10) width 14: "03"
            text run at (393,10) width 41 RTL: " \x{5E9}\x{5E0}\x{5D9}\x{5D4} ("
            text run at (434,10) width 26: "First"
        RenderMenuList {SELECT} at (0,132) size 500x27 [bgcolor=#FFFFFF] [border: (1px solid #000000)]
          RenderBlock (anonymous) at (1,1) size 498x25
            RenderText at (23,3) size 181x19
              text run at (23,3) width 35: "First "
              text run at (58,3) width 56 RTL: ") \x{5E8}\x{5D1}\x{5D9}\x{5E2}\x{5D9}\x{5EA}"
              text run at (114,3) width 18: "03"
              text run at (132,3) width 43 RTL: "\x{5E9}\x{5E0}\x{5D9}\x{5D4} ("
              text run at (175,3) width 29: " fifth"
        RenderBlock {DIV} at (0,161) size 470x35
          RenderText {#text} at (305,10) size 155x15
            text run at (305,10) width 155 LTR override: "First \x{5E9}\x{5E0}\x{5D9}\x{5D4} (03) \x{5E8}\x{5D1}\x{5D9}\x{5E2}\x{5D9}\x{5EA} fifth"
        RenderMenuList {SELECT} at (0,198) size 500x27 [bgcolor=#FFFFFF] [border: (1px solid #000000)]
          RenderBlock (anonymous) at (1,1) size 498x25
            RenderText at (23,3) size 181x19
              text run at (23,3) width 35: "First "
              text run at (58,3) width 56 RTL: ") \x{5E8}\x{5D1}\x{5D9}\x{5E2}\x{5D9}\x{5EA}"
              text run at (114,3) width 18: "03"
              text run at (132,3) width 43 RTL: "\x{5E9}\x{5E0}\x{5D9}\x{5D4} ("
              text run at (175,3) width 29: " fifth"
        RenderBlock {DIV} at (0,227) size 470x35
          RenderText {#text} at (305,10) size 155x15
            text run at (305,10) width 155 RTL override: "First \x{5E9}\x{5E0}\x{5D9}\x{5D4} (03) \x{5E8}\x{5D1}\x{5D9}\x{5E2}\x{5D9}\x{5EA} fifth"
