layer at (0,0) size 784x25465
  RenderView at (0,0) size 784x600
layer at (0,0) size 784x600
  RenderBlock {HTML} at (0,0) size 784x600
    RenderBody {BODY} at (8,8) size 768x576
      RenderBlock {P} at (0,0) size 768x76
        RenderText {#text} at (0,0) size 764x76
          text run at (0,0) width 764: "The column on the right has explicit spaces. Line breaks should be roughly the same if Thai line breaks are working well."
          text run at (0,19) width 760: "The original source of this text was ICU, and the test program said \"by it's very nature, Thai word breaking is not exact\","
          text run at (0,38) width 759: "so the columns don't match exactly. In a future version we might decide to tweak the right column to match our expected"
          text run at (0,57) width 59: "behavior."
layer at (235,100) size 1x24092
  RenderBlock (positioned) {DIV} at (235,100) size 1x24092
    RenderText {#text} at (0,0) size 204x24092
      text run at (0,0) width 34: "\x{E1A}\x{E17}"
      text run at (0,19) width 136: "\x{E17}\x{E35}\x{E48}\x{E51}\x{E1E}\x{E32}\x{E22}\x{E38}"
      text run at (0,38) width 102: "\x{E44}\x{E0B}\x{E42}\x{E04}\x{E25}\x{E19}"
      text run at (0,57) width 34: "\x{E42}\x{E14}"
      text run at (0,76) width 68: "\x{E42}\x{E23}\x{E18}\x{E35}"
      text run at (0,95) width 85: "\x{E2D}\x{E32}\x{E28}\x{E31}\x{E22}"
      text run at (0,114) width 68: "\x{E2D}\x{E22}\x{E39}\x{E48}"
      text run at (0,133) width 136: "\x{E17}\x{E48}\x{E32}\x{E21}\x{E01}\x{E25}\x{E32}\x{E07}"
      text run at (0,152) width 136: "\x{E17}\x{E38}\x{E48}\x{E07}\x{E43}\x{E2B}\x{E0D}\x{E48}"
      text run at (0,171) width 34: "\x{E43}\x{E19}"
      text run at (0,190) width 102: "\x{E41}\x{E04}\x{E19}\x{E0B}\x{E31}\x{E2A}"
      text run at (0,209) width 51: "\x{E01}\x{E31}\x{E1A}"
      text run at (0,228) width 51: "\x{E25}\x{E38}\x{E07}"
      text run at (0,247) width 34: "\x{E40}\x{E2E}"
      text run at (0,266) width 51: "\x{E19}\x{E23}\x{E35}"
      text run at (0,285) width 102: "\x{E0A}\x{E32}\x{E27}\x{E44}\x{E23}\x{E48}"
      text run at (0,304) width 51: "\x{E41}\x{E25}\x{E30}"
      text run at (0,323) width 51: "\x{E1B}\x{E49}\x{E32}"
      text run at (0,342) width 68: "\x{E40}\x{E2D}\x{E47}\x{E21}"
      text run at (0,361) width 85: "\x{E20}\x{E23}\x{E23}\x{E22}\x{E32}"
      text run at (0,380) width 102: "\x{E0A}\x{E32}\x{E27}\x{E44}\x{E23}\x{E48}"
      text run at (0,399) width 68: "\x{E1A}\x{E49}\x{E32}\x{E19}"
      text run at (0,418) width 51: "\x{E02}\x{E2D}\x{E07}"
      text run at (0,437) width 51: "\x{E1E}\x{E27}\x{E01}"
      text run at (0,456) width 51: "\x{E40}\x{E02}\x{E32}"
      text run at (0,475) width 68: "\x{E2B}\x{E25}\x{E31}\x{E07}"
      text run at (0,494) width 68: "\x{E40}\x{E25}\x{E47}\x{E01}"
      text run at (0,513) width 85: "\x{E40}\x{E1E}\x{E23}\x{E32}\x{E30}"
      text run at (0,532) width 51: "\x{E44}\x{E21}\x{E49}"
      text run at (0,551) width 85: "\x{E2A}\x{E23}\x{E49}\x{E32}\x{E07}"
      text run at (0,570) width 68: "\x{E1A}\x{E49}\x{E32}\x{E19}"
      text run at (0,589) width 68: "\x{E15}\x{E49}\x{E2D}\x{E07}"
      text run at (0,608) width 34: "\x{E02}\x{E19}"
      text run at (0,627) width 34: "\x{E21}\x{E32}"
      text run at (0,646) width 68: "\x{E14}\x{E49}\x{E27}\x{E22}"
      text run at (0,665) width 102: "\x{E40}\x{E01}\x{E27}\x{E35}\x{E22}\x{E19}"
      text run at (0,684) width 68: "\x{E40}\x{E1B}\x{E47}\x{E19}"
      text run at (0,703) width 68: "\x{E23}\x{E30}\x{E22}\x{E30}"
      text run at (0,722) width 51: "\x{E17}\x{E32}\x{E07}"
      text run at (0,741) width 68: "\x{E2B}\x{E25}\x{E32}\x{E22}"
      text run at (0,760) width 68: "\x{E44}\x{E21}\x{E25}\x{E4C}"
      text run at (0,779) width 68: "\x{E1A}\x{E49}\x{E32}\x{E19}"
      text run at (0,798) width 34: "\x{E21}\x{E35}"
      text run at (0,817) width 51: "\x{E2A}\x{E35}\x{E48}"
      text run at (0,836) width 34: "\x{E1D}\x{E32}"
      text run at (0,855) width 34: "\x{E21}\x{E35}"
      text run at (0,874) width 68: "\x{E1E}\x{E37}\x{E49}\x{E19}"
      text run at (0,893) width 51: "\x{E01}\x{E31}\x{E1A}"
      text run at (0,912) width 102: "\x{E2B}\x{E25}\x{E31}\x{E07}\x{E04}\x{E32}"
      text run at (0,931) width 51: "\x{E23}\x{E27}\x{E21}"
      text run at (0,950) width 51: "\x{E17}\x{E33}"
      text run at (0,969) width 68: "\x{E40}\x{E1B}\x{E47}\x{E19}"
      text run at (0,988) width 68: "\x{E2B}\x{E49}\x{E2D}\x{E07}"
      text run at (0,1007) width 85: "\x{E40}\x{E14}\x{E35}\x{E22}\x{E27}"
      text run at (0,1026) width 34: "\x{E43}\x{E19}"
      text run at (0,1045) width 68: "\x{E2B}\x{E49}\x{E2D}\x{E07}"
      text run at (0,1064) width 34: "\x{E21}\x{E35}"
      text run at (0,1083) width 68: "\x{E17}\x{E31}\x{E49}\x{E07}"
      text run at (0,1102) width 51: "\x{E40}\x{E15}\x{E32}"
      text run at (0,1121) width 51: "\x{E2B}\x{E38}\x{E07}"
      text run at (0,1140) width 51: "\x{E15}\x{E49}\x{E21}"
      text run at (0,1159) width 51: "\x{E17}\x{E35}\x{E48}"
      text run at (0,1178) width 68: "\x{E2A}\x{E19}\x{E34}\x{E21}"
      text run at (0,1197) width 34: "\x{E14}\x{E39}"
      text run at (0,1216) width 68: "\x{E02}\x{E36}\x{E49}\x{E19}"
      text run at (0,1235) width 68: "\x{E40}\x{E25}\x{E2D}\x{E30}"
      text run at (0,1254) width 34: "\x{E21}\x{E35}"
      text run at (0,1273) width 51: "\x{E15}\x{E39}\x{E49}"
      text run at (0,1292) width 51: "\x{E43}\x{E2A}\x{E48}"
      text run at (0,1311) width 68: "\x{E16}\x{E49}\x{E27}\x{E22}"
      text run at (0,1330) width 51: "\x{E0A}\x{E32}\x{E21}"
      text run at (0,1349) width 68: "\x{E42}\x{E15}\x{E4A}\x{E30}"
      text run at (0,1368) width 119: "\x{E40}\x{E01}\x{E49}\x{E32}\x{E2D}\x{E35}\x{E49}"
      text run at (0,1387) width 51: "\x{E2A}\x{E32}\x{E21}"
      text run at (0,1406) width 68: "\x{E2B}\x{E23}\x{E37}\x{E2D}"
      text run at (0,1425) width 51: "\x{E2A}\x{E35}\x{E48}"
      text run at (0,1444) width 51: "\x{E15}\x{E31}\x{E27}"
      text run at (0,1463) width 68: "\x{E41}\x{E25}\x{E49}\x{E27}"
      text run at (0,1482) width 34: "\x{E01}\x{E47}"
      text run at (0,1501) width 34: "\x{E21}\x{E35}"
      text run at (0,1520) width 85: "\x{E40}\x{E15}\x{E35}\x{E22}\x{E07}"
      text run at (0,1539) width 51: "\x{E19}\x{E2D}\x{E19}"
      text run at (0,1558) width 51: "\x{E25}\x{E38}\x{E07}"
      text run at (0,1577) width 34: "\x{E40}\x{E2E}"
      text run at (0,1596) width 51: "\x{E19}\x{E23}\x{E35}"
      text run at (0,1615) width 51: "\x{E01}\x{E31}\x{E1A}"
      text run at (0,1634) width 51: "\x{E1B}\x{E49}\x{E32}"
      text run at (0,1653) width 68: "\x{E40}\x{E2D}\x{E47}\x{E21}"
      text run at (0,1672) width 34: "\x{E21}\x{E35}"
      text run at (0,1691) width 85: "\x{E40}\x{E15}\x{E35}\x{E22}\x{E07}"
      text run at (0,1710) width 51: "\x{E19}\x{E2D}\x{E19}"
      text run at (0,1729) width 68: "\x{E43}\x{E2B}\x{E0D}\x{E48}"
      text run at (0,1748) width 68: "\x{E2D}\x{E22}\x{E39}\x{E48}"
      text run at (0,1767) width 51: "\x{E17}\x{E35}\x{E48}"
      text run at (0,1786) width 51: "\x{E21}\x{E38}\x{E21}"
      text run at (0,1805) width 85: "\x{E2B}\x{E19}\x{E36}\x{E48}\x{E07}"
      text run at (0,1824) width 68: "\x{E2A}\x{E48}\x{E27}\x{E19}"
      text run at (0,1843) width 34: "\x{E42}\x{E14}"
      text run at (0,1862) width 34: "\x{E42}\x{E23}"
      text run at (0,1881) width 68: "\x{E18}\x{E35}\x{E21}\x{E35}"
      text run at (0,1900) width 85: "\x{E40}\x{E15}\x{E35}\x{E22}\x{E07}"
      text run at (0,1919) width 68: "\x{E40}\x{E25}\x{E47}\x{E01}"
      text run at (0,1938) width 51: "\x{E2D}\x{E35}\x{E01}"
      text run at (0,1957) width 51: "\x{E17}\x{E35}\x{E48}"
      text run at (0,1976) width 51: "\x{E21}\x{E38}\x{E21}"
      text run at (0,1995) width 85: "\x{E2B}\x{E19}\x{E36}\x{E48}\x{E07}"
      text run at (0,2014) width 85: "\x{E44}\x{E21}\x{E48}\x{E21}\x{E35}"
      text run at (0,2033) width 68: "\x{E2B}\x{E49}\x{E2D}\x{E07}"
      text run at (0,2052) width 51: "\x{E43}\x{E15}\x{E49}"
      text run at (0,2071) width 85: "\x{E40}\x{E1E}\x{E14}\x{E32}\x{E19}"
      text run at (0,2090) width 51: "\x{E40}\x{E25}\x{E22}"
      text run at (0,2109) width 68: "\x{E2B}\x{E49}\x{E2D}\x{E07}"
      text run at (0,2128) width 102: "\x{E43}\x{E15}\x{E49}\x{E16}\x{E38}\x{E19}"
      text run at (0,2147) width 34: "\x{E01}\x{E47}"
      text run at (0,2166) width 85: "\x{E44}\x{E21}\x{E48}\x{E21}\x{E35}"
      text run at (0,2185) width 68: "\x{E40}\x{E27}\x{E49}\x{E19}"
      text run at (0,2204) width 51: "\x{E41}\x{E15}\x{E48}"
      text run at (0,2223) width 34: "\x{E21}\x{E35}"
      text run at (0,2242) width 34: "\x{E42}\x{E1E}"
      text run at (0,2261) width 34: "\x{E23}\x{E07}"
      text run at (0,2280) width 85: "\x{E40}\x{E25}\x{E47}\x{E01}\x{E46}"
      text run at (0,2299) width 51: "\x{E17}\x{E35}\x{E48}"
      text run at (0,2318) width 51: "\x{E02}\x{E38}\x{E14}"
      text run at (0,2337) width 34: "\x{E44}\x{E1B}"
      text run at (0,2356) width 51: "\x{E43}\x{E15}\x{E49}"
      text run at (0,2375) width 68: "\x{E1E}\x{E37}\x{E49}\x{E19}"
      text run at (0,2394) width 85: "\x{E40}\x{E23}\x{E35}\x{E22}\x{E01}"
      text run at (0,2413) width 51: "\x{E27}\x{E48}\x{E32}"
      text run at (0,2432) width 75: "\"\x{E42}\x{E1E}\x{E23}\x{E07}"
      text run at (0,2451) width 109: "\x{E44}\x{E0B}\x{E42}\x{E04}\x{E25}\x{E19}\""
      text run at (0,2470) width 68: "\x{E40}\x{E1B}\x{E47}\x{E19}"
      text run at (0,2489) width 51: "\x{E17}\x{E35}\x{E48}"
      text run at (0,2508) width 136: "\x{E04}\x{E23}\x{E2D}\x{E1A}\x{E04}\x{E23}\x{E31}\x{E27}"
      text run at (0,2527) width 51: "\x{E19}\x{E35}\x{E49}"
      text run at (0,2546) width 34: "\x{E08}\x{E30}"
      text run at (0,2565) width 51: "\x{E21}\x{E38}\x{E14}"
      text run at (0,2584) width 102: "\x{E40}\x{E02}\x{E49}\x{E32}\x{E44}\x{E1B}"
      text run at (0,2603) width 85: "\x{E40}\x{E21}\x{E37}\x{E48}\x{E2D}"
      text run at (0,2622) width 68: "\x{E40}\x{E01}\x{E34}\x{E14}"
      text run at (0,2641) width 34: "\x{E25}\x{E21}"
      text run at (0,2660) width 51: "\x{E21}\x{E2B}\x{E32}"
      text run at (0,2679) width 51: "\x{E20}\x{E31}\x{E22}"
      text run at (0,2698) width 68: "\x{E0B}\x{E36}\x{E48}\x{E07}"
      text run at (0,2717) width 102: "\x{E01}\x{E23}\x{E30}\x{E42}\x{E0A}\x{E01}"
      text run at (0,2736) width 51: "\x{E41}\x{E23}\x{E07}"
      text run at (0,2755) width 34: "\x{E08}\x{E19}"
      text run at (0,2774) width 102: "\x{E1A}\x{E14}\x{E02}\x{E22}\x{E35}\x{E49}"
      text run at (0,2793) width 68: "\x{E2A}\x{E34}\x{E48}\x{E07}"
      text run at (0,2812) width 51: "\x{E01}\x{E48}\x{E2D}"
      text run at (0,2831) width 85: "\x{E2A}\x{E23}\x{E49}\x{E32}\x{E07}"
      text run at (0,2850) width 51: "\x{E43}\x{E14}\x{E46}"
      text run at (0,2869) width 51: "\x{E17}\x{E35}\x{E48}"
      text run at (0,2888) width 68: "\x{E02}\x{E27}\x{E32}\x{E07}"
      text run at (0,2907) width 51: "\x{E17}\x{E32}\x{E07}"
      text run at (0,2926) width 51: "\x{E21}\x{E31}\x{E19}"
      text run at (0,2945) width 51: "\x{E44}\x{E14}\x{E49}"
      text run at (0,2964) width 51: "\x{E15}\x{E23}\x{E07}"
      text run at (0,2983) width 68: "\x{E01}\x{E25}\x{E32}\x{E07}"
      text run at (0,3002) width 68: "\x{E1E}\x{E37}\x{E49}\x{E19}"
      text run at (0,3021) width 34: "\x{E21}\x{E35}"
      text run at (0,3040) width 34: "\x{E1D}\x{E32}"
      text run at (0,3059) width 68: "\x{E40}\x{E1B}\x{E34}\x{E14}"
      text run at (0,3078) width 102: "\x{E40}\x{E02}\x{E49}\x{E32}\x{E44}\x{E1B}"
      text run at (0,3097) width 51: "\x{E08}\x{E32}\x{E01}"
      text run at (0,3116) width 68: "\x{E19}\x{E31}\x{E49}\x{E19}"
      text run at (0,3135) width 34: "\x{E21}\x{E35}"
      text run at (0,3154) width 85: "\x{E1A}\x{E31}\x{E19}\x{E44}\x{E14}"
      text run at (0,3173) width 34: "\x{E25}\x{E07}"
      text run at (0,3192) width 34: "\x{E44}\x{E1B}"
      text run at (0,3211) width 51: "\x{E16}\x{E36}\x{E07}"
      text run at (0,3230) width 68: "\x{E42}\x{E1E}\x{E23}\x{E07}"
      text run at (0,3249) width 51: "\x{E21}\x{E37}\x{E14}"
      text run at (0,3268) width 85: "\x{E40}\x{E25}\x{E47}\x{E01}\x{E46}"
      text run at (0,3287) width 85: "\x{E40}\x{E21}\x{E37}\x{E48}\x{E2D}"
      text run at (0,3306) width 34: "\x{E42}\x{E14}"
      text run at (0,3325) width 68: "\x{E42}\x{E23}\x{E18}\x{E35}"
      text run at (0,3344) width 51: "\x{E22}\x{E37}\x{E19}"
      text run at (0,3363) width 51: "\x{E17}\x{E35}\x{E48}"
      text run at (0,3382) width 51: "\x{E1B}\x{E32}\x{E01}"
      text run at (0,3401) width 85: "\x{E1B}\x{E23}\x{E30}\x{E15}\x{E39}"
      text run at (0,3420) width 51: "\x{E41}\x{E25}\x{E30}"
      text run at (0,3439) width 51: "\x{E21}\x{E2D}\x{E07}"
      text run at (0,3458) width 34: "\x{E44}\x{E1B}"
      text run at (0,3477) width 68: "\x{E23}\x{E2D}\x{E1A}\x{E46}"
      text run at (0,3496) width 51: "\x{E40}\x{E18}\x{E2D}"
      text run at (0,3515) width 51: "\x{E44}\x{E21}\x{E48}"
      text run at (0,3534) width 68: "\x{E40}\x{E2B}\x{E47}\x{E19}"
      text run at (0,3553) width 68: "\x{E2D}\x{E30}\x{E44}\x{E23}"
      text run at (0,3572) width 102: "\x{E19}\x{E2D}\x{E01}\x{E08}\x{E32}\x{E01}"
      text run at (0,3591) width 68: "\x{E17}\x{E49}\x{E2D}\x{E07}"
      text run at (0,3610) width 68: "\x{E17}\x{E38}\x{E48}\x{E07}"
      text run at (0,3629) width 85: "\x{E01}\x{E27}\x{E49}\x{E32}\x{E07}"
      text run at (0,3648) width 34: "\x{E2A}\x{E35}"
      text run at (0,3667) width 51: "\x{E40}\x{E17}\x{E32}"
      text run at (0,3686) width 68: "\x{E2B}\x{E21}\x{E48}\x{E19}"
      text run at (0,3705) width 68: "\x{E17}\x{E31}\x{E48}\x{E27}"
      text run at (0,3724) width 51: "\x{E17}\x{E38}\x{E01}"
      text run at (0,3743) width 68: "\x{E14}\x{E49}\x{E32}\x{E19}"
      text run at (0,3762) width 85: "\x{E44}\x{E21}\x{E48}\x{E21}\x{E35}"
      text run at (0,3781) width 51: "\x{E41}\x{E21}\x{E49}"
      text run at (0,3800) width 102: "\x{E15}\x{E49}\x{E19}\x{E44}\x{E21}\x{E49}"
      text run at (0,3819) width 51: "\x{E2A}\x{E31}\x{E01}"
      text run at (0,3838) width 51: "\x{E15}\x{E49}\x{E19}"
      text run at (0,3857) width 68: "\x{E2B}\x{E23}\x{E37}\x{E2D}"
      text run at (0,3876) width 68: "\x{E1A}\x{E49}\x{E32}\x{E19}"
      text run at (0,3895) width 51: "\x{E2A}\x{E31}\x{E01}"
      text run at (0,3914) width 68: "\x{E2B}\x{E25}\x{E31}\x{E07}"
      text run at (0,3933) width 51: "\x{E17}\x{E35}\x{E48}"
      text run at (0,3952) width 68: "\x{E42}\x{E1C}\x{E25}\x{E48}"
      text run at (0,3971) width 51: "\x{E1E}\x{E49}\x{E19}"
      text run at (0,3990) width 170: "\x{E20}\x{E39}\x{E21}\x{E34}\x{E1B}\x{E23}\x{E30}\x{E40}\x{E17}\x{E28}"
      text run at (0,4009) width 51: "\x{E2D}\x{E31}\x{E19}"
      text run at (0,4028) width 51: "\x{E23}\x{E32}\x{E1A}"
      text run at (0,4047) width 85: "\x{E40}\x{E23}\x{E35}\x{E22}\x{E1A}"
      text run at (0,4066) width 51: "\x{E41}\x{E1C}\x{E48}"
      text run at (0,4085) width 34: "\x{E44}\x{E1B}"
      text run at (0,4104) width 51: "\x{E44}\x{E01}\x{E25}"
      text run at (0,4123) width 34: "\x{E08}\x{E19}"
      text run at (0,4142) width 34: "\x{E08}\x{E14}"
      text run at (0,4161) width 51: "\x{E02}\x{E2D}\x{E1A}"
      text run at (0,4180) width 51: "\x{E1F}\x{E49}\x{E32}"
      text run at (0,4199) width 68: "\x{E17}\x{E31}\x{E48}\x{E27}"
      text run at (0,4218) width 51: "\x{E17}\x{E38}\x{E01}"
      text run at (0,4237) width 51: "\x{E17}\x{E34}\x{E28}"
      text run at (0,4256) width 136: "\x{E14}\x{E27}\x{E07}\x{E15}\x{E30}\x{E27}\x{E31}\x{E19}"
      text run at (0,4275) width 51: "\x{E40}\x{E1C}\x{E32}"
      text run at (0,4294) width 51: "\x{E1C}\x{E37}\x{E19}"
      text run at (0,4313) width 51: "\x{E14}\x{E34}\x{E19}"
      text run at (0,4332) width 51: "\x{E17}\x{E35}\x{E48}"
      text run at (0,4351) width 34: "\x{E44}\x{E16}"
      text run at (0,4370) width 68: "\x{E41}\x{E25}\x{E49}\x{E27}"
      text run at (0,4389) width 34: "\x{E08}\x{E19}"
      text run at (0,4408) width 68: "\x{E01}\x{E25}\x{E32}\x{E22}"
      text run at (0,4427) width 68: "\x{E40}\x{E1B}\x{E47}\x{E19}"
      text run at (0,4446) width 68: "\x{E41}\x{E1C}\x{E48}\x{E19}"
      text run at (0,4465) width 85: "\x{E21}\x{E2B}\x{E36}\x{E21}\x{E32}"
      text run at (0,4484) width 34: "\x{E2A}\x{E35}"
      text run at (0,4503) width 51: "\x{E14}\x{E33}"
      text run at (0,4522) width 34: "\x{E21}\x{E35}"
      text run at (0,4541) width 51: "\x{E23}\x{E2D}\x{E22}"
      text run at (0,4560) width 51: "\x{E41}\x{E15}\x{E01}"
      text run at (0,4579) width 85: "\x{E23}\x{E30}\x{E41}\x{E2B}\x{E07}"
      text run at (0,4598) width 68: "\x{E2D}\x{E22}\x{E39}\x{E48}"
      text run at (0,4617) width 68: "\x{E15}\x{E25}\x{E2D}\x{E14}"
      text run at (0,4636) width 102: "\x{E41}\x{E21}\x{E49}\x{E41}\x{E15}\x{E48}"
      text run at (0,4655) width 68: "\x{E2B}\x{E0D}\x{E49}\x{E32}"
      text run at (0,4674) width 34: "\x{E01}\x{E47}"
      text run at (0,4693) width 51: "\x{E44}\x{E21}\x{E48}"
      text run at (0,4712) width 85: "\x{E40}\x{E02}\x{E35}\x{E22}\x{E27}"
      text run at (0,4731) width 85: "\x{E40}\x{E1E}\x{E23}\x{E32}\x{E30}"
      text run at (0,4750) width 136: "\x{E14}\x{E27}\x{E07}\x{E15}\x{E30}\x{E27}\x{E31}\x{E19}"
      text run at (0,4769) width 51: "\x{E40}\x{E1C}\x{E32}"
      text run at (0,4788) width 51: "\x{E22}\x{E2D}\x{E14}"
      text run at (0,4807) width 34: "\x{E43}\x{E1A}"
      text run at (0,4826) width 51: "\x{E22}\x{E32}\x{E27}"
      text run at (0,4845) width 68: "\x{E40}\x{E2A}\x{E35}\x{E22}"
      text run at (0,4864) width 34: "\x{E08}\x{E19}"
      text run at (0,4883) width 68: "\x{E40}\x{E1B}\x{E47}\x{E19}"
      text run at (0,4902) width 34: "\x{E2A}\x{E35}"
      text run at (0,4921) width 51: "\x{E40}\x{E17}\x{E32}"
      text run at (0,4940) width 68: "\x{E2B}\x{E21}\x{E48}\x{E19}"
      text run at (0,4959) width 51: "\x{E21}\x{E2D}\x{E07}"
      text run at (0,4978) width 68: "\x{E40}\x{E2B}\x{E47}\x{E19}"
      text run at (0,4997) width 68: "\x{E2D}\x{E22}\x{E39}\x{E48}"
      text run at (0,5016) width 102: "\x{E17}\x{E31}\x{E48}\x{E27}\x{E44}\x{E1B}"
      text run at (0,5035) width 85: "\x{E04}\x{E23}\x{E31}\x{E49}\x{E07}"
      text run at (0,5054) width 85: "\x{E2B}\x{E19}\x{E36}\x{E48}\x{E07}"
      text run at (0,5073) width 51: "\x{E40}\x{E04}\x{E22}"
      text run at (0,5092) width 68: "\x{E17}\x{E32}\x{E2A}\x{E35}"
      text run at (0,5111) width 68: "\x{E1A}\x{E49}\x{E32}\x{E19}"
      text run at (0,5130) width 51: "\x{E40}\x{E2D}\x{E32}"
      text run at (0,5149) width 51: "\x{E44}\x{E27}\x{E49}"
      text run at (0,5168) width 51: "\x{E41}\x{E15}\x{E48}"
      text run at (0,5187) width 34: "\x{E01}\x{E47}"
      text run at (0,5206) width 51: "\x{E16}\x{E39}\x{E01}"
      text run at (0,5225) width 136: "\x{E14}\x{E27}\x{E07}\x{E15}\x{E30}\x{E27}\x{E31}\x{E19}"
      text run at (0,5244) width 51: "\x{E40}\x{E1C}\x{E32}"
      text run at (0,5263) width 68: "\x{E40}\x{E2A}\x{E35}\x{E22}"
      text run at (0,5282) width 34: "\x{E08}\x{E19}"
      text run at (0,5301) width 34: "\x{E2A}\x{E35}"
      text run at (0,5320) width 51: "\x{E1E}\x{E2D}\x{E07}"
      text run at (0,5339) width 68: "\x{E41}\x{E25}\x{E49}\x{E27}"
      text run at (0,5358) width 34: "\x{E1D}\x{E19}"
      text run at (0,5377) width 34: "\x{E01}\x{E47}"
      text run at (0,5396) width 34: "\x{E0A}\x{E30}"
      text run at (0,5415) width 51: "\x{E21}\x{E31}\x{E19}"
      text run at (0,5434) width 68: "\x{E2B}\x{E25}\x{E38}\x{E14}"
      text run at (0,5453) width 34: "\x{E44}\x{E1B}"
      text run at (0,5472) width 34: "\x{E08}\x{E19}"
      text run at (0,5491) width 51: "\x{E2B}\x{E21}\x{E14}"
      text run at (0,5510) width 51: "\x{E41}\x{E25}\x{E30}"
      text run at (0,5529) width 51: "\x{E15}\x{E2D}\x{E19}"
      text run at (0,5548) width 51: "\x{E19}\x{E35}\x{E49}"
      text run at (0,5567) width 68: "\x{E1A}\x{E49}\x{E32}\x{E19}"
      text run at (0,5586) width 51: "\x{E08}\x{E36}\x{E07}"
      text run at (0,5605) width 34: "\x{E14}\x{E39}"
      text run at (0,5624) width 136: "\x{E2B}\x{E21}\x{E48}\x{E19}\x{E2B}\x{E21}\x{E2D}\x{E07}"
      text run at (0,5643) width 68: "\x{E40}\x{E1B}\x{E47}\x{E19}"
      text run at (0,5662) width 34: "\x{E2A}\x{E35}"
      text run at (0,5681) width 51: "\x{E40}\x{E17}\x{E32}"
      text run at (0,5700) width 102: "\x{E40}\x{E2B}\x{E21}\x{E37}\x{E2D}\x{E19}"
      text run at (0,5719) width 68: "\x{E2A}\x{E34}\x{E48}\x{E07}"
      text run at (0,5738) width 85: "\x{E2D}\x{E37}\x{E48}\x{E19}\x{E46}"
      text run at (0,5757) width 68: "\x{E14}\x{E49}\x{E27}\x{E22}"
      text run at (0,5776) width 51: "\x{E15}\x{E2D}\x{E19}"
      text run at (0,5795) width 51: "\x{E17}\x{E35}\x{E48}"
      text run at (0,5814) width 51: "\x{E1B}\x{E49}\x{E32}"
      text run at (0,5833) width 68: "\x{E40}\x{E2D}\x{E47}\x{E21}"
      text run at (0,5852) width 68: "\x{E22}\x{E49}\x{E32}\x{E22}"
      text run at (0,5871) width 34: "\x{E21}\x{E32}"
      text run at (0,5890) width 68: "\x{E2D}\x{E22}\x{E39}\x{E48}"
      text run at (0,5909) width 51: "\x{E17}\x{E35}\x{E48}"
      text run at (0,5928) width 51: "\x{E19}\x{E35}\x{E48}"
      text run at (0,5947) width 51: "\x{E40}\x{E18}\x{E2D}"
      text run at (0,5966) width 51: "\x{E22}\x{E31}\x{E07}"
      text run at (0,5985) width 51: "\x{E2A}\x{E32}\x{E27}"
      text run at (0,6004) width 68: "\x{E40}\x{E1B}\x{E47}\x{E19}"
      text run at (0,6023) width 85: "\x{E20}\x{E23}\x{E23}\x{E22}\x{E32}"
      text run at (0,6042) width 51: "\x{E17}\x{E35}\x{E48}"
      text run at (0,6061) width 85: "\x{E07}\x{E14}\x{E07}\x{E32}\x{E21}"
      text run at (0,6080) width 68: "\x{E41}\x{E25}\x{E49}\x{E27}"
      text run at (0,6099) width 51: "\x{E41}\x{E14}\x{E14}"
      text run at (0,6118) width 51: "\x{E41}\x{E25}\x{E30}"
      text run at (0,6137) width 34: "\x{E25}\x{E21}"
      text run at (0,6156) width 85: "\x{E01}\x{E47}\x{E44}\x{E14}\x{E49}"
      text run at (0,6175) width 119: "\x{E40}\x{E1B}\x{E25}\x{E35}\x{E48}\x{E22}\x{E19}"
      text run at (0,6194) width 51: "\x{E40}\x{E18}\x{E2D}"
      text run at (0,6213) width 34: "\x{E44}\x{E1B}"
      text run at (0,6232) width 51: "\x{E40}\x{E2D}\x{E32}"
      text run at (0,6251) width 102: "\x{E1B}\x{E23}\x{E30}\x{E01}\x{E32}\x{E22}"
      text run at (0,6270) width 34: "\x{E44}\x{E1B}"
      text run at (0,6289) width 51: "\x{E08}\x{E32}\x{E01}"
      text run at (0,6308) width 85: "\x{E14}\x{E27}\x{E07}\x{E15}\x{E32}"
      text run at (0,6327) width 51: "\x{E40}\x{E18}\x{E2D}"
      text run at (0,6346) width 85: "\x{E1B}\x{E25}\x{E48}\x{E2D}\x{E22}"
      text run at (0,6365) width 51: "\x{E44}\x{E27}\x{E49}"
      text run at (0,6384) width 51: "\x{E41}\x{E15}\x{E48}"
      text run at (0,6403) width 68: "\x{E04}\x{E27}\x{E32}\x{E21}"
      text run at (0,6422) width 85: "\x{E2A}\x{E38}\x{E02}\x{E38}\x{E21}"
      text run at (0,6441) width 85: "\x{E2D}\x{E22}\x{E48}\x{E32}\x{E07}"
      text run at (0,6460) width 136: "\x{E2B}\x{E21}\x{E48}\x{E19}\x{E2B}\x{E21}\x{E2D}\x{E07}"
      text run at (0,6479) width 51: "\x{E40}\x{E2D}\x{E32}"
      text run at (0,6498) width 34: "\x{E2A}\x{E35}"
      text run at (0,6517) width 51: "\x{E41}\x{E14}\x{E07}"
      text run at (0,6536) width 51: "\x{E08}\x{E32}\x{E01}"
      text run at (0,6555) width 68: "\x{E41}\x{E01}\x{E49}\x{E21}"
      text run at (0,6574) width 51: "\x{E41}\x{E25}\x{E30}"
      text run at (0,6593) width 51: "\x{E23}\x{E34}\x{E21}"
      text run at (0,6612) width 85: "\x{E1D}\x{E35}\x{E1B}\x{E32}\x{E01}"
      text run at (0,6631) width 51: "\x{E40}\x{E18}\x{E2D}"
      text run at (0,6650) width 34: "\x{E44}\x{E1B}"
      text run at (0,6669) width 68: "\x{E01}\x{E25}\x{E32}\x{E22}"
      text run at (0,6688) width 68: "\x{E40}\x{E1B}\x{E47}\x{E19}"
      text run at (0,6707) width 34: "\x{E2A}\x{E35}"
      text run at (0,6726) width 85: "\x{E2B}\x{E21}\x{E48}\x{E19}\x{E46}"
      text run at (0,6745) width 102: "\x{E40}\x{E2B}\x{E21}\x{E37}\x{E2D}\x{E19}"
      text run at (0,6764) width 51: "\x{E01}\x{E31}\x{E19}"
      text run at (0,6783) width 51: "\x{E40}\x{E18}\x{E2D}"
      text run at (0,6802) width 51: "\x{E1C}\x{E2D}\x{E21}"
      text run at (0,6821) width 51: "\x{E41}\x{E25}\x{E30}"
      text run at (0,6840) width 68: "\x{E2B}\x{E25}\x{E31}\x{E07}"
      text run at (0,6859) width 68: "\x{E42}\x{E04}\x{E49}\x{E07}"
      text run at (0,6878) width 51: "\x{E41}\x{E25}\x{E30}"
      text run at (0,6897) width 102: "\x{E40}\x{E14}\x{E35}\x{E4B}\x{E22}\x{E27}"
      text run at (0,6916) width 51: "\x{E19}\x{E35}\x{E49}"
      text run at (0,6935) width 51: "\x{E44}\x{E21}\x{E48}"
      text run at (0,6954) width 51: "\x{E40}\x{E04}\x{E22}"
      text run at (0,6973) width 68: "\x{E22}\x{E34}\x{E49}\x{E21}"
      text run at (0,6992) width 51: "\x{E40}\x{E25}\x{E22}"
      text run at (0,7011) width 85: "\x{E40}\x{E21}\x{E37}\x{E48}\x{E2D}"
      text run at (0,7030) width 34: "\x{E42}\x{E14}"
      text run at (0,7049) width 68: "\x{E42}\x{E23}\x{E18}\x{E35}"
      text run at (0,7068) width 68: "\x{E0B}\x{E36}\x{E48}\x{E07}"
      text run at (0,7087) width 68: "\x{E40}\x{E1B}\x{E47}\x{E19}"
      text run at (0,7106) width 68: "\x{E40}\x{E14}\x{E47}\x{E01}"
      text run at (0,7125) width 119: "\x{E01}\x{E33}\x{E1E}\x{E23}\x{E49}\x{E32}"
      text run at (0,7144) width 34: "\x{E21}\x{E32}"
      text run at (0,7163) width 68: "\x{E2D}\x{E22}\x{E39}\x{E48}"
      text run at (0,7182) width 51: "\x{E01}\x{E31}\x{E1A}"
      text run at (0,7201) width 51: "\x{E40}\x{E18}\x{E2D}"
      text run at (0,7220) width 51: "\x{E15}\x{E2D}\x{E19}"
      text run at (0,7239) width 51: "\x{E41}\x{E23}\x{E01}"
      text run at (0,7258) width 51: "\x{E1B}\x{E49}\x{E32}"
      text run at (0,7277) width 68: "\x{E40}\x{E2D}\x{E47}\x{E21}"
      text run at (0,7296) width 68: "\x{E15}\x{E37}\x{E48}\x{E19}"
      text run at (0,7315) width 68: "\x{E40}\x{E15}\x{E49}\x{E19}"
      text run at (0,7334) width 51: "\x{E01}\x{E31}\x{E1A}"
      text run at (0,7353) width 85: "\x{E40}\x{E2A}\x{E35}\x{E22}\x{E07}"
      text run at (0,7372) width 119: "\x{E2B}\x{E31}\x{E27}\x{E40}\x{E23}\x{E32}\x{E30}"
      text run at (0,7391) width 51: "\x{E02}\x{E2D}\x{E07}"
      text run at (0,7410) width 68: "\x{E40}\x{E14}\x{E47}\x{E01}"
      text run at (0,7429) width 68: "\x{E19}\x{E49}\x{E2D}\x{E22}"
      text run at (0,7448) width 51: "\x{E21}\x{E32}\x{E01}"
      text run at (0,7467) width 51: "\x{E40}\x{E18}\x{E2D}"
      text run at (0,7486) width 34: "\x{E08}\x{E30}"
      text run at (0,7505) width 51: "\x{E2A}\x{E48}\x{E07}"
      text run at (0,7524) width 85: "\x{E40}\x{E2A}\x{E35}\x{E22}\x{E07}"
      text run at (0,7543) width 68: "\x{E23}\x{E49}\x{E2D}\x{E07}"
      text run at (0,7562) width 68: "\x{E41}\x{E25}\x{E49}\x{E27}"
      text run at (0,7581) width 51: "\x{E40}\x{E2D}\x{E32}"
      text run at (0,7600) width 51: "\x{E21}\x{E37}\x{E2D}"
      text run at (0,7619) width 51: "\x{E17}\x{E32}\x{E1A}"
      text run at (0,7638) width 34: "\x{E2D}\x{E01}"
      text run at (0,7657) width 51: "\x{E17}\x{E38}\x{E01}"
      text run at (0,7676) width 85: "\x{E04}\x{E23}\x{E31}\x{E49}\x{E07}"
      text run at (0,7695) width 51: "\x{E17}\x{E35}\x{E48}"
      text run at (0,7714) width 85: "\x{E40}\x{E2A}\x{E35}\x{E22}\x{E07}"
      text run at (0,7733) width 51: "\x{E2D}\x{E31}\x{E19}"
      text run at (0,7752) width 119: "\x{E23}\x{E48}\x{E32}\x{E40}\x{E23}\x{E34}\x{E07}"
      text run at (0,7771) width 51: "\x{E02}\x{E2D}\x{E07}"
      text run at (0,7790) width 34: "\x{E42}\x{E14}"
      text run at (0,7809) width 68: "\x{E42}\x{E23}\x{E18}\x{E35}"
      text run at (0,7828) width 102: "\x{E40}\x{E02}\x{E49}\x{E32}\x{E2B}\x{E39}"
      text run at (0,7847) width 51: "\x{E40}\x{E18}\x{E2D}"
      text run at (0,7866) width 51: "\x{E41}\x{E25}\x{E30}"
      text run at (0,7885) width 51: "\x{E40}\x{E18}\x{E2D}"
      text run at (0,7904) width 68: "\x{E40}\x{E1D}\x{E49}\x{E32}"
      text run at (0,7923) width 51: "\x{E21}\x{E2D}\x{E07}"
      text run at (0,7942) width 68: "\x{E40}\x{E14}\x{E47}\x{E01}"
      text run at (0,7961) width 68: "\x{E2B}\x{E0D}\x{E34}\x{E07}"
      text run at (0,7980) width 85: "\x{E19}\x{E49}\x{E2D}\x{E22}\x{E46}"
      text run at (0,7999) width 68: "\x{E14}\x{E49}\x{E27}\x{E22}"
      text run at (0,8018) width 68: "\x{E04}\x{E27}\x{E32}\x{E21}"
      text run at (0,8037) width 119: "\x{E1B}\x{E23}\x{E30}\x{E2B}\x{E25}\x{E32}\x{E14}"
      text run at (0,8056) width 34: "\x{E43}\x{E08}"
      text run at (0,8075) width 68: "\x{E14}\x{E49}\x{E27}\x{E22}"
      text run at (0,8094) width 51: "\x{E22}\x{E31}\x{E07}"
      text run at (0,8113) width 34: "\x{E2B}\x{E32}"
      text run at (0,8132) width 68: "\x{E2D}\x{E30}\x{E44}\x{E23}"
      text run at (0,8151) width 34: "\x{E21}\x{E32}"
      text run at (0,8170) width 68: "\x{E40}\x{E1B}\x{E47}\x{E19}"
      text run at (0,8189) width 102: "\x{E40}\x{E23}\x{E37}\x{E48}\x{E2D}\x{E07}"
      text run at (0,8208) width 119: "\x{E2B}\x{E31}\x{E27}\x{E40}\x{E23}\x{E32}\x{E30}"
      text run at (0,8227) width 51: "\x{E44}\x{E14}\x{E49}"
      text run at (0,8246) width 51: "\x{E25}\x{E38}\x{E07}"
      text run at (0,8265) width 34: "\x{E40}\x{E2E}"
      text run at (0,8284) width 51: "\x{E19}\x{E23}\x{E35}"
      text run at (0,8303) width 51: "\x{E44}\x{E21}\x{E48}"
      text run at (0,8322) width 51: "\x{E40}\x{E04}\x{E22}"
      text run at (0,8341) width 119: "\x{E2B}\x{E31}\x{E27}\x{E40}\x{E23}\x{E32}\x{E30}"
      text run at (0,8360) width 51: "\x{E25}\x{E38}\x{E07}"
      text run at (0,8379) width 102: "\x{E17}\x{E33}\x{E07}\x{E32}\x{E19}"
      text run at (0,8398) width 68: "\x{E2B}\x{E19}\x{E31}\x{E01}"
      text run at (0,8417) width 51: "\x{E08}\x{E32}\x{E01}"
      text run at (0,8436) width 68: "\x{E40}\x{E0A}\x{E49}\x{E32}"
      text run at (0,8455) width 51: "\x{E22}\x{E31}\x{E19}"
      text run at (0,8474) width 68: "\x{E04}\x{E48}\x{E33}"
      text run at (0,8493) width 51: "\x{E41}\x{E25}\x{E30}"
      text run at (0,8512) width 51: "\x{E44}\x{E21}\x{E48}"
      text run at (0,8531) width 51: "\x{E40}\x{E04}\x{E22}"
      text run at (0,8550) width 102: "\x{E23}\x{E39}\x{E49}\x{E08}\x{E31}\x{E01}"
      text run at (0,8569) width 51: "\x{E27}\x{E48}\x{E32}"
      text run at (0,8588) width 68: "\x{E04}\x{E27}\x{E32}\x{E21}"
      text run at (0,8607) width 119: "\x{E23}\x{E48}\x{E32}\x{E40}\x{E23}\x{E34}\x{E07}"
      text run at (0,8626) width 51: "\x{E04}\x{E37}\x{E2D}"
      text run at (0,8645) width 68: "\x{E2D}\x{E30}\x{E44}\x{E23}"
      text run at (0,8664) width 51: "\x{E25}\x{E38}\x{E07}"
      text run at (0,8683) width 34: "\x{E14}\x{E39}"
      text run at (0,8702) width 136: "\x{E2B}\x{E21}\x{E48}\x{E19}\x{E2B}\x{E21}\x{E2D}\x{E07}"
      text run at (0,8721) width 34: "\x{E44}\x{E1B}"
      text run at (0,8740) width 51: "\x{E2B}\x{E21}\x{E14}"
      text run at (0,8759) width 119: "\x{E15}\x{E31}\x{E49}\x{E07}\x{E41}\x{E15}\x{E48}"
      text run at (0,8778) width 68: "\x{E40}\x{E04}\x{E23}\x{E32}"
      text run at (0,8797) width 51: "\x{E22}\x{E32}\x{E27}"
      text run at (0,8816) width 34: "\x{E08}\x{E19}"
      text run at (0,8835) width 34: "\x{E08}\x{E14}"
      text run at (0,8854) width 119: "\x{E23}\x{E2D}\x{E07}\x{E40}\x{E17}\x{E49}\x{E32}"
      text run at (0,8873) width 51: "\x{E1A}\x{E39}\x{E15}"
      text run at (0,8892) width 51: "\x{E2D}\x{E31}\x{E19}"
      text run at (0,8911) width 68: "\x{E2B}\x{E22}\x{E32}\x{E1A}"
      text run at (0,8930) width 68: "\x{E41}\x{E25}\x{E49}\x{E27}"
      text run at (0,8949) width 51: "\x{E25}\x{E38}\x{E07}"
      text run at (0,8968) width 34: "\x{E01}\x{E47}"
      text run at (0,8987) width 34: "\x{E14}\x{E39}"
      text run at (0,9006) width 153: "\x{E40}\x{E04}\x{E23}\x{E48}\x{E07}\x{E02}\x{E23}\x{E36}\x{E21}"
      text run at (0,9025) width 51: "\x{E19}\x{E48}\x{E32}"
      text run at (0,9044) width 68: "\x{E40}\x{E01}\x{E23}\x{E07}"
      text run at (0,9063) width 51: "\x{E02}\x{E32}\x{E21}"
      text run at (0,9082) width 51: "\x{E44}\x{E21}\x{E48}"
      text run at (0,9101) width 68: "\x{E04}\x{E48}\x{E2D}\x{E22}"
      text run at (0,9120) width 34: "\x{E08}\x{E30}"
      text run at (0,9139) width 51: "\x{E1E}\x{E39}\x{E14}"
      text run at (0,9158) width 34: "\x{E21}\x{E35}"
      text run at (0,9177) width 34: "\x{E42}\x{E15}"
      text run at (0,9196) width 51: "\x{E42}\x{E15}\x{E49}"
      text run at (0,9215) width 51: "\x{E17}\x{E35}\x{E48}"
      text run at (0,9234) width 102: "\x{E17}\x{E33}\x{E43}\x{E2B}\x{E49}"
      text run at (0,9253) width 34: "\x{E42}\x{E14}"
      text run at (0,9272) width 68: "\x{E42}\x{E23}\x{E18}\x{E35}"
      text run at (0,9291) width 119: "\x{E2B}\x{E31}\x{E27}\x{E40}\x{E23}\x{E32}\x{E30}"
      text run at (0,9310) width 51: "\x{E44}\x{E14}\x{E49}"
      text run at (0,9329) width 51: "\x{E41}\x{E25}\x{E30}"
      text run at (0,9348) width 68: "\x{E0A}\x{E48}\x{E27}\x{E22}"
      text run at (0,9367) width 51: "\x{E40}\x{E18}\x{E2D}"
      text run at (0,9386) width 51: "\x{E43}\x{E2B}\x{E49}"
      text run at (0,9405) width 51: "\x{E1E}\x{E49}\x{E19}"
      text run at (0,9424) width 51: "\x{E08}\x{E32}\x{E01}"
      text run at (0,9443) width 68: "\x{E01}\x{E32}\x{E23}\x{E01}"
      text run at (0,9462) width 51: "\x{E25}\x{E32}\x{E22}"
      text run at (0,9481) width 68: "\x{E40}\x{E1B}\x{E47}\x{E19}"
      text run at (0,9500) width 34: "\x{E2A}\x{E35}"
      text run at (0,9519) width 51: "\x{E40}\x{E17}\x{E32}"
      text run at (0,9538) width 68: "\x{E2B}\x{E21}\x{E48}\x{E19}"
      text run at (0,9557) width 102: "\x{E40}\x{E2B}\x{E21}\x{E37}\x{E2D}\x{E19}"
      text run at (0,9576) width 51: "\x{E01}\x{E31}\x{E1A}"
      text run at (0,9595) width 68: "\x{E2A}\x{E34}\x{E48}\x{E07}"
      text run at (0,9614) width 51: "\x{E23}\x{E2D}\x{E1A}"
      text run at (0,9633) width 51: "\x{E15}\x{E31}\x{E27}"
      text run at (0,9652) width 85: "\x{E2D}\x{E37}\x{E48}\x{E19}\x{E46}"
      text run at (0,9671) width 34: "\x{E42}\x{E15}"
      text run at (0,9690) width 51: "\x{E42}\x{E15}\x{E49}"
      text run at (0,9709) width 34: "\x{E2A}\x{E35}"
      text run at (0,9728) width 51: "\x{E44}\x{E21}\x{E48}"
      text run at (0,9747) width 51: "\x{E40}\x{E17}\x{E32}"
      text run at (0,9766) width 68: "\x{E2B}\x{E21}\x{E48}\x{E19}"
      text run at (0,9785) width 51: "\x{E41}\x{E15}\x{E48}"
      text run at (0,9804) width 51: "\x{E21}\x{E31}\x{E19}"
      text run at (0,9823) width 68: "\x{E40}\x{E1B}\x{E47}\x{E19}"
      text run at (0,9842) width 51: "\x{E2B}\x{E21}\x{E32}"
      text run at (0,9861) width 34: "\x{E2A}\x{E35}"
      text run at (0,9880) width 51: "\x{E14}\x{E33}"
      text run at (0,9899) width 51: "\x{E15}\x{E31}\x{E27}"
      text run at (0,9918) width 85: "\x{E19}\x{E49}\x{E2D}\x{E22}\x{E46}"
      text run at (0,9937) width 34: "\x{E02}\x{E19}"
      text run at (0,9956) width 51: "\x{E22}\x{E32}\x{E27}"
      text run at (0,9975) width 51: "\x{E1B}\x{E38}\x{E22}"
      text run at (0,9994) width 102: "\x{E23}\x{E32}\x{E27}\x{E01}\x{E31}\x{E1A}"
      text run at (0,10013) width 51: "\x{E44}\x{E2B}\x{E21}"
      text run at (0,10032) width 34: "\x{E21}\x{E35}"
      text run at (0,10051) width 34: "\x{E15}\x{E32}"
      text run at (0,10070) width 51: "\x{E14}\x{E33}"
      text run at (0,10089) width 68: "\x{E40}\x{E25}\x{E47}\x{E01}"
      text run at (0,10108) width 68: "\x{E40}\x{E1B}\x{E47}\x{E19}"
      text run at (0,10127) width 102: "\x{E1B}\x{E23}\x{E30}\x{E01}\x{E32}\x{E22}"
      text run at (0,10146) width 136: "\x{E23}\x{E37}\x{E48}\x{E19}\x{E40}\x{E23}\x{E34}\x{E07}"
      text run at (0,10165) width 68: "\x{E2D}\x{E22}\x{E39}\x{E48}"
      text run at (0,10184) width 51: "\x{E2A}\x{E2D}\x{E07}"
      text run at (0,10203) width 68: "\x{E02}\x{E49}\x{E32}\x{E07}"
      text run at (0,10222) width 68: "\x{E08}\x{E21}\x{E39}\x{E01}"
      text run at (0,10241) width 68: "\x{E40}\x{E25}\x{E47}\x{E01}"
      text run at (0,10260) width 51: "\x{E2D}\x{E31}\x{E19}"
      text run at (0,10279) width 51: "\x{E19}\x{E48}\x{E32}"
      text run at (0,10298) width 51: "\x{E02}\x{E31}\x{E19}"
      text run at (0,10317) width 51: "\x{E02}\x{E2D}\x{E07}"
      text run at (0,10336) width 51: "\x{E21}\x{E31}\x{E19}"
      text run at (0,10355) width 34: "\x{E42}\x{E15}"
      text run at (0,10374) width 51: "\x{E42}\x{E15}\x{E49}"
      text run at (0,10393) width 68: "\x{E40}\x{E25}\x{E48}\x{E19}"
      text run at (0,10412) width 68: "\x{E17}\x{E31}\x{E49}\x{E07}"
      text run at (0,10431) width 51: "\x{E27}\x{E31}\x{E19}"
      text run at (0,10450) width 51: "\x{E41}\x{E25}\x{E30}"
      text run at (0,10469) width 34: "\x{E42}\x{E14}"
      text run at (0,10488) width 68: "\x{E42}\x{E23}\x{E18}\x{E35}"
      text run at (0,10507) width 34: "\x{E01}\x{E47}"
      text run at (0,10526) width 68: "\x{E40}\x{E25}\x{E48}\x{E19}"
      text run at (0,10545) width 51: "\x{E01}\x{E31}\x{E1A}"
      text run at (0,10564) width 51: "\x{E21}\x{E31}\x{E19}"
      text run at (0,10583) width 51: "\x{E41}\x{E25}\x{E30}"
      text run at (0,10602) width 51: "\x{E23}\x{E31}\x{E01}"
      text run at (0,10621) width 51: "\x{E21}\x{E31}\x{E19}"
      text run at (0,10640) width 85: "\x{E40}\x{E2B}\x{E25}\x{E37}\x{E2D}"
      text run at (0,10659) width 68: "\x{E40}\x{E01}\x{E34}\x{E19}"
      text run at (0,10678) width 119: "\x{E2D}\x{E22}\x{E48}\x{E32}\x{E07}\x{E44}\x{E23}"
      text run at (0,10697) width 85: "\x{E01}\x{E47}\x{E15}\x{E32}\x{E21}"
      text run at (0,10716) width 51: "\x{E27}\x{E31}\x{E19}"
      text run at (0,10735) width 51: "\x{E19}\x{E35}\x{E49}"
      text run at (0,10754) width 68: "\x{E17}\x{E31}\x{E49}\x{E07}"
      text run at (0,10773) width 51: "\x{E04}\x{E39}\x{E48}"
      text run at (0,10792) width 51: "\x{E44}\x{E21}\x{E48}"
      text run at (0,10811) width 51: "\x{E44}\x{E14}\x{E49}"
      text run at (0,10830) width 68: "\x{E40}\x{E25}\x{E48}\x{E19}"
      text run at (0,10849) width 51: "\x{E25}\x{E38}\x{E07}"
      text run at (0,10868) width 34: "\x{E40}\x{E2E}"
      text run at (0,10887) width 51: "\x{E19}\x{E23}\x{E35}"
      text run at (0,10906) width 68: "\x{E19}\x{E31}\x{E48}\x{E07}"
      text run at (0,10925) width 68: "\x{E2D}\x{E22}\x{E39}\x{E48}"
      text run at (0,10944) width 51: "\x{E17}\x{E35}\x{E48}"
      text run at (0,10963) width 85: "\x{E1A}\x{E31}\x{E19}\x{E44}\x{E14}"
      text run at (0,10982) width 85: "\x{E1B}\x{E23}\x{E30}\x{E15}\x{E39}"
      text run at (0,11001) width 51: "\x{E41}\x{E25}\x{E30}"
      text run at (0,11020) width 68: "\x{E40}\x{E1D}\x{E49}\x{E32}"
      text run at (0,11039) width 85: "\x{E01}\x{E31}\x{E07}\x{E27}\x{E25}"
      text run at (0,11058) width 68: "\x{E08}\x{E49}\x{E2D}\x{E07}"
      text run at (0,11077) width 34: "\x{E14}\x{E39}"
      text run at (0,11096) width 119: "\x{E17}\x{E49}\x{E2D}\x{E07}\x{E1F}\x{E49}\x{E32}"
      text run at (0,11115) width 34: "\x{E2A}\x{E35}"
      text run at (0,11134) width 51: "\x{E40}\x{E17}\x{E32}"
      text run at (0,11153) width 68: "\x{E2B}\x{E21}\x{E48}\x{E19}"
      text run at (0,11172) width 51: "\x{E1C}\x{E34}\x{E14}"
      text run at (0,11191) width 68: "\x{E1B}\x{E01}\x{E15}\x{E34}"
      text run at (0,11210) width 34: "\x{E42}\x{E14}"
      text run at (0,11229) width 68: "\x{E42}\x{E23}\x{E18}\x{E35}"
      text run at (0,11248) width 51: "\x{E22}\x{E37}\x{E19}"
      text run at (0,11267) width 51: "\x{E17}\x{E35}\x{E48}"
      text run at (0,11286) width 85: "\x{E1B}\x{E23}\x{E30}\x{E15}\x{E39}"
      text run at (0,11305) width 51: "\x{E01}\x{E2D}\x{E14}"
      text run at (0,11324) width 34: "\x{E42}\x{E15}"
      text run at (0,11343) width 51: "\x{E42}\x{E15}\x{E49}"
      text run at (0,11362) width 51: "\x{E44}\x{E27}\x{E49}"
      text run at (0,11381) width 34: "\x{E43}\x{E19}"
      text run at (0,11400) width 68: "\x{E2D}\x{E49}\x{E2D}\x{E21}"
      text run at (0,11419) width 51: "\x{E41}\x{E02}\x{E19}"
      text run at (0,11438) width 51: "\x{E41}\x{E25}\x{E30}"
      text run at (0,11457) width 34: "\x{E01}\x{E47}"
      text run at (0,11476) width 51: "\x{E21}\x{E2D}\x{E07}"
      text run at (0,11495) width 34: "\x{E14}\x{E39}"
      text run at (0,11514) width 119: "\x{E17}\x{E49}\x{E2D}\x{E07}\x{E1F}\x{E49}\x{E32}"
      text run at (0,11533) width 68: "\x{E2D}\x{E22}\x{E39}\x{E48}"
      text run at (0,11552) width 102: "\x{E40}\x{E2B}\x{E21}\x{E37}\x{E2D}\x{E19}"
      text run at (0,11571) width 51: "\x{E01}\x{E31}\x{E19}"
      text run at (0,11590) width 51: "\x{E1B}\x{E49}\x{E32}"
      text run at (0,11609) width 51: "\x{E40}\x{E2D}\x{E47}"
      text run at (0,11628) width 68: "\x{E21}\x{E01}\x{E33}"
      text run at (0,11647) width 51: "\x{E25}\x{E31}\x{E07}"
      text run at (0,11666) width 68: "\x{E25}\x{E49}\x{E32}\x{E07}"
      text run at (0,11685) width 51: "\x{E0A}\x{E32}\x{E21}"
      text run at (0,11704) width 68: "\x{E2D}\x{E22}\x{E39}\x{E48}"
      text run at (0,11723) width 51: "\x{E08}\x{E32}\x{E01}"
      text run at (0,11742) width 68: "\x{E14}\x{E49}\x{E32}\x{E19}"
      text run at (0,11761) width 85: "\x{E40}\x{E2B}\x{E19}\x{E37}\x{E2D}"
      text run at (0,11780) width 51: "\x{E44}\x{E01}\x{E25}"
      text run at (0,11799) width 51: "\x{E2D}\x{E2D}\x{E01}"
      text run at (0,11818) width 34: "\x{E44}\x{E1B}"
      text run at (0,11837) width 34: "\x{E21}\x{E35}"
      text run at (0,11856) width 85: "\x{E40}\x{E2A}\x{E35}\x{E22}\x{E07}"
      text run at (0,11875) width 34: "\x{E25}\x{E21}"
      text run at (0,11894) width 68: "\x{E04}\x{E23}\x{E32}\x{E07}"
      text run at (0,11913) width 68: "\x{E41}\x{E1C}\x{E48}\x{E27}"
      text run at (0,11932) width 51: "\x{E40}\x{E1A}\x{E32}"
      text run at (0,11951) width 102: "\x{E44}\x{E14}\x{E49}\x{E22}\x{E34}\x{E19}"
      text run at (0,11970) width 34: "\x{E21}\x{E32}"
      text run at (0,11989) width 51: "\x{E25}\x{E38}\x{E07}"
      text run at (0,12008) width 34: "\x{E40}\x{E2E}"
      text run at (0,12027) width 51: "\x{E19}\x{E23}\x{E35}"
      text run at (0,12046) width 51: "\x{E41}\x{E25}\x{E30}"
      text run at (0,12065) width 34: "\x{E42}\x{E14}"
      text run at (0,12084) width 68: "\x{E42}\x{E23}\x{E18}\x{E35}"
      text run at (0,12103) width 68: "\x{E40}\x{E2B}\x{E47}\x{E19}"
      text run at (0,12122) width 51: "\x{E15}\x{E49}\x{E19}"
      text run at (0,12141) width 68: "\x{E2B}\x{E0D}\x{E49}\x{E32}"
      text run at (0,12160) width 51: "\x{E2A}\x{E39}\x{E07}"
      text run at (0,12179) width 51: "\x{E40}\x{E2D}\x{E19}"
      text run at (0,12198) width 68: "\x{E40}\x{E1B}\x{E47}\x{E19}"
      text run at (0,12217) width 85: "\x{E04}\x{E25}\x{E37}\x{E48}\x{E19}"
      text run at (0,12236) width 68: "\x{E01}\x{E48}\x{E2D}\x{E19}"
      text run at (0,12255) width 51: "\x{E17}\x{E35}\x{E48}"
      text run at (0,12274) width 68: "\x{E1E}\x{E32}\x{E22}\x{E38}"
      text run at (0,12293) width 34: "\x{E08}\x{E30}"
      text run at (0,12312) width 34: "\x{E21}\x{E32}"
      text run at (0,12331) width 51: "\x{E16}\x{E36}\x{E07}"
      text run at (0,12350) width 68: "\x{E41}\x{E25}\x{E49}\x{E27}"
      text run at (0,12369) width 34: "\x{E01}\x{E47}"
      text run at (0,12388) width 34: "\x{E21}\x{E35}"
      text run at (0,12407) width 85: "\x{E40}\x{E2A}\x{E35}\x{E22}\x{E07}"
      text run at (0,12426) width 68: "\x{E2B}\x{E27}\x{E35}\x{E14}"
      text run at (0,12445) width 68: "\x{E2B}\x{E27}\x{E34}\x{E27}"
      text run at (0,12464) width 102: "\x{E0A}\x{E31}\x{E14}\x{E40}\x{E08}\x{E19}"
      text run at (0,12483) width 34: "\x{E21}\x{E32}"
      text run at (0,12502) width 51: "\x{E08}\x{E32}\x{E01}"
      text run at (0,12521) width 136: "\x{E1A}\x{E23}\x{E23}\x{E22}\x{E32}\x{E01}\x{E32}\x{E28}"
      text run at (0,12540) width 51: "\x{E17}\x{E32}\x{E07}"
      text run at (0,12559) width 51: "\x{E43}\x{E15}\x{E49}"
      text run at (0,12578) width 51: "\x{E41}\x{E25}\x{E30}"
      text run at (0,12597) width 85: "\x{E40}\x{E21}\x{E37}\x{E48}\x{E2D}"
      text run at (0,12616) width 102: "\x{E40}\x{E2B}\x{E25}\x{E37}\x{E2D}\x{E1A}"
      text run at (0,12635) width 34: "\x{E15}\x{E32}"
      text run at (0,12654) width 34: "\x{E44}\x{E1B}"
      text run at (0,12673) width 51: "\x{E17}\x{E32}\x{E07}"
      text run at (0,12692) width 68: "\x{E14}\x{E49}\x{E32}\x{E19}"
      text run at (0,12711) width 68: "\x{E19}\x{E31}\x{E49}\x{E19}"
      text run at (0,12730) width 34: "\x{E01}\x{E47}"
      text run at (0,12749) width 68: "\x{E40}\x{E2B}\x{E47}\x{E19}"
      text run at (0,12768) width 85: "\x{E04}\x{E25}\x{E37}\x{E48}\x{E19}"
      text run at (0,12787) width 68: "\x{E2B}\x{E0D}\x{E49}\x{E32}"
      text run at (0,12806) width 34: "\x{E21}\x{E32}"
      text run at (0,12825) width 51: "\x{E17}\x{E32}\x{E07}"
      text run at (0,12844) width 68: "\x{E14}\x{E49}\x{E32}\x{E19}"
      text run at (0,12863) width 68: "\x{E19}\x{E31}\x{E49}\x{E19}"
      text run at (0,12882) width 68: "\x{E14}\x{E49}\x{E27}\x{E22}"
      text run at (0,12901) width 51: "\x{E25}\x{E38}\x{E07}"
      text run at (0,12920) width 34: "\x{E40}\x{E2E}"
      text run at (0,12939) width 51: "\x{E19}\x{E23}\x{E35}"
      text run at (0,12958) width 51: "\x{E1C}\x{E38}\x{E14}"
      text run at (0,12977) width 51: "\x{E25}\x{E38}\x{E01}"
      text run at (0,12996) width 68: "\x{E02}\x{E36}\x{E49}\x{E19}"
      text run at (0,13015) width 85: "\x{E17}\x{E31}\x{E19}\x{E43}\x{E14}"
      text run at (0,13034) width 41: "\"\x{E25}\x{E21}"
      text run at (0,13053) width 102: "\x{E44}\x{E0B}\x{E42}\x{E04}\x{E25}\x{E19}"
      text run at (0,13072) width 34: "\x{E21}\x{E32}"
      text run at (0,13091) width 75: "\x{E40}\x{E2D}\x{E47}\x{E21}\""
      text run at (0,13110) width 51: "\x{E25}\x{E38}\x{E07}"
      text run at (0,13129) width 68: "\x{E23}\x{E49}\x{E2D}\x{E07}"
      text run at (0,13148) width 51: "\x{E1A}\x{E2D}\x{E01}"
      text run at (0,13167) width 85: "\x{E20}\x{E23}\x{E23}\x{E22}\x{E32}"
      text run at (0,13186) width 58: "\"\x{E02}\x{E49}\x{E32}"
      text run at (0,13205) width 34: "\x{E08}\x{E30}"
      text run at (0,13224) width 34: "\x{E44}\x{E1B}"
      text run at (0,13243) width 34: "\x{E14}\x{E39}"
      text run at (0,13262) width 85: "\x{E2A}\x{E31}\x{E15}\x{E27}\x{E4C}"
      text run at (0,13281) width 102: "\x{E40}\x{E25}\x{E35}\x{E49}\x{E22}\x{E07}"
      text run at (0,13300) width 92: "\x{E2B}\x{E19}\x{E48}\x{E2D}\x{E22}\""
      text run at (0,13319) width 68: "\x{E41}\x{E25}\x{E49}\x{E27}"
      text run at (0,13338) width 51: "\x{E25}\x{E38}\x{E07}"
      text run at (0,13357) width 34: "\x{E01}\x{E47}"
      text run at (0,13376) width 68: "\x{E27}\x{E34}\x{E48}\x{E07}"
      text run at (0,13395) width 34: "\x{E44}\x{E1B}"
      text run at (0,13414) width 51: "\x{E22}\x{E31}\x{E07}"
      text run at (0,13433) width 68: "\x{E40}\x{E1E}\x{E34}\x{E07}"
      text run at (0,13452) width 51: "\x{E17}\x{E35}\x{E48}"
      text run at (0,13471) width 51: "\x{E27}\x{E31}\x{E27}"
      text run at (0,13490) width 51: "\x{E41}\x{E25}\x{E30}"
      text run at (0,13509) width 51: "\x{E21}\x{E49}\x{E32}"
      text run at (0,13528) width 85: "\x{E2D}\x{E32}\x{E28}\x{E31}\x{E22}"
      text run at (0,13547) width 68: "\x{E2D}\x{E22}\x{E39}\x{E48}"
      text run at (0,13566) width 51: "\x{E1B}\x{E49}\x{E32}"
      text run at (0,13585) width 68: "\x{E40}\x{E2D}\x{E47}\x{E21}"
      text run at (0,13604) width 68: "\x{E2B}\x{E22}\x{E38}\x{E14}"
      text run at (0,13623) width 102: "\x{E17}\x{E33}\x{E07}\x{E32}\x{E19}"
      text run at (0,13642) width 51: "\x{E41}\x{E25}\x{E30}"
      text run at (0,13661) width 34: "\x{E21}\x{E32}"
      text run at (0,13680) width 51: "\x{E17}\x{E35}\x{E48}"
      text run at (0,13699) width 85: "\x{E1B}\x{E23}\x{E30}\x{E15}\x{E39}"
      text run at (0,13718) width 85: "\x{E40}\x{E1E}\x{E35}\x{E22}\x{E07}"
      text run at (0,13737) width 85: "\x{E0A}\x{E32}\x{E22}\x{E15}\x{E32}"
      text run at (0,13756) width 51: "\x{E21}\x{E2D}\x{E07}"
      text run at (0,13775) width 51: "\x{E1B}\x{E49}\x{E32}"
      text run at (0,13794) width 34: "\x{E01}\x{E47}"
      text run at (0,13813) width 51: "\x{E1A}\x{E2D}\x{E01}"
      text run at (0,13832) width 51: "\x{E44}\x{E14}\x{E49}"
      text run at (0,13851) width 51: "\x{E27}\x{E48}\x{E32}"
      text run at (0,13870) width 119: "\x{E2D}\x{E31}\x{E19}\x{E15}\x{E23}\x{E32}\x{E22}"
      text run at (0,13889) width 34: "\x{E21}\x{E32}"
      text run at (0,13908) width 51: "\x{E16}\x{E36}\x{E07}"
      text run at (0,13927) width 68: "\x{E41}\x{E25}\x{E49}\x{E27}"
      text run at (0,13946) width 75: "\"\x{E40}\x{E23}\x{E47}\x{E27}"
      text run at (0,13965) width 34: "\x{E42}\x{E14}"
      text run at (0,13984) width 80: "\x{E42}\x{E23}\x{E18}\x{E35}!\""
      text run at (0,14003) width 51: "\x{E1B}\x{E49}\x{E32}"
      text run at (0,14022) width 85: "\x{E15}\x{E30}\x{E42}\x{E01}\x{E19}"
      text run at (0,14041) width 75: "\"\x{E27}\x{E34}\x{E48}\x{E07}"
      text run at (0,14060) width 34: "\x{E44}\x{E1B}"
      text run at (0,14079) width 68: "\x{E2B}\x{E49}\x{E2D}\x{E07}"
      text run at (0,14098) width 109: "\x{E43}\x{E15}\x{E49}\x{E16}\x{E38}\x{E19}\""
      text run at (0,14117) width 34: "\x{E42}\x{E15}"
      text run at (0,14136) width 51: "\x{E42}\x{E15}\x{E49}"
      text run at (0,14155) width 68: "\x{E1C}\x{E25}\x{E38}\x{E19}"
      text run at (0,14174) width 102: "\x{E01}\x{E23}\x{E30}\x{E42}\x{E14}\x{E14}"
      text run at (0,14193) width 34: "\x{E25}\x{E07}"
      text run at (0,14212) width 51: "\x{E08}\x{E32}\x{E01}"
      text run at (0,14231) width 68: "\x{E2D}\x{E49}\x{E2D}\x{E21}"
      text run at (0,14250) width 51: "\x{E41}\x{E02}\x{E19}"
      text run at (0,14269) width 34: "\x{E42}\x{E14}"
      text run at (0,14288) width 68: "\x{E42}\x{E23}\x{E18}\x{E35}"
      text run at (0,14307) width 68: "\x{E41}\x{E25}\x{E49}\x{E27}"
      text run at (0,14326) width 102: "\x{E40}\x{E02}\x{E49}\x{E32}\x{E44}\x{E1B}"
      text run at (0,14345) width 68: "\x{E0B}\x{E48}\x{E2D}\x{E19}"
      text run at (0,14364) width 68: "\x{E2D}\x{E22}\x{E39}\x{E48}"
      text run at (0,14383) width 51: "\x{E43}\x{E15}\x{E49}"
      text run at (0,14402) width 85: "\x{E40}\x{E15}\x{E35}\x{E22}\x{E07}"
      text run at (0,14421) width 68: "\x{E40}\x{E14}\x{E47}\x{E01}"
      text run at (0,14440) width 68: "\x{E2B}\x{E0D}\x{E34}\x{E07}"
      text run at (0,14459) width 68: "\x{E19}\x{E49}\x{E2D}\x{E22}"
      text run at (0,14478) width 102: "\x{E40}\x{E02}\x{E49}\x{E32}\x{E44}\x{E1B}"
      text run at (0,14497) width 51: "\x{E14}\x{E36}\x{E07}"
      text run at (0,14516) width 51: "\x{E21}\x{E31}\x{E19}"
      text run at (0,14535) width 51: "\x{E2D}\x{E2D}\x{E01}"
      text run at (0,14554) width 34: "\x{E21}\x{E32}"
      text run at (0,14573) width 51: "\x{E1B}\x{E49}\x{E32}"
      text run at (0,14592) width 51: "\x{E40}\x{E2D}\x{E47}"
      text run at (0,14611) width 34: "\x{E21}\x{E01}"
      text run at (0,14630) width 34: "\x{E23}\x{E30}"
      text run at (0,14649) width 51: "\x{E0A}\x{E32}\x{E01}"
      text run at (0,14668) width 34: "\x{E1D}\x{E32}"
      text run at (0,14687) width 51: "\x{E17}\x{E35}\x{E48}"
      text run at (0,14706) width 68: "\x{E1E}\x{E37}\x{E49}\x{E19}"
      text run at (0,14725) width 51: "\x{E2D}\x{E2D}\x{E01}"
      text run at (0,14744) width 85: "\x{E2D}\x{E22}\x{E48}\x{E32}\x{E07}"
      text run at (0,14763) width 34: "\x{E2D}\x{E01}"
      text run at (0,14782) width 68: "\x{E2A}\x{E31}\x{E48}\x{E19}"
      text run at (0,14801) width 68: "\x{E02}\x{E27}\x{E31}\x{E0D}"
      text run at (0,14820) width 51: "\x{E2B}\x{E32}\x{E22}"
      text run at (0,14839) width 51: "\x{E1B}\x{E35}\x{E19}"
      text run at (0,14858) width 85: "\x{E1A}\x{E31}\x{E19}\x{E44}\x{E14}"
      text run at (0,14877) width 51: "\x{E44}\x{E21}\x{E49}"
      text run at (0,14896) width 34: "\x{E25}\x{E07}"
      text run at (0,14915) width 34: "\x{E44}\x{E1B}"
      text run at (0,14934) width 34: "\x{E43}\x{E19}"
      text run at (0,14953) width 68: "\x{E42}\x{E1E}\x{E23}\x{E07}"
      text run at (0,14972) width 68: "\x{E40}\x{E25}\x{E47}\x{E01}"
      text run at (0,14991) width 51: "\x{E2D}\x{E31}\x{E19}"
      text run at (0,15010) width 51: "\x{E21}\x{E37}\x{E14}"
      text run at (0,15029) width 51: "\x{E17}\x{E36}\x{E1A}"
      text run at (0,15048) width 34: "\x{E42}\x{E14}"
      text run at (0,15067) width 68: "\x{E42}\x{E23}\x{E18}\x{E35}"
      text run at (0,15086) width 51: "\x{E08}\x{E31}\x{E1A}"
      text run at (0,15105) width 34: "\x{E42}\x{E15}"
      text run at (0,15124) width 51: "\x{E42}\x{E15}\x{E49}"
      text run at (0,15143) width 51: "\x{E44}\x{E14}\x{E49}"
      text run at (0,15162) width 34: "\x{E43}\x{E19}"
      text run at (0,15181) width 102: "\x{E17}\x{E35}\x{E48}\x{E2A}\x{E38}\x{E14}"
      text run at (0,15200) width 51: "\x{E41}\x{E25}\x{E30}"
      text run at (0,15219) width 68: "\x{E27}\x{E34}\x{E48}\x{E07}"
      text run at (0,15238) width 51: "\x{E15}\x{E32}\x{E21}"
      text run at (0,15257) width 51: "\x{E1B}\x{E49}\x{E32}"
      text run at (0,15276) width 51: "\x{E40}\x{E18}\x{E2D}"
      text run at (0,15295) width 34: "\x{E44}\x{E1B}"
      text run at (0,15314) width 85: "\x{E40}\x{E21}\x{E37}\x{E48}\x{E2D}"
      text run at (0,15333) width 51: "\x{E40}\x{E18}\x{E2D}"
      text run at (0,15352) width 34: "\x{E21}\x{E32}"
      text run at (0,15371) width 51: "\x{E44}\x{E14}\x{E49}"
      text run at (0,15390) width 85: "\x{E04}\x{E23}\x{E36}\x{E48}\x{E07}"
      text run at (0,15409) width 68: "\x{E2B}\x{E49}\x{E2D}\x{E07}"
      text run at (0,15428) width 34: "\x{E01}\x{E47}"
      text run at (0,15447) width 34: "\x{E21}\x{E35}"
      text run at (0,15466) width 85: "\x{E40}\x{E2A}\x{E35}\x{E22}\x{E07}"
      text run at (0,15485) width 68: "\x{E2B}\x{E27}\x{E35}\x{E14}"
      text run at (0,15504) width 68: "\x{E2B}\x{E27}\x{E37}\x{E2D}"
      text run at (0,15523) width 68: "\x{E2A}\x{E48}\x{E27}\x{E19}"
      text run at (0,15542) width 68: "\x{E1A}\x{E49}\x{E32}\x{E19}"
      text run at (0,15561) width 34: "\x{E01}\x{E47}"
      text run at (0,15580) width 68: "\x{E2A}\x{E31}\x{E48}\x{E19}"
      text run at (0,15599) width 85: "\x{E2D}\x{E22}\x{E48}\x{E32}\x{E07}"
      text run at (0,15618) width 51: "\x{E41}\x{E23}\x{E07}"
      text run at (0,15637) width 34: "\x{E08}\x{E19}"
      text run at (0,15656) width 51: "\x{E40}\x{E18}\x{E2D}"
      text run at (0,15675) width 34: "\x{E2B}\x{E01}"
      text run at (0,15694) width 85: "\x{E04}\x{E30}\x{E21}\x{E33}"
      text run at (0,15713) width 68: "\x{E19}\x{E31}\x{E48}\x{E07}"
      text run at (0,15732) width 136: "\x{E08}\x{E49}\x{E33}\x{E40}\x{E1A}\x{E49}\x{E32}"
      text run at (0,15751) width 68: "\x{E2D}\x{E22}\x{E39}\x{E48}"
      text run at (0,15770) width 51: "\x{E01}\x{E31}\x{E1A}"
      text run at (0,15789) width 68: "\x{E1E}\x{E37}\x{E49}\x{E19}"
      text run at (0,15808) width 68: "\x{E41}\x{E25}\x{E49}\x{E27}"
      text run at (0,15827) width 68: "\x{E2A}\x{E34}\x{E48}\x{E07}"
      text run at (0,15846) width 119: "\x{E1B}\x{E23}\x{E30}\x{E2B}\x{E25}\x{E32}\x{E14}"
      text run at (0,15865) width 34: "\x{E01}\x{E47}"
      text run at (0,15884) width 68: "\x{E40}\x{E01}\x{E34}\x{E14}"
      text run at (0,15903) width 68: "\x{E02}\x{E36}\x{E49}\x{E19}"
      text run at (0,15922) width 68: "\x{E1A}\x{E49}\x{E32}\x{E19}"
      text run at (0,15941) width 68: "\x{E2B}\x{E21}\x{E38}\x{E19}"
      text run at (0,15960) width 34: "\x{E44}\x{E1B}"
      text run at (0,15979) width 68: "\x{E2B}\x{E21}\x{E38}\x{E19}"
      text run at (0,15998) width 51: "\x{E21}\x{E32}\x{E2A}"
      text run at (0,16017) width 34: "\x{E2D}\x{E07}"
      text run at (0,16036) width 51: "\x{E2A}\x{E32}\x{E21}"
      text run at (0,16055) width 51: "\x{E23}\x{E2D}\x{E1A}"
      text run at (0,16074) width 68: "\x{E41}\x{E25}\x{E49}\x{E27}"
      text run at (0,16093) width 34: "\x{E01}\x{E47}"
      text run at (0,16112) width 51: "\x{E25}\x{E2D}\x{E22}"
      text run at (0,16131) width 68: "\x{E02}\x{E36}\x{E49}\x{E19}"
      text run at (0,16150) width 51: "\x{E2A}\x{E39}\x{E48}"
      text run at (0,16169) width 85: "\x{E2D}\x{E32}\x{E01}\x{E32}\x{E28}"
      text run at (0,16188) width 85: "\x{E2D}\x{E22}\x{E48}\x{E32}\x{E07}"
      text run at (0,16207) width 68: "\x{E0A}\x{E49}\x{E32}\x{E46}"
      text run at (0,16226) width 34: "\x{E42}\x{E14}"
      text run at (0,16245) width 34: "\x{E42}\x{E23}"
      text run at (0,16264) width 85: "\x{E18}\x{E35}\x{E23}\x{E39}\x{E49}"
      text run at (0,16283) width 51: "\x{E2A}\x{E36}\x{E01}"
      text run at (0,16302) width 102: "\x{E23}\x{E32}\x{E27}\x{E01}\x{E31}\x{E1A}"
      text run at (0,16321) width 51: "\x{E27}\x{E48}\x{E32}"
      text run at (0,16340) width 51: "\x{E40}\x{E18}\x{E2D}"
      text run at (0,16359) width 51: "\x{E44}\x{E14}\x{E49}"
      text run at (0,16378) width 68: "\x{E02}\x{E36}\x{E49}\x{E19}"
      text run at (0,16397) width 34: "\x{E44}\x{E1B}"
      text run at (0,16416) width 51: "\x{E01}\x{E31}\x{E1A}"
      text run at (0,16435) width 51: "\x{E25}\x{E39}\x{E01}"
      text run at (0,16454) width 102: "\x{E1A}\x{E2D}\x{E25}\x{E25}\x{E39}\x{E19}"
      text run at (0,16473) width 68: "\x{E1E}\x{E32}\x{E22}\x{E38}"
      text run at (0,16492) width 85: "\x{E40}\x{E2B}\x{E19}\x{E37}\x{E2D}"
      text run at (0,16511) width 51: "\x{E01}\x{E31}\x{E1A}"
      text run at (0,16530) width 68: "\x{E1E}\x{E32}\x{E22}\x{E38}"
      text run at (0,16549) width 51: "\x{E43}\x{E15}\x{E49}"
      text run at (0,16568) width 34: "\x{E21}\x{E32}"
      text run at (0,16587) width 34: "\x{E1E}\x{E1A}"
      text run at (0,16606) width 51: "\x{E01}\x{E31}\x{E19}"
      text run at (0,16625) width 51: "\x{E15}\x{E23}\x{E07}"
      text run at (0,16644) width 51: "\x{E17}\x{E35}\x{E48}"
      text run at (0,16663) width 68: "\x{E1A}\x{E49}\x{E32}\x{E19}"
      text run at (0,16682) width 68: "\x{E1E}\x{E2D}\x{E14}\x{E35}"
      text run at (0,16701) width 51: "\x{E41}\x{E25}\x{E30}"
      text run at (0,16720) width 102: "\x{E17}\x{E33}\x{E43}\x{E2B}\x{E49}"
      text run at (0,16739) width 51: "\x{E15}\x{E23}\x{E07}"
      text run at (0,16758) width 68: "\x{E19}\x{E31}\x{E49}\x{E19}"
      text run at (0,16777) width 68: "\x{E40}\x{E1B}\x{E47}\x{E19}"
      text run at (0,16796) width 204: "\x{E08}\x{E38}\x{E14}\x{E28}\x{E39}\x{E19}\x{E22}\x{E4C}\x{E01}\x{E25}\x{E32}\x{E07}"
      text run at (0,16815) width 51: "\x{E02}\x{E2D}\x{E07}"
      text run at (0,16834) width 68: "\x{E1E}\x{E32}\x{E22}\x{E38}"
      text run at (0,16853) width 102: "\x{E44}\x{E0B}\x{E42}\x{E04}\x{E25}\x{E19}"
      text run at (0,16872) width 51: "\x{E15}\x{E32}\x{E21}"
      text run at (0,16891) width 68: "\x{E1B}\x{E01}\x{E15}\x{E34}"
      text run at (0,16910) width 51: "\x{E15}\x{E23}\x{E07}"
      text run at (0,16929) width 68: "\x{E01}\x{E25}\x{E32}\x{E07}"
      text run at (0,16948) width 68: "\x{E1E}\x{E32}\x{E22}\x{E38}"
      text run at (0,16967) width 102: "\x{E44}\x{E0B}\x{E42}\x{E04}\x{E25}\x{E19}"
      text run at (0,16986) width 85: "\x{E2D}\x{E32}\x{E01}\x{E32}\x{E28}"
      text run at (0,17005) width 34: "\x{E08}\x{E30}"
      text run at (0,17024) width 68: "\x{E19}\x{E34}\x{E48}\x{E07}"
      text run at (0,17043) width 51: "\x{E41}\x{E15}\x{E48}"
      text run at (0,17062) width 68: "\x{E04}\x{E27}\x{E32}\x{E21}"
      text run at (0,17081) width 85: "\x{E01}\x{E14}\x{E14}\x{E31}\x{E19}"
      text run at (0,17100) width 85: "\x{E2D}\x{E22}\x{E48}\x{E32}\x{E07}"
      text run at (0,17119) width 68: "\x{E2B}\x{E19}\x{E31}\x{E01}"
      text run at (0,17138) width 51: "\x{E02}\x{E2D}\x{E07}"
      text run at (0,17157) width 34: "\x{E25}\x{E21}"
      text run at (0,17176) width 51: "\x{E17}\x{E38}\x{E01}"
      text run at (0,17195) width 68: "\x{E14}\x{E49}\x{E32}\x{E19}"
      text run at (0,17214) width 51: "\x{E23}\x{E2D}\x{E1A}"
      text run at (0,17233) width 68: "\x{E1A}\x{E49}\x{E32}\x{E19}"
      text run at (0,17252) width 102: "\x{E17}\x{E33}\x{E43}\x{E2B}\x{E49}"
      text run at (0,17271) width 68: "\x{E1A}\x{E49}\x{E32}\x{E19}"
      text run at (0,17290) width 51: "\x{E25}\x{E2D}\x{E22}"
      text run at (0,17309) width 51: "\x{E2A}\x{E39}\x{E07}"
      text run at (0,17328) width 85: "\x{E02}\x{E36}\x{E49}\x{E19}\x{E46}"
      text run at (0,17347) width 34: "\x{E08}\x{E19}"
      text run at (0,17366) width 119: "\x{E01}\x{E23}\x{E30}\x{E17}\x{E31}\x{E48}\x{E07}"
      text run at (0,17385) width 68: "\x{E02}\x{E36}\x{E49}\x{E19}"
      text run at (0,17404) width 34: "\x{E44}\x{E1B}"
      text run at (0,17423) width 68: "\x{E2D}\x{E22}\x{E39}\x{E48}"
      text run at (0,17442) width 51: "\x{E2A}\x{E38}\x{E14}"
      text run at (0,17461) width 51: "\x{E22}\x{E2D}\x{E14}"
      text run at (0,17480) width 51: "\x{E02}\x{E2D}\x{E07}"
      text run at (0,17499) width 68: "\x{E1E}\x{E32}\x{E22}\x{E38}"
      text run at (0,17518) width 102: "\x{E44}\x{E0B}\x{E42}\x{E04}\x{E25}\x{E19}"
      text run at (0,17537) width 51: "\x{E41}\x{E25}\x{E30}"
      text run at (0,17556) width 51: "\x{E08}\x{E32}\x{E01}"
      text run at (0,17575) width 51: "\x{E15}\x{E23}\x{E07}"
      text run at (0,17594) width 68: "\x{E19}\x{E31}\x{E49}\x{E19}"
      text run at (0,17613) width 34: "\x{E01}\x{E47}"
      text run at (0,17632) width 51: "\x{E16}\x{E39}\x{E01}"
      text run at (0,17651) width 51: "\x{E2B}\x{E2D}\x{E1A}"
      text run at (0,17670) width 34: "\x{E44}\x{E1B}"
      text run at (0,17689) width 68: "\x{E2B}\x{E25}\x{E32}\x{E22}"
      text run at (0,17708) width 68: "\x{E44}\x{E21}\x{E25}\x{E4C}"
      text run at (0,17727) width 119: "\x{E07}\x{E48}\x{E32}\x{E22}\x{E14}\x{E32}\x{E22}"
      text run at (0,17746) width 102: "\x{E23}\x{E32}\x{E27}\x{E01}\x{E31}\x{E1A}"
      text run at (0,17765) width 51: "\x{E2B}\x{E2D}\x{E1A}"
      text run at (0,17784) width 34: "\x{E02}\x{E19}"
      text run at (0,17803) width 34: "\x{E19}\x{E01}"
      text run at (0,17822) width 51: "\x{E21}\x{E37}\x{E14}"
      text run at (0,17841) width 51: "\x{E21}\x{E32}\x{E01}"
      text run at (0,17860) width 68: "\x{E41}\x{E25}\x{E49}\x{E27}"
      text run at (0,17879) width 34: "\x{E25}\x{E21}"
      text run at (0,17898) width 51: "\x{E22}\x{E31}\x{E07}"
      text run at (0,17917) width 51: "\x{E2A}\x{E48}\x{E07}"
      text run at (0,17936) width 85: "\x{E40}\x{E2A}\x{E35}\x{E22}\x{E07}"
      text run at (0,17955) width 68: "\x{E2B}\x{E27}\x{E35}\x{E14}"
      text run at (0,17974) width 68: "\x{E2B}\x{E27}\x{E37}\x{E2D}"
      text run at (0,17993) width 51: "\x{E19}\x{E48}\x{E32}"
      text run at (0,18012) width 68: "\x{E01}\x{E25}\x{E31}\x{E27}"
      text run at (0,18031) width 68: "\x{E2D}\x{E22}\x{E39}\x{E48}"
      text run at (0,18050) width 51: "\x{E23}\x{E2D}\x{E1A}"
      text run at (0,18069) width 51: "\x{E15}\x{E31}\x{E27}"
      text run at (0,18088) width 51: "\x{E40}\x{E18}\x{E2D}"
      text run at (0,18107) width 51: "\x{E41}\x{E15}\x{E48}"
      text run at (0,18126) width 34: "\x{E42}\x{E14}"
      text run at (0,18145) width 68: "\x{E42}\x{E23}\x{E18}\x{E35}"
      text run at (0,18164) width 68: "\x{E40}\x{E2B}\x{E47}\x{E19}"
      text run at (0,18183) width 51: "\x{E27}\x{E48}\x{E32}"
      text run at (0,18202) width 51: "\x{E40}\x{E18}\x{E2D}"
      text run at (0,18221) width 102: "\x{E2A}\x{E32}\x{E21}\x{E32}\x{E23}\x{E16}"
      text run at (0,18240) width 68: "\x{E19}\x{E31}\x{E48}\x{E07}"
      text run at (0,18259) width 34: "\x{E44}\x{E1B}"
      text run at (0,18278) width 51: "\x{E44}\x{E14}\x{E49}"
      text run at (0,18297) width 85: "\x{E2D}\x{E22}\x{E48}\x{E32}\x{E07}"
      text run at (0,18316) width 119: "\x{E07}\x{E48}\x{E32}\x{E22}\x{E14}\x{E32}\x{E22}"
      text run at (0,18335) width 51: "\x{E19}\x{E31}\x{E01}"
      text run at (0,18354) width 85: "\x{E04}\x{E23}\x{E31}\x{E49}\x{E07}"
      text run at (0,18373) width 85: "\x{E2B}\x{E19}\x{E36}\x{E48}\x{E07}"
      text run at (0,18392) width 68: "\x{E2B}\x{E25}\x{E31}\x{E07}"
      text run at (0,18411) width 51: "\x{E08}\x{E32}\x{E01}"
      text run at (0,18430) width 51: "\x{E17}\x{E35}\x{E48}"
      text run at (0,18449) width 68: "\x{E1A}\x{E49}\x{E32}\x{E19}"
      text run at (0,18468) width 85: "\x{E2A}\x{E30}\x{E14}\x{E38}\x{E14}"
      text run at (0,18487) width 85: "\x{E2D}\x{E22}\x{E48}\x{E32}\x{E07}"
      text run at (0,18506) width 51: "\x{E41}\x{E23}\x{E07}"
      text run at (0,18525) width 51: "\x{E41}\x{E25}\x{E30}"
      text run at (0,18544) width 68: "\x{E2B}\x{E21}\x{E38}\x{E19}"
      text run at (0,18563) width 34: "\x{E44}\x{E1B}"
      text run at (0,18582) width 68: "\x{E23}\x{E2D}\x{E1A}\x{E46}"
      text run at (0,18601) width 51: "\x{E2A}\x{E2D}\x{E07}"
      text run at (0,18620) width 51: "\x{E2A}\x{E32}\x{E21}"
      text run at (0,18639) width 85: "\x{E04}\x{E23}\x{E31}\x{E49}\x{E07}"
      text run at (0,18658) width 34: "\x{E43}\x{E19}"
      text run at (0,18677) width 51: "\x{E15}\x{E2D}\x{E19}"
      text run at (0,18696) width 51: "\x{E41}\x{E23}\x{E01}"
      text run at (0,18715) width 51: "\x{E40}\x{E18}\x{E2D}"
      text run at (0,18734) width 34: "\x{E01}\x{E47}"
      text run at (0,18753) width 102: "\x{E23}\x{E39}\x{E49}\x{E2A}\x{E36}\x{E01}"
      text run at (0,18772) width 51: "\x{E27}\x{E48}\x{E32}"
      text run at (0,18791) width 51: "\x{E15}\x{E31}\x{E27}"
      text run at (0,18810) width 51: "\x{E40}\x{E2D}\x{E07}"
      text run at (0,18829) width 51: "\x{E16}\x{E39}\x{E01}"
      text run at (0,18848) width 85: "\x{E41}\x{E01}\x{E27}\x{E48}\x{E07}"
      text run at (0,18867) width 85: "\x{E2D}\x{E22}\x{E48}\x{E32}\x{E07}"
      text run at (0,18886) width 68: "\x{E41}\x{E1C}\x{E48}\x{E27}"
      text run at (0,18905) width 51: "\x{E40}\x{E1A}\x{E32}"
      text run at (0,18924) width 51: "\x{E23}\x{E32}\x{E27}"
      text run at (0,18943) width 68: "\x{E17}\x{E32}\x{E23}\x{E01}"
      text run at (0,18962) width 34: "\x{E43}\x{E19}"
      text run at (0,18981) width 51: "\x{E40}\x{E1B}\x{E25}"
      text run at (0,19000) width 34: "\x{E42}\x{E15}"
      text run at (0,19019) width 51: "\x{E42}\x{E15}\x{E49}"
      text run at (0,19038) width 51: "\x{E44}\x{E21}\x{E48}"
      text run at (0,19057) width 85: "\x{E0A}\x{E2D}\x{E1A}\x{E43}\x{E08}"
      text run at (0,19076) width 51: "\x{E40}\x{E25}\x{E22}"
      text run at (0,19095) width 51: "\x{E21}\x{E31}\x{E19}"
      text run at (0,19114) width 68: "\x{E27}\x{E34}\x{E48}\x{E07}"
      text run at (0,19133) width 34: "\x{E44}\x{E1B}"
      text run at (0,19152) width 68: "\x{E27}\x{E34}\x{E48}\x{E07}"
      text run at (0,19171) width 51: "\x{E21}\x{E32}\x{E23}"
      text run at (0,19190) width 34: "\x{E2D}\x{E1A}"
      text run at (0,19209) width 68: "\x{E2B}\x{E49}\x{E2D}\x{E07}"
      text run at (0,19228) width 51: "\x{E17}\x{E32}\x{E07}"
      text run at (0,19247) width 68: "\x{E42}\x{E19}\x{E49}\x{E19}"
      text run at (0,19266) width 34: "\x{E17}\x{E35}"
      text run at (0,19285) width 51: "\x{E17}\x{E32}\x{E07}"
      text run at (0,19304) width 51: "\x{E19}\x{E35}\x{E49}"
      text run at (0,19323) width 34: "\x{E17}\x{E35}"
      text run at (0,19342) width 51: "\x{E2A}\x{E48}\x{E07}"
      text run at (0,19361) width 85: "\x{E40}\x{E2A}\x{E35}\x{E22}\x{E07}"
      text run at (0,19380) width 68: "\x{E40}\x{E2B}\x{E48}\x{E32}"
      text run at (0,19399) width 51: "\x{E14}\x{E31}\x{E07}"
      text run at (0,19418) width 68: "\x{E01}\x{E49}\x{E2D}\x{E07}"
      text run at (0,19437) width 51: "\x{E41}\x{E15}\x{E48}"
      text run at (0,19456) width 34: "\x{E42}\x{E14}"
      text run at (0,19475) width 68: "\x{E42}\x{E23}\x{E18}\x{E35}"
      text run at (0,19494) width 68: "\x{E19}\x{E31}\x{E48}\x{E07}"
      text run at (0,19513) width 68: "\x{E19}\x{E34}\x{E48}\x{E07}"
      text run at (0,19532) width 68: "\x{E2D}\x{E22}\x{E39}\x{E48}"
      text run at (0,19551) width 34: "\x{E1A}\x{E19}"
      text run at (0,19570) width 68: "\x{E1E}\x{E37}\x{E49}\x{E19}"
      text run at (0,19589) width 68: "\x{E40}\x{E1D}\x{E49}\x{E32}"
      text run at (0,19608) width 51: "\x{E04}\x{E2D}\x{E22}"
      text run at (0,19627) width 34: "\x{E14}\x{E39}"
      text run at (0,19646) width 51: "\x{E27}\x{E48}\x{E32}"
      text run at (0,19665) width 34: "\x{E08}\x{E30}"
      text run at (0,19684) width 68: "\x{E40}\x{E01}\x{E34}\x{E14}"
      text run at (0,19703) width 68: "\x{E2D}\x{E30}\x{E44}\x{E23}"
      text run at (0,19722) width 68: "\x{E02}\x{E36}\x{E49}\x{E19}"
      text run at (0,19741) width 85: "\x{E04}\x{E23}\x{E31}\x{E49}\x{E07}"
      text run at (0,19760) width 85: "\x{E2B}\x{E19}\x{E36}\x{E48}\x{E07}"
      text run at (0,19779) width 34: "\x{E42}\x{E15}"
      text run at (0,19798) width 51: "\x{E42}\x{E15}\x{E49}"
      text run at (0,19817) width 102: "\x{E40}\x{E02}\x{E49}\x{E32}\x{E44}\x{E1B}"
      text run at (0,19836) width 68: "\x{E43}\x{E01}\x{E25}\x{E49}"
      text run at (0,19855) width 34: "\x{E1D}\x{E32}"
      text run at (0,19874) width 51: "\x{E17}\x{E35}\x{E48}"
      text run at (0,19893) width 68: "\x{E1E}\x{E37}\x{E49}\x{E19}"
      text run at (0,19912) width 51: "\x{E21}\x{E32}\x{E01}"
      text run at (0,19931) width 34: "\x{E44}\x{E1B}"
      text run at (0,19950) width 51: "\x{E40}\x{E25}\x{E22}"
      text run at (0,19969) width 68: "\x{E1E}\x{E25}\x{E31}\x{E14}"
      text run at (0,19988) width 68: "\x{E15}\x{E01}\x{E25}\x{E07}"
      text run at (0,20007) width 34: "\x{E44}\x{E1B}"
      text run at (0,20026) width 34: "\x{E17}\x{E35}"
      text run at (0,20045) width 51: "\x{E41}\x{E23}\x{E01}"
      text run at (0,20064) width 68: "\x{E40}\x{E14}\x{E47}\x{E01}"
      text run at (0,20083) width 68: "\x{E2B}\x{E0D}\x{E34}\x{E07}"
      text run at (0,20102) width 51: "\x{E04}\x{E34}\x{E14}"
      text run at (0,20121) width 51: "\x{E27}\x{E48}\x{E32}"
      text run at (0,20140) width 51: "\x{E40}\x{E18}\x{E2D}"
      text run at (0,20159) width 34: "\x{E08}\x{E30}"
      text run at (0,20178) width 51: "\x{E2A}\x{E39}\x{E0D}"
      text run at (0,20197) width 68: "\x{E40}\x{E2A}\x{E35}\x{E22}"
      text run at (0,20216) width 51: "\x{E21}\x{E31}\x{E19}"
      text run at (0,20235) width 34: "\x{E44}\x{E1B}"
      text run at (0,20254) width 68: "\x{E40}\x{E2A}\x{E35}\x{E22}"
      text run at (0,20273) width 68: "\x{E41}\x{E25}\x{E49}\x{E27}"
      text run at (0,20292) width 51: "\x{E41}\x{E15}\x{E48}"
      text run at (0,20311) width 68: "\x{E0A}\x{E31}\x{E48}\x{E27}"
      text run at (0,20330) width 68: "\x{E04}\x{E23}\x{E39}\x{E48}"
      text run at (0,20349) width 51: "\x{E40}\x{E18}\x{E2D}"
      text run at (0,20368) width 34: "\x{E01}\x{E47}"
      text run at (0,20387) width 68: "\x{E40}\x{E2B}\x{E47}\x{E19}"
      text run at (0,20406) width 34: "\x{E2B}\x{E39}"
      text run at (0,20425) width 51: "\x{E02}\x{E2D}\x{E07}"
      text run at (0,20444) width 51: "\x{E21}\x{E31}\x{E19}"
      text run at (0,20463) width 68: "\x{E42}\x{E1C}\x{E25}\x{E48}"
      text run at (0,20482) width 68: "\x{E02}\x{E36}\x{E49}\x{E19}"
      text run at (0,20501) width 34: "\x{E21}\x{E32}"
      text run at (0,20520) width 51: "\x{E08}\x{E32}\x{E01}"
      text run at (0,20539) width 68: "\x{E0A}\x{E48}\x{E2D}\x{E07}"
      text run at (0,20558) width 68: "\x{E19}\x{E31}\x{E49}\x{E19}"
      text run at (0,20577) width 119: "\x{E17}\x{E31}\x{E49}\x{E07}\x{E19}\x{E35}\x{E49}"
      text run at (0,20596) width 85: "\x{E40}\x{E1E}\x{E23}\x{E32}\x{E30}"
      text run at (0,20615) width 51: "\x{E41}\x{E23}\x{E07}"
      text run at (0,20634) width 34: "\x{E01}\x{E14}"
      text run at (0,20653) width 85: "\x{E2D}\x{E22}\x{E48}\x{E32}\x{E07}"
      text run at (0,20672) width 68: "\x{E2B}\x{E19}\x{E31}\x{E01}"
      text run at (0,20691) width 51: "\x{E02}\x{E2D}\x{E07}"
      text run at (0,20710) width 85: "\x{E2D}\x{E32}\x{E01}\x{E32}\x{E28}"
      text run at (0,20729) width 102: "\x{E17}\x{E33}\x{E43}\x{E2B}\x{E49}"
      text run at (0,20748) width 34: "\x{E42}\x{E15}"
      text run at (0,20767) width 51: "\x{E42}\x{E15}\x{E49}"
      text run at (0,20786) width 51: "\x{E44}\x{E21}\x{E48}"
      text run at (0,20805) width 68: "\x{E15}\x{E01}\x{E25}\x{E07}"
      text run at (0,20824) width 34: "\x{E44}\x{E1B}"
      text run at (0,20843) width 68: "\x{E02}\x{E49}\x{E32}\x{E07}"
      text run at (0,20862) width 68: "\x{E25}\x{E48}\x{E32}\x{E07}"
      text run at (0,20881) width 34: "\x{E42}\x{E14}"
      text run at (0,20900) width 68: "\x{E42}\x{E23}\x{E18}\x{E35}"
      text run at (0,20919) width 68: "\x{E04}\x{E25}\x{E32}\x{E19}"
      text run at (0,20938) width 34: "\x{E44}\x{E1B}"
      text run at (0,20957) width 51: "\x{E17}\x{E35}\x{E48}"
      text run at (0,20976) width 68: "\x{E0A}\x{E48}\x{E2D}\x{E07}"
      text run at (0,20995) width 68: "\x{E19}\x{E31}\x{E49}\x{E19}"
      text run at (0,21014) width 51: "\x{E08}\x{E31}\x{E1A}"
      text run at (0,21033) width 34: "\x{E2B}\x{E39}"
      text run at (0,21052) width 34: "\x{E42}\x{E15}"
      text run at (0,21071) width 51: "\x{E42}\x{E15}\x{E49}"
      text run at (0,21090) width 51: "\x{E44}\x{E27}\x{E49}"
      text run at (0,21109) width 51: "\x{E44}\x{E14}\x{E49}"
      text run at (0,21128) width 51: "\x{E41}\x{E25}\x{E30}"
      text run at (0,21147) width 51: "\x{E25}\x{E32}\x{E01}"
      text run at (0,21166) width 51: "\x{E21}\x{E31}\x{E19}"
      text run at (0,21185) width 34: "\x{E21}\x{E32}"
      text run at (0,21204) width 51: "\x{E17}\x{E35}\x{E48}"
      text run at (0,21223) width 68: "\x{E2B}\x{E49}\x{E2D}\x{E07}"
      text run at (0,21242) width 51: "\x{E2D}\x{E35}\x{E01}"
      text run at (0,21261) width 68: "\x{E2B}\x{E25}\x{E31}\x{E07}"
      text run at (0,21280) width 51: "\x{E08}\x{E32}\x{E01}"
      text run at (0,21299) width 68: "\x{E19}\x{E31}\x{E49}\x{E19}"
      text run at (0,21318) width 34: "\x{E01}\x{E47}"
      text run at (0,21337) width 51: "\x{E1B}\x{E34}\x{E14}"
      text run at (0,21356) width 34: "\x{E1D}\x{E32}"
      text run at (0,21375) width 68: "\x{E1E}\x{E37}\x{E49}\x{E19}"
      text run at (0,21394) width 85: "\x{E40}\x{E1E}\x{E37}\x{E48}\x{E2D}"
      text run at (0,21413) width 34: "\x{E08}\x{E30}"
      text run at (0,21432) width 51: "\x{E44}\x{E14}\x{E49}"
      text run at (0,21451) width 51: "\x{E44}\x{E21}\x{E48}"
      text run at (0,21470) width 68: "\x{E40}\x{E01}\x{E34}\x{E14}"
      text run at (0,21489) width 170: "\x{E2D}\x{E38}\x{E1A}\x{E31}\x{E15}\x{E34}\x{E40}\x{E2B}\x{E15}\x{E38}"
      text run at (0,21508) width 51: "\x{E2D}\x{E35}\x{E01}"
      text run at (0,21527) width 119: "\x{E0A}\x{E31}\x{E48}\x{E27}\x{E42}\x{E21}\x{E07}"
      text run at (0,21546) width 68: "\x{E41}\x{E25}\x{E49}\x{E27}"
      text run at (0,21565) width 119: "\x{E0A}\x{E31}\x{E48}\x{E27}\x{E42}\x{E21}\x{E07}"
      text run at (0,21584) width 68: "\x{E40}\x{E25}\x{E48}\x{E32}"
      text run at (0,21603) width 68: "\x{E1C}\x{E48}\x{E32}\x{E19}"
      text run at (0,21622) width 34: "\x{E44}\x{E1B}"
      text run at (0,21641) width 34: "\x{E42}\x{E14}"
      text run at (0,21660) width 68: "\x{E42}\x{E23}\x{E18}\x{E35}"
      text run at (0,21679) width 85: "\x{E04}\x{E48}\x{E2D}\x{E22}\x{E46}"
      text run at (0,21698) width 51: "\x{E2B}\x{E32}\x{E22}"
      text run at (0,21717) width 68: "\x{E01}\x{E25}\x{E31}\x{E27}"
      text run at (0,21736) width 51: "\x{E41}\x{E15}\x{E48}"
      text run at (0,21755) width 51: "\x{E40}\x{E18}\x{E2D}"
      text run at (0,21774) width 102: "\x{E23}\x{E39}\x{E49}\x{E2A}\x{E36}\x{E01}"
      text run at (0,21793) width 68: "\x{E40}\x{E2B}\x{E07}\x{E32}"
      text run at (0,21812) width 85: "\x{E40}\x{E2B}\x{E25}\x{E37}\x{E2D}"
      text run at (0,21831) width 68: "\x{E40}\x{E01}\x{E34}\x{E19}"
      text run at (0,21850) width 51: "\x{E41}\x{E25}\x{E30}"
      text run at (0,21869) width 34: "\x{E25}\x{E21}"
      text run at (0,21888) width 34: "\x{E01}\x{E47}"
      text run at (0,21907) width 51: "\x{E2A}\x{E48}\x{E07}"
      text run at (0,21926) width 85: "\x{E40}\x{E2A}\x{E35}\x{E22}\x{E07}"
      text run at (0,21945) width 68: "\x{E2B}\x{E27}\x{E35}\x{E14}"
      text run at (0,21964) width 68: "\x{E2B}\x{E27}\x{E37}\x{E2D}"
      text run at (0,21983) width 51: "\x{E14}\x{E31}\x{E07}"
      text run at (0,22002) width 68: "\x{E40}\x{E2A}\x{E35}\x{E22}"
      text run at (0,22021) width 34: "\x{E08}\x{E19}"
      text run at (0,22040) width 51: "\x{E40}\x{E18}\x{E2D}"
      text run at (0,22059) width 51: "\x{E41}\x{E17}\x{E1A}"
      text run at (0,22078) width 34: "\x{E08}\x{E30}"
      text run at (0,22097) width 34: "\x{E2B}\x{E39}"
      text run at (0,22116) width 68: "\x{E2B}\x{E19}\x{E27}\x{E01}"
      text run at (0,22135) width 34: "\x{E17}\x{E35}"
      text run at (0,22154) width 51: "\x{E41}\x{E23}\x{E01}"
      text run at (0,22173) width 51: "\x{E40}\x{E18}\x{E2D}"
      text run at (0,22192) width 85: "\x{E2A}\x{E07}\x{E2A}\x{E31}\x{E22}"
      text run at (0,22211) width 51: "\x{E27}\x{E48}\x{E32}"
      text run at (0,22230) width 68: "\x{E04}\x{E07}\x{E08}\x{E30}"
      text run at (0,22249) width 51: "\x{E16}\x{E39}\x{E01}"
      text run at (0,22268) width 51: "\x{E09}\x{E35}\x{E01}"
      text run at (0,22287) width 102: "\x{E01}\x{E23}\x{E30}\x{E0A}\x{E32}\x{E01}"
      text run at (0,22306) width 51: "\x{E2D}\x{E2D}\x{E01}"
      text run at (0,22325) width 68: "\x{E40}\x{E1B}\x{E47}\x{E19}"
      text run at (0,22344) width 68: "\x{E0A}\x{E34}\x{E49}\x{E19}"
      text run at (0,22363) width 68: "\x{E40}\x{E25}\x{E47}\x{E01}"
      text run at (0,22382) width 68: "\x{E0A}\x{E34}\x{E49}\x{E19}"
      text run at (0,22401) width 68: "\x{E19}\x{E49}\x{E2D}\x{E22}"
      text run at (0,22420) width 85: "\x{E40}\x{E21}\x{E37}\x{E48}\x{E2D}"
      text run at (0,22439) width 68: "\x{E1A}\x{E49}\x{E32}\x{E19}"
      text run at (0,22458) width 51: "\x{E40}\x{E2D}\x{E19}"
      text run at (0,22477) width 51: "\x{E25}\x{E49}\x{E21}"
      text run at (0,22496) width 34: "\x{E25}\x{E07}"
      text run at (0,22515) width 51: "\x{E2D}\x{E35}\x{E01}"
      text run at (0,22534) width 85: "\x{E04}\x{E23}\x{E31}\x{E49}\x{E07}"
      text run at (0,22553) width 51: "\x{E41}\x{E15}\x{E48}"
      text run at (0,22572) width 68: "\x{E2B}\x{E25}\x{E32}\x{E22}"
      text run at (0,22591) width 119: "\x{E0A}\x{E31}\x{E48}\x{E27}\x{E42}\x{E21}\x{E07}"
      text run at (0,22610) width 68: "\x{E1C}\x{E48}\x{E32}\x{E19}"
      text run at (0,22629) width 34: "\x{E44}\x{E1B}"
      text run at (0,22648) width 34: "\x{E01}\x{E47}"
      text run at (0,22667) width 85: "\x{E44}\x{E21}\x{E48}\x{E21}\x{E35}"
      text run at (0,22686) width 68: "\x{E2D}\x{E30}\x{E44}\x{E23}"
      text run at (0,22705) width 68: "\x{E40}\x{E01}\x{E34}\x{E14}"
      text run at (0,22724) width 68: "\x{E02}\x{E36}\x{E49}\x{E19}"
      text run at (0,22743) width 51: "\x{E40}\x{E18}\x{E2D}"
      text run at (0,22762) width 51: "\x{E40}\x{E25}\x{E22}"
      text run at (0,22781) width 68: "\x{E40}\x{E25}\x{E34}\x{E01}"
      text run at (0,22800) width 68: "\x{E27}\x{E34}\x{E15}\x{E01}"
      text run at (0,22819) width 51: "\x{E41}\x{E25}\x{E30}"
      text run at (0,22838) width 102: "\x{E15}\x{E31}\x{E14}\x{E2A}\x{E34}\x{E19}"
      text run at (0,22857) width 34: "\x{E43}\x{E08}"
      text run at (0,22876) width 51: "\x{E04}\x{E2D}\x{E22}"
      text run at (0,22895) width 34: "\x{E14}\x{E39}"
      text run at (0,22914) width 85: "\x{E2D}\x{E22}\x{E48}\x{E32}\x{E07}"
      text run at (0,22933) width 51: "\x{E2A}\x{E07}\x{E1A}"
      text run at (0,22952) width 51: "\x{E41}\x{E25}\x{E30}"
      text run at (0,22971) width 34: "\x{E23}\x{E2D}"
      text run at (0,22990) width 51: "\x{E27}\x{E48}\x{E32}"
      text run at (0,23009) width 85: "\x{E2D}\x{E19}\x{E32}\x{E04}\x{E15}"
      text run at (0,23028) width 34: "\x{E08}\x{E30}"
      text run at (0,23047) width 68: "\x{E40}\x{E1B}\x{E47}\x{E19}"
      text run at (0,23066) width 119: "\x{E2D}\x{E22}\x{E48}\x{E32}\x{E07}\x{E44}\x{E23}"
      text run at (0,23085) width 34: "\x{E43}\x{E19}"
      text run at (0,23104) width 102: "\x{E17}\x{E35}\x{E48}\x{E2A}\x{E38}\x{E14}"
      text run at (0,23123) width 51: "\x{E40}\x{E18}\x{E2D}"
      text run at (0,23142) width 68: "\x{E04}\x{E25}\x{E32}\x{E19}"
      text run at (0,23161) width 51: "\x{E08}\x{E32}\x{E01}"
      text run at (0,23180) width 68: "\x{E1E}\x{E37}\x{E49}\x{E19}"
      text run at (0,23199) width 68: "\x{E2B}\x{E49}\x{E2D}\x{E07}"
      text run at (0,23218) width 51: "\x{E17}\x{E35}\x{E48}"
      text run at (0,23237) width 51: "\x{E42}\x{E22}\x{E01}"
      text run at (0,23256) width 34: "\x{E44}\x{E1B}"
      text run at (0,23275) width 34: "\x{E21}\x{E32}"
      text run at (0,23294) width 68: "\x{E02}\x{E36}\x{E49}\x{E19}"
      text run at (0,23313) width 34: "\x{E44}\x{E1B}"
      text run at (0,23332) width 34: "\x{E1A}\x{E19}"
      text run at (0,23351) width 85: "\x{E40}\x{E15}\x{E35}\x{E22}\x{E07}"
      text run at (0,23370) width 68: "\x{E41}\x{E25}\x{E49}\x{E27}"
      text run at (0,23389) width 34: "\x{E01}\x{E47}"
      text run at (0,23408) width 51: "\x{E19}\x{E2D}\x{E19}"
      text run at (0,23427) width 34: "\x{E25}\x{E07}"
      text run at (0,23446) width 34: "\x{E42}\x{E15}"
      text run at (0,23465) width 51: "\x{E42}\x{E15}\x{E49}"
      text run at (0,23484) width 51: "\x{E15}\x{E32}\x{E21}"
      text run at (0,23503) width 51: "\x{E15}\x{E34}\x{E14}"
      text run at (0,23522) width 34: "\x{E21}\x{E32}"
      text run at (0,23541) width 51: "\x{E19}\x{E2D}\x{E19}"
      text run at (0,23560) width 34: "\x{E25}\x{E07}"
      text run at (0,23579) width 85: "\x{E43}\x{E01}\x{E25}\x{E49}\x{E46}"
      text run at (0,23598) width 51: "\x{E40}\x{E18}\x{E2D}"
      text run at (0,23617) width 51: "\x{E44}\x{E21}\x{E48}"
      text run at (0,23636) width 51: "\x{E0A}\x{E49}\x{E32}"
      text run at (0,23655) width 34: "\x{E42}\x{E14}"
      text run at (0,23674) width 68: "\x{E42}\x{E23}\x{E18}\x{E35}"
      text run at (0,23693) width 34: "\x{E01}\x{E47}"
      text run at (0,23712) width 51: "\x{E1B}\x{E34}\x{E14}"
      text run at (0,23731) width 34: "\x{E15}\x{E32}"
      text run at (0,23750) width 34: "\x{E25}\x{E07}"
      text run at (0,23769) width 68: "\x{E2B}\x{E25}\x{E31}\x{E1A}"
      text run at (0,23788) width 85: "\x{E1C}\x{E25}\x{E47}\x{E2D}\x{E22}"
      text run at (0,23807) width 34: "\x{E44}\x{E1B}"
      text run at (0,23826) width 85: "\x{E2D}\x{E22}\x{E48}\x{E32}\x{E07}"
      text run at (0,23845) width 68: "\x{E2A}\x{E19}\x{E34}\x{E17}"
      text run at (0,23864) width 85: "\x{E17}\x{E31}\x{E49}\x{E07}\x{E46}"
      text run at (0,23883) width 51: "\x{E17}\x{E35}\x{E48}"
      text run at (0,23902) width 68: "\x{E1A}\x{E49}\x{E32}\x{E19}"
      text run at (0,23921) width 51: "\x{E42}\x{E22}\x{E01}"
      text run at (0,23940) width 34: "\x{E44}\x{E1B}"
      text run at (0,23959) width 34: "\x{E21}\x{E32}"
      text run at (0,23978) width 51: "\x{E41}\x{E25}\x{E30}"
      text run at (0,23997) width 34: "\x{E25}\x{E21}"
      text run at (0,24016) width 34: "\x{E01}\x{E47}"
      text run at (0,24035) width 68: "\x{E04}\x{E23}\x{E32}\x{E07}"
      text run at (0,24054) width 68: "\x{E2B}\x{E27}\x{E35}\x{E14}"
      text run at (0,24073) width 68: "\x{E2B}\x{E27}\x{E37}\x{E2D}"
layer at (470,100) size 1x25365
  RenderBlock (positioned) {DIV} at (470,100) size 1x25365
    RenderText {#text} at (0,0) size 170x25365
      text run at (0,0) width 34: "\x{E1A}\x{E17}"
      text run at (0,19) width 51: "\x{E17}\x{E35}\x{E48}"
      text run at (0,38) width 17: "\x{E51}"
      text run at (0,57) width 68: "\x{E1E}\x{E32}\x{E22}\x{E38}"
      text run at (0,76) width 102: "\x{E44}\x{E0B}\x{E42}\x{E04}\x{E25}\x{E19}"
      text run at (0,95) width 34: "\x{E42}\x{E14}"
      text run at (0,114) width 68: "\x{E42}\x{E23}\x{E18}\x{E35}"
      text run at (0,133) width 85: "\x{E2D}\x{E32}\x{E28}\x{E31}\x{E22}"
      text run at (0,152) width 68: "\x{E2D}\x{E22}\x{E39}\x{E48}"
      text run at (0,171) width 51: "\x{E17}\x{E48}\x{E32}"
      text run at (0,190) width 17: "\x{E21}"
      text run at (0,209) width 68: "\x{E01}\x{E25}\x{E32}\x{E07}"
      text run at (0,228) width 68: "\x{E17}\x{E38}\x{E48}\x{E07}"
      text run at (0,247) width 68: "\x{E43}\x{E2B}\x{E0D}\x{E48}"
      text run at (0,266) width 34: "\x{E43}\x{E19}"
      text run at (0,285) width 102: "\x{E41}\x{E04}\x{E19}\x{E0B}\x{E31}\x{E2A}"
      text run at (0,304) width 51: "\x{E01}\x{E31}\x{E1A}"
      text run at (0,323) width 51: "\x{E25}\x{E38}\x{E07}"
      text run at (0,342) width 34: "\x{E40}\x{E2E}"
      text run at (0,361) width 51: "\x{E19}\x{E23}\x{E35}"
      text run at (0,380) width 51: "\x{E0A}\x{E32}\x{E27}"
      text run at (0,399) width 51: "\x{E44}\x{E23}\x{E48}"
      text run at (0,418) width 51: "\x{E41}\x{E25}\x{E30}"
      text run at (0,437) width 51: "\x{E1B}\x{E49}\x{E32}"
      text run at (0,456) width 68: "\x{E40}\x{E2D}\x{E47}\x{E21}"
      text run at (0,475) width 85: "\x{E20}\x{E23}\x{E23}\x{E22}\x{E32}"
      text run at (0,494) width 102: "\x{E0A}\x{E32}\x{E27}\x{E44}\x{E23}\x{E48}"
      text run at (0,513) width 68: "\x{E1A}\x{E49}\x{E32}\x{E19}"
      text run at (0,532) width 51: "\x{E02}\x{E2D}\x{E07}"
      text run at (0,551) width 51: "\x{E1E}\x{E27}\x{E01}"
      text run at (0,570) width 51: "\x{E40}\x{E02}\x{E32}"
      text run at (0,589) width 68: "\x{E2B}\x{E25}\x{E31}\x{E07}"
      text run at (0,608) width 68: "\x{E40}\x{E25}\x{E47}\x{E01}"
      text run at (0,627) width 85: "\x{E40}\x{E1E}\x{E23}\x{E32}\x{E30}"
      text run at (0,646) width 51: "\x{E44}\x{E21}\x{E49}"
      text run at (0,665) width 85: "\x{E2A}\x{E23}\x{E49}\x{E32}\x{E07}"
      text run at (0,684) width 68: "\x{E1A}\x{E49}\x{E32}\x{E19}"
      text run at (0,703) width 68: "\x{E15}\x{E49}\x{E2D}\x{E07}"
      text run at (0,722) width 34: "\x{E02}\x{E19}"
      text run at (0,741) width 34: "\x{E21}\x{E32}"
      text run at (0,760) width 68: "\x{E14}\x{E49}\x{E27}\x{E22}"
      text run at (0,779) width 102: "\x{E40}\x{E01}\x{E27}\x{E35}\x{E22}\x{E19}"
      text run at (0,798) width 68: "\x{E40}\x{E1B}\x{E47}\x{E19}"
      text run at (0,817) width 68: "\x{E23}\x{E30}\x{E22}\x{E30}"
      text run at (0,836) width 51: "\x{E17}\x{E32}\x{E07}"
      text run at (0,855) width 68: "\x{E2B}\x{E25}\x{E32}\x{E22}"
      text run at (0,874) width 68: "\x{E44}\x{E21}\x{E25}\x{E4C}"
      text run at (0,893) width 68: "\x{E1A}\x{E49}\x{E32}\x{E19}"
      text run at (0,912) width 34: "\x{E21}\x{E35}"
      text run at (0,931) width 51: "\x{E2A}\x{E35}\x{E48}"
      text run at (0,950) width 34: "\x{E1D}\x{E32}"
      text run at (0,969) width 34: "\x{E21}\x{E35}"
      text run at (0,988) width 68: "\x{E1E}\x{E37}\x{E49}\x{E19}"
      text run at (0,1007) width 51: "\x{E01}\x{E31}\x{E1A}"
      text run at (0,1026) width 102: "\x{E2B}\x{E25}\x{E31}\x{E07}\x{E04}\x{E32}"
      text run at (0,1045) width 51: "\x{E23}\x{E27}\x{E21}"
      text run at (0,1064) width 51: "\x{E17}\x{E33}"
      text run at (0,1083) width 68: "\x{E40}\x{E1B}\x{E47}\x{E19}"
      text run at (0,1102) width 68: "\x{E2B}\x{E49}\x{E2D}\x{E07}"
      text run at (0,1121) width 85: "\x{E40}\x{E14}\x{E35}\x{E22}\x{E27}"
      text run at (0,1140) width 34: "\x{E43}\x{E19}"
      text run at (0,1159) width 68: "\x{E2B}\x{E49}\x{E2D}\x{E07}"
      text run at (0,1178) width 34: "\x{E21}\x{E35}"
      text run at (0,1197) width 68: "\x{E17}\x{E31}\x{E49}\x{E07}"
      text run at (0,1216) width 51: "\x{E40}\x{E15}\x{E32}"
      text run at (0,1235) width 51: "\x{E2B}\x{E38}\x{E07}"
      text run at (0,1254) width 51: "\x{E15}\x{E49}\x{E21}"
      text run at (0,1273) width 51: "\x{E17}\x{E35}\x{E48}"
      text run at (0,1292) width 68: "\x{E2A}\x{E19}\x{E34}\x{E21}"
      text run at (0,1311) width 34: "\x{E14}\x{E39}"
      text run at (0,1330) width 68: "\x{E02}\x{E36}\x{E49}\x{E19}"
      text run at (0,1349) width 68: "\x{E40}\x{E25}\x{E2D}\x{E30}"
      text run at (0,1368) width 34: "\x{E21}\x{E35}"
      text run at (0,1387) width 51: "\x{E15}\x{E39}\x{E49}"
      text run at (0,1406) width 51: "\x{E43}\x{E2A}\x{E48}"
      text run at (0,1425) width 68: "\x{E16}\x{E49}\x{E27}\x{E22}"
      text run at (0,1444) width 51: "\x{E0A}\x{E32}\x{E21}"
      text run at (0,1463) width 68: "\x{E42}\x{E15}\x{E4A}\x{E30}"
      text run at (0,1482) width 119: "\x{E40}\x{E01}\x{E49}\x{E32}\x{E2D}\x{E35}\x{E49}"
      text run at (0,1501) width 51: "\x{E2A}\x{E32}\x{E21}"
      text run at (0,1520) width 68: "\x{E2B}\x{E23}\x{E37}\x{E2D}"
      text run at (0,1539) width 51: "\x{E2A}\x{E35}\x{E48}"
      text run at (0,1558) width 51: "\x{E15}\x{E31}\x{E27}"
      text run at (0,1577) width 68: "\x{E41}\x{E25}\x{E49}\x{E27}"
      text run at (0,1596) width 34: "\x{E01}\x{E47}"
      text run at (0,1615) width 34: "\x{E21}\x{E35}"
      text run at (0,1634) width 85: "\x{E40}\x{E15}\x{E35}\x{E22}\x{E07}"
      text run at (0,1653) width 51: "\x{E19}\x{E2D}\x{E19}"
      text run at (0,1672) width 51: "\x{E25}\x{E38}\x{E07}"
      text run at (0,1691) width 34: "\x{E40}\x{E2E}"
      text run at (0,1710) width 51: "\x{E19}\x{E23}\x{E35}"
      text run at (0,1729) width 51: "\x{E01}\x{E31}\x{E1A}"
      text run at (0,1748) width 51: "\x{E1B}\x{E49}\x{E32}"
      text run at (0,1767) width 68: "\x{E40}\x{E2D}\x{E47}\x{E21}"
      text run at (0,1786) width 34: "\x{E21}\x{E35}"
      text run at (0,1805) width 85: "\x{E40}\x{E15}\x{E35}\x{E22}\x{E07}"
      text run at (0,1824) width 51: "\x{E19}\x{E2D}\x{E19}"
      text run at (0,1843) width 68: "\x{E43}\x{E2B}\x{E0D}\x{E48}"
      text run at (0,1862) width 68: "\x{E2D}\x{E22}\x{E39}\x{E48}"
      text run at (0,1881) width 51: "\x{E17}\x{E35}\x{E48}"
      text run at (0,1900) width 51: "\x{E21}\x{E38}\x{E21}"
      text run at (0,1919) width 85: "\x{E2B}\x{E19}\x{E36}\x{E48}\x{E07}"
      text run at (0,1938) width 68: "\x{E2A}\x{E48}\x{E27}\x{E19}"
      text run at (0,1957) width 34: "\x{E42}\x{E14}"
      text run at (0,1976) width 68: "\x{E42}\x{E23}\x{E18}\x{E35}"
      text run at (0,1995) width 34: "\x{E21}\x{E35}"
      text run at (0,2014) width 85: "\x{E40}\x{E15}\x{E35}\x{E22}\x{E07}"
      text run at (0,2033) width 68: "\x{E40}\x{E25}\x{E47}\x{E01}"
      text run at (0,2052) width 51: "\x{E2D}\x{E35}\x{E01}"
      text run at (0,2071) width 51: "\x{E17}\x{E35}\x{E48}"
      text run at (0,2090) width 51: "\x{E21}\x{E38}\x{E21}"
      text run at (0,2109) width 85: "\x{E2B}\x{E19}\x{E36}\x{E48}\x{E07}"
      text run at (0,2128) width 51: "\x{E44}\x{E21}\x{E48}"
      text run at (0,2147) width 34: "\x{E21}\x{E35}"
      text run at (0,2166) width 68: "\x{E2B}\x{E49}\x{E2D}\x{E07}"
      text run at (0,2185) width 51: "\x{E43}\x{E15}\x{E49}"
      text run at (0,2204) width 85: "\x{E40}\x{E1E}\x{E14}\x{E32}\x{E19}"
      text run at (0,2223) width 51: "\x{E40}\x{E25}\x{E22}"
      text run at (0,2242) width 68: "\x{E2B}\x{E49}\x{E2D}\x{E07}"
      text run at (0,2261) width 102: "\x{E43}\x{E15}\x{E49}\x{E16}\x{E38}\x{E19}"
      text run at (0,2280) width 34: "\x{E01}\x{E47}"
      text run at (0,2299) width 51: "\x{E44}\x{E21}\x{E48}"
      text run at (0,2318) width 34: "\x{E21}\x{E35}"
      text run at (0,2337) width 68: "\x{E40}\x{E27}\x{E49}\x{E19}"
      text run at (0,2356) width 51: "\x{E41}\x{E15}\x{E48}"
      text run at (0,2375) width 34: "\x{E21}\x{E35}"
      text run at (0,2394) width 68: "\x{E42}\x{E1E}\x{E23}\x{E07}"
      text run at (0,2413) width 85: "\x{E40}\x{E25}\x{E47}\x{E01}\x{E46}"
      text run at (0,2432) width 51: "\x{E17}\x{E35}\x{E48}"
      text run at (0,2451) width 51: "\x{E02}\x{E38}\x{E14}"
      text run at (0,2470) width 34: "\x{E44}\x{E1B}"
      text run at (0,2489) width 51: "\x{E43}\x{E15}\x{E49}"
      text run at (0,2508) width 68: "\x{E1E}\x{E37}\x{E49}\x{E19}"
      text run at (0,2527) width 85: "\x{E40}\x{E23}\x{E35}\x{E22}\x{E01}"
      text run at (0,2546) width 51: "\x{E27}\x{E48}\x{E32}"
      text run at (0,2565) width 7: "\""
      text run at (0,2584) width 68: "\x{E42}\x{E1E}\x{E23}\x{E07}"
      text run at (0,2603) width 102: "\x{E44}\x{E0B}\x{E42}\x{E04}\x{E25}\x{E19}"
      text run at (0,2622) width 7: "\""
      text run at (0,2641) width 68: "\x{E40}\x{E1B}\x{E47}\x{E19}"
      text run at (0,2660) width 51: "\x{E17}\x{E35}\x{E48}"
      text run at (0,2679) width 136: "\x{E04}\x{E23}\x{E2D}\x{E1A}\x{E04}\x{E23}\x{E31}\x{E27}"
      text run at (0,2698) width 51: "\x{E19}\x{E35}\x{E49}"
      text run at (0,2717) width 34: "\x{E08}\x{E30}"
      text run at (0,2736) width 51: "\x{E21}\x{E38}\x{E14}"
      text run at (0,2755) width 68: "\x{E40}\x{E02}\x{E49}\x{E32}"
      text run at (0,2774) width 34: "\x{E44}\x{E1B}"
      text run at (0,2793) width 85: "\x{E40}\x{E21}\x{E37}\x{E48}\x{E2D}"
      text run at (0,2812) width 68: "\x{E40}\x{E01}\x{E34}\x{E14}"
      text run at (0,2831) width 34: "\x{E25}\x{E21}"
      text run at (0,2850) width 51: "\x{E21}\x{E2B}\x{E32}"
      text run at (0,2869) width 51: "\x{E20}\x{E31}\x{E22}"
      text run at (0,2888) width 68: "\x{E0B}\x{E36}\x{E48}\x{E07}"
      text run at (0,2907) width 102: "\x{E01}\x{E23}\x{E30}\x{E42}\x{E0A}\x{E01}"
      text run at (0,2926) width 51: "\x{E41}\x{E23}\x{E07}"
      text run at (0,2945) width 34: "\x{E08}\x{E19}"
      text run at (0,2964) width 34: "\x{E1A}\x{E14}"
      text run at (0,2983) width 68: "\x{E02}\x{E22}\x{E35}\x{E49}"
      text run at (0,3002) width 68: "\x{E2A}\x{E34}\x{E48}\x{E07}"
      text run at (0,3021) width 51: "\x{E01}\x{E48}\x{E2D}"
      text run at (0,3040) width 85: "\x{E2A}\x{E23}\x{E49}\x{E32}\x{E07}"
      text run at (0,3059) width 34: "\x{E43}\x{E14}"
      text run at (0,3078) width 17: "\x{E46}"
      text run at (0,3097) width 51: "\x{E17}\x{E35}\x{E48}"
      text run at (0,3116) width 68: "\x{E02}\x{E27}\x{E32}\x{E07}"
      text run at (0,3135) width 51: "\x{E17}\x{E32}\x{E07}"
      text run at (0,3154) width 51: "\x{E21}\x{E31}\x{E19}"
      text run at (0,3173) width 51: "\x{E44}\x{E14}\x{E49}"
      text run at (0,3192) width 51: "\x{E15}\x{E23}\x{E07}"
      text run at (0,3211) width 68: "\x{E01}\x{E25}\x{E32}\x{E07}"
      text run at (0,3230) width 68: "\x{E1E}\x{E37}\x{E49}\x{E19}"
      text run at (0,3249) width 34: "\x{E21}\x{E35}"
      text run at (0,3268) width 34: "\x{E1D}\x{E32}"
      text run at (0,3287) width 68: "\x{E40}\x{E1B}\x{E34}\x{E14}"
      text run at (0,3306) width 68: "\x{E40}\x{E02}\x{E49}\x{E32}"
      text run at (0,3325) width 34: "\x{E44}\x{E1B}"
      text run at (0,3344) width 51: "\x{E08}\x{E32}\x{E01}"
      text run at (0,3363) width 68: "\x{E19}\x{E31}\x{E49}\x{E19}"
      text run at (0,3382) width 34: "\x{E21}\x{E35}"
      text run at (0,3401) width 85: "\x{E1A}\x{E31}\x{E19}\x{E44}\x{E14}"
      text run at (0,3420) width 34: "\x{E25}\x{E07}"
      text run at (0,3439) width 34: "\x{E44}\x{E1B}"
      text run at (0,3458) width 51: "\x{E16}\x{E36}\x{E07}"
      text run at (0,3477) width 68: "\x{E42}\x{E1E}\x{E23}\x{E07}"
      text run at (0,3496) width 51: "\x{E21}\x{E37}\x{E14}"
      text run at (0,3515) width 68: "\x{E40}\x{E25}\x{E47}\x{E01}"
      text run at (0,3534) width 17: "\x{E46}"
      text run at (0,3553) width 85: "\x{E40}\x{E21}\x{E37}\x{E48}\x{E2D}"
      text run at (0,3572) width 34: "\x{E42}\x{E14}"
      text run at (0,3591) width 68: "\x{E42}\x{E23}\x{E18}\x{E35}"
      text run at (0,3610) width 51: "\x{E22}\x{E37}\x{E19}"
      text run at (0,3629) width 51: "\x{E17}\x{E35}\x{E48}"
      text run at (0,3648) width 51: "\x{E1B}\x{E32}\x{E01}"
      text run at (0,3667) width 85: "\x{E1B}\x{E23}\x{E30}\x{E15}\x{E39}"
      text run at (0,3686) width 51: "\x{E41}\x{E25}\x{E30}"
      text run at (0,3705) width 51: "\x{E21}\x{E2D}\x{E07}"
      text run at (0,3724) width 34: "\x{E44}\x{E1B}"
      text run at (0,3743) width 51: "\x{E23}\x{E2D}\x{E1A}"
      text run at (0,3762) width 17: "\x{E46}"
      text run at (0,3781) width 51: "\x{E40}\x{E18}\x{E2D}"
      text run at (0,3800) width 51: "\x{E44}\x{E21}\x{E48}"
      text run at (0,3819) width 68: "\x{E40}\x{E2B}\x{E47}\x{E19}"
      text run at (0,3838) width 68: "\x{E2D}\x{E30}\x{E44}\x{E23}"
      text run at (0,3857) width 51: "\x{E19}\x{E2D}\x{E01}"
      text run at (0,3876) width 51: "\x{E08}\x{E32}\x{E01}"
      text run at (0,3895) width 68: "\x{E17}\x{E49}\x{E2D}\x{E07}"
      text run at (0,3914) width 68: "\x{E17}\x{E38}\x{E48}\x{E07}"
      text run at (0,3933) width 85: "\x{E01}\x{E27}\x{E49}\x{E32}\x{E07}"
      text run at (0,3952) width 34: "\x{E2A}\x{E35}"
      text run at (0,3971) width 51: "\x{E40}\x{E17}\x{E32}"
      text run at (0,3990) width 68: "\x{E2B}\x{E21}\x{E48}\x{E19}"
      text run at (0,4009) width 68: "\x{E17}\x{E31}\x{E48}\x{E27}"
      text run at (0,4028) width 51: "\x{E17}\x{E38}\x{E01}"
      text run at (0,4047) width 68: "\x{E14}\x{E49}\x{E32}\x{E19}"
      text run at (0,4066) width 51: "\x{E44}\x{E21}\x{E48}"
      text run at (0,4085) width 34: "\x{E21}\x{E35}"
      text run at (0,4104) width 51: "\x{E41}\x{E21}\x{E49}"
      text run at (0,4123) width 102: "\x{E15}\x{E49}\x{E19}\x{E44}\x{E21}\x{E49}"
      text run at (0,4142) width 51: "\x{E2A}\x{E31}\x{E01}"
      text run at (0,4161) width 51: "\x{E15}\x{E49}\x{E19}"
      text run at (0,4180) width 68: "\x{E2B}\x{E23}\x{E37}\x{E2D}"
      text run at (0,4199) width 68: "\x{E1A}\x{E49}\x{E32}\x{E19}"
      text run at (0,4218) width 51: "\x{E2A}\x{E31}\x{E01}"
      text run at (0,4237) width 68: "\x{E2B}\x{E25}\x{E31}\x{E07}"
      text run at (0,4256) width 51: "\x{E17}\x{E35}\x{E48}"
      text run at (0,4275) width 68: "\x{E42}\x{E1C}\x{E25}\x{E48}"
      text run at (0,4294) width 51: "\x{E1E}\x{E49}\x{E19}"
      text run at (0,4313) width 68: "\x{E20}\x{E39}\x{E21}\x{E34}"
      text run at (0,4332) width 102: "\x{E1B}\x{E23}\x{E30}\x{E40}\x{E17}\x{E28}"
      text run at (0,4351) width 51: "\x{E2D}\x{E31}\x{E19}"
      text run at (0,4370) width 51: "\x{E23}\x{E32}\x{E1A}"
      text run at (0,4389) width 85: "\x{E40}\x{E23}\x{E35}\x{E22}\x{E1A}"
      text run at (0,4408) width 51: "\x{E41}\x{E1C}\x{E48}"
      text run at (0,4427) width 34: "\x{E44}\x{E1B}"
      text run at (0,4446) width 51: "\x{E44}\x{E01}\x{E25}"
      text run at (0,4465) width 34: "\x{E08}\x{E19}"
      text run at (0,4484) width 34: "\x{E08}\x{E14}"
      text run at (0,4503) width 51: "\x{E02}\x{E2D}\x{E1A}"
      text run at (0,4522) width 51: "\x{E1F}\x{E49}\x{E32}"
      text run at (0,4541) width 68: "\x{E17}\x{E31}\x{E48}\x{E27}"
      text run at (0,4560) width 51: "\x{E17}\x{E38}\x{E01}"
      text run at (0,4579) width 51: "\x{E17}\x{E34}\x{E28}"
      text run at (0,4598) width 51: "\x{E14}\x{E27}\x{E07}"
      text run at (0,4617) width 85: "\x{E15}\x{E30}\x{E27}\x{E31}\x{E19}"
      text run at (0,4636) width 51: "\x{E40}\x{E1C}\x{E32}"
      text run at (0,4655) width 51: "\x{E1C}\x{E37}\x{E19}"
      text run at (0,4674) width 51: "\x{E14}\x{E34}\x{E19}"
      text run at (0,4693) width 51: "\x{E17}\x{E35}\x{E48}"
      text run at (0,4712) width 34: "\x{E44}\x{E16}"
      text run at (0,4731) width 68: "\x{E41}\x{E25}\x{E49}\x{E27}"
      text run at (0,4750) width 34: "\x{E08}\x{E19}"
      text run at (0,4769) width 68: "\x{E01}\x{E25}\x{E32}\x{E22}"
      text run at (0,4788) width 68: "\x{E40}\x{E1B}\x{E47}\x{E19}"
      text run at (0,4807) width 68: "\x{E41}\x{E1C}\x{E48}\x{E19}"
      text run at (0,4826) width 85: "\x{E21}\x{E2B}\x{E36}\x{E21}\x{E32}"
      text run at (0,4845) width 34: "\x{E2A}\x{E35}"
      text run at (0,4864) width 51: "\x{E14}\x{E33}"
      text run at (0,4883) width 34: "\x{E21}\x{E35}"
      text run at (0,4902) width 51: "\x{E23}\x{E2D}\x{E22}"
      text run at (0,4921) width 51: "\x{E41}\x{E15}\x{E01}"
      text run at (0,4940) width 85: "\x{E23}\x{E30}\x{E41}\x{E2B}\x{E07}"
      text run at (0,4959) width 68: "\x{E2D}\x{E22}\x{E39}\x{E48}"
      text run at (0,4978) width 68: "\x{E15}\x{E25}\x{E2D}\x{E14}"
      text run at (0,4997) width 102: "\x{E41}\x{E21}\x{E49}\x{E41}\x{E15}\x{E48}"
      text run at (0,5016) width 68: "\x{E2B}\x{E0D}\x{E49}\x{E32}"
      text run at (0,5035) width 34: "\x{E01}\x{E47}"
      text run at (0,5054) width 51: "\x{E44}\x{E21}\x{E48}"
      text run at (0,5073) width 85: "\x{E40}\x{E02}\x{E35}\x{E22}\x{E27}"
      text run at (0,5092) width 85: "\x{E40}\x{E1E}\x{E23}\x{E32}\x{E30}"
      text run at (0,5111) width 51: "\x{E14}\x{E27}\x{E07}"
      text run at (0,5130) width 85: "\x{E15}\x{E30}\x{E27}\x{E31}\x{E19}"
      text run at (0,5149) width 51: "\x{E40}\x{E1C}\x{E32}"
      text run at (0,5168) width 51: "\x{E22}\x{E2D}\x{E14}"
      text run at (0,5187) width 34: "\x{E43}\x{E1A}"
      text run at (0,5206) width 51: "\x{E22}\x{E32}\x{E27}"
      text run at (0,5225) width 68: "\x{E40}\x{E2A}\x{E35}\x{E22}"
      text run at (0,5244) width 34: "\x{E08}\x{E19}"
      text run at (0,5263) width 68: "\x{E40}\x{E1B}\x{E47}\x{E19}"
      text run at (0,5282) width 34: "\x{E2A}\x{E35}"
      text run at (0,5301) width 51: "\x{E40}\x{E17}\x{E32}"
      text run at (0,5320) width 68: "\x{E2B}\x{E21}\x{E48}\x{E19}"
      text run at (0,5339) width 51: "\x{E21}\x{E2D}\x{E07}"
      text run at (0,5358) width 68: "\x{E40}\x{E2B}\x{E47}\x{E19}"
      text run at (0,5377) width 68: "\x{E2D}\x{E22}\x{E39}\x{E48}"
      text run at (0,5396) width 68: "\x{E17}\x{E31}\x{E48}\x{E27}"
      text run at (0,5415) width 34: "\x{E44}\x{E1B}"
      text run at (0,5434) width 85: "\x{E04}\x{E23}\x{E31}\x{E49}\x{E07}"
      text run at (0,5453) width 85: "\x{E2B}\x{E19}\x{E36}\x{E48}\x{E07}"
      text run at (0,5472) width 51: "\x{E40}\x{E04}\x{E22}"
      text run at (0,5491) width 34: "\x{E17}\x{E32}"
      text run at (0,5510) width 34: "\x{E2A}\x{E35}"
      text run at (0,5529) width 68: "\x{E1A}\x{E49}\x{E32}\x{E19}"
      text run at (0,5548) width 51: "\x{E40}\x{E2D}\x{E32}"
      text run at (0,5567) width 51: "\x{E44}\x{E27}\x{E49}"
      text run at (0,5586) width 51: "\x{E41}\x{E15}\x{E48}"
      text run at (0,5605) width 34: "\x{E01}\x{E47}"
      text run at (0,5624) width 51: "\x{E16}\x{E39}\x{E01}"
      text run at (0,5643) width 51: "\x{E14}\x{E27}\x{E07}"
      text run at (0,5662) width 85: "\x{E15}\x{E30}\x{E27}\x{E31}\x{E19}"
      text run at (0,5681) width 51: "\x{E40}\x{E1C}\x{E32}"
      text run at (0,5700) width 68: "\x{E40}\x{E2A}\x{E35}\x{E22}"
      text run at (0,5719) width 34: "\x{E08}\x{E19}"
      text run at (0,5738) width 34: "\x{E2A}\x{E35}"
      text run at (0,5757) width 51: "\x{E1E}\x{E2D}\x{E07}"
      text run at (0,5776) width 68: "\x{E41}\x{E25}\x{E49}\x{E27}"
      text run at (0,5795) width 34: "\x{E1D}\x{E19}"
      text run at (0,5814) width 34: "\x{E01}\x{E47}"
      text run at (0,5833) width 34: "\x{E0A}\x{E30}"
      text run at (0,5852) width 51: "\x{E21}\x{E31}\x{E19}"
      text run at (0,5871) width 68: "\x{E2B}\x{E25}\x{E38}\x{E14}"
      text run at (0,5890) width 34: "\x{E44}\x{E1B}"
      text run at (0,5909) width 34: "\x{E08}\x{E19}"
      text run at (0,5928) width 51: "\x{E2B}\x{E21}\x{E14}"
      text run at (0,5947) width 51: "\x{E41}\x{E25}\x{E30}"
      text run at (0,5966) width 51: "\x{E15}\x{E2D}\x{E19}"
      text run at (0,5985) width 51: "\x{E19}\x{E35}\x{E49}"
      text run at (0,6004) width 68: "\x{E1A}\x{E49}\x{E32}\x{E19}"
      text run at (0,6023) width 51: "\x{E08}\x{E36}\x{E07}"
      text run at (0,6042) width 34: "\x{E14}\x{E39}"
      text run at (0,6061) width 136: "\x{E2B}\x{E21}\x{E48}\x{E19}\x{E2B}\x{E21}\x{E2D}\x{E07}"
      text run at (0,6080) width 68: "\x{E40}\x{E1B}\x{E47}\x{E19}"
      text run at (0,6099) width 34: "\x{E2A}\x{E35}"
      text run at (0,6118) width 51: "\x{E40}\x{E17}\x{E32}"
      text run at (0,6137) width 102: "\x{E40}\x{E2B}\x{E21}\x{E37}\x{E2D}\x{E19}"
      text run at (0,6156) width 68: "\x{E2A}\x{E34}\x{E48}\x{E07}"
      text run at (0,6175) width 68: "\x{E2D}\x{E37}\x{E48}\x{E19}"
      text run at (0,6194) width 17: "\x{E46}"
      text run at (0,6213) width 68: "\x{E14}\x{E49}\x{E27}\x{E22}"
      text run at (0,6232) width 51: "\x{E15}\x{E2D}\x{E19}"
      text run at (0,6251) width 51: "\x{E17}\x{E35}\x{E48}"
      text run at (0,6270) width 51: "\x{E1B}\x{E49}\x{E32}"
      text run at (0,6289) width 68: "\x{E40}\x{E2D}\x{E47}\x{E21}"
      text run at (0,6308) width 68: "\x{E22}\x{E49}\x{E32}\x{E22}"
      text run at (0,6327) width 34: "\x{E21}\x{E32}"
      text run at (0,6346) width 68: "\x{E2D}\x{E22}\x{E39}\x{E48}"
      text run at (0,6365) width 51: "\x{E17}\x{E35}\x{E48}"
      text run at (0,6384) width 51: "\x{E19}\x{E35}\x{E48}"
      text run at (0,6403) width 51: "\x{E40}\x{E18}\x{E2D}"
      text run at (0,6422) width 51: "\x{E22}\x{E31}\x{E07}"
      text run at (0,6441) width 51: "\x{E2A}\x{E32}\x{E27}"
      text run at (0,6460) width 68: "\x{E40}\x{E1B}\x{E47}\x{E19}"
      text run at (0,6479) width 85: "\x{E20}\x{E23}\x{E23}\x{E22}\x{E32}"
      text run at (0,6498) width 51: "\x{E17}\x{E35}\x{E48}"
      text run at (0,6517) width 85: "\x{E07}\x{E14}\x{E07}\x{E32}\x{E21}"
      text run at (0,6536) width 68: "\x{E41}\x{E25}\x{E49}\x{E27}"
      text run at (0,6555) width 51: "\x{E41}\x{E14}\x{E14}"
      text run at (0,6574) width 51: "\x{E41}\x{E25}\x{E30}"
      text run at (0,6593) width 34: "\x{E25}\x{E21}"
      text run at (0,6612) width 34: "\x{E01}\x{E47}"
      text run at (0,6631) width 51: "\x{E44}\x{E14}\x{E49}"
      text run at (0,6650) width 119: "\x{E40}\x{E1B}\x{E25}\x{E35}\x{E48}\x{E22}\x{E19}"
      text run at (0,6669) width 51: "\x{E40}\x{E18}\x{E2D}"
      text run at (0,6688) width 34: "\x{E44}\x{E1B}"
      text run at (0,6707) width 51: "\x{E40}\x{E2D}\x{E32}"
      text run at (0,6726) width 102: "\x{E1B}\x{E23}\x{E30}\x{E01}\x{E32}\x{E22}"
      text run at (0,6745) width 34: "\x{E44}\x{E1B}"
      text run at (0,6764) width 51: "\x{E08}\x{E32}\x{E01}"
      text run at (0,6783) width 85: "\x{E14}\x{E27}\x{E07}\x{E15}\x{E32}"
      text run at (0,6802) width 51: "\x{E40}\x{E18}\x{E2D}"
      text run at (0,6821) width 85: "\x{E1B}\x{E25}\x{E48}\x{E2D}\x{E22}"
      text run at (0,6840) width 51: "\x{E44}\x{E27}\x{E49}"
      text run at (0,6859) width 51: "\x{E41}\x{E15}\x{E48}"
      text run at (0,6878) width 68: "\x{E04}\x{E27}\x{E32}\x{E21}"
      text run at (0,6897) width 85: "\x{E2A}\x{E38}\x{E02}\x{E38}\x{E21}"
      text run at (0,6916) width 85: "\x{E2D}\x{E22}\x{E48}\x{E32}\x{E07}"
      text run at (0,6935) width 136: "\x{E2B}\x{E21}\x{E48}\x{E19}\x{E2B}\x{E21}\x{E2D}\x{E07}"
      text run at (0,6954) width 51: "\x{E40}\x{E2D}\x{E32}"
      text run at (0,6973) width 34: "\x{E2A}\x{E35}"
      text run at (0,6992) width 51: "\x{E41}\x{E14}\x{E07}"
      text run at (0,7011) width 51: "\x{E08}\x{E32}\x{E01}"
      text run at (0,7030) width 68: "\x{E41}\x{E01}\x{E49}\x{E21}"
      text run at (0,7049) width 51: "\x{E41}\x{E25}\x{E30}"
      text run at (0,7068) width 51: "\x{E23}\x{E34}\x{E21}"
      text run at (0,7087) width 85: "\x{E1D}\x{E35}\x{E1B}\x{E32}\x{E01}"
      text run at (0,7106) width 51: "\x{E40}\x{E18}\x{E2D}"
      text run at (0,7125) width 34: "\x{E44}\x{E1B}"
      text run at (0,7144) width 68: "\x{E01}\x{E25}\x{E32}\x{E22}"
      text run at (0,7163) width 68: "\x{E40}\x{E1B}\x{E47}\x{E19}"
      text run at (0,7182) width 34: "\x{E2A}\x{E35}"
      text run at (0,7201) width 68: "\x{E2B}\x{E21}\x{E48}\x{E19}"
      text run at (0,7220) width 17: "\x{E46}"
      text run at (0,7239) width 102: "\x{E40}\x{E2B}\x{E21}\x{E37}\x{E2D}\x{E19}"
      text run at (0,7258) width 51: "\x{E01}\x{E31}\x{E19}"
      text run at (0,7277) width 51: "\x{E40}\x{E18}\x{E2D}"
      text run at (0,7296) width 51: "\x{E1C}\x{E2D}\x{E21}"
      text run at (0,7315) width 51: "\x{E41}\x{E25}\x{E30}"
      text run at (0,7334) width 68: "\x{E2B}\x{E25}\x{E31}\x{E07}"
      text run at (0,7353) width 68: "\x{E42}\x{E04}\x{E49}\x{E07}"
      text run at (0,7372) width 51: "\x{E41}\x{E25}\x{E30}"
      text run at (0,7391) width 102: "\x{E40}\x{E14}\x{E35}\x{E4B}\x{E22}\x{E27}"
      text run at (0,7410) width 51: "\x{E19}\x{E35}\x{E49}"
      text run at (0,7429) width 51: "\x{E44}\x{E21}\x{E48}"
      text run at (0,7448) width 51: "\x{E40}\x{E04}\x{E22}"
      text run at (0,7467) width 68: "\x{E22}\x{E34}\x{E49}\x{E21}"
      text run at (0,7486) width 51: "\x{E40}\x{E25}\x{E22}"
      text run at (0,7505) width 85: "\x{E40}\x{E21}\x{E37}\x{E48}\x{E2D}"
      text run at (0,7524) width 34: "\x{E42}\x{E14}"
      text run at (0,7543) width 68: "\x{E42}\x{E23}\x{E18}\x{E35}"
      text run at (0,7562) width 68: "\x{E0B}\x{E36}\x{E48}\x{E07}"
      text run at (0,7581) width 68: "\x{E40}\x{E1B}\x{E47}\x{E19}"
      text run at (0,7600) width 68: "\x{E40}\x{E14}\x{E47}\x{E01}"
      text run at (0,7619) width 119: "\x{E01}\x{E33}\x{E1E}\x{E23}\x{E49}\x{E32}"
      text run at (0,7638) width 34: "\x{E21}\x{E32}"
      text run at (0,7657) width 68: "\x{E2D}\x{E22}\x{E39}\x{E48}"
      text run at (0,7676) width 51: "\x{E01}\x{E31}\x{E1A}"
      text run at (0,7695) width 51: "\x{E40}\x{E18}\x{E2D}"
      text run at (0,7714) width 51: "\x{E15}\x{E2D}\x{E19}"
      text run at (0,7733) width 51: "\x{E41}\x{E23}\x{E01}"
      text run at (0,7752) width 51: "\x{E1B}\x{E49}\x{E32}"
      text run at (0,7771) width 68: "\x{E40}\x{E2D}\x{E47}\x{E21}"
      text run at (0,7790) width 68: "\x{E15}\x{E37}\x{E48}\x{E19}"
      text run at (0,7809) width 68: "\x{E40}\x{E15}\x{E49}\x{E19}"
      text run at (0,7828) width 51: "\x{E01}\x{E31}\x{E1A}"
      text run at (0,7847) width 85: "\x{E40}\x{E2A}\x{E35}\x{E22}\x{E07}"
      text run at (0,7866) width 119: "\x{E2B}\x{E31}\x{E27}\x{E40}\x{E23}\x{E32}\x{E30}"
      text run at (0,7885) width 51: "\x{E02}\x{E2D}\x{E07}"
      text run at (0,7904) width 68: "\x{E40}\x{E14}\x{E47}\x{E01}"
      text run at (0,7923) width 68: "\x{E19}\x{E49}\x{E2D}\x{E22}"
      text run at (0,7942) width 51: "\x{E21}\x{E32}\x{E01}"
      text run at (0,7961) width 51: "\x{E40}\x{E18}\x{E2D}"
      text run at (0,7980) width 34: "\x{E08}\x{E30}"
      text run at (0,7999) width 51: "\x{E2A}\x{E48}\x{E07}"
      text run at (0,8018) width 85: "\x{E40}\x{E2A}\x{E35}\x{E22}\x{E07}"
      text run at (0,8037) width 68: "\x{E23}\x{E49}\x{E2D}\x{E07}"
      text run at (0,8056) width 68: "\x{E41}\x{E25}\x{E49}\x{E27}"
      text run at (0,8075) width 51: "\x{E40}\x{E2D}\x{E32}"
      text run at (0,8094) width 51: "\x{E21}\x{E37}\x{E2D}"
      text run at (0,8113) width 51: "\x{E17}\x{E32}\x{E1A}"
      text run at (0,8132) width 34: "\x{E2D}\x{E01}"
      text run at (0,8151) width 51: "\x{E17}\x{E38}\x{E01}"
      text run at (0,8170) width 85: "\x{E04}\x{E23}\x{E31}\x{E49}\x{E07}"
      text run at (0,8189) width 51: "\x{E17}\x{E35}\x{E48}"
      text run at (0,8208) width 85: "\x{E40}\x{E2A}\x{E35}\x{E22}\x{E07}"
      text run at (0,8227) width 51: "\x{E2D}\x{E31}\x{E19}"
      text run at (0,8246) width 119: "\x{E23}\x{E48}\x{E32}\x{E40}\x{E23}\x{E34}\x{E07}"
      text run at (0,8265) width 51: "\x{E02}\x{E2D}\x{E07}"
      text run at (0,8284) width 34: "\x{E42}\x{E14}"
      text run at (0,8303) width 68: "\x{E42}\x{E23}\x{E18}\x{E35}"
      text run at (0,8322) width 68: "\x{E40}\x{E02}\x{E49}\x{E32}"
      text run at (0,8341) width 34: "\x{E2B}\x{E39}"
      text run at (0,8360) width 51: "\x{E40}\x{E18}\x{E2D}"
      text run at (0,8379) width 51: "\x{E41}\x{E25}\x{E30}"
      text run at (0,8398) width 51: "\x{E40}\x{E18}\x{E2D}"
      text run at (0,8417) width 68: "\x{E40}\x{E1D}\x{E49}\x{E32}"
      text run at (0,8436) width 51: "\x{E21}\x{E2D}\x{E07}"
      text run at (0,8455) width 68: "\x{E40}\x{E14}\x{E47}\x{E01}"
      text run at (0,8474) width 68: "\x{E2B}\x{E0D}\x{E34}\x{E07}"
      text run at (0,8493) width 68: "\x{E19}\x{E49}\x{E2D}\x{E22}"
      text run at (0,8512) width 17: "\x{E46}"
      text run at (0,8531) width 68: "\x{E14}\x{E49}\x{E27}\x{E22}"
      text run at (0,8550) width 68: "\x{E04}\x{E27}\x{E32}\x{E21}"
      text run at (0,8569) width 119: "\x{E1B}\x{E23}\x{E30}\x{E2B}\x{E25}\x{E32}\x{E14}"
      text run at (0,8588) width 34: "\x{E43}\x{E08}"
      text run at (0,8607) width 68: "\x{E14}\x{E49}\x{E27}\x{E22}"
      text run at (0,8626) width 51: "\x{E22}\x{E31}\x{E07}"
      text run at (0,8645) width 34: "\x{E2B}\x{E32}"
      text run at (0,8664) width 68: "\x{E2D}\x{E30}\x{E44}\x{E23}"
      text run at (0,8683) width 34: "\x{E21}\x{E32}"
      text run at (0,8702) width 68: "\x{E40}\x{E1B}\x{E47}\x{E19}"
      text run at (0,8721) width 102: "\x{E40}\x{E23}\x{E37}\x{E48}\x{E2D}\x{E07}"
      text run at (0,8740) width 119: "\x{E2B}\x{E31}\x{E27}\x{E40}\x{E23}\x{E32}\x{E30}"
      text run at (0,8759) width 51: "\x{E44}\x{E14}\x{E49}"
      text run at (0,8778) width 51: "\x{E25}\x{E38}\x{E07}"
      text run at (0,8797) width 34: "\x{E40}\x{E2E}"
      text run at (0,8816) width 51: "\x{E19}\x{E23}\x{E35}"
      text run at (0,8835) width 51: "\x{E44}\x{E21}\x{E48}"
      text run at (0,8854) width 51: "\x{E40}\x{E04}\x{E22}"
      text run at (0,8873) width 119: "\x{E2B}\x{E31}\x{E27}\x{E40}\x{E23}\x{E32}\x{E30}"
      text run at (0,8892) width 51: "\x{E25}\x{E38}\x{E07}"
      text run at (0,8911) width 102: "\x{E17}\x{E33}\x{E07}\x{E32}\x{E19}"
      text run at (0,8930) width 68: "\x{E2B}\x{E19}\x{E31}\x{E01}"
      text run at (0,8949) width 51: "\x{E08}\x{E32}\x{E01}"
      text run at (0,8968) width 68: "\x{E40}\x{E0A}\x{E49}\x{E32}"
      text run at (0,8987) width 51: "\x{E22}\x{E31}\x{E19}"
      text run at (0,9006) width 68: "\x{E04}\x{E48}\x{E33}"
      text run at (0,9025) width 51: "\x{E41}\x{E25}\x{E30}"
      text run at (0,9044) width 51: "\x{E44}\x{E21}\x{E48}"
      text run at (0,9063) width 51: "\x{E40}\x{E04}\x{E22}"
      text run at (0,9082) width 102: "\x{E23}\x{E39}\x{E49}\x{E08}\x{E31}\x{E01}"
      text run at (0,9101) width 51: "\x{E27}\x{E48}\x{E32}"
      text run at (0,9120) width 68: "\x{E04}\x{E27}\x{E32}\x{E21}"
      text run at (0,9139) width 119: "\x{E23}\x{E48}\x{E32}\x{E40}\x{E23}\x{E34}\x{E07}"
      text run at (0,9158) width 51: "\x{E04}\x{E37}\x{E2D}"
      text run at (0,9177) width 68: "\x{E2D}\x{E30}\x{E44}\x{E23}"
      text run at (0,9196) width 51: "\x{E25}\x{E38}\x{E07}"
      text run at (0,9215) width 34: "\x{E14}\x{E39}"
      text run at (0,9234) width 136: "\x{E2B}\x{E21}\x{E48}\x{E19}\x{E2B}\x{E21}\x{E2D}\x{E07}"
      text run at (0,9253) width 34: "\x{E44}\x{E1B}"
      text run at (0,9272) width 51: "\x{E2B}\x{E21}\x{E14}"
      text run at (0,9291) width 68: "\x{E15}\x{E31}\x{E49}\x{E07}"
      text run at (0,9310) width 51: "\x{E41}\x{E15}\x{E48}"
      text run at (0,9329) width 68: "\x{E40}\x{E04}\x{E23}\x{E32}"
      text run at (0,9348) width 51: "\x{E22}\x{E32}\x{E27}"
      text run at (0,9367) width 34: "\x{E08}\x{E19}"
      text run at (0,9386) width 34: "\x{E08}\x{E14}"
      text run at (0,9405) width 119: "\x{E23}\x{E2D}\x{E07}\x{E40}\x{E17}\x{E49}\x{E32}"
      text run at (0,9424) width 51: "\x{E1A}\x{E39}\x{E15}"
      text run at (0,9443) width 51: "\x{E2D}\x{E31}\x{E19}"
      text run at (0,9462) width 68: "\x{E2B}\x{E22}\x{E32}\x{E1A}"
      text run at (0,9481) width 68: "\x{E41}\x{E25}\x{E49}\x{E27}"
      text run at (0,9500) width 51: "\x{E25}\x{E38}\x{E07}"
      text run at (0,9519) width 34: "\x{E01}\x{E47}"
      text run at (0,9538) width 34: "\x{E14}\x{E39}"
      text run at (0,9557) width 153: "\x{E40}\x{E04}\x{E23}\x{E48}\x{E07}\x{E02}\x{E23}\x{E36}\x{E21}"
      text run at (0,9576) width 51: "\x{E19}\x{E48}\x{E32}"
      text run at (0,9595) width 68: "\x{E40}\x{E01}\x{E23}\x{E07}"
      text run at (0,9614) width 51: "\x{E02}\x{E32}\x{E21}"
      text run at (0,9633) width 51: "\x{E44}\x{E21}\x{E48}"
      text run at (0,9652) width 68: "\x{E04}\x{E48}\x{E2D}\x{E22}"
      text run at (0,9671) width 34: "\x{E08}\x{E30}"
      text run at (0,9690) width 51: "\x{E1E}\x{E39}\x{E14}"
      text run at (0,9709) width 34: "\x{E21}\x{E35}"
      text run at (0,9728) width 34: "\x{E42}\x{E15}"
      text run at (0,9747) width 51: "\x{E42}\x{E15}\x{E49}"
      text run at (0,9766) width 51: "\x{E17}\x{E35}\x{E48}"
      text run at (0,9785) width 51: "\x{E17}\x{E33}"
      text run at (0,9804) width 51: "\x{E43}\x{E2B}\x{E49}"
      text run at (0,9823) width 34: "\x{E42}\x{E14}"
      text run at (0,9842) width 68: "\x{E42}\x{E23}\x{E18}\x{E35}"
      text run at (0,9861) width 119: "\x{E2B}\x{E31}\x{E27}\x{E40}\x{E23}\x{E32}\x{E30}"
      text run at (0,9880) width 51: "\x{E44}\x{E14}\x{E49}"
      text run at (0,9899) width 51: "\x{E41}\x{E25}\x{E30}"
      text run at (0,9918) width 68: "\x{E0A}\x{E48}\x{E27}\x{E22}"
      text run at (0,9937) width 51: "\x{E40}\x{E18}\x{E2D}"
      text run at (0,9956) width 51: "\x{E43}\x{E2B}\x{E49}"
      text run at (0,9975) width 51: "\x{E1E}\x{E49}\x{E19}"
      text run at (0,9994) width 51: "\x{E08}\x{E32}\x{E01}"
      text run at (0,10013) width 51: "\x{E01}\x{E32}\x{E23}"
      text run at (0,10032) width 68: "\x{E01}\x{E25}\x{E32}\x{E22}"
      text run at (0,10051) width 68: "\x{E40}\x{E1B}\x{E47}\x{E19}"
      text run at (0,10070) width 34: "\x{E2A}\x{E35}"
      text run at (0,10089) width 51: "\x{E40}\x{E17}\x{E32}"
      text run at (0,10108) width 68: "\x{E2B}\x{E21}\x{E48}\x{E19}"
      text run at (0,10127) width 102: "\x{E40}\x{E2B}\x{E21}\x{E37}\x{E2D}\x{E19}"
      text run at (0,10146) width 51: "\x{E01}\x{E31}\x{E1A}"
      text run at (0,10165) width 68: "\x{E2A}\x{E34}\x{E48}\x{E07}"
      text run at (0,10184) width 51: "\x{E23}\x{E2D}\x{E1A}"
      text run at (0,10203) width 51: "\x{E15}\x{E31}\x{E27}"
      text run at (0,10222) width 68: "\x{E2D}\x{E37}\x{E48}\x{E19}"
      text run at (0,10241) width 17: "\x{E46}"
      text run at (0,10260) width 34: "\x{E42}\x{E15}"
      text run at (0,10279) width 51: "\x{E42}\x{E15}\x{E49}"
      text run at (0,10298) width 34: "\x{E2A}\x{E35}"
      text run at (0,10317) width 51: "\x{E44}\x{E21}\x{E48}"
      text run at (0,10336) width 51: "\x{E40}\x{E17}\x{E32}"
      text run at (0,10355) width 68: "\x{E2B}\x{E21}\x{E48}\x{E19}"
      text run at (0,10374) width 51: "\x{E41}\x{E15}\x{E48}"
      text run at (0,10393) width 51: "\x{E21}\x{E31}\x{E19}"
      text run at (0,10412) width 68: "\x{E40}\x{E1B}\x{E47}\x{E19}"
      text run at (0,10431) width 51: "\x{E2B}\x{E21}\x{E32}"
      text run at (0,10450) width 34: "\x{E2A}\x{E35}"
      text run at (0,10469) width 51: "\x{E14}\x{E33}"
      text run at (0,10488) width 51: "\x{E15}\x{E31}\x{E27}"
      text run at (0,10507) width 68: "\x{E19}\x{E49}\x{E2D}\x{E22}"
      text run at (0,10526) width 17: "\x{E46}"
      text run at (0,10545) width 34: "\x{E02}\x{E19}"
      text run at (0,10564) width 51: "\x{E22}\x{E32}\x{E27}"
      text run at (0,10583) width 51: "\x{E1B}\x{E38}\x{E22}"
      text run at (0,10602) width 51: "\x{E23}\x{E32}\x{E27}"
      text run at (0,10621) width 51: "\x{E01}\x{E31}\x{E1A}"
      text run at (0,10640) width 51: "\x{E44}\x{E2B}\x{E21}"
      text run at (0,10659) width 34: "\x{E21}\x{E35}"
      text run at (0,10678) width 34: "\x{E15}\x{E32}"
      text run at (0,10697) width 51: "\x{E14}\x{E33}"
      text run at (0,10716) width 68: "\x{E40}\x{E25}\x{E47}\x{E01}"
      text run at (0,10735) width 68: "\x{E40}\x{E1B}\x{E47}\x{E19}"
      text run at (0,10754) width 102: "\x{E1B}\x{E23}\x{E30}\x{E01}\x{E32}\x{E22}"
      text run at (0,10773) width 136: "\x{E23}\x{E37}\x{E48}\x{E19}\x{E40}\x{E23}\x{E34}\x{E07}"
      text run at (0,10792) width 68: "\x{E2D}\x{E22}\x{E39}\x{E48}"
      text run at (0,10811) width 51: "\x{E2A}\x{E2D}\x{E07}"
      text run at (0,10830) width 68: "\x{E02}\x{E49}\x{E32}\x{E07}"
      text run at (0,10849) width 68: "\x{E08}\x{E21}\x{E39}\x{E01}"
      text run at (0,10868) width 68: "\x{E40}\x{E25}\x{E47}\x{E01}"
      text run at (0,10887) width 51: "\x{E2D}\x{E31}\x{E19}"
      text run at (0,10906) width 51: "\x{E19}\x{E48}\x{E32}"
      text run at (0,10925) width 51: "\x{E02}\x{E31}\x{E19}"
      text run at (0,10944) width 51: "\x{E02}\x{E2D}\x{E07}"
      text run at (0,10963) width 51: "\x{E21}\x{E31}\x{E19}"
      text run at (0,10982) width 34: "\x{E42}\x{E15}"
      text run at (0,11001) width 51: "\x{E42}\x{E15}\x{E49}"
      text run at (0,11020) width 68: "\x{E40}\x{E25}\x{E48}\x{E19}"
      text run at (0,11039) width 68: "\x{E17}\x{E31}\x{E49}\x{E07}"
      text run at (0,11058) width 51: "\x{E27}\x{E31}\x{E19}"
      text run at (0,11077) width 51: "\x{E41}\x{E25}\x{E30}"
      text run at (0,11096) width 34: "\x{E42}\x{E14}"
      text run at (0,11115) width 68: "\x{E42}\x{E23}\x{E18}\x{E35}"
      text run at (0,11134) width 34: "\x{E01}\x{E47}"
      text run at (0,11153) width 68: "\x{E40}\x{E25}\x{E48}\x{E19}"
      text run at (0,11172) width 51: "\x{E01}\x{E31}\x{E1A}"
      text run at (0,11191) width 51: "\x{E21}\x{E31}\x{E19}"
      text run at (0,11210) width 51: "\x{E41}\x{E25}\x{E30}"
      text run at (0,11229) width 51: "\x{E23}\x{E31}\x{E01}"
      text run at (0,11248) width 51: "\x{E21}\x{E31}\x{E19}"
      text run at (0,11267) width 85: "\x{E40}\x{E2B}\x{E25}\x{E37}\x{E2D}"
      text run at (0,11286) width 68: "\x{E40}\x{E01}\x{E34}\x{E19}"
      text run at (0,11305) width 119: "\x{E2D}\x{E22}\x{E48}\x{E32}\x{E07}\x{E44}\x{E23}"
      text run at (0,11324) width 34: "\x{E01}\x{E47}"
      text run at (0,11343) width 51: "\x{E15}\x{E32}\x{E21}"
      text run at (0,11362) width 51: "\x{E27}\x{E31}\x{E19}"
      text run at (0,11381) width 51: "\x{E19}\x{E35}\x{E49}"
      text run at (0,11400) width 68: "\x{E17}\x{E31}\x{E49}\x{E07}"
      text run at (0,11419) width 51: "\x{E04}\x{E39}\x{E48}"
      text run at (0,11438) width 51: "\x{E44}\x{E21}\x{E48}"
      text run at (0,11457) width 51: "\x{E44}\x{E14}\x{E49}"
      text run at (0,11476) width 68: "\x{E40}\x{E25}\x{E48}\x{E19}"
      text run at (0,11495) width 51: "\x{E25}\x{E38}\x{E07}"
      text run at (0,11514) width 34: "\x{E40}\x{E2E}"
      text run at (0,11533) width 51: "\x{E19}\x{E23}\x{E35}"
      text run at (0,11552) width 68: "\x{E19}\x{E31}\x{E48}\x{E07}"
      text run at (0,11571) width 68: "\x{E2D}\x{E22}\x{E39}\x{E48}"
      text run at (0,11590) width 51: "\x{E17}\x{E35}\x{E48}"
      text run at (0,11609) width 85: "\x{E1A}\x{E31}\x{E19}\x{E44}\x{E14}"
      text run at (0,11628) width 85: "\x{E1B}\x{E23}\x{E30}\x{E15}\x{E39}"
      text run at (0,11647) width 51: "\x{E41}\x{E25}\x{E30}"
      text run at (0,11666) width 68: "\x{E40}\x{E1D}\x{E49}\x{E32}"
      text run at (0,11685) width 85: "\x{E01}\x{E31}\x{E07}\x{E27}\x{E25}"
      text run at (0,11704) width 68: "\x{E08}\x{E49}\x{E2D}\x{E07}"
      text run at (0,11723) width 34: "\x{E14}\x{E39}"
      text run at (0,11742) width 68: "\x{E17}\x{E49}\x{E2D}\x{E07}"
      text run at (0,11761) width 51: "\x{E1F}\x{E49}\x{E32}"
      text run at (0,11780) width 34: "\x{E2A}\x{E35}"
      text run at (0,11799) width 51: "\x{E40}\x{E17}\x{E32}"
      text run at (0,11818) width 68: "\x{E2B}\x{E21}\x{E48}\x{E19}"
      text run at (0,11837) width 51: "\x{E1C}\x{E34}\x{E14}"
      text run at (0,11856) width 68: "\x{E1B}\x{E01}\x{E15}\x{E34}"
      text run at (0,11875) width 34: "\x{E42}\x{E14}"
      text run at (0,11894) width 68: "\x{E42}\x{E23}\x{E18}\x{E35}"
      text run at (0,11913) width 51: "\x{E22}\x{E37}\x{E19}"
      text run at (0,11932) width 51: "\x{E17}\x{E35}\x{E48}"
      text run at (0,11951) width 85: "\x{E1B}\x{E23}\x{E30}\x{E15}\x{E39}"
      text run at (0,11970) width 51: "\x{E01}\x{E2D}\x{E14}"
      text run at (0,11989) width 34: "\x{E42}\x{E15}"
      text run at (0,12008) width 51: "\x{E42}\x{E15}\x{E49}"
      text run at (0,12027) width 51: "\x{E44}\x{E27}\x{E49}"
      text run at (0,12046) width 34: "\x{E43}\x{E19}"
      text run at (0,12065) width 68: "\x{E2D}\x{E49}\x{E2D}\x{E21}"
      text run at (0,12084) width 51: "\x{E41}\x{E02}\x{E19}"
      text run at (0,12103) width 51: "\x{E41}\x{E25}\x{E30}"
      text run at (0,12122) width 34: "\x{E01}\x{E47}"
      text run at (0,12141) width 51: "\x{E21}\x{E2D}\x{E07}"
      text run at (0,12160) width 34: "\x{E14}\x{E39}"
      text run at (0,12179) width 68: "\x{E17}\x{E49}\x{E2D}\x{E07}"
      text run at (0,12198) width 51: "\x{E1F}\x{E49}\x{E32}"
      text run at (0,12217) width 68: "\x{E2D}\x{E22}\x{E39}\x{E48}"
      text run at (0,12236) width 102: "\x{E40}\x{E2B}\x{E21}\x{E37}\x{E2D}\x{E19}"
      text run at (0,12255) width 51: "\x{E01}\x{E31}\x{E19}"
      text run at (0,12274) width 51: "\x{E1B}\x{E49}\x{E32}"
      text run at (0,12293) width 68: "\x{E40}\x{E2D}\x{E47}\x{E21}"
      text run at (0,12312) width 102: "\x{E01}\x{E33}\x{E25}\x{E31}\x{E07}"
      text run at (0,12331) width 68: "\x{E25}\x{E49}\x{E32}\x{E07}"
      text run at (0,12350) width 51: "\x{E0A}\x{E32}\x{E21}"
      text run at (0,12369) width 68: "\x{E2D}\x{E22}\x{E39}\x{E48}"
      text run at (0,12388) width 51: "\x{E08}\x{E32}\x{E01}"
      text run at (0,12407) width 68: "\x{E14}\x{E49}\x{E32}\x{E19}"
      text run at (0,12426) width 85: "\x{E40}\x{E2B}\x{E19}\x{E37}\x{E2D}"
      text run at (0,12445) width 51: "\x{E44}\x{E01}\x{E25}"
      text run at (0,12464) width 51: "\x{E2D}\x{E2D}\x{E01}"
      text run at (0,12483) width 34: "\x{E44}\x{E1B}"
      text run at (0,12502) width 34: "\x{E21}\x{E35}"
      text run at (0,12521) width 85: "\x{E40}\x{E2A}\x{E35}\x{E22}\x{E07}"
      text run at (0,12540) width 34: "\x{E25}\x{E21}"
      text run at (0,12559) width 68: "\x{E04}\x{E23}\x{E32}\x{E07}"
      text run at (0,12578) width 68: "\x{E41}\x{E1C}\x{E48}\x{E27}"
      text run at (0,12597) width 51: "\x{E40}\x{E1A}\x{E32}"
      text run at (0,12616) width 102: "\x{E44}\x{E14}\x{E49}\x{E22}\x{E34}\x{E19}"
      text run at (0,12635) width 34: "\x{E21}\x{E32}"
      text run at (0,12654) width 51: "\x{E25}\x{E38}\x{E07}"
      text run at (0,12673) width 34: "\x{E40}\x{E2E}"
      text run at (0,12692) width 51: "\x{E19}\x{E23}\x{E35}"
      text run at (0,12711) width 51: "\x{E41}\x{E25}\x{E30}"
      text run at (0,12730) width 34: "\x{E42}\x{E14}"
      text run at (0,12749) width 68: "\x{E42}\x{E23}\x{E18}\x{E35}"
      text run at (0,12768) width 68: "\x{E40}\x{E2B}\x{E47}\x{E19}"
      text run at (0,12787) width 51: "\x{E15}\x{E49}\x{E19}"
      text run at (0,12806) width 68: "\x{E2B}\x{E0D}\x{E49}\x{E32}"
      text run at (0,12825) width 51: "\x{E2A}\x{E39}\x{E07}"
      text run at (0,12844) width 51: "\x{E40}\x{E2D}\x{E19}"
      text run at (0,12863) width 68: "\x{E40}\x{E1B}\x{E47}\x{E19}"
      text run at (0,12882) width 85: "\x{E04}\x{E25}\x{E37}\x{E48}\x{E19}"
      text run at (0,12901) width 68: "\x{E01}\x{E48}\x{E2D}\x{E19}"
      text run at (0,12920) width 51: "\x{E17}\x{E35}\x{E48}"
      text run at (0,12939) width 68: "\x{E1E}\x{E32}\x{E22}\x{E38}"
      text run at (0,12958) width 34: "\x{E08}\x{E30}"
      text run at (0,12977) width 34: "\x{E21}\x{E32}"
      text run at (0,12996) width 51: "\x{E16}\x{E36}\x{E07}"
      text run at (0,13015) width 68: "\x{E41}\x{E25}\x{E49}\x{E27}"
      text run at (0,13034) width 34: "\x{E01}\x{E47}"
      text run at (0,13053) width 34: "\x{E21}\x{E35}"
      text run at (0,13072) width 85: "\x{E40}\x{E2A}\x{E35}\x{E22}\x{E07}"
      text run at (0,13091) width 68: "\x{E2B}\x{E27}\x{E35}\x{E14}"
      text run at (0,13110) width 68: "\x{E2B}\x{E27}\x{E34}\x{E27}"
      text run at (0,13129) width 102: "\x{E0A}\x{E31}\x{E14}\x{E40}\x{E08}\x{E19}"
      text run at (0,13148) width 34: "\x{E21}\x{E32}"
      text run at (0,13167) width 51: "\x{E08}\x{E32}\x{E01}"
      text run at (0,13186) width 136: "\x{E1A}\x{E23}\x{E23}\x{E22}\x{E32}\x{E01}\x{E32}\x{E28}"
      text run at (0,13205) width 51: "\x{E17}\x{E32}\x{E07}"
      text run at (0,13224) width 51: "\x{E43}\x{E15}\x{E49}"
      text run at (0,13243) width 51: "\x{E41}\x{E25}\x{E30}"
      text run at (0,13262) width 85: "\x{E40}\x{E21}\x{E37}\x{E48}\x{E2D}"
      text run at (0,13281) width 102: "\x{E40}\x{E2B}\x{E25}\x{E37}\x{E2D}\x{E1A}"
      text run at (0,13300) width 34: "\x{E15}\x{E32}"
      text run at (0,13319) width 34: "\x{E44}\x{E1B}"
      text run at (0,13338) width 51: "\x{E17}\x{E32}\x{E07}"
      text run at (0,13357) width 68: "\x{E14}\x{E49}\x{E32}\x{E19}"
      text run at (0,13376) width 68: "\x{E19}\x{E31}\x{E49}\x{E19}"
      text run at (0,13395) width 34: "\x{E01}\x{E47}"
      text run at (0,13414) width 68: "\x{E40}\x{E2B}\x{E47}\x{E19}"
      text run at (0,13433) width 85: "\x{E04}\x{E25}\x{E37}\x{E48}\x{E19}"
      text run at (0,13452) width 68: "\x{E2B}\x{E0D}\x{E49}\x{E32}"
      text run at (0,13471) width 34: "\x{E21}\x{E32}"
      text run at (0,13490) width 51: "\x{E17}\x{E32}\x{E07}"
      text run at (0,13509) width 68: "\x{E14}\x{E49}\x{E32}\x{E19}"
      text run at (0,13528) width 68: "\x{E19}\x{E31}\x{E49}\x{E19}"
      text run at (0,13547) width 68: "\x{E14}\x{E49}\x{E27}\x{E22}"
      text run at (0,13566) width 51: "\x{E25}\x{E38}\x{E07}"
      text run at (0,13585) width 34: "\x{E40}\x{E2E}"
      text run at (0,13604) width 51: "\x{E19}\x{E23}\x{E35}"
      text run at (0,13623) width 51: "\x{E1C}\x{E38}\x{E14}"
      text run at (0,13642) width 51: "\x{E25}\x{E38}\x{E01}"
      text run at (0,13661) width 68: "\x{E02}\x{E36}\x{E49}\x{E19}"
      text run at (0,13680) width 51: "\x{E17}\x{E31}\x{E19}"
      text run at (0,13699) width 34: "\x{E43}\x{E14}"
      text run at (0,13718) width 7: "\""
      text run at (0,13737) width 34: "\x{E25}\x{E21}"
      text run at (0,13756) width 102: "\x{E44}\x{E0B}\x{E42}\x{E04}\x{E25}\x{E19}"
      text run at (0,13775) width 34: "\x{E21}\x{E32}"
      text run at (0,13794) width 68: "\x{E40}\x{E2D}\x{E47}\x{E21}"
      text run at (0,13813) width 7: "\""
      text run at (0,13832) width 51: "\x{E25}\x{E38}\x{E07}"
      text run at (0,13851) width 68: "\x{E23}\x{E49}\x{E2D}\x{E07}"
      text run at (0,13870) width 51: "\x{E1A}\x{E2D}\x{E01}"
      text run at (0,13889) width 85: "\x{E20}\x{E23}\x{E23}\x{E22}\x{E32}"
      text run at (0,13908) width 7: "\""
      text run at (0,13927) width 51: "\x{E02}\x{E49}\x{E32}"
      text run at (0,13946) width 34: "\x{E08}\x{E30}"
      text run at (0,13965) width 34: "\x{E44}\x{E1B}"
      text run at (0,13984) width 34: "\x{E14}\x{E39}"
      text run at (0,14003) width 85: "\x{E2A}\x{E31}\x{E15}\x{E27}\x{E4C}"
      text run at (0,14022) width 102: "\x{E40}\x{E25}\x{E35}\x{E49}\x{E22}\x{E07}"
      text run at (0,14041) width 85: "\x{E2B}\x{E19}\x{E48}\x{E2D}\x{E22}"
      text run at (0,14060) width 7: "\""
      text run at (0,14079) width 68: "\x{E41}\x{E25}\x{E49}\x{E27}"
      text run at (0,14098) width 51: "\x{E25}\x{E38}\x{E07}"
      text run at (0,14117) width 34: "\x{E01}\x{E47}"
      text run at (0,14136) width 68: "\x{E27}\x{E34}\x{E48}\x{E07}"
      text run at (0,14155) width 34: "\x{E44}\x{E1B}"
      text run at (0,14174) width 51: "\x{E22}\x{E31}\x{E07}"
      text run at (0,14193) width 68: "\x{E40}\x{E1E}\x{E34}\x{E07}"
      text run at (0,14212) width 51: "\x{E17}\x{E35}\x{E48}"
      text run at (0,14231) width 51: "\x{E27}\x{E31}\x{E27}"
      text run at (0,14250) width 51: "\x{E41}\x{E25}\x{E30}"
      text run at (0,14269) width 51: "\x{E21}\x{E49}\x{E32}"
      text run at (0,14288) width 85: "\x{E2D}\x{E32}\x{E28}\x{E31}\x{E22}"
      text run at (0,14307) width 68: "\x{E2D}\x{E22}\x{E39}\x{E48}"
      text run at (0,14326) width 51: "\x{E1B}\x{E49}\x{E32}"
      text run at (0,14345) width 68: "\x{E40}\x{E2D}\x{E47}\x{E21}"
      text run at (0,14364) width 68: "\x{E2B}\x{E22}\x{E38}\x{E14}"
      text run at (0,14383) width 102: "\x{E17}\x{E33}\x{E07}\x{E32}\x{E19}"
      text run at (0,14402) width 51: "\x{E41}\x{E25}\x{E30}"
      text run at (0,14421) width 34: "\x{E21}\x{E32}"
      text run at (0,14440) width 51: "\x{E17}\x{E35}\x{E48}"
      text run at (0,14459) width 85: "\x{E1B}\x{E23}\x{E30}\x{E15}\x{E39}"
      text run at (0,14478) width 85: "\x{E40}\x{E1E}\x{E35}\x{E22}\x{E07}"
      text run at (0,14497) width 85: "\x{E0A}\x{E32}\x{E22}\x{E15}\x{E32}"
      text run at (0,14516) width 51: "\x{E21}\x{E2D}\x{E07}"
      text run at (0,14535) width 51: "\x{E1B}\x{E49}\x{E32}"
      text run at (0,14554) width 34: "\x{E01}\x{E47}"
      text run at (0,14573) width 51: "\x{E1A}\x{E2D}\x{E01}"
      text run at (0,14592) width 51: "\x{E44}\x{E14}\x{E49}"
      text run at (0,14611) width 51: "\x{E27}\x{E48}\x{E32}"
      text run at (0,14630) width 119: "\x{E2D}\x{E31}\x{E19}\x{E15}\x{E23}\x{E32}\x{E22}"
      text run at (0,14649) width 34: "\x{E21}\x{E32}"
      text run at (0,14668) width 51: "\x{E16}\x{E36}\x{E07}"
      text run at (0,14687) width 68: "\x{E41}\x{E25}\x{E49}\x{E27}"
      text run at (0,14706) width 7: "\""
      text run at (0,14725) width 68: "\x{E40}\x{E23}\x{E47}\x{E27}"
      text run at (0,14744) width 34: "\x{E42}\x{E14}"
      text run at (0,14763) width 68: "\x{E42}\x{E23}\x{E18}\x{E35}"
      text run at (0,14782) width 5: "!"
      text run at (0,14801) width 7: "\""
      text run at (0,14820) width 51: "\x{E1B}\x{E49}\x{E32}"
      text run at (0,14839) width 85: "\x{E15}\x{E30}\x{E42}\x{E01}\x{E19}"
      text run at (0,14858) width 7: "\""
      text run at (0,14877) width 68: "\x{E27}\x{E34}\x{E48}\x{E07}"
      text run at (0,14896) width 34: "\x{E44}\x{E1B}"
      text run at (0,14915) width 68: "\x{E2B}\x{E49}\x{E2D}\x{E07}"
      text run at (0,14934) width 102: "\x{E43}\x{E15}\x{E49}\x{E16}\x{E38}\x{E19}"
      text run at (0,14953) width 7: "\""
      text run at (0,14972) width 34: "\x{E42}\x{E15}"
      text run at (0,14991) width 51: "\x{E42}\x{E15}\x{E49}"
      text run at (0,15010) width 68: "\x{E1C}\x{E25}\x{E38}\x{E19}"
      text run at (0,15029) width 102: "\x{E01}\x{E23}\x{E30}\x{E42}\x{E14}\x{E14}"
      text run at (0,15048) width 34: "\x{E25}\x{E07}"
      text run at (0,15067) width 51: "\x{E08}\x{E32}\x{E01}"
      text run at (0,15086) width 68: "\x{E2D}\x{E49}\x{E2D}\x{E21}"
      text run at (0,15105) width 51: "\x{E41}\x{E02}\x{E19}"
      text run at (0,15124) width 34: "\x{E42}\x{E14}"
      text run at (0,15143) width 68: "\x{E42}\x{E23}\x{E18}\x{E35}"
      text run at (0,15162) width 68: "\x{E41}\x{E25}\x{E49}\x{E27}"
      text run at (0,15181) width 68: "\x{E40}\x{E02}\x{E49}\x{E32}"
      text run at (0,15200) width 34: "\x{E44}\x{E1B}"
      text run at (0,15219) width 68: "\x{E0B}\x{E48}\x{E2D}\x{E19}"
      text run at (0,15238) width 68: "\x{E2D}\x{E22}\x{E39}\x{E48}"
      text run at (0,15257) width 51: "\x{E43}\x{E15}\x{E49}"
      text run at (0,15276) width 85: "\x{E40}\x{E15}\x{E35}\x{E22}\x{E07}"
      text run at (0,15295) width 68: "\x{E40}\x{E14}\x{E47}\x{E01}"
      text run at (0,15314) width 68: "\x{E2B}\x{E0D}\x{E34}\x{E07}"
      text run at (0,15333) width 68: "\x{E19}\x{E49}\x{E2D}\x{E22}"
      text run at (0,15352) width 68: "\x{E40}\x{E02}\x{E49}\x{E32}"
      text run at (0,15371) width 34: "\x{E44}\x{E1B}"
      text run at (0,15390) width 51: "\x{E14}\x{E36}\x{E07}"
      text run at (0,15409) width 51: "\x{E21}\x{E31}\x{E19}"
      text run at (0,15428) width 51: "\x{E2D}\x{E2D}\x{E01}"
      text run at (0,15447) width 34: "\x{E21}\x{E32}"
      text run at (0,15466) width 51: "\x{E1B}\x{E49}\x{E32}"
      text run at (0,15485) width 68: "\x{E40}\x{E2D}\x{E47}\x{E21}"
      text run at (0,15504) width 102: "\x{E01}\x{E23}\x{E30}\x{E0A}\x{E32}\x{E01}"
      text run at (0,15523) width 34: "\x{E1D}\x{E32}"
      text run at (0,15542) width 51: "\x{E17}\x{E35}\x{E48}"
      text run at (0,15561) width 68: "\x{E1E}\x{E37}\x{E49}\x{E19}"
      text run at (0,15580) width 51: "\x{E2D}\x{E2D}\x{E01}"
      text run at (0,15599) width 85: "\x{E2D}\x{E22}\x{E48}\x{E32}\x{E07}"
      text run at (0,15618) width 34: "\x{E2D}\x{E01}"
      text run at (0,15637) width 68: "\x{E2A}\x{E31}\x{E48}\x{E19}"
      text run at (0,15656) width 68: "\x{E02}\x{E27}\x{E31}\x{E0D}"
      text run at (0,15675) width 51: "\x{E2B}\x{E32}\x{E22}"
      text run at (0,15694) width 51: "\x{E1B}\x{E35}\x{E19}"
      text run at (0,15713) width 85: "\x{E1A}\x{E31}\x{E19}\x{E44}\x{E14}"
      text run at (0,15732) width 51: "\x{E44}\x{E21}\x{E49}"
      text run at (0,15751) width 34: "\x{E25}\x{E07}"
      text run at (0,15770) width 34: "\x{E44}\x{E1B}"
      text run at (0,15789) width 34: "\x{E43}\x{E19}"
      text run at (0,15808) width 68: "\x{E42}\x{E1E}\x{E23}\x{E07}"
      text run at (0,15827) width 68: "\x{E40}\x{E25}\x{E47}\x{E01}"
      text run at (0,15846) width 51: "\x{E2D}\x{E31}\x{E19}"
      text run at (0,15865) width 51: "\x{E21}\x{E37}\x{E14}"
      text run at (0,15884) width 51: "\x{E17}\x{E36}\x{E1A}"
      text run at (0,15903) width 34: "\x{E42}\x{E14}"
      text run at (0,15922) width 68: "\x{E42}\x{E23}\x{E18}\x{E35}"
      text run at (0,15941) width 51: "\x{E08}\x{E31}\x{E1A}"
      text run at (0,15960) width 34: "\x{E42}\x{E15}"
      text run at (0,15979) width 51: "\x{E42}\x{E15}\x{E49}"
      text run at (0,15998) width 51: "\x{E44}\x{E14}\x{E49}"
      text run at (0,16017) width 34: "\x{E43}\x{E19}"
      text run at (0,16036) width 51: "\x{E17}\x{E35}\x{E48}"
      text run at (0,16055) width 51: "\x{E2A}\x{E38}\x{E14}"
      text run at (0,16074) width 51: "\x{E41}\x{E25}\x{E30}"
      text run at (0,16093) width 68: "\x{E27}\x{E34}\x{E48}\x{E07}"
      text run at (0,16112) width 51: "\x{E15}\x{E32}\x{E21}"
      text run at (0,16131) width 51: "\x{E1B}\x{E49}\x{E32}"
      text run at (0,16150) width 51: "\x{E40}\x{E18}\x{E2D}"
      text run at (0,16169) width 34: "\x{E44}\x{E1B}"
      text run at (0,16188) width 85: "\x{E40}\x{E21}\x{E37}\x{E48}\x{E2D}"
      text run at (0,16207) width 51: "\x{E40}\x{E18}\x{E2D}"
      text run at (0,16226) width 34: "\x{E21}\x{E32}"
      text run at (0,16245) width 51: "\x{E44}\x{E14}\x{E49}"
      text run at (0,16264) width 85: "\x{E04}\x{E23}\x{E36}\x{E48}\x{E07}"
      text run at (0,16283) width 68: "\x{E2B}\x{E49}\x{E2D}\x{E07}"
      text run at (0,16302) width 34: "\x{E01}\x{E47}"
      text run at (0,16321) width 34: "\x{E21}\x{E35}"
      text run at (0,16340) width 85: "\x{E40}\x{E2A}\x{E35}\x{E22}\x{E07}"
      text run at (0,16359) width 68: "\x{E2B}\x{E27}\x{E35}\x{E14}"
      text run at (0,16378) width 68: "\x{E2B}\x{E27}\x{E37}\x{E2D}"
      text run at (0,16397) width 68: "\x{E2A}\x{E48}\x{E27}\x{E19}"
      text run at (0,16416) width 68: "\x{E1A}\x{E49}\x{E32}\x{E19}"
      text run at (0,16435) width 34: "\x{E01}\x{E47}"
      text run at (0,16454) width 68: "\x{E2A}\x{E31}\x{E48}\x{E19}"
      text run at (0,16473) width 85: "\x{E2D}\x{E22}\x{E48}\x{E32}\x{E07}"
      text run at (0,16492) width 51: "\x{E41}\x{E23}\x{E07}"
      text run at (0,16511) width 34: "\x{E08}\x{E19}"
      text run at (0,16530) width 51: "\x{E40}\x{E18}\x{E2D}"
      text run at (0,16549) width 34: "\x{E2B}\x{E01}"
      text run at (0,16568) width 85: "\x{E04}\x{E30}\x{E21}\x{E33}"
      text run at (0,16587) width 68: "\x{E19}\x{E31}\x{E48}\x{E07}"
      text run at (0,16606) width 136: "\x{E08}\x{E49}\x{E33}\x{E40}\x{E1A}\x{E49}\x{E32}"
      text run at (0,16625) width 68: "\x{E2D}\x{E22}\x{E39}\x{E48}"
      text run at (0,16644) width 51: "\x{E01}\x{E31}\x{E1A}"
      text run at (0,16663) width 68: "\x{E1E}\x{E37}\x{E49}\x{E19}"
      text run at (0,16682) width 68: "\x{E41}\x{E25}\x{E49}\x{E27}"
      text run at (0,16701) width 68: "\x{E2A}\x{E34}\x{E48}\x{E07}"
      text run at (0,16720) width 119: "\x{E1B}\x{E23}\x{E30}\x{E2B}\x{E25}\x{E32}\x{E14}"
      text run at (0,16739) width 34: "\x{E01}\x{E47}"
      text run at (0,16758) width 68: "\x{E40}\x{E01}\x{E34}\x{E14}"
      text run at (0,16777) width 68: "\x{E02}\x{E36}\x{E49}\x{E19}"
      text run at (0,16796) width 68: "\x{E1A}\x{E49}\x{E32}\x{E19}"
      text run at (0,16815) width 68: "\x{E2B}\x{E21}\x{E38}\x{E19}"
      text run at (0,16834) width 34: "\x{E44}\x{E1B}"
      text run at (0,16853) width 68: "\x{E2B}\x{E21}\x{E38}\x{E19}"
      text run at (0,16872) width 34: "\x{E21}\x{E32}"
      text run at (0,16891) width 51: "\x{E2A}\x{E2D}\x{E07}"
      text run at (0,16910) width 51: "\x{E2A}\x{E32}\x{E21}"
      text run at (0,16929) width 51: "\x{E23}\x{E2D}\x{E1A}"
      text run at (0,16948) width 68: "\x{E41}\x{E25}\x{E49}\x{E27}"
      text run at (0,16967) width 34: "\x{E01}\x{E47}"
      text run at (0,16986) width 51: "\x{E25}\x{E2D}\x{E22}"
      text run at (0,17005) width 68: "\x{E02}\x{E36}\x{E49}\x{E19}"
      text run at (0,17024) width 51: "\x{E2A}\x{E39}\x{E48}"
      text run at (0,17043) width 85: "\x{E2D}\x{E32}\x{E01}\x{E32}\x{E28}"
      text run at (0,17062) width 85: "\x{E2D}\x{E22}\x{E48}\x{E32}\x{E07}"
      text run at (0,17081) width 51: "\x{E0A}\x{E49}\x{E32}"
      text run at (0,17100) width 17: "\x{E46}"
      text run at (0,17119) width 34: "\x{E42}\x{E14}"
      text run at (0,17138) width 68: "\x{E42}\x{E23}\x{E18}\x{E35}"
      text run at (0,17157) width 102: "\x{E23}\x{E39}\x{E49}\x{E2A}\x{E36}\x{E01}"
      text run at (0,17176) width 51: "\x{E23}\x{E32}\x{E27}"
      text run at (0,17195) width 51: "\x{E01}\x{E31}\x{E1A}"
      text run at (0,17214) width 51: "\x{E27}\x{E48}\x{E32}"
      text run at (0,17233) width 51: "\x{E40}\x{E18}\x{E2D}"
      text run at (0,17252) width 51: "\x{E44}\x{E14}\x{E49}"
      text run at (0,17271) width 68: "\x{E02}\x{E36}\x{E49}\x{E19}"
      text run at (0,17290) width 34: "\x{E44}\x{E1B}"
      text run at (0,17309) width 51: "\x{E01}\x{E31}\x{E1A}"
      text run at (0,17328) width 51: "\x{E25}\x{E39}\x{E01}"
      text run at (0,17347) width 102: "\x{E1A}\x{E2D}\x{E25}\x{E25}\x{E39}\x{E19}"
      text run at (0,17366) width 68: "\x{E1E}\x{E32}\x{E22}\x{E38}"
      text run at (0,17385) width 85: "\x{E40}\x{E2B}\x{E19}\x{E37}\x{E2D}"
      text run at (0,17404) width 51: "\x{E01}\x{E31}\x{E1A}"
      text run at (0,17423) width 68: "\x{E1E}\x{E32}\x{E22}\x{E38}"
      text run at (0,17442) width 51: "\x{E43}\x{E15}\x{E49}"
      text run at (0,17461) width 34: "\x{E21}\x{E32}"
      text run at (0,17480) width 34: "\x{E1E}\x{E1A}"
      text run at (0,17499) width 51: "\x{E01}\x{E31}\x{E19}"
      text run at (0,17518) width 51: "\x{E15}\x{E23}\x{E07}"
      text run at (0,17537) width 51: "\x{E17}\x{E35}\x{E48}"
      text run at (0,17556) width 68: "\x{E1A}\x{E49}\x{E32}\x{E19}"
      text run at (0,17575) width 34: "\x{E1E}\x{E2D}"
      text run at (0,17594) width 34: "\x{E14}\x{E35}"
      text run at (0,17613) width 51: "\x{E41}\x{E25}\x{E30}"
      text run at (0,17632) width 51: "\x{E17}\x{E33}"
      text run at (0,17651) width 51: "\x{E43}\x{E2B}\x{E49}"
      text run at (0,17670) width 51: "\x{E15}\x{E23}\x{E07}"
      text run at (0,17689) width 68: "\x{E19}\x{E31}\x{E49}\x{E19}"
      text run at (0,17708) width 68: "\x{E40}\x{E1B}\x{E47}\x{E19}"
      text run at (0,17727) width 51: "\x{E08}\x{E38}\x{E14}"
      text run at (0,17746) width 85: "\x{E28}\x{E39}\x{E19}\x{E22}\x{E4C}"
      text run at (0,17765) width 68: "\x{E01}\x{E25}\x{E32}\x{E07}"
      text run at (0,17784) width 51: "\x{E02}\x{E2D}\x{E07}"
      text run at (0,17803) width 68: "\x{E1E}\x{E32}\x{E22}\x{E38}"
      text run at (0,17822) width 102: "\x{E44}\x{E0B}\x{E42}\x{E04}\x{E25}\x{E19}"
      text run at (0,17841) width 51: "\x{E15}\x{E32}\x{E21}"
      text run at (0,17860) width 68: "\x{E1B}\x{E01}\x{E15}\x{E34}"
      text run at (0,17879) width 51: "\x{E15}\x{E23}\x{E07}"
      text run at (0,17898) width 68: "\x{E01}\x{E25}\x{E32}\x{E07}"
      text run at (0,17917) width 68: "\x{E1E}\x{E32}\x{E22}\x{E38}"
      text run at (0,17936) width 102: "\x{E44}\x{E0B}\x{E42}\x{E04}\x{E25}\x{E19}"
      text run at (0,17955) width 85: "\x{E2D}\x{E32}\x{E01}\x{E32}\x{E28}"
      text run at (0,17974) width 34: "\x{E08}\x{E30}"
      text run at (0,17993) width 68: "\x{E19}\x{E34}\x{E48}\x{E07}"
      text run at (0,18012) width 51: "\x{E41}\x{E15}\x{E48}"
      text run at (0,18031) width 68: "\x{E04}\x{E27}\x{E32}\x{E21}"
      text run at (0,18050) width 85: "\x{E01}\x{E14}\x{E14}\x{E31}\x{E19}"
      text run at (0,18069) width 85: "\x{E2D}\x{E22}\x{E48}\x{E32}\x{E07}"
      text run at (0,18088) width 68: "\x{E2B}\x{E19}\x{E31}\x{E01}"
      text run at (0,18107) width 51: "\x{E02}\x{E2D}\x{E07}"
      text run at (0,18126) width 34: "\x{E25}\x{E21}"
      text run at (0,18145) width 51: "\x{E17}\x{E38}\x{E01}"
      text run at (0,18164) width 68: "\x{E14}\x{E49}\x{E32}\x{E19}"
      text run at (0,18183) width 51: "\x{E23}\x{E2D}\x{E1A}"
      text run at (0,18202) width 68: "\x{E1A}\x{E49}\x{E32}\x{E19}"
      text run at (0,18221) width 51: "\x{E17}\x{E33}"
      text run at (0,18240) width 51: "\x{E43}\x{E2B}\x{E49}"
      text run at (0,18259) width 68: "\x{E1A}\x{E49}\x{E32}\x{E19}"
      text run at (0,18278) width 51: "\x{E25}\x{E2D}\x{E22}"
      text run at (0,18297) width 51: "\x{E2A}\x{E39}\x{E07}"
      text run at (0,18316) width 68: "\x{E02}\x{E36}\x{E49}\x{E19}"
      text run at (0,18335) width 17: "\x{E46}"
      text run at (0,18354) width 34: "\x{E08}\x{E19}"
      text run at (0,18373) width 119: "\x{E01}\x{E23}\x{E30}\x{E17}\x{E31}\x{E48}\x{E07}"
      text run at (0,18392) width 68: "\x{E02}\x{E36}\x{E49}\x{E19}"
      text run at (0,18411) width 34: "\x{E44}\x{E1B}"
      text run at (0,18430) width 68: "\x{E2D}\x{E22}\x{E39}\x{E48}"
      text run at (0,18449) width 51: "\x{E2A}\x{E38}\x{E14}"
      text run at (0,18468) width 51: "\x{E22}\x{E2D}\x{E14}"
      text run at (0,18487) width 51: "\x{E02}\x{E2D}\x{E07}"
      text run at (0,18506) width 68: "\x{E1E}\x{E32}\x{E22}\x{E38}"
      text run at (0,18525) width 102: "\x{E44}\x{E0B}\x{E42}\x{E04}\x{E25}\x{E19}"
      text run at (0,18544) width 51: "\x{E41}\x{E25}\x{E30}"
      text run at (0,18563) width 51: "\x{E08}\x{E32}\x{E01}"
      text run at (0,18582) width 51: "\x{E15}\x{E23}\x{E07}"
      text run at (0,18601) width 68: "\x{E19}\x{E31}\x{E49}\x{E19}"
      text run at (0,18620) width 34: "\x{E01}\x{E47}"
      text run at (0,18639) width 51: "\x{E16}\x{E39}\x{E01}"
      text run at (0,18658) width 51: "\x{E2B}\x{E2D}\x{E1A}"
      text run at (0,18677) width 34: "\x{E44}\x{E1B}"
      text run at (0,18696) width 68: "\x{E2B}\x{E25}\x{E32}\x{E22}"
      text run at (0,18715) width 68: "\x{E44}\x{E21}\x{E25}\x{E4C}"
      text run at (0,18734) width 68: "\x{E07}\x{E48}\x{E32}\x{E22}"
      text run at (0,18753) width 51: "\x{E14}\x{E32}\x{E22}"
      text run at (0,18772) width 51: "\x{E23}\x{E32}\x{E27}"
      text run at (0,18791) width 51: "\x{E01}\x{E31}\x{E1A}"
      text run at (0,18810) width 51: "\x{E2B}\x{E2D}\x{E1A}"
      text run at (0,18829) width 34: "\x{E02}\x{E19}"
      text run at (0,18848) width 34: "\x{E19}\x{E01}"
      text run at (0,18867) width 51: "\x{E21}\x{E37}\x{E14}"
      text run at (0,18886) width 51: "\x{E21}\x{E32}\x{E01}"
      text run at (0,18905) width 68: "\x{E41}\x{E25}\x{E49}\x{E27}"
      text run at (0,18924) width 34: "\x{E25}\x{E21}"
      text run at (0,18943) width 51: "\x{E22}\x{E31}\x{E07}"
      text run at (0,18962) width 51: "\x{E2A}\x{E48}\x{E07}"
      text run at (0,18981) width 85: "\x{E40}\x{E2A}\x{E35}\x{E22}\x{E07}"
      text run at (0,19000) width 68: "\x{E2B}\x{E27}\x{E35}\x{E14}"
      text run at (0,19019) width 68: "\x{E2B}\x{E27}\x{E37}\x{E2D}"
      text run at (0,19038) width 51: "\x{E19}\x{E48}\x{E32}"
      text run at (0,19057) width 68: "\x{E01}\x{E25}\x{E31}\x{E27}"
      text run at (0,19076) width 68: "\x{E2D}\x{E22}\x{E39}\x{E48}"
      text run at (0,19095) width 51: "\x{E23}\x{E2D}\x{E1A}"
      text run at (0,19114) width 51: "\x{E15}\x{E31}\x{E27}"
      text run at (0,19133) width 51: "\x{E40}\x{E18}\x{E2D}"
      text run at (0,19152) width 51: "\x{E41}\x{E15}\x{E48}"
      text run at (0,19171) width 34: "\x{E42}\x{E14}"
      text run at (0,19190) width 68: "\x{E42}\x{E23}\x{E18}\x{E35}"
      text run at (0,19209) width 68: "\x{E40}\x{E2B}\x{E47}\x{E19}"
      text run at (0,19228) width 51: "\x{E27}\x{E48}\x{E32}"
      text run at (0,19247) width 51: "\x{E40}\x{E18}\x{E2D}"
      text run at (0,19266) width 102: "\x{E2A}\x{E32}\x{E21}\x{E32}\x{E23}\x{E16}"
      text run at (0,19285) width 68: "\x{E19}\x{E31}\x{E48}\x{E07}"
      text run at (0,19304) width 34: "\x{E44}\x{E1B}"
      text run at (0,19323) width 51: "\x{E44}\x{E14}\x{E49}"
      text run at (0,19342) width 68: "\x{E2D}\x{E22}\x{E48}\x{E32}"
      text run at (0,19361) width 85: "\x{E07}\x{E07}\x{E48}\x{E32}\x{E22}"
      text run at (0,19380) width 51: "\x{E14}\x{E32}\x{E22}"
      text run at (0,19399) width 51: "\x{E19}\x{E31}\x{E01}"
      text run at (0,19418) width 85: "\x{E04}\x{E23}\x{E31}\x{E49}\x{E07}"
      text run at (0,19437) width 85: "\x{E2B}\x{E19}\x{E36}\x{E48}\x{E07}"
      text run at (0,19456) width 68: "\x{E2B}\x{E25}\x{E31}\x{E07}"
      text run at (0,19475) width 51: "\x{E08}\x{E32}\x{E01}"
      text run at (0,19494) width 51: "\x{E17}\x{E35}\x{E48}"
      text run at (0,19513) width 68: "\x{E1A}\x{E49}\x{E32}\x{E19}"
      text run at (0,19532) width 85: "\x{E2A}\x{E30}\x{E14}\x{E38}\x{E14}"
      text run at (0,19551) width 85: "\x{E2D}\x{E22}\x{E48}\x{E32}\x{E07}"
      text run at (0,19570) width 51: "\x{E41}\x{E23}\x{E07}"
      text run at (0,19589) width 51: "\x{E41}\x{E25}\x{E30}"
      text run at (0,19608) width 68: "\x{E2B}\x{E21}\x{E38}\x{E19}"
      text run at (0,19627) width 34: "\x{E44}\x{E1B}"
      text run at (0,19646) width 51: "\x{E23}\x{E2D}\x{E1A}"
      text run at (0,19665) width 17: "\x{E46}"
      text run at (0,19684) width 51: "\x{E2A}\x{E2D}\x{E07}"
      text run at (0,19703) width 51: "\x{E2A}\x{E32}\x{E21}"
      text run at (0,19722) width 85: "\x{E04}\x{E23}\x{E31}\x{E49}\x{E07}"
      text run at (0,19741) width 34: "\x{E43}\x{E19}"
      text run at (0,19760) width 51: "\x{E15}\x{E2D}\x{E19}"
      text run at (0,19779) width 51: "\x{E41}\x{E23}\x{E01}"
      text run at (0,19798) width 51: "\x{E40}\x{E18}\x{E2D}"
      text run at (0,19817) width 34: "\x{E01}\x{E47}"
      text run at (0,19836) width 102: "\x{E23}\x{E39}\x{E49}\x{E2A}\x{E36}\x{E01}"
      text run at (0,19855) width 51: "\x{E27}\x{E48}\x{E32}"
      text run at (0,19874) width 51: "\x{E15}\x{E31}\x{E27}"
      text run at (0,19893) width 51: "\x{E40}\x{E2D}\x{E07}"
      text run at (0,19912) width 51: "\x{E16}\x{E39}\x{E01}"
      text run at (0,19931) width 85: "\x{E41}\x{E01}\x{E27}\x{E48}\x{E07}"
      text run at (0,19950) width 85: "\x{E2D}\x{E22}\x{E48}\x{E32}\x{E07}"
      text run at (0,19969) width 68: "\x{E41}\x{E1C}\x{E48}\x{E27}"
      text run at (0,19988) width 51: "\x{E40}\x{E1A}\x{E32}"
      text run at (0,20007) width 51: "\x{E23}\x{E32}\x{E27}"
      text run at (0,20026) width 68: "\x{E17}\x{E32}\x{E23}\x{E01}"
      text run at (0,20045) width 34: "\x{E43}\x{E19}"
      text run at (0,20064) width 51: "\x{E40}\x{E1B}\x{E25}"
      text run at (0,20083) width 34: "\x{E42}\x{E15}"
      text run at (0,20102) width 51: "\x{E42}\x{E15}\x{E49}"
      text run at (0,20121) width 51: "\x{E44}\x{E21}\x{E48}"
      text run at (0,20140) width 51: "\x{E0A}\x{E2D}\x{E1A}"
      text run at (0,20159) width 34: "\x{E43}\x{E08}"
      text run at (0,20178) width 51: "\x{E40}\x{E25}\x{E22}"
      text run at (0,20197) width 51: "\x{E21}\x{E31}\x{E19}"
      text run at (0,20216) width 68: "\x{E27}\x{E34}\x{E48}\x{E07}"
      text run at (0,20235) width 34: "\x{E44}\x{E1B}"
      text run at (0,20254) width 68: "\x{E27}\x{E34}\x{E48}\x{E07}"
      text run at (0,20273) width 34: "\x{E21}\x{E32}"
      text run at (0,20292) width 51: "\x{E23}\x{E2D}\x{E1A}"
      text run at (0,20311) width 68: "\x{E2B}\x{E49}\x{E2D}\x{E07}"
      text run at (0,20330) width 51: "\x{E17}\x{E32}\x{E07}"
      text run at (0,20349) width 68: "\x{E42}\x{E19}\x{E49}\x{E19}"
      text run at (0,20368) width 34: "\x{E17}\x{E35}"
      text run at (0,20387) width 51: "\x{E17}\x{E32}\x{E07}"
      text run at (0,20406) width 51: "\x{E19}\x{E35}\x{E49}"
      text run at (0,20425) width 34: "\x{E17}\x{E35}"
      text run at (0,20444) width 51: "\x{E2A}\x{E48}\x{E07}"
      text run at (0,20463) width 85: "\x{E40}\x{E2A}\x{E35}\x{E22}\x{E07}"
      text run at (0,20482) width 68: "\x{E40}\x{E2B}\x{E48}\x{E32}"
      text run at (0,20501) width 51: "\x{E14}\x{E31}\x{E07}"
      text run at (0,20520) width 68: "\x{E01}\x{E49}\x{E2D}\x{E07}"
      text run at (0,20539) width 51: "\x{E41}\x{E15}\x{E48}"
      text run at (0,20558) width 34: "\x{E42}\x{E14}"
      text run at (0,20577) width 68: "\x{E42}\x{E23}\x{E18}\x{E35}"
      text run at (0,20596) width 68: "\x{E19}\x{E31}\x{E48}\x{E07}"
      text run at (0,20615) width 68: "\x{E19}\x{E34}\x{E48}\x{E07}"
      text run at (0,20634) width 68: "\x{E2D}\x{E22}\x{E39}\x{E48}"
      text run at (0,20653) width 34: "\x{E1A}\x{E19}"
      text run at (0,20672) width 68: "\x{E1E}\x{E37}\x{E49}\x{E19}"
      text run at (0,20691) width 68: "\x{E40}\x{E1D}\x{E49}\x{E32}"
      text run at (0,20710) width 51: "\x{E04}\x{E2D}\x{E22}"
      text run at (0,20729) width 34: "\x{E14}\x{E39}"
      text run at (0,20748) width 51: "\x{E27}\x{E48}\x{E32}"
      text run at (0,20767) width 34: "\x{E08}\x{E30}"
      text run at (0,20786) width 68: "\x{E40}\x{E01}\x{E34}\x{E14}"
      text run at (0,20805) width 68: "\x{E2D}\x{E30}\x{E44}\x{E23}"
      text run at (0,20824) width 68: "\x{E02}\x{E36}\x{E49}\x{E19}"
      text run at (0,20843) width 85: "\x{E04}\x{E23}\x{E31}\x{E49}\x{E07}"
      text run at (0,20862) width 85: "\x{E2B}\x{E19}\x{E36}\x{E48}\x{E07}"
      text run at (0,20881) width 34: "\x{E42}\x{E15}"
      text run at (0,20900) width 51: "\x{E42}\x{E15}\x{E49}"
      text run at (0,20919) width 68: "\x{E40}\x{E02}\x{E49}\x{E32}"
      text run at (0,20938) width 34: "\x{E44}\x{E1B}"
      text run at (0,20957) width 68: "\x{E43}\x{E01}\x{E25}\x{E49}"
      text run at (0,20976) width 34: "\x{E1D}\x{E32}"
      text run at (0,20995) width 51: "\x{E17}\x{E35}\x{E48}"
      text run at (0,21014) width 68: "\x{E1E}\x{E37}\x{E49}\x{E19}"
      text run at (0,21033) width 51: "\x{E21}\x{E32}\x{E01}"
      text run at (0,21052) width 34: "\x{E44}\x{E1B}"
      text run at (0,21071) width 51: "\x{E40}\x{E25}\x{E22}"
      text run at (0,21090) width 68: "\x{E1E}\x{E25}\x{E31}\x{E14}"
      text run at (0,21109) width 68: "\x{E15}\x{E01}\x{E25}\x{E07}"
      text run at (0,21128) width 34: "\x{E44}\x{E1B}"
      text run at (0,21147) width 34: "\x{E17}\x{E35}"
      text run at (0,21166) width 51: "\x{E41}\x{E23}\x{E01}"
      text run at (0,21185) width 68: "\x{E40}\x{E14}\x{E47}\x{E01}"
      text run at (0,21204) width 68: "\x{E2B}\x{E0D}\x{E34}\x{E07}"
      text run at (0,21223) width 51: "\x{E04}\x{E34}\x{E14}"
      text run at (0,21242) width 51: "\x{E27}\x{E48}\x{E32}"
      text run at (0,21261) width 51: "\x{E40}\x{E18}\x{E2D}"
      text run at (0,21280) width 34: "\x{E08}\x{E30}"
      text run at (0,21299) width 51: "\x{E2A}\x{E39}\x{E0D}"
      text run at (0,21318) width 68: "\x{E40}\x{E2A}\x{E35}\x{E22}"
      text run at (0,21337) width 51: "\x{E21}\x{E31}\x{E19}"
      text run at (0,21356) width 34: "\x{E44}\x{E1B}"
      text run at (0,21375) width 68: "\x{E40}\x{E2A}\x{E35}\x{E22}"
      text run at (0,21394) width 68: "\x{E41}\x{E25}\x{E49}\x{E27}"
      text run at (0,21413) width 51: "\x{E41}\x{E15}\x{E48}"
      text run at (0,21432) width 68: "\x{E0A}\x{E31}\x{E48}\x{E27}"
      text run at (0,21451) width 68: "\x{E04}\x{E23}\x{E39}\x{E48}"
      text run at (0,21470) width 51: "\x{E40}\x{E18}\x{E2D}"
      text run at (0,21489) width 34: "\x{E01}\x{E47}"
      text run at (0,21508) width 68: "\x{E40}\x{E2B}\x{E47}\x{E19}"
      text run at (0,21527) width 34: "\x{E2B}\x{E39}"
      text run at (0,21546) width 51: "\x{E02}\x{E2D}\x{E07}"
      text run at (0,21565) width 51: "\x{E21}\x{E31}\x{E19}"
      text run at (0,21584) width 68: "\x{E42}\x{E1C}\x{E25}\x{E48}"
      text run at (0,21603) width 68: "\x{E02}\x{E36}\x{E49}\x{E19}"
      text run at (0,21622) width 34: "\x{E21}\x{E32}"
      text run at (0,21641) width 51: "\x{E08}\x{E32}\x{E01}"
      text run at (0,21660) width 68: "\x{E0A}\x{E48}\x{E2D}\x{E07}"
      text run at (0,21679) width 68: "\x{E19}\x{E31}\x{E49}\x{E19}"
      text run at (0,21698) width 68: "\x{E17}\x{E31}\x{E49}\x{E07}"
      text run at (0,21717) width 51: "\x{E19}\x{E35}\x{E49}"
      text run at (0,21736) width 85: "\x{E40}\x{E1E}\x{E23}\x{E32}\x{E30}"
      text run at (0,21755) width 51: "\x{E41}\x{E23}\x{E07}"
      text run at (0,21774) width 34: "\x{E01}\x{E14}"
      text run at (0,21793) width 85: "\x{E2D}\x{E22}\x{E48}\x{E32}\x{E07}"
      text run at (0,21812) width 68: "\x{E2B}\x{E19}\x{E31}\x{E01}"
      text run at (0,21831) width 51: "\x{E02}\x{E2D}\x{E07}"
      text run at (0,21850) width 85: "\x{E2D}\x{E32}\x{E01}\x{E32}\x{E28}"
      text run at (0,21869) width 51: "\x{E17}\x{E33}"
      text run at (0,21888) width 51: "\x{E43}\x{E2B}\x{E49}"
      text run at (0,21907) width 34: "\x{E42}\x{E15}"
      text run at (0,21926) width 51: "\x{E42}\x{E15}\x{E49}"
      text run at (0,21945) width 51: "\x{E44}\x{E21}\x{E48}"
      text run at (0,21964) width 68: "\x{E15}\x{E01}\x{E25}\x{E07}"
      text run at (0,21983) width 34: "\x{E44}\x{E1B}"
      text run at (0,22002) width 68: "\x{E02}\x{E49}\x{E32}\x{E07}"
      text run at (0,22021) width 68: "\x{E25}\x{E48}\x{E32}\x{E07}"
      text run at (0,22040) width 34: "\x{E42}\x{E14}"
      text run at (0,22059) width 68: "\x{E42}\x{E23}\x{E18}\x{E35}"
      text run at (0,22078) width 68: "\x{E04}\x{E25}\x{E32}\x{E19}"
      text run at (0,22097) width 34: "\x{E44}\x{E1B}"
      text run at (0,22116) width 51: "\x{E17}\x{E35}\x{E48}"
      text run at (0,22135) width 68: "\x{E0A}\x{E48}\x{E2D}\x{E07}"
      text run at (0,22154) width 68: "\x{E19}\x{E31}\x{E49}\x{E19}"
      text run at (0,22173) width 51: "\x{E08}\x{E31}\x{E1A}"
      text run at (0,22192) width 34: "\x{E2B}\x{E39}"
      text run at (0,22211) width 34: "\x{E42}\x{E15}"
      text run at (0,22230) width 51: "\x{E42}\x{E15}\x{E49}"
      text run at (0,22249) width 51: "\x{E44}\x{E27}\x{E49}"
      text run at (0,22268) width 51: "\x{E44}\x{E14}\x{E49}"
      text run at (0,22287) width 51: "\x{E41}\x{E25}\x{E30}"
      text run at (0,22306) width 51: "\x{E25}\x{E32}\x{E01}"
      text run at (0,22325) width 51: "\x{E21}\x{E31}\x{E19}"
      text run at (0,22344) width 34: "\x{E21}\x{E32}"
      text run at (0,22363) width 51: "\x{E17}\x{E35}\x{E48}"
      text run at (0,22382) width 68: "\x{E2B}\x{E49}\x{E2D}\x{E07}"
      text run at (0,22401) width 51: "\x{E2D}\x{E35}\x{E01}"
      text run at (0,22420) width 68: "\x{E2B}\x{E25}\x{E31}\x{E07}"
      text run at (0,22439) width 51: "\x{E08}\x{E32}\x{E01}"
      text run at (0,22458) width 68: "\x{E19}\x{E31}\x{E49}\x{E19}"
      text run at (0,22477) width 34: "\x{E01}\x{E47}"
      text run at (0,22496) width 51: "\x{E1B}\x{E34}\x{E14}"
      text run at (0,22515) width 34: "\x{E1D}\x{E32}"
      text run at (0,22534) width 68: "\x{E1E}\x{E37}\x{E49}\x{E19}"
      text run at (0,22553) width 85: "\x{E40}\x{E1E}\x{E37}\x{E48}\x{E2D}"
      text run at (0,22572) width 34: "\x{E08}\x{E30}"
      text run at (0,22591) width 51: "\x{E44}\x{E14}\x{E49}"
      text run at (0,22610) width 51: "\x{E44}\x{E21}\x{E48}"
      text run at (0,22629) width 68: "\x{E40}\x{E01}\x{E34}\x{E14}"
      text run at (0,22648) width 170: "\x{E2D}\x{E38}\x{E1A}\x{E31}\x{E15}\x{E34}\x{E40}\x{E2B}\x{E15}\x{E38}"
      text run at (0,22667) width 51: "\x{E2D}\x{E35}\x{E01}"
      text run at (0,22686) width 119: "\x{E0A}\x{E31}\x{E48}\x{E27}\x{E42}\x{E21}\x{E07}"
      text run at (0,22705) width 68: "\x{E41}\x{E25}\x{E49}\x{E27}"
      text run at (0,22724) width 119: "\x{E0A}\x{E31}\x{E48}\x{E27}\x{E42}\x{E21}\x{E07}"
      text run at (0,22743) width 68: "\x{E40}\x{E25}\x{E48}\x{E32}"
      text run at (0,22762) width 68: "\x{E1C}\x{E48}\x{E32}\x{E19}"
      text run at (0,22781) width 34: "\x{E44}\x{E1B}"
      text run at (0,22800) width 34: "\x{E42}\x{E14}"
      text run at (0,22819) width 68: "\x{E42}\x{E23}\x{E18}\x{E35}"
      text run at (0,22838) width 68: "\x{E04}\x{E48}\x{E2D}\x{E22}"
      text run at (0,22857) width 17: "\x{E46}"
      text run at (0,22876) width 51: "\x{E2B}\x{E32}\x{E22}"
      text run at (0,22895) width 68: "\x{E01}\x{E25}\x{E31}\x{E27}"
      text run at (0,22914) width 51: "\x{E41}\x{E15}\x{E48}"
      text run at (0,22933) width 51: "\x{E40}\x{E18}\x{E2D}"
      text run at (0,22952) width 102: "\x{E23}\x{E39}\x{E49}\x{E2A}\x{E36}\x{E01}"
      text run at (0,22971) width 68: "\x{E40}\x{E2B}\x{E07}\x{E32}"
      text run at (0,22990) width 85: "\x{E40}\x{E2B}\x{E25}\x{E37}\x{E2D}"
      text run at (0,23009) width 68: "\x{E40}\x{E01}\x{E34}\x{E19}"
      text run at (0,23028) width 51: "\x{E41}\x{E25}\x{E30}"
      text run at (0,23047) width 34: "\x{E25}\x{E21}"
      text run at (0,23066) width 34: "\x{E01}\x{E47}"
      text run at (0,23085) width 51: "\x{E2A}\x{E48}\x{E07}"
      text run at (0,23104) width 85: "\x{E40}\x{E2A}\x{E35}\x{E22}\x{E07}"
      text run at (0,23123) width 68: "\x{E2B}\x{E27}\x{E35}\x{E14}"
      text run at (0,23142) width 68: "\x{E2B}\x{E27}\x{E37}\x{E2D}"
      text run at (0,23161) width 51: "\x{E14}\x{E31}\x{E07}"
      text run at (0,23180) width 68: "\x{E40}\x{E2A}\x{E35}\x{E22}"
      text run at (0,23199) width 34: "\x{E08}\x{E19}"
      text run at (0,23218) width 51: "\x{E40}\x{E18}\x{E2D}"
      text run at (0,23237) width 51: "\x{E41}\x{E17}\x{E1A}"
      text run at (0,23256) width 34: "\x{E08}\x{E30}"
      text run at (0,23275) width 34: "\x{E2B}\x{E39}"
      text run at (0,23294) width 68: "\x{E2B}\x{E19}\x{E27}\x{E01}"
      text run at (0,23313) width 34: "\x{E17}\x{E35}"
      text run at (0,23332) width 51: "\x{E41}\x{E23}\x{E01}"
      text run at (0,23351) width 51: "\x{E40}\x{E18}\x{E2D}"
      text run at (0,23370) width 85: "\x{E2A}\x{E07}\x{E2A}\x{E31}\x{E22}"
      text run at (0,23389) width 51: "\x{E27}\x{E48}\x{E32}"
      text run at (0,23408) width 34: "\x{E04}\x{E07}"
      text run at (0,23427) width 34: "\x{E08}\x{E30}"
      text run at (0,23446) width 51: "\x{E16}\x{E39}\x{E01}"
      text run at (0,23465) width 51: "\x{E09}\x{E35}\x{E01}"
      text run at (0,23484) width 102: "\x{E01}\x{E23}\x{E30}\x{E0A}\x{E32}\x{E01}"
      text run at (0,23503) width 51: "\x{E2D}\x{E2D}\x{E01}"
      text run at (0,23522) width 68: "\x{E40}\x{E1B}\x{E47}\x{E19}"
      text run at (0,23541) width 68: "\x{E0A}\x{E34}\x{E49}\x{E19}"
      text run at (0,23560) width 68: "\x{E40}\x{E25}\x{E47}\x{E01}"
      text run at (0,23579) width 68: "\x{E0A}\x{E34}\x{E49}\x{E19}"
      text run at (0,23598) width 68: "\x{E19}\x{E49}\x{E2D}\x{E22}"
      text run at (0,23617) width 85: "\x{E40}\x{E21}\x{E37}\x{E48}\x{E2D}"
      text run at (0,23636) width 68: "\x{E1A}\x{E49}\x{E32}\x{E19}"
      text run at (0,23655) width 51: "\x{E40}\x{E2D}\x{E19}"
      text run at (0,23674) width 51: "\x{E25}\x{E49}\x{E21}"
      text run at (0,23693) width 34: "\x{E25}\x{E07}"
      text run at (0,23712) width 51: "\x{E2D}\x{E35}\x{E01}"
      text run at (0,23731) width 85: "\x{E04}\x{E23}\x{E31}\x{E49}\x{E07}"
      text run at (0,23750) width 51: "\x{E41}\x{E15}\x{E48}"
      text run at (0,23769) width 68: "\x{E2B}\x{E25}\x{E32}\x{E22}"
      text run at (0,23788) width 119: "\x{E0A}\x{E31}\x{E48}\x{E27}\x{E42}\x{E21}\x{E07}"
      text run at (0,23807) width 68: "\x{E1C}\x{E48}\x{E32}\x{E19}"
      text run at (0,23826) width 34: "\x{E44}\x{E1B}"
      text run at (0,23845) width 34: "\x{E01}\x{E47}"
      text run at (0,23864) width 51: "\x{E44}\x{E21}\x{E48}"
      text run at (0,23883) width 34: "\x{E21}\x{E35}"
      text run at (0,23902) width 68: "\x{E2D}\x{E30}\x{E44}\x{E23}"
      text run at (0,23921) width 68: "\x{E40}\x{E01}\x{E34}\x{E14}"
      text run at (0,23940) width 68: "\x{E02}\x{E36}\x{E49}\x{E19}"
      text run at (0,23959) width 51: "\x{E40}\x{E18}\x{E2D}"
      text run at (0,23978) width 51: "\x{E40}\x{E25}\x{E22}"
      text run at (0,23997) width 68: "\x{E40}\x{E25}\x{E34}\x{E01}"
      text run at (0,24016) width 68: "\x{E27}\x{E34}\x{E15}\x{E01}"
      text run at (0,24035) width 51: "\x{E41}\x{E25}\x{E30}"
      text run at (0,24054) width 102: "\x{E15}\x{E31}\x{E14}\x{E2A}\x{E34}\x{E19}"
      text run at (0,24073) width 34: "\x{E43}\x{E08}"
      text run at (0,24092) width 51: "\x{E04}\x{E2D}\x{E22}"
      text run at (0,24111) width 34: "\x{E14}\x{E39}"
      text run at (0,24130) width 85: "\x{E2D}\x{E22}\x{E48}\x{E32}\x{E07}"
      text run at (0,24149) width 51: "\x{E2A}\x{E07}\x{E1A}"
      text run at (0,24168) width 51: "\x{E41}\x{E25}\x{E30}"
      text run at (0,24187) width 34: "\x{E23}\x{E2D}"
      text run at (0,24206) width 51: "\x{E27}\x{E48}\x{E32}"
      text run at (0,24225) width 85: "\x{E2D}\x{E19}\x{E32}\x{E04}\x{E15}"
      text run at (0,24244) width 34: "\x{E08}\x{E30}"
      text run at (0,24263) width 68: "\x{E40}\x{E1B}\x{E47}\x{E19}"
      text run at (0,24282) width 119: "\x{E2D}\x{E22}\x{E48}\x{E32}\x{E07}\x{E44}\x{E23}"
      text run at (0,24301) width 34: "\x{E43}\x{E19}"
      text run at (0,24320) width 51: "\x{E17}\x{E35}\x{E48}"
      text run at (0,24339) width 51: "\x{E2A}\x{E38}\x{E14}"
      text run at (0,24358) width 51: "\x{E40}\x{E18}\x{E2D}"
      text run at (0,24377) width 68: "\x{E04}\x{E25}\x{E32}\x{E19}"
      text run at (0,24396) width 51: "\x{E08}\x{E32}\x{E01}"
      text run at (0,24415) width 68: "\x{E1E}\x{E37}\x{E49}\x{E19}"
      text run at (0,24434) width 68: "\x{E2B}\x{E49}\x{E2D}\x{E07}"
      text run at (0,24453) width 51: "\x{E17}\x{E35}\x{E48}"
      text run at (0,24472) width 51: "\x{E42}\x{E22}\x{E01}"
      text run at (0,24491) width 34: "\x{E44}\x{E1B}"
      text run at (0,24510) width 34: "\x{E21}\x{E32}"
      text run at (0,24529) width 68: "\x{E02}\x{E36}\x{E49}\x{E19}"
      text run at (0,24548) width 34: "\x{E44}\x{E1B}"
      text run at (0,24567) width 34: "\x{E1A}\x{E19}"
      text run at (0,24586) width 85: "\x{E40}\x{E15}\x{E35}\x{E22}\x{E07}"
      text run at (0,24605) width 68: "\x{E41}\x{E25}\x{E49}\x{E27}"
      text run at (0,24624) width 34: "\x{E01}\x{E47}"
      text run at (0,24643) width 51: "\x{E19}\x{E2D}\x{E19}"
      text run at (0,24662) width 34: "\x{E25}\x{E07}"
      text run at (0,24681) width 34: "\x{E42}\x{E15}"
      text run at (0,24700) width 51: "\x{E42}\x{E15}\x{E49}"
      text run at (0,24719) width 51: "\x{E15}\x{E32}\x{E21}"
      text run at (0,24738) width 51: "\x{E15}\x{E34}\x{E14}"
      text run at (0,24757) width 34: "\x{E21}\x{E32}"
      text run at (0,24776) width 51: "\x{E19}\x{E2D}\x{E19}"
      text run at (0,24795) width 34: "\x{E25}\x{E07}"
      text run at (0,24814) width 68: "\x{E43}\x{E01}\x{E25}\x{E49}"
      text run at (0,24833) width 17: "\x{E46}"
      text run at (0,24852) width 51: "\x{E40}\x{E18}\x{E2D}"
      text run at (0,24871) width 51: "\x{E44}\x{E21}\x{E48}"
      text run at (0,24890) width 51: "\x{E0A}\x{E49}\x{E32}"
      text run at (0,24909) width 34: "\x{E42}\x{E14}"
      text run at (0,24928) width 68: "\x{E42}\x{E23}\x{E18}\x{E35}"
      text run at (0,24947) width 34: "\x{E01}\x{E47}"
      text run at (0,24966) width 51: "\x{E1B}\x{E34}\x{E14}"
      text run at (0,24985) width 34: "\x{E15}\x{E32}"
      text run at (0,25004) width 34: "\x{E25}\x{E07}"
      text run at (0,25023) width 68: "\x{E2B}\x{E25}\x{E31}\x{E1A}"
      text run at (0,25042) width 85: "\x{E1C}\x{E25}\x{E47}\x{E2D}\x{E22}"
      text run at (0,25061) width 34: "\x{E44}\x{E1B}"
      text run at (0,25080) width 85: "\x{E2D}\x{E22}\x{E48}\x{E32}\x{E07}"
      text run at (0,25099) width 68: "\x{E2A}\x{E19}\x{E34}\x{E17}"
      text run at (0,25118) width 68: "\x{E17}\x{E31}\x{E49}\x{E07}"
      text run at (0,25137) width 17: "\x{E46}"
      text run at (0,25156) width 51: "\x{E17}\x{E35}\x{E48}"
      text run at (0,25175) width 68: "\x{E1A}\x{E49}\x{E32}\x{E19}"
      text run at (0,25194) width 51: "\x{E42}\x{E22}\x{E01}"
      text run at (0,25213) width 34: "\x{E44}\x{E1B}"
      text run at (0,25232) width 34: "\x{E21}\x{E32}"
      text run at (0,25251) width 51: "\x{E41}\x{E25}\x{E30}"
      text run at (0,25270) width 34: "\x{E25}\x{E21}"
      text run at (0,25289) width 34: "\x{E01}\x{E47}"
      text run at (0,25308) width 68: "\x{E04}\x{E23}\x{E32}\x{E07}"
      text run at (0,25327) width 68: "\x{E2B}\x{E27}\x{E35}\x{E14}"
      text run at (0,25346) width 68: "\x{E2B}\x{E27}\x{E37}\x{E2D}"
