layer at (0,0) size 784x976
  RenderView at (0,0) size 784x600
layer at (0,0) size 784x976
  RenderBlock {HTML} at (0,0) size 784x976
    RenderBody {BODY} at (8,8) size 768x960
      RenderText {#text} at (0,0) size 0x0
      RenderText {#text} at (0,0) size 0x0
layer at (10,10) size 382x956 clip at (11,11) size 380x954
  RenderTextControl {TEXTAREA} at (2,2) size 382x956 [bgcolor=#FFFFFF] [border: (1px solid #000000)]
    RenderBlock {DIV} at (3,3) size 376x19
      RenderText {#text} at (0,0) size 84x19
        text run at (0,0) width 84: "Sample text"
