EDITING DELEGATE: shouldBeginEditingInDOMRange:range from 0 of DIV > BODY > HTML > #document to 1 of DIV > BODY > HTML > #document
EDITING DELEGATE: webViewDidBeginEditing:WebViewDidBeginEditingNotification
EDITING DELEGATE: webViewDidChangeSelection:WebViewDidChangeSelectionNotification
EDITING DELEGATE: webViewDidChangeSelection:WebViewDidChangeSelectionNotification
EDITING DELEGATE: webViewDidChangeSelection:WebViewDidChangeSelectionNotification
EDITING DELEGATE: webViewDidChangeSelection:WebViewDidChangeSelectionNotification
EDITING DELEGATE: webViewDidChange:WebViewDidChangeNotification
layer at (0,0) size 800x600
  RenderView at (0,0) size 800x600
layer at (0,0) size 800x600
  RenderBlock {HTML} at (0,0) size 800x600
    RenderBody {BODY} at (8,8) size 784x584
      RenderBlock {P} at (0,0) size 784x42
        RenderText {#text} at (0,0) size 774x42
          text run at (0,0) width 343: "This tests for a bug in InsertLineBreakCommand. "
          text run at (343,0) width 431: "Only one line break should be inserted and the caret should end"
          text run at (0,21) width 271: "up at the end of the bordered div below."
      RenderBlock {DIV} at (0,58) size 784x65 [border: (1px solid #000000)]
        RenderText {#text} at (1,1) size 83x21
          text run at (1,1) width 83: "Hello world."
          text run at (84,1) width 0: " "
        RenderText {#text} at (1,22) size 0x21
          text run at (1,22) width 0: " "
        RenderText {#text} at (1,43) size 0x21
          text run at (1,43) width 0: " "
caret: position 0 of child 2 {#text} of child 1 {DIV} of body
