EDITING DELEGATE: shouldBeginEditingInDOMRange:range from 0 of DIV > BODY > HTML > #document to 3 of DIV > BODY > HTML > #document
EDITING DELEGATE: webViewDidBeginEditing:WebViewDidBeginEditingNotification
EDITING DELEGATE: webViewDidChangeSelection:WebViewDidChangeSelectionNotification
EDITING DELEGATE: webViewDidChangeSelection:WebViewDidChangeSelectionNotification
EDITING DELEGATE: webViewDidChangeSelection:WebViewDidChangeSelectionNotification
EDITING DELEGATE: webViewDidChangeSelection:WebViewDidChangeSelectionNotification
EDITING DELEGATE: webViewDidChangeSelection:WebViewDidChangeSelectionNotification
EDITING DELEGATE: webViewDidChange:WebViewDidChangeNotification
EDITING DELEGATE: shouldChangeSelectedDOMRange:range from 1 of #text > SPAN > DIV > BODY > HTML > #document to 1 of #text > SPAN > DIV > BODY > HTML > #document toDOMRange:range from 1 of #text > SPAN > DIV > BODY > HTML > #document to 1 of #text > SPAN > DIV > BODY > HTML > #document affinity:NSSelectionAffinityDownstream stillSelecting:FALSE
EDITING DELEGATE: webViewDidChangeSelection:WebViewDidChangeSelectionNotification
EDITING DELEGATE: webViewDidChange:WebViewDidChangeNotification
layer at (0,0) size 800x600
  RenderView at (0,0) size 800x600
layer at (0,0) size 800x600
  RenderBlock {HTML} at (0,0) size 800x600
    RenderBody {BODY} at (8,8) size 784x584
      RenderBlock {DIV} at (0,0) size 784x90 [border: (2px solid #FF0000)]
        RenderInline {SPAN} at (0,0) size 35x63
          RenderText {#text} at (14,14) size 12x32
            text run at (14,14) width 12: "a"
          RenderInline {SPAN} at (0,0) size 6x32
            RenderText {#text} at (26,14) size 6x32
              text run at (26,14) width 6: "\x{9}"
          RenderBR {BR} at (32,38) size 0x0
          RenderText {#text} at (14,45) size 12x32
            text run at (14,45) width 12: "x"
          RenderInline {SPAN} at (0,0) size 12x32
            RenderText {#text} at (26,45) size 12x32
              text run at (26,45) width 12: "\x{9}\x{9}"
          RenderText {#text} at (38,45) size 11x32
            text run at (38,45) width 11: "z"
        RenderText {#text} at (0,0) size 0x0
caret: position 1 of child 3 {#text} of child 1 {SPAN} of child 1 {DIV} of body
