EDITING DELEGATE: shouldBeginEditingInDOMRange:range from 0 of DIV > BODY > HTML > #document to 3 of DIV > BODY > HTML > #document
EDITING DELEGATE: webViewDidBeginEditing:WebViewDidBeginEditingNotification
EDITING DELEGATE: webViewDidChangeSelection:WebViewDidChangeSelectionNotification
EDITING DELEGATE: webViewDidChangeSelection:WebViewDidChangeSelectionNotification
EDITING DELEGATE: webViewDidChangeSelection:WebViewDidChangeSelectionNotification
EDITING DELEGATE: webViewDidChangeSelection:WebViewDidChangeSelectionNotification
EDITING DELEGATE: webViewDidChangeSelection:WebViewDidChangeSelectionNotification
EDITING DELEGATE: webViewDidChangeSelection:WebViewDidChangeSelectionNotification
EDITING DELEGATE: webViewDidChangeSelection:WebViewDidChangeSelectionNotification
EDITING DELEGATE: shouldChangeSelectedDOMRange:(null) toDOMRange:range from 0 of DIV > DIV > DIV > BODY > HTML > #document to 0 of DIV > DIV > DIV > BODY > HTML > #document affinity:NSSelectionAffinityDownstream stillSelecting:FALSE
EDITING DELEGATE: webViewDidChangeSelection:WebViewDidChangeSelectionNotification
EDITING DELEGATE: webViewDidChange:WebViewDidChangeNotification
layer at (0,0) size 800x600
  RenderView at (0,0) size 800x600
layer at (0,0) size 800x600
  RenderBlock {HTML} at (0,0) size 800x600
    RenderBody {BODY} at (8,8) size 784x584
      RenderBlock {DIV} at (0,0) size 784x416 [border: (2px solid #0000FF)]
        RenderBlock {DIV} at (14,14) size 756x124
          RenderText {#text} at (0,0) size 67x32
            text run at (0,0) width 67: "Tests: "
          RenderBR {BR} at (0,0) size 0x0
          RenderText {#text} at (0,31) size 640x32
            text run at (0,31) width 640: "A scenario I thought of based on my experiences with this bug:"
          RenderInline {A} at (0,0) size 275x32 [color=#0000EE]
            RenderText {#text} at (0,62) size 275x32
              text run at (0,62) width 275: "<rdar://problem/4045521>"
          RenderText {#text} at (275,62) size 744x63
            text run at (275,62) width 469: " Hitting return key with full line selected does"
            text run at (0,93) width 306: "not add blank line as it should"
        RenderBlock {DIV} at (14,154) size 756x248
          RenderBlock (anonymous) at (0,0) size 756x124
            RenderText {#text} at (0,0) size 189x32
              text run at (0,0) width 189: "Expected Results: "
            RenderBR {BR} at (189,24) size 0x0
            RenderText {#text} at (0,31) size 715x94
              text run at (0,31) width 715: "Should see this content in the red box below (note that there should be"
              text run at (0,62) width 706: "two blank lines between \"foo\" and \"baz\"; also note that the insertion"
              text run at (0,93) width 588: "point should be at the start of the third line, a blank line):"
          RenderBlock {DIV} at (0,124) size 756x31
            RenderText {#text} at (0,0) size 32x32
              text run at (0,0) width 32: "foo"
          RenderBlock {DIV} at (0,155) size 756x31
            RenderBR {BR} at (0,0) size 0x32
          RenderBlock {DIV} at (0,186) size 756x31
            RenderBR {BR} at (0,0) size 0x32
          RenderBlock {DIV} at (0,217) size 756x31
            RenderText {#text} at (0,0) size 36x32
              text run at (0,0) width 36: "baz"
      RenderBlock {DIV} at (0,440) size 784x128
        RenderBlock {DIV} at (0,0) size 784x128 [border: (2px solid #FF0000)]
          RenderBlock {DIV} at (2,2) size 780x31
            RenderText {#text} at (0,0) size 32x32
              text run at (0,0) width 32: "foo"
          RenderBlock {DIV} at (2,33) size 780x31
            RenderBR {BR} at (0,0) size 0x32
          RenderBlock {DIV} at (2,64) size 780x31
            RenderBR {BR} at (0,0) size 0x32
          RenderBlock {DIV} at (2,95) size 780x31
            RenderText {#text} at (0,0) size 36x32
              text run at (0,0) width 36: "baz"
caret: position 0 of child 0 {BR} of child 3 {DIV} of child 1 {DIV} of child 3 {DIV} of body
