layer at (0,0) size 800x600
  RenderView at (0,0) size 800x600
layer at (0,0) size 800x127
  RenderBlock {html} at (0,0) size 800x127
    RenderBody {body} at (8,16) size 784x95
      RenderBlock {p} at (0,0) size 784x21
        RenderInline {test} at (0,0) size 321x21 [bgcolor=#00FF00]
          RenderText {#text} at (0,0) size 321x21
            text run at (0,0) width 321: "This sentence should have a green background."
      RenderBlock {p} at (0,37) size 784x21
        RenderInline {test} at (0,0) size 321x21 [bgcolor=#00FF00]
          RenderText {#text} at (0,0) size 321x21
            text run at (0,0) width 321: "This sentence should have a green background."
      RenderBlock {p} at (0,74) size 784x21
        RenderInline {test} at (0,0) size 321x21 [bgcolor=#00FF00]
          RenderText {#text} at (0,0) size 321x21
            text run at (0,0) width 321: "This sentence should have a green background."
