layer at (0,0) size 4596x585
  RenderView at (0,0) size 800x585
layer at (-3796,0) size 4596x585 backgroundClip at (0,0) size 4596x585 clip at (0,0) size 4596x585 outlineClip at (0,0) size 4596x585
  RenderBlock {HTML} at (0,0) size 4596x585
    RenderBody {BODY} at (58,46) size 4480x493
      RenderBlock {H1} at (0,0) size 48x493
        RenderText {#text} at (5,0) size 37x65
          text run at (5,0) width 65: "\x{8349}\x{6795}"
      RenderBlock {H2} at (69,0) size 36x493
        RenderText {#text} at (4,0) size 28x97
          text run at (4,0) width 97: "\x{590F}\x{76EE}\x{6F31}\x{77F3}"
      RenderBlock {DIV} at (124,0) size 4356x493
        RenderBlock (anonymous) at (0,0) size 2435x493
          RenderBR {BR} at (0,0) size 18x0
          RenderBR {BR} at (18,0) size 18x0
          RenderBR {BR} at (36,0) size 18x0
          RenderText {#text} at (57,0) size 18x146
            text run at (57,0) width 146: "\x{3000}\x{3000}\x{3000}\x{3000}\x{3000}\x{3000}\x{3000}\x{3000}\x{4E00}"
          RenderBR {BR} at (57,145) size 18x1
          RenderBR {BR} at (78,0) size 18x0
          RenderText {#text} at (106,0) size 18x17
            text run at (106,0) width 17: "\x{3000}"
          RenderRuby (inline) {RUBY} at (0,0) size 18x38
            RenderRubyRun (anonymous) at (103,16) size 24x37
              RenderRubyText {RT} at (-9,0) size 14x37
                RenderText {#text} at (2,0) size 10x37
                  text run at (2,0) width 37: "\x{3084}\x{307E}\x{307F}\x{3061}"
              RenderRubyBase (anonymous) at (0,0) size 24x37
                RenderInline {RB} at (0,0) size 18x35
                  RenderText {#text} at (3,1) size 18x35
                    text run at (3,1) width 35: "\x{5C71}\x{8DEF}"
          RenderText {#text} at (106,53) size 18x210
            text run at (106,53) width 210: "\x{3092}\x{767B}\x{308A}\x{306A}\x{304C}\x{3089}\x{3001}\x{3053}\x{3046}\x{8003}\x{3048}\x{305F}\x{3002}"
          RenderBR {BR} at (106,262) size 18x1
          RenderText {#text} at (134,0) size 18x17
            text run at (134,0) width 17: "\x{3000}"
          RenderRuby (inline) {RUBY} at (0,0) size 18x18
            RenderRubyRun (anonymous) at (131,16) size 24x17
              RenderRubyText {RT} at (-9,0) size 14x17
                RenderText {#text} at (2,3) size 10x10
                  text run at (2,3) width 10: "\x{3061}"
              RenderRubyBase (anonymous) at (0,0) size 24x17
                RenderInline {RB} at (0,0) size 18x17
                  RenderText {#text} at (3,0) size 18x17
                    text run at (3,0) width 17: "\x{667A}"
          RenderText {#text} at (134,33) size 18x65
            text run at (134,33) width 65: "\x{306B}\x{50CD}\x{3051}\x{3070}"
          RenderRuby (inline) {RUBY} at (0,0) size 18x20
            RenderRubyRun (anonymous) at (131,98) size 24x19
              RenderRubyText {RT} at (-9,0) size 14x19
                RenderText {#text} at (2,0) size 10x19
                  text run at (2,0) width 19: "\x{304B}\x{3069}"
              RenderRubyBase (anonymous) at (0,0) size 24x19
                RenderInline {RB} at (0,0) size 18x17
                  RenderText {#text} at (3,1) size 18x17
                    text run at (3,1) width 17: "\x{89D2}"
          RenderText {#text} at (134,116) size 18x66
            text run at (134,116) width 65: "\x{304C}\x{7ACB}\x{3064}\x{3002}"
          RenderRuby (inline) {RUBY} at (0,0) size 18x29
            RenderRubyRun (anonymous) at (131,181) size 24x28
              RenderRubyText {RT} at (-9,0) size 14x28
                RenderText {#text} at (2,0) size 10x28
                  text run at (2,0) width 28: "\x{3058}\x{3087}\x{3046}"
              RenderRubyBase (anonymous) at (0,0) size 24x28
                RenderInline {RB} at (0,0) size 18x17
                  RenderText {#text} at (3,5) size 18x17
                    text run at (3,5) width 17: "\x{60C5}"
          RenderText {#text} at (134,209) size 18x17
            text run at (134,209) width 17: "\x{306B}"
          RenderRuby (inline) {RUBY} at (0,0) size 18x20
            RenderRubyRun (anonymous) at (131,225) size 24x19
              RenderRubyText {RT} at (-9,0) size 14x19
                RenderText {#text} at (2,0) size 10x19
                  text run at (2,0) width 19: "\x{3055}\x{304A}"
              RenderRubyBase (anonymous) at (0,0) size 24x19
                RenderInline {RB} at (0,0) size 18x17
                  RenderText {#text} at (3,1) size 18x17
                    text run at (3,1) width 17: "\x{68F9}"
          RenderText {#text} at (134,244) size 18x178
            text run at (134,244) width 178: "\x{3055}\x{305B}\x{3070}\x{6D41}\x{3055}\x{308C}\x{308B}\x{3002}\x{610F}\x{5730}\x{3092}"
          RenderRuby (inline) {RUBY} at (0,0) size 18x20
            RenderRubyRun (anonymous) at (131,421) size 24x19
              RenderRubyText {RT} at (-9,0) size 14x19
                RenderText {#text} at (2,0) size 10x19
                  text run at (2,0) width 19: "\x{3068}\x{304A}"
              RenderRubyBase (anonymous) at (0,0) size 24x19
                RenderInline {RB} at (0,0) size 18x17
                  RenderText {#text} at (3,1) size 18x17
                    text run at (3,1) width 17: "\x{901A}"
          RenderText {#text} at (134,440) size 18x33
            text run at (134,440) width 33: "\x{305B}\x{3070}"
          RenderRuby (inline) {RUBY} at (0,0) size 18x46
            RenderRubyRun (anonymous) at (159,0) size 24x46
              RenderRubyText {RT} at (-9,0) size 14x46
                RenderText {#text} at (2,0) size 10x46
                  text run at (2,0) width 46: "\x{304D}\x{3085}\x{3046}\x{304F}\x{3064}"
              RenderRubyBase (anonymous) at (0,0) size 24x46
                RenderInline {RB} at (0,0) size 18x40
                  RenderText {#text} at (3,3) size 18x40
                    text run at (3,3) width 40: "\x{7AAE}\x{5C48}"
          RenderText {#text} at (162,46) size 18x258
            text run at (162,46) width 258: "\x{3060}\x{3002}\x{3068}\x{304B}\x{304F}\x{306B}\x{4EBA}\x{306E}\x{4E16}\x{306F}\x{4F4F}\x{307F}\x{306B}\x{304F}\x{3044}\x{3002}"
          RenderBR {BR} at (162,303) size 18x1
          RenderText {#text} at (190,0) size 18x113
            text run at (190,0) width 113: "\x{3000}\x{4F4F}\x{307F}\x{306B}\x{304F}\x{3055}\x{304C}"
          RenderRuby (inline) {RUBY} at (0,0) size 18x20
            RenderRubyRun (anonymous) at (187,113) size 24x19
              RenderRubyText {RT} at (-9,0) size 14x19
                RenderText {#text} at (2,0) size 10x19
                  text run at (2,0) width 19: "\x{3053}\x{3046}"
              RenderRubyBase (anonymous) at (0,0) size 24x19
                RenderInline {RB} at (0,0) size 18x17
                  RenderText {#text} at (3,1) size 18x17
                    text run at (3,1) width 17: "\x{9AD8}"
          RenderText {#text} at (190,131) size 46x487
            text run at (190,131) width 355: "\x{3058}\x{308B}\x{3068}\x{3001}\x{5B89}\x{3044}\x{6240}\x{3078}\x{5F15}\x{304D}\x{8D8A}\x{3057}\x{305F}\x{304F}\x{306A}\x{308B}\x{3002}\x{3069}\x{3053}\x{3078}\x{8D8A}\x{3057}"
            text run at (218,0) width 129: "\x{3066}\x{3082}\x{4F4F}\x{307F}\x{306B}\x{304F}\x{3044}\x{3068}"
          RenderRuby (inline) {RUBY} at (0,0) size 18x20
            RenderRubyRun (anonymous) at (215,129) size 24x19
              RenderRubyText {RT} at (-9,0) size 14x19
                RenderText {#text} at (2,0) size 10x19
                  text run at (2,0) width 19: "\x{3055}\x{3068}"
              RenderRubyBase (anonymous) at (0,0) size 24x19
                RenderInline {RB} at (0,0) size 18x17
                  RenderText {#text} at (3,1) size 18x17
                    text run at (3,1) width 17: "\x{609F}"
          RenderText {#text} at (218,147) size 18x163
            text run at (218,147) width 162: "\x{3063}\x{305F}\x{6642}\x{3001}\x{8A69}\x{304C}\x{751F}\x{308C}\x{3066}\x{3001}"
          RenderRuby (inline) {RUBY} at (0,0) size 18x18
            RenderRubyRun (anonymous) at (215,309) size 24x17
              RenderRubyText {RT} at (-9,0) size 14x17
                RenderText {#text} at (2,3) size 10x10
                  text run at (2,3) width 10: "\x{3048}"
              RenderRubyBase (anonymous) at (0,0) size 24x17
                RenderInline {RB} at (0,0) size 18x17
                  RenderText {#text} at (3,0) size 18x17
                    text run at (3,0) width 17: "\x{753B}"
          RenderText {#text} at (218,326) size 18x81
            text run at (218,326) width 81: "\x{304C}\x{51FA}\x{6765}\x{308B}\x{3002}"
          RenderBR {BR} at (218,406) size 18x1
          RenderText {#text} at (242,0) size 18x17
            text run at (242,0) width 17: "\x{3000}"
          RenderInline {STRONG} at (0,0) size 18x49
            RenderText {#text} at (242,16) size 18x49
              text run at (242,16) width 49: "\x{4EBA}\x{306E}\x{4E16}"
          RenderText {#text} at (242,64) size 46x484
            text run at (242,64) width 419: "\x{3092}\x{4F5C}\x{3063}\x{305F}\x{3082}\x{306E}\x{306F}\x{795E}\x{3067}\x{3082}\x{306A}\x{3051}\x{308C}\x{3070}\x{9B3C}\x{3067}\x{3082}\x{306A}\x{3044}\x{3002}\x{3084}\x{306F}\x{308A}\x{5411}\x{3046}\x{4E09}"
            text run at (270,0) width 17: "\x{8ED2}"
          RenderRuby (inline) {RUBY} at (0,0) size 18x47
            RenderRubyRun (anonymous) at (267,16) size 24x46
              RenderRubyText {RT} at (-9,0) size 14x46
                RenderText {#text} at (2,0) size 10x46
                  text run at (2,0) width 46: "\x{308A}\x{3087}\x{3046}\x{3069}\x{306A}"
              RenderRubyBase (anonymous) at (0,0) size 24x46
                RenderInline {RB} at (0,0) size 18x40
                  RenderText {#text} at (3,3) size 18x40
                    text run at (3,3) width 40: "\x{4E21}\x{96A3}"
          RenderText {#text} at (270,62) size 18x387
            text run at (270,62) width 387: "\x{308A}\x{306B}\x{3061}\x{3089}\x{3061}\x{3089}\x{3059}\x{308B}\x{305F}\x{3060}\x{306E}\x{4EBA}\x{3067}\x{3042}\x{308B}\x{3002}\x{305F}\x{3060}\x{306E}\x{4EBA}\x{304C}\x{4F5C}\x{3063}\x{305F}"
          RenderInline {STRONG} at (0,0) size 42x482
            RenderText {#text} at (270,448) size 42x482
              text run at (270,448) width 33: "\x{4EBA}\x{306E}"
              text run at (294,0) width 17: "\x{4E16}"
          RenderText {#text} at (294,16) size 18x371
            text run at (294,16) width 371: "\x{304C}\x{4F4F}\x{307F}\x{306B}\x{304F}\x{3044}\x{304B}\x{3089}\x{3068}\x{3066}\x{3001}\x{8D8A}\x{3059}\x{56FD}\x{306F}\x{3042}\x{308B}\x{307E}\x{3044}\x{3002}\x{3042}\x{308C}\x{3070}"
          RenderInline {STRONG} at (0,0) size 18x66
            RenderText {#text} at (294,386) size 18x66
              text run at (294,386) width 65: "\x{4EBA}\x{3067}\x{306A}\x{3057}"
          RenderText {#text} at (294,451) size 42x484
            text run at (294,451) width 33: "\x{306E}\x{56FD}"
            text run at (318,0) width 129: "\x{3078}\x{884C}\x{304F}\x{3070}\x{304B}\x{308A}\x{3060}\x{3002}"
          RenderInline {STRONG} at (0,0) size 18x66
            RenderText {#text} at (318,128) size 18x66
              text run at (318,128) width 65: "\x{4EBA}\x{3067}\x{306A}\x{3057}"
          RenderText {#text} at (318,193) size 18x49
            text run at (318,193) width 49: "\x{306E}\x{56FD}\x{306F}"
          RenderInline {STRONG} at (0,0) size 18x50
            RenderText {#text} at (318,241) size 18x50
              text run at (318,241) width 49: "\x{4EBA}\x{306E}\x{4E16}"
          RenderText {#text} at (318,290) size 42x468
            text run at (318,290) width 178: "\x{3088}\x{308A}\x{3082}\x{306A}\x{304A}\x{4F4F}\x{307F}\x{306B}\x{304F}\x{304B}\x{308D}"
            text run at (342,0) width 33: "\x{3046}\x{3002}"
          RenderBR {BR} at (342,32) size 18x1
          RenderText {#text} at (366,0) size 46x468
            text run at (366,0) width 468: "\x{3000}\x{8D8A}\x{3059}\x{4E8B}\x{306E}\x{306A}\x{3089}\x{306C}\x{4E16}\x{304C}\x{4F4F}\x{307F}\x{306B}\x{304F}\x{3051}\x{308C}\x{3070}\x{3001}\x{4F4F}\x{307F}\x{306B}\x{304F}\x{3044}\x{6240}\x{3092}\x{3069}\x{308C}\x{307B}\x{3069}"
            text run at (394,0) width 33: "\x{304B}\x{3001}"
          RenderRuby (inline) {RUBY} at (0,0) size 18x38
            RenderRubyRun (anonymous) at (391,32) size 24x37
              RenderRubyText {RT} at (-9,0) size 14x37
                RenderText {#text} at (2,0) size 10x37
                  text run at (2,0) width 37: "\x{304F}\x{3064}\x{308D}\x{3052}"
              RenderRubyBase (anonymous) at (0,0) size 24x37
                RenderInline {RB} at (0,0) size 18x35
                  RenderText {#text} at (3,1) size 18x35
                    text run at (3,1) width 35: "\x{5BDB}\x{5BB9}"
          RenderText {#text} at (394,69) size 18x33
            text run at (394,69) width 33: "\x{3066}\x{3001}"
          RenderRuby (inline) {RUBY} at (0,0) size 18x20
            RenderRubyRun (anonymous) at (391,101) size 24x19
              RenderRubyText {RT} at (-9,0) size 14x19
                RenderText {#text} at (2,0) size 10x19
                  text run at (2,0) width 19: "\x{3064}\x{304B}"
              RenderRubyBase (anonymous) at (0,0) size 24x19
                RenderInline {RB} at (0,0) size 18x17
                  RenderText {#text} at (3,1) size 18x17
                    text run at (3,1) width 17: "\x{675F}"
          RenderText {#text} at (394,120) size 18x17
            text run at (394,120) width 17: "\x{306E}"
          RenderRuby (inline) {RUBY} at (0,0) size 18x18
            RenderRubyRun (anonymous) at (391,137) size 24x17
              RenderRubyText {RT} at (-9,0) size 14x17
                RenderText {#text} at (2,3) size 10x10
                  text run at (2,3) width 10: "\x{307E}"
              RenderRubyBase (anonymous) at (0,0) size 24x17
                RenderInline {RB} at (0,0) size 18x17
                  RenderText {#text} at (3,0) size 18x17
                    text run at (3,0) width 17: "\x{9593}"
          RenderText {#text} at (394,153) size 46x492
            text run at (394,153) width 339: "\x{306E}\x{547D}\x{3092}\x{3001}\x{675F}\x{306E}\x{9593}\x{3067}\x{3082}\x{4F4F}\x{307F}\x{3088}\x{304F}\x{305B}\x{306D}\x{3070}\x{306A}\x{3089}\x{306C}\x{3002}\x{3053}"
            text run at (422,0) width 403: "\x{3053}\x{306B}\x{8A69}\x{4EBA}\x{3068}\x{3044}\x{3046}\x{5929}\x{8077}\x{304C}\x{51FA}\x{6765}\x{3066}\x{3001}\x{3053}\x{3053}\x{306B}\x{753B}\x{5BB6}\x{3068}\x{3044}\x{3046}\x{4F7F}\x{547D}\x{304C}"
          RenderRuby (inline) {RUBY} at (0,0) size 18x20
            RenderRubyRun (anonymous) at (419,403) size 24x19
              RenderRubyText {RT} at (-9,0) size 14x19
                RenderText {#text} at (2,0) size 10x19
                  text run at (2,0) width 19: "\x{304F}\x{3060}"
              RenderRubyBase (anonymous) at (0,0) size 24x19
                RenderInline {RB} at (0,0) size 18x17
                  RenderText {#text} at (3,1) size 18x17
                    text run at (3,1) width 17: "\x{964D}"
          RenderText {#text} at (422,421) size 46x487
            text run at (422,421) width 65: "\x{308B}\x{3002}\x{3042}\x{3089}"
            text run at (450,0) width 178: "\x{3086}\x{308B}\x{82B8}\x{8853}\x{306E}\x{58EB}\x{306F}\x{4EBA}\x{306E}\x{4E16}\x{3092}"
          RenderRuby (inline) {RUBY} at (0,0) size 18x34
            RenderRubyRun (anonymous) at (447,177) size 24x33
              RenderRubyText {RT} at (-9,0) size 14x33
                RenderText {#text} at (2,0) size 10x33
                  text run at (2,0) width 32: "\x{306E}\x{3069}\x{304B}"
              RenderRubyBase (anonymous) at (0,0) size 24x33
                RenderInline {RB} at (0,0) size 18x33
                  RenderText {#text} at (3,0) size 18x33
                    text run at (3,0) width 33: "\x{9577}\x{9591}"
          RenderText {#text} at (450,210) size 18x210
            text run at (450,210) width 210: "\x{306B}\x{3057}\x{3001}\x{4EBA}\x{306E}\x{5FC3}\x{3092}\x{8C4A}\x{304B}\x{306B}\x{3059}\x{308B}\x{304C}"
          RenderRuby (inline) {RUBY} at (0,0) size 18x20
            RenderRubyRun (anonymous) at (447,420) size 24x19
              RenderRubyText {RT} at (-9,0) size 14x19
                RenderText {#text} at (2,0) size 10x19
                  text run at (2,0) width 19: "\x{3086}\x{3048}"
              RenderRubyBase (anonymous) at (0,0) size 24x19
                RenderInline {RB} at (0,0) size 18x17
                  RenderText {#text} at (3,1) size 18x17
                    text run at (3,1) width 17: "\x{6545}"
          RenderText {#text} at (450,438) size 18x17
            text run at (450,438) width 17: "\x{306B}"
          RenderRuby (inline) {RUBY} at (0,0) size 18x20
            RenderRubyRun (anonymous) at (447,455) size 24x19
              RenderRubyText {RT} at (-9,0) size 14x19
                RenderText {#text} at (2,0) size 10x19
                  text run at (2,0) width 19: "\x{305F}\x{3063}"
              RenderRubyBase (anonymous) at (0,0) size 24x19
                RenderInline {RB} at (0,0) size 18x17
                  RenderText {#text} at (3,1) size 18x17
                    text run at (3,1) width 17: "\x{5C0A}"
          RenderText {#text} at (450,473) size 42x490
            text run at (450,473) width 17: "\x{3068}"
            text run at (474,0) width 33: "\x{3044}\x{3002}"
          RenderBR {BR} at (474,32) size 18x1
          RenderText {#text} at (502,0) size 18x242
            text run at (502,0) width 242: "\x{3000}\x{4F4F}\x{307F}\x{306B}\x{304F}\x{304D}\x{4E16}\x{304B}\x{3089}\x{3001}\x{4F4F}\x{307F}\x{306B}\x{304F}\x{304D}"
          RenderRuby (inline) {RUBY} at (0,0) size 18x29
            RenderRubyRun (anonymous) at (499,242) size 24x28
              RenderRubyText {RT} at (-9,0) size 14x28
                RenderText {#text} at (2,0) size 10x28
                  text run at (2,0) width 28: "\x{308F}\x{305A}\x{3089}"
              RenderRubyBase (anonymous) at (0,0) size 24x28
                RenderInline {RB} at (0,0) size 18x17
                  RenderText {#text} at (3,5) size 18x17
                    text run at (3,5) width 17: "\x{7169}"
          RenderText {#text} at (502,269) size 46x480
            text run at (502,269) width 210: "\x{3044}\x{3092}\x{5F15}\x{304D}\x{629C}\x{3044}\x{3066}\x{3001}\x{3042}\x{308A}\x{304C}\x{305F}\x{3044}"
            text run at (530,0) width 291: "\x{4E16}\x{754C}\x{3092}\x{307E}\x{306E}\x{3042}\x{305F}\x{308A}\x{306B}\x{5199}\x{3059}\x{306E}\x{304C}\x{8A69}\x{3067}\x{3042}\x{308B}\x{3001}"
          RenderRuby (inline) {RUBY} at (0,0) size 18x18
            RenderRubyRun (anonymous) at (527,290) size 24x17
              RenderRubyText {RT} at (-9,0) size 14x17
                RenderText {#text} at (2,3) size 10x10
                  text run at (2,3) width 10: "\x{3048}"
              RenderRubyBase (anonymous) at (0,0) size 24x17
                RenderInline {RB} at (0,0) size 18x17
                  RenderText {#text} at (3,0) size 18x17
                    text run at (3,0) width 17: "\x{753B}"
          RenderText {#text} at (530,307) size 46x485
            text run at (530,307) width 178: "\x{3067}\x{3042}\x{308B}\x{3002}\x{3042}\x{308B}\x{306F}\x{97F3}\x{697D}\x{3068}\x{5F6B}"
            text run at (558,0) width 146: "\x{523B}\x{3067}\x{3042}\x{308B}\x{3002}\x{3053}\x{307E}\x{304B}\x{306B}"
          RenderRuby (inline) {RUBY} at (0,0) size 18x18
            RenderRubyRun (anonymous) at (555,145) size 24x17
              RenderRubyText {RT} at (-9,0) size 14x17
                RenderText {#text} at (2,3) size 10x10
                  text run at (2,3) width 10: "\x{3044}"
              RenderRubyBase (anonymous) at (0,0) size 24x17
                RenderInline {RB} at (0,0) size 18x17
                  RenderText {#text} at (3,0) size 18x17
                    text run at (3,0) width 17: "\x{4E91}"
          RenderText {#text} at (558,162) size 46x485
            text run at (558,162) width 323: "\x{3048}\x{3070}\x{5199}\x{3055}\x{306A}\x{3044}\x{3067}\x{3082}\x{3088}\x{3044}\x{3002}\x{305F}\x{3060}\x{307E}\x{306E}\x{3042}\x{305F}\x{308A}\x{306B}\x{898B}"
            text run at (586,0) width 210: "\x{308C}\x{3070}\x{3001}\x{305D}\x{3053}\x{306B}\x{8A69}\x{3082}\x{751F}\x{304D}\x{3001}\x{6B4C}\x{3082}"
          RenderRuby (inline) {RUBY} at (0,0) size 18x18
            RenderRubyRun (anonymous) at (583,209) size 24x17
              RenderRubyText {RT} at (-9,0) size 14x17
                RenderText {#text} at (2,3) size 10x10
                  text run at (2,3) width 10: "\x{308F}"
              RenderRubyBase (anonymous) at (0,0) size 24x17
                RenderInline {RB} at (0,0) size 18x17
                  RenderText {#text} at (3,0) size 18x17
                    text run at (3,0) width 17: "\x{6E67}"
          RenderText {#text} at (586,226) size 18x194
            text run at (586,226) width 194: "\x{304F}\x{3002}\x{7740}\x{60F3}\x{3092}\x{7D19}\x{306B}\x{843D}\x{3055}\x{306C}\x{3068}\x{3082}"
          RenderRuby (inline) {RUBY} at (0,0) size 18x47
            RenderRubyRun (anonymous) at (583,420) size 24x46
              RenderRubyText {RT} at (-9,0) size 14x46
                RenderText {#text} at (2,0) size 10x46
                  text run at (2,0) width 46: "\x{304D}\x{3085}\x{3046}\x{305D}\x{3046}"
              RenderRubyBase (anonymous) at (0,0) size 24x46
                RenderInline {RB} at (0,0) size 18x40
                  RenderText {#text} at (3,3) size 18x24
                    text run at (3,3) width 24: "\x{7486}"
                  RenderText {#text} at (3,26) size 18x17
                    text run at (3,26) width 17: "\x{93D8}"
          RenderText {#text} at (586,465) size 18x17
            text run at (586,465) width 17: "\x{306E}"
          RenderRuby (inline) {RUBY} at (0,0) size 18x19
            RenderRubyRun (anonymous) at (611,0) size 24x19
              RenderRubyText {RT} at (-9,0) size 14x19
                RenderText {#text} at (2,0) size 10x19
                  text run at (2,0) width 19: "\x{304A}\x{3093}"
              RenderRubyBase (anonymous) at (0,0) size 24x19
                RenderInline {RB} at (0,0) size 18x17
                  RenderText {#text} at (3,1) size 18x17
                    text run at (3,1) width 17: "\x{97F3}"
          RenderText {#text} at (614,19) size 18x17
            text run at (614,19) width 17: "\x{306F}"
          RenderRuby (inline) {RUBY} at (0,0) size 18x38
            RenderRubyRun (anonymous) at (611,35) size 24x37
              RenderRubyText {RT} at (-9,0) size 14x37
                RenderText {#text} at (2,0) size 10x37
                  text run at (2,0) width 37: "\x{304D}\x{3087}\x{3046}\x{308A}"
              RenderRubyBase (anonymous) at (0,0) size 24x37
                RenderInline {RB} at (0,0) size 18x35
                  RenderText {#text} at (3,1) size 18x35
                    text run at (3,1) width 35: "\x{80F8}\x{88CF}"
          RenderText {#text} at (614,72) size 18x17
            text run at (614,72) width 17: "\x{306B}"
          RenderRuby (inline) {RUBY} at (0,0) size 18x20
            RenderRubyRun (anonymous) at (611,88) size 24x19
              RenderRubyText {RT} at (-9,0) size 14x19
                RenderText {#text} at (2,0) size 10x19
                  text run at (2,0) width 19: "\x{304A}\x{3053}"
              RenderRubyBase (anonymous) at (0,0) size 24x19
                RenderInline {RB} at (0,0) size 18x17
                  RenderText {#text} at (3,1) size 18x17
                    text run at (3,1) width 17: "\x{8D77}"
          RenderText {#text} at (614,107) size 18x33
            text run at (614,107) width 33: "\x{308B}\x{3002}"
          RenderRuby (inline) {RUBY} at (0,0) size 18x38
            RenderRubyRun (anonymous) at (611,139) size 24x37
              RenderRubyText {RT} at (-9,0) size 14x37
                RenderText {#text} at (2,0) size 10x37
                  text run at (2,0) width 37: "\x{305F}\x{3093}\x{305B}\x{3044}"
              RenderRubyBase (anonymous) at (0,0) size 24x37
                RenderInline {RB} at (0,0) size 18x35
                  RenderText {#text} at (3,1) size 18x35
                    text run at (3,1) width 35: "\x{4E39}\x{9752}"
          RenderText {#text} at (614,176) size 18x17
            text run at (614,176) width 17: "\x{306F}"
          RenderRuby (inline) {RUBY} at (0,0) size 18x34
            RenderRubyRun (anonymous) at (611,193) size 24x33
              RenderRubyText {RT} at (-9,0) size 14x33
                RenderText {#text} at (2,3) size 10x26
                  text run at (2,3) width 26: "\x{304C}\x{304B}"
              RenderRubyBase (anonymous) at (0,0) size 24x33
                RenderInline {RB} at (0,0) size 18x33
                  RenderText {#text} at (3,0) size 18x33
                    text run at (3,0) width 33: "\x{753B}\x{67B6}"
          RenderText {#text} at (614,225) size 18x66
            text run at (614,225) width 65: "\x{306B}\x{5411}\x{3063}\x{3066}"
          RenderRuby (inline) {RUBY} at (0,0) size 18x34
            RenderRubyRun (anonymous) at (611,290) size 24x33
              RenderRubyText {RT} at (-9,0) size 14x33
                RenderText {#text} at (2,0) size 10x33
                  text run at (2,0) width 32: "\x{3068}\x{307E}\x{3064}"
              RenderRubyBase (anonymous) at (0,0) size 24x33
                RenderInline {RB} at (0,0) size 18x33
                  RenderText {#text} at (3,0) size 18x33
                    text run at (3,0) width 33: "\x{5857}\x{62B9}"
          RenderText {#text} at (614,323) size 18x65
            text run at (614,323) width 65: "\x{305B}\x{3093}\x{3067}\x{3082}"
          RenderRuby (inline) {RUBY} at (0,0) size 18x34
            RenderRubyRun (anonymous) at (611,387) size 24x33
              RenderRubyText {RT} at (-9,0) size 14x33
                RenderText {#text} at (2,0) size 10x33
                  text run at (2,0) width 32: "\x{3054}\x{3055}\x{3044}"
              RenderRubyBase (anonymous) at (0,0) size 24x33
                RenderInline {RB} at (0,0) size 18x33
                  RenderText {#text} at (3,0) size 18x33
                    text run at (3,0) width 33: "\x{4E94}\x{5F69}"
          RenderText {#text} at (614,420) size 18x17
            text run at (614,420) width 17: "\x{306E}"
          RenderRuby (inline) {RUBY} at (0,0) size 18x38
            RenderRubyRun (anonymous) at (611,437) size 24x37
              RenderRubyText {RT} at (-9,0) size 14x37
                RenderText {#text} at (2,0) size 10x37
                  text run at (2,0) width 37: "\x{3051}\x{3093}\x{3089}\x{3093}"
              RenderRubyBase (anonymous) at (0,0) size 24x37
                RenderInline {RB} at (0,0) size 18x35
                  RenderText {#text} at (3,1) size 18x35
                    text run at (3,1) width 35: "\x{7D62}\x{721B}"
          RenderText {#text} at (614,473) size 18x17
            text run at (614,473) width 17: "\x{306F}"
          RenderRuby (inline) {RUBY} at (0,0) size 18x28
            RenderRubyRun (anonymous) at (639,0) size 24x28
              RenderRubyText {RT} at (-9,0) size 14x28
                RenderText {#text} at (2,0) size 10x28
                  text run at (2,0) width 28: "\x{304A}\x{306E}\x{305A}"
              RenderRubyBase (anonymous) at (0,0) size 24x28
                RenderInline {RB} at (0,0) size 18x17
                  RenderText {#text} at (3,5) size 18x17
                    text run at (3,5) width 17: "\x{81EA}"
          RenderText {#text} at (642,28) size 18x33
            text run at (642,28) width 33: "\x{304B}\x{3089}"
          RenderRuby (inline) {RUBY} at (0,0) size 18x38
            RenderRubyRun (anonymous) at (639,60) size 24x37
              RenderRubyText {RT} at (-9,0) size 14x37
                RenderText {#text} at (2,0) size 10x37
                  text run at (2,0) width 37: "\x{3057}\x{3093}\x{304C}\x{3093}"
              RenderRubyBase (anonymous) at (0,0) size 24x37
                RenderInline {RB} at (0,0) size 18x35
                  RenderText {#text} at (3,1) size 18x35
                    text run at (3,1) width 35: "\x{5FC3}\x{773C}"
          RenderText {#text} at (642,97) size 18x259
            text run at (642,97) width 258: "\x{306B}\x{6620}\x{308B}\x{3002}\x{305F}\x{3060}\x{304A}\x{306E}\x{304C}\x{4F4F}\x{3080}\x{4E16}\x{3092}\x{3001}\x{304B}\x{304F}"
          RenderRuby (inline) {RUBY} at (0,0) size 18x20
            RenderRubyRun (anonymous) at (639,355) size 24x19
              RenderRubyText {RT} at (-9,0) size 14x19
                RenderText {#text} at (2,0) size 10x19
                  text run at (2,0) width 19: "\x{304B}\x{3093}"
              RenderRubyBase (anonymous) at (0,0) size 24x19
                RenderInline {RB} at (0,0) size 18x17
                  RenderText {#text} at (3,1) size 18x17
                    text run at (3,1) width 17: "\x{89B3}"
          RenderText {#text} at (642,374) size 18x65
            text run at (642,374) width 65: "\x{3058}\x{5F97}\x{3066}\x{3001}"
          RenderRuby (inline) {RUBY} at (0,0) size 18x73
            RenderRubyRun (anonymous) at (667,0) size 24x73
              RenderRubyText {RT} at (-9,0) size 14x73
                RenderText {#text} at (2,0) size 10x73
                  text run at (2,0) width 73: "\x{308C}\x{3044}\x{3060}\x{3044}\x{307B}\x{3046}\x{3059}\x{3093}"
              RenderRubyBase (anonymous) at (0,0) size 24x73
                RenderInline {RB} at (0,0) size 18x71
                  RenderText {#text} at (3,1) size 18x71
                    text run at (3,1) width 71: "\x{970A}\x{53F0}\x{65B9}\x{5BF8}"
          RenderText {#text} at (670,73) size 18x81
            text run at (670,73) width 81: "\x{306E}\x{30AB}\x{30E1}\x{30E9}\x{306B}"
          RenderRuby (inline) {RUBY} at (0,0) size 18x74
            RenderRubyRun (anonymous) at (667,154) size 24x73
              RenderRubyText {RT} at (-9,0) size 14x73
                RenderText {#text} at (2,0) size 10x73
                  text run at (2,0) width 73: "\x{304E}\x{3087}\x{3046}\x{304D}\x{3053}\x{3093}\x{3060}\x{304F}"
              RenderRubyBase (anonymous) at (0,0) size 24x73
                RenderInline {RB} at (0,0) size 18x71
                  RenderText {#text} at (3,1) size 18x71
                    text run at (3,1) width 71: "\x{6F86}\x{5B63}\x{6EB7}\x{6FC1}"
          RenderText {#text} at (670,226) size 18x211
            text run at (670,226) width 210: "\x{306E}\x{4FD7}\x{754C}\x{3092}\x{6E05}\x{304F}\x{3046}\x{3089}\x{3089}\x{304B}\x{306B}\x{53CE}\x{3081}"
          RenderRuby (inline) {RUBY} at (0,0) size 18x18
            RenderRubyRun (anonymous) at (667,436) size 24x17
              RenderRubyText {RT} at (-9,0) size 14x17
                RenderText {#text} at (2,3) size 10x10
                  text run at (2,3) width 10: "\x{3046}"
              RenderRubyBase (anonymous) at (0,0) size 24x17
                RenderInline {RB} at (0,0) size 18x17
                  RenderText {#text} at (3,0) size 18x17
                    text run at (3,0) width 17: "\x{5F97}"
          RenderText {#text} at (670,453) size 18x33
            text run at (670,453) width 33: "\x{308C}\x{3070}"
          RenderRuby (inline) {RUBY} at (0,0) size 18x17
            RenderRubyRun (anonymous) at (695,0) size 24x17
              RenderRubyText {RT} at (-9,0) size 14x17
                RenderText {#text} at (2,3) size 10x10
                  text run at (2,3) width 10: "\x{305F}"
              RenderRubyBase (anonymous) at (0,0) size 24x17
                RenderInline {RB} at (0,0) size 18x17
                  RenderText {#text} at (3,0) size 18x17
                    text run at (3,0) width 17: "\x{8DB3}"
          RenderText {#text} at (698,17) size 18x97
            text run at (698,17) width 97: "\x{308B}\x{3002}\x{3053}\x{306E}\x{6545}\x{306B}"
          RenderRuby (inline) {RUBY} at (0,0) size 18x34
            RenderRubyRun (anonymous) at (695,114) size 24x33
              RenderRubyText {RT} at (-9,0) size 14x33
                RenderText {#text} at (2,0) size 10x33
                  text run at (2,0) width 32: "\x{3080}\x{305B}\x{3044}"
              RenderRubyBase (anonymous) at (0,0) size 24x33
                RenderInline {RB} at (0,0) size 18x33
                  RenderText {#text} at (3,0) size 18x33
                    text run at (3,0) width 33: "\x{7121}\x{58F0}"
          RenderText {#text} at (698,146) size 18x162
            text run at (698,146) width 162: "\x{306E}\x{8A69}\x{4EBA}\x{306B}\x{306F}\x{4E00}\x{53E5}\x{306A}\x{304F}\x{3001}"
          RenderRuby (inline) {RUBY} at (0,0) size 18x38
            RenderRubyRun (anonymous) at (695,308) size 24x37
              RenderRubyText {RT} at (-9,0) size 14x37
                RenderText {#text} at (2,0) size 10x37
                  text run at (2,0) width 37: "\x{3080}\x{3057}\x{3087}\x{304F}"
              RenderRubyBase (anonymous) at (0,0) size 24x37
                RenderInline {RB} at (0,0) size 18x35
                  RenderText {#text} at (3,1) size 18x35
                    text run at (3,1) width 35: "\x{7121}\x{8272}"
          RenderText {#text} at (698,344) size 18x82
            text run at (698,344) width 81: "\x{306E}\x{753B}\x{5BB6}\x{306B}\x{306F}"
          RenderRuby (inline) {RUBY} at (0,0) size 18x38
            RenderRubyRun (anonymous) at (695,425) size 24x37
              RenderRubyText {RT} at (-9,0) size 14x37
                RenderText {#text} at (2,0) size 10x37
                  text run at (2,0) width 37: "\x{305B}\x{3063}\x{3051}\x{3093}"
              RenderRubyBase (anonymous) at (0,0) size 24x37
                RenderInline {RB} at (0,0) size 18x35
                  RenderText {#text} at (3,1) size 18x35
                    text run at (3,1) width 35: "\x{5C3A}\x{7E11}"
          RenderText {#text} at (698,462) size 46x479
            text run at (698,462) width 17: "\x{306A}"
            text run at (726,0) width 81: "\x{304D}\x{3082}\x{3001}\x{304B}\x{304F}"
          RenderRuby (inline) {RUBY} at (0,0) size 18x38
            RenderRubyRun (anonymous) at (723,81) size 24x37
              RenderRubyText {RT} at (-9,0) size 14x37
                RenderText {#text} at (2,0) size 10x37
                  text run at (2,0) width 37: "\x{3058}\x{3093}\x{305B}\x{3044}"
              RenderRubyBase (anonymous) at (0,0) size 24x37
                RenderInline {RB} at (0,0) size 18x35
                  RenderText {#text} at (3,1) size 18x35
                    text run at (3,1) width 35: "\x{4EBA}\x{4E16}"
          RenderText {#text} at (726,117) size 18x227
            text run at (726,117) width 226: "\x{3092}\x{89B3}\x{3058}\x{5F97}\x{308B}\x{306E}\x{70B9}\x{306B}\x{304A}\x{3044}\x{3066}\x{3001}\x{304B}\x{304F}"
          RenderRuby (inline) {RUBY} at (0,0) size 18x38
            RenderRubyRun (anonymous) at (723,343) size 24x37
              RenderRubyText {RT} at (-9,0) size 14x37
                RenderText {#text} at (2,0) size 10x37
                  text run at (2,0) width 37: "\x{307C}\x{3093}\x{306E}\x{3046}"
              RenderRubyBase (anonymous) at (0,0) size 24x37
                RenderInline {RB} at (0,0) size 18x35
                  RenderText {#text} at (3,1) size 18x35
                    text run at (3,1) width 35: "\x{7169}\x{60A9}"
          RenderText {#text} at (726,380) size 18x17
            text run at (726,380) width 17: "\x{3092}"
          RenderRuby (inline) {RUBY} at (0,0) size 18x34
            RenderRubyRun (anonymous) at (723,396) size 24x33
              RenderRubyText {RT} at (-9,0) size 14x33
                RenderText {#text} at (2,0) size 10x33
                  text run at (2,0) width 32: "\x{3052}\x{3060}\x{3064}"
              RenderRubyBase (anonymous) at (0,0) size 24x33
                RenderInline {RB} at (0,0) size 18x33
                  RenderText {#text} at (3,0) size 18x33
                    text run at (3,0) width 33: "\x{89E3}\x{8131}"
          RenderText {#text} at (726,429) size 46x478
            text run at (726,429) width 49: "\x{3059}\x{308B}\x{306E}"
            text run at (754,0) width 129: "\x{70B9}\x{306B}\x{304A}\x{3044}\x{3066}\x{3001}\x{304B}\x{304F}"
          RenderRuby (inline) {RUBY} at (0,0) size 18x74
            RenderRubyRun (anonymous) at (751,129) size 24x73
              RenderRubyText {RT} at (-9,0) size 14x73
                RenderText {#text} at (2,0) size 10x73
                  text run at (2,0) width 73: "\x{3057}\x{3087}\x{3046}\x{3058}\x{3087}\x{3046}\x{304B}\x{3044}"
              RenderRubyBase (anonymous) at (0,0) size 24x73
                RenderInline {RB} at (0,0) size 18x65
                  RenderText {#text} at (3,4) size 18x65
                    text run at (3,4) width 65: "\x{6E05}\x{6D44}\x{754C}"
          RenderText {#text} at (754,201) size 18x18
            text run at (754,201) width 17: "\x{306B}"
          RenderRuby (inline) {RUBY} at (0,0) size 18x56
            RenderRubyRun (anonymous) at (751,218) size 24x55
              RenderRubyText {RT} at (-9,0) size 14x55
                RenderText {#text} at (2,0) size 10x55
                  text run at (2,0) width 55: "\x{3057}\x{3085}\x{3064}\x{306B}\x{3085}\x{3046}"
              RenderRubyBase (anonymous) at (0,0) size 24x55
                RenderInline {RB} at (0,0) size 18x44
                  RenderText {#text} at (3,5) size 18x44
                    text run at (3,5) width 44: "\x{51FA}\x{5165}"
          RenderText {#text} at (754,273) size 46x483
            text run at (754,273) width 210: "\x{3057}\x{5F97}\x{308B}\x{306E}\x{70B9}\x{306B}\x{304A}\x{3044}\x{3066}\x{3001}\x{307E}\x{305F}\x{3053}"
            text run at (782,0) width 17: "\x{306E}"
          RenderRuby (inline) {RUBY} at (0,0) size 18x66
            RenderRubyRun (anonymous) at (779,16) size 24x65
              RenderRubyText {RT} at (-9,0) size 14x65
                RenderText {#text} at (2,1) size 10x62
                  text run at (2,1) width 61: "\x{3075}\x{3069}\x{3046}\x{3075}\x{3058}"
              RenderRubyBase (anonymous) at (0,0) size 24x65
                RenderInline {RB} at (0,0) size 18x65
                  RenderText {#text} at (3,0) size 18x65
                    text run at (3,0) width 65: "\x{4E0D}\x{540C}\x{4E0D}\x{4E8C}"
          RenderText {#text} at (782,81) size 18x17
            text run at (782,81) width 17: "\x{306E}"
          RenderRuby (inline) {RUBY} at (0,0) size 18x38
            RenderRubyRun (anonymous) at (779,97) size 24x37
              RenderRubyText {RT} at (-9,0) size 14x37
                RenderText {#text} at (2,0) size 10x37
                  text run at (2,0) width 37: "\x{3051}\x{3093}\x{3053}\x{3093}"
              RenderRubyBase (anonymous) at (0,0) size 24x37
                RenderInline {RB} at (0,0) size 18x35
                  RenderText {#text} at (3,1) size 18x35
                    text run at (3,1) width 35: "\x{4E7E}\x{5764}"
          RenderText {#text} at (782,134) size 18x17
            text run at (782,134) width 17: "\x{3092}"
          RenderRuby (inline) {RUBY} at (0,0) size 18x47
            RenderRubyRun (anonymous) at (779,150) size 24x46
              RenderRubyText {RT} at (-9,0) size 14x46
                RenderText {#text} at (2,0) size 10x46
                  text run at (2,0) width 46: "\x{3053}\x{3093}\x{308A}\x{3085}\x{3046}"
              RenderRubyBase (anonymous) at (0,0) size 24x46
                RenderInline {RB} at (0,0) size 18x40
                  RenderText {#text} at (3,3) size 18x40
                    text run at (3,3) width 40: "\x{5EFA}\x{7ACB}"
          RenderText {#text} at (782,196) size 18x162
            text run at (782,196) width 162: "\x{3057}\x{5F97}\x{308B}\x{306E}\x{70B9}\x{306B}\x{304A}\x{3044}\x{3066}\x{3001}"
          RenderRuby (inline) {RUBY} at (0,0) size 18x66
            RenderRubyRun (anonymous) at (779,357) size 24x65
              RenderRubyText {RT} at (-9,0) size 14x65
                RenderText {#text} at (2,1) size 10x62
                  text run at (2,1) width 61: "\x{304C}\x{308A}\x{3057}\x{3088}\x{304F}"
              RenderRubyBase (anonymous) at (0,0) size 24x65
                RenderInline {RB} at (0,0) size 18x65
                  RenderText {#text} at (3,0) size 18x65
                    text run at (3,0) width 65: "\x{6211}\x{5229}\x{79C1}\x{617E}"
          RenderText {#text} at (782,422) size 18x17
            text run at (782,422) width 17: "\x{306E}"
          RenderRuby (inline) {RUBY} at (0,0) size 18x34
            RenderRubyRun (anonymous) at (779,439) size 24x33
              RenderRubyText {RT} at (-9,0) size 14x33
                RenderText {#text} at (2,0) size 10x33
                  text run at (2,0) width 32: "\x{304D}\x{306F}\x{3093}"
              RenderRubyBase (anonymous) at (0,0) size 24x33
                RenderInline {RB} at (0,0) size 18x33
                  RenderText {#text} at (3,0) size 18x33
                    text run at (3,0) width 33: "\x{898A}\x{7D46}"
          RenderText {#text} at (782,471) size 18x17
            text run at (782,471) width 17: "\x{3092}"
          RenderRuby (inline) {RUBY} at (0,0) size 18x37
            RenderRubyRun (anonymous) at (807,0) size 24x37
              RenderRubyText {RT} at (-9,0) size 14x37
                RenderText {#text} at (2,0) size 10x37
                  text run at (2,0) width 37: "\x{305D}\x{3046}\x{3068}\x{3046}"
              RenderRubyBase (anonymous) at (0,0) size 24x37
                RenderInline {RB} at (0,0) size 18x35
                  RenderText {#text} at (3,1) size 18x35
                    text run at (3,1) width 35: "\x{6383}\x{8569}"
          RenderText {#text} at (810,37) size 18x178
            text run at (810,37) width 178: "\x{3059}\x{308B}\x{306E}\x{70B9}\x{306B}\x{304A}\x{3044}\x{3066}\x{3001}\x{2015}\x{2015}"
          RenderRuby (inline) {RUBY} at (0,0) size 18x38
            RenderRubyRun (anonymous) at (807,214) size 24x37
              RenderRubyText {RT} at (-9,0) size 14x37
                RenderText {#text} at (2,0) size 10x37
                  text run at (2,0) width 37: "\x{305B}\x{3093}\x{304D}\x{3093}"
              RenderRubyBase (anonymous) at (0,0) size 24x37
                RenderInline {RB} at (0,0) size 18x35
                  RenderText {#text} at (3,1) size 18x35
                    text run at (3,1) width 35: "\x{5343}\x{91D1}"
          RenderText {#text} at (810,251) size 18x97
            text run at (810,251) width 97: "\x{306E}\x{5B50}\x{3088}\x{308A}\x{3082}\x{3001}"
          RenderRuby (inline) {RUBY} at (0,0) size 18x47
            RenderRubyRun (anonymous) at (807,348) size 24x46
              RenderRubyText {RT} at (-9,0) size 14x46
                RenderText {#text} at (2,0) size 10x46
                  text run at (2,0) width 46: "\x{3070}\x{3093}\x{3058}\x{3087}\x{3046}"
              RenderRubyBase (anonymous) at (0,0) size 24x46
                RenderInline {RB} at (0,0) size 18x40
                  RenderText {#text} at (3,3) size 18x40
                    text run at (3,3) width 40: "\x{4E07}\x{4E57}"
          RenderText {#text} at (810,393) size 46x491
            text run at (810,393) width 97: "\x{306E}\x{541B}\x{3088}\x{308A}\x{3082}\x{3001}"
            text run at (838,0) width 113: "\x{3042}\x{3089}\x{3086}\x{308B}\x{4FD7}\x{754C}\x{306E}"
          RenderRuby (inline) {RUBY} at (0,0) size 18x38
            RenderRubyRun (anonymous) at (835,113) size 24x37
              RenderRubyText {RT} at (-9,0) size 14x37
                RenderText {#text} at (2,0) size 10x37
                  text run at (2,0) width 37: "\x{3061}\x{3087}\x{3046}\x{3058}"
              RenderRubyBase (anonymous) at (0,0) size 24x37
                RenderInline {RB} at (0,0) size 18x35
                  RenderText {#text} at (3,1) size 18x35
                    text run at (3,1) width 35: "\x{5BF5}\x{5150}"
          RenderText {#text} at (838,149) size 18x146
            text run at (838,149) width 146: "\x{3088}\x{308A}\x{3082}\x{5E78}\x{798F}\x{3067}\x{3042}\x{308B}\x{3002}"
          RenderBR {BR} at (838,294) size 18x1
          RenderText {#text} at (866,0) size 18x274
            text run at (866,0) width 274: "\x{3000}\x{4E16}\x{306B}\x{4F4F}\x{3080}\x{3053}\x{3068}\x{4E8C}\x{5341}\x{5E74}\x{306B}\x{3057}\x{3066}\x{3001}\x{4F4F}\x{3080}\x{306B}"
          RenderRuby (inline) {RUBY} at (0,0) size 18x34
            RenderRubyRun (anonymous) at (863,274) size 24x33
              RenderRubyText {RT} at (-9,0) size 14x33
                RenderText {#text} at (2,3) size 10x26
                  text run at (2,3) width 26: "\x{304B}\x{3044}"
              RenderRubyBase (anonymous) at (0,0) size 24x33
                RenderInline {RB} at (0,0) size 18x33
                  RenderText {#text} at (3,0) size 18x33
                    text run at (3,0) width 33: "\x{7532}\x{6590}"
          RenderText {#text} at (866,306) size 46x485
            text run at (866,306) width 178: "\x{3042}\x{308B}\x{4E16}\x{3068}\x{77E5}\x{3063}\x{305F}\x{3002}\x{4E8C}\x{5341}\x{4E94}"
            text run at (894,0) width 113: "\x{5E74}\x{306B}\x{3057}\x{3066}\x{660E}\x{6697}\x{306F}"
          RenderRuby (inline) {RUBY} at (0,0) size 18x38
            RenderRubyRun (anonymous) at (891,113) size 24x37
              RenderRubyText {RT} at (-9,0) size 14x37
                RenderText {#text} at (2,0) size 10x37
                  text run at (2,0) width 37: "\x{3072}\x{3087}\x{3046}\x{308A}"
              RenderRubyBase (anonymous) at (0,0) size 24x37
                RenderInline {RB} at (0,0) size 18x35
                  RenderText {#text} at (3,1) size 18x35
                    text run at (3,1) width 35: "\x{8868}\x{88CF}"
          RenderText {#text} at (894,149) size 46x489
            text run at (894,149) width 339: "\x{306E}\x{3054}\x{3068}\x{304F}\x{3001}\x{65E5}\x{306E}\x{3042}\x{305F}\x{308B}\x{6240}\x{306B}\x{306F}\x{304D}\x{3063}\x{3068}\x{5F71}\x{304C}\x{3055}\x{3059}\x{3068}"
            text run at (922,0) width 113: "\x{609F}\x{3063}\x{305F}\x{3002}\x{4E09}\x{5341}\x{306E}"
          RenderRuby (inline) {RUBY} at (0,0) size 18x38
            RenderRubyRun (anonymous) at (919,113) size 24x37
              RenderRubyText {RT} at (-9,0) size 14x37
                RenderText {#text} at (2,0) size 10x37
                  text run at (2,0) width 37: "\x{3053}\x{3093}\x{306B}\x{3061}"
              RenderRubyBase (anonymous) at (0,0) size 24x37
                RenderInline {RB} at (0,0) size 18x35
                  RenderText {#text} at (3,1) size 18x35
                    text run at (3,1) width 35: "\x{4ECA}\x{65E5}"
          RenderText {#text} at (922,149) size 18x291
            text run at (922,149) width 290: "\x{306F}\x{3053}\x{3046}\x{601D}\x{3046}\x{3066}\x{3044}\x{308B}\x{3002}\x{2015}\x{2015}\x{559C}\x{3073}\x{306E}\x{6DF1}\x{304D}\x{3068}\x{304D}"
          RenderRuby (inline) {RUBY} at (0,0) size 18x29
            RenderRubyRun (anonymous) at (919,440) size 24x28
              RenderRubyText {RT} at (-9,0) size 14x28
                RenderText {#text} at (2,0) size 10x28
                  text run at (2,0) width 28: "\x{3046}\x{308C}\x{3044}"
              RenderRubyBase (anonymous) at (0,0) size 24x28
                RenderInline {RB} at (0,0) size 18x17
                  RenderText {#text} at (3,5) size 18x17
                    text run at (3,5) width 17: "\x{6182}"
          RenderText {#text} at (922,467) size 46x484
            text run at (922,467) width 17: "\x{3044}"
            text run at (950,0) width 97: "\x{3088}\x{3044}\x{3088}\x{6DF1}\x{304F}\x{3001}"
          RenderRuby (inline) {RUBY} at (0,0) size 18x29
            RenderRubyRun (anonymous) at (947,97) size 24x28
              RenderRubyText {RT} at (-9,0) size 14x28
                RenderText {#text} at (2,0) size 10x28
                  text run at (2,0) width 28: "\x{305F}\x{306E}\x{3057}"
              RenderRubyBase (anonymous) at (0,0) size 24x28
                RenderInline {RB} at (0,0) size 18x17
                  RenderText {#text} at (3,5) size 18x17
                    text run at (3,5) width 17: "\x{697D}"
          RenderText {#text} at (950,124) size 46x480
            text run at (950,124) width 355: "\x{307F}\x{306E}\x{5927}\x{3044}\x{306A}\x{308B}\x{307B}\x{3069}\x{82E6}\x{3057}\x{307F}\x{3082}\x{5927}\x{304D}\x{3044}\x{3002}\x{3053}\x{308C}\x{3092}\x{5207}\x{308A}\x{653E}"
            text run at (978,0) width 194: "\x{305D}\x{3046}\x{3068}\x{3059}\x{308B}\x{3068}\x{8EAB}\x{304C}\x{6301}\x{3066}\x{306C}\x{3002}"
          RenderRuby (inline) {RUBY} at (0,0) size 18x20
            RenderRubyRun (anonymous) at (975,193) size 24x19
              RenderRubyText {RT} at (-9,0) size 14x19
                RenderText {#text} at (2,0) size 10x19
                  text run at (2,0) width 19: "\x{304B}\x{305F}"
              RenderRubyBase (anonymous) at (0,0) size 24x19
                RenderInline {RB} at (0,0) size 18x17
                  RenderText {#text} at (3,1) size 18x17
                    text run at (3,1) width 17: "\x{7247}"
          RenderText {#text} at (978,212) size 46x487
            text run at (978,212) width 274: "\x{3065}\x{3051}\x{3088}\x{3046}\x{3068}\x{3059}\x{308C}\x{3070}\x{4E16}\x{304C}\x{7ACB}\x{305F}\x{306C}\x{3002}\x{91D1}\x{306F}\x{5927}"
            text run at (1006,0) width 146: "\x{4E8B}\x{3060}\x{3001}\x{5927}\x{4E8B}\x{306A}\x{3082}\x{306E}\x{304C}"
          RenderRuby (inline) {RUBY} at (0,0) size 18x18
            RenderRubyRun (anonymous) at (1003,145) size 24x17
              RenderRubyText {RT} at (-9,0) size 14x17
                RenderText {#text} at (2,3) size 10x10
                  text run at (2,3) width 10: "\x{3075}"
              RenderRubyBase (anonymous) at (0,0) size 24x17
                RenderInline {RB} at (0,0) size 18x17
                  RenderText {#text} at (3,0) size 18x17
                    text run at (3,0) width 17: "\x{6B96}"
          RenderText {#text} at (1006,162) size 18x49
            text run at (1006,162) width 49: "\x{3048}\x{308C}\x{3070}"
          RenderRuby (inline) {RUBY} at (0,0) size 18x18
            RenderRubyRun (anonymous) at (1003,210) size 24x17
              RenderRubyText {RT} at (-9,0) size 14x17
                RenderText {#text} at (2,3) size 10x10
                  text run at (2,3) width 10: "\x{306D}"
              RenderRubyBase (anonymous) at (0,0) size 24x17
                RenderInline {RB} at (0,0) size 18x17
                  RenderText {#text} at (3,0) size 18x17
                    text run at (3,0) width 17: "\x{5BDD}"
          RenderText {#text} at (1006,227) size 18x17
            text run at (1006,227) width 17: "\x{308B}"
          RenderRuby (inline) {RUBY} at (0,0) size 18x18
            RenderRubyRun (anonymous) at (1003,243) size 24x17
              RenderRubyText {RT} at (-9,0) size 14x17
                RenderText {#text} at (2,3) size 10x10
                  text run at (2,3) width 10: "\x{307E}"
              RenderRubyBase (anonymous) at (0,0) size 24x17
                RenderInline {RB} at (0,0) size 18x17
                  RenderText {#text} at (3,0) size 18x17
                    text run at (3,0) width 17: "\x{9593}"
          RenderText {#text} at (1006,260) size 70x487
            text run at (1006,260) width 226: "\x{3082}\x{5FC3}\x{914D}\x{3060}\x{308D}\x{3046}\x{3002}\x{604B}\x{306F}\x{3046}\x{308C}\x{3057}\x{3044}\x{3001}"
            text run at (1030,0) width 484: "\x{5B09}\x{3057}\x{3044}\x{604B}\x{304C}\x{7A4D}\x{3082}\x{308C}\x{3070}\x{3001}\x{604B}\x{3092}\x{305B}\x{306C}\x{6614}\x{304C}\x{304B}\x{3048}\x{3063}\x{3066}\x{604B}\x{3057}\x{304B}\x{308D}\x{3002}\x{95A3}\x{50DA}\x{306E}\x{80A9}\x{306F}"
            text run at (1058,0) width 113: "\x{6570}\x{767E}\x{4E07}\x{4EBA}\x{306E}\x{8DB3}\x{3092}"
          RenderRuby (inline) {RUBY} at (0,0) size 18x20
            RenderRubyRun (anonymous) at (1055,113) size 24x19
              RenderRubyText {RT} at (-9,0) size 14x19
                RenderText {#text} at (2,0) size 10x19
                  text run at (2,0) width 19: "\x{3055}\x{3055}"
              RenderRubyBase (anonymous) at (0,0) size 24x19
                RenderInline {RB} at (0,0) size 18x17
                  RenderText {#text} at (3,1) size 18x17
                    text run at (3,1) width 17: "\x{652F}"
          RenderText {#text} at (1058,131) size 18x82
            text run at (1058,131) width 81: "\x{3048}\x{3066}\x{3044}\x{308B}\x{3002}"
          RenderRuby (inline) {RUBY} at (0,0) size 18x34
            RenderRubyRun (anonymous) at (1055,212) size 24x33
              RenderRubyText {RT} at (-9,0) size 14x33
                RenderText {#text} at (2,0) size 10x33
                  text run at (2,0) width 32: "\x{305B}\x{306A}\x{304B}"
              RenderRubyBase (anonymous) at (0,0) size 24x33
                RenderInline {RB} at (0,0) size 18x33
                  RenderText {#text} at (3,0) size 18x33
                    text run at (3,0) width 33: "\x{80CC}\x{4E2D}"
          RenderText {#text} at (1058,245) size 46x488
            text run at (1058,245) width 242: "\x{306B}\x{306F}\x{91CD}\x{3044}\x{5929}\x{4E0B}\x{304C}\x{304A}\x{3076}\x{3055}\x{3063}\x{3066}\x{3044}\x{308B}\x{3002}"
            text run at (1086,0) width 291: "\x{3046}\x{307E}\x{3044}\x{7269}\x{3082}\x{98DF}\x{308F}\x{306D}\x{3070}\x{60DC}\x{3057}\x{3044}\x{3002}\x{5C11}\x{3057}\x{98DF}\x{3048}\x{3070}"
          RenderRuby (inline) {RUBY} at (0,0) size 18x18
            RenderRubyRun (anonymous) at (1083,290) size 24x17
              RenderRubyText {RT} at (-9,0) size 14x17
                RenderText {#text} at (2,3) size 10x10
                  text run at (2,3) width 10: "\x{3042}"
              RenderRubyBase (anonymous) at (0,0) size 24x17
                RenderInline {RB} at (0,0) size 18x17
                  RenderText {#text} at (3,0) size 18x17
                    text run at (3,0) width 17: "\x{98FD}"
          RenderText {#text} at (1086,307) size 18x17
            text run at (1086,307) width 17: "\x{304D}"
          RenderRuby (inline) {RUBY} at (0,0) size 18x18
            RenderRubyRun (anonymous) at (1083,323) size 24x17
              RenderRubyText {RT} at (-9,0) size 14x17
                RenderText {#text} at (2,3) size 10x10
                  text run at (2,3) width 10: "\x{305F}"
              RenderRubyBase (anonymous) at (0,0) size 24x17
                RenderInline {RB} at (0,0) size 18x17
                  RenderText {#text} at (3,0) size 18x17
                    text run at (3,0) width 17: "\x{8DB3}"
          RenderText {#text} at (1086,340) size 42x486
            text run at (1086,340) width 146: "\x{3089}\x{306C}\x{3002}\x{5B58}\x{5206}\x{98DF}\x{3048}\x{3070}\x{3042}"
            text run at (1110,0) width 145: "\x{3068}\x{304C}\x{4E0D}\x{6109}\x{5FEB}\x{3060}\x{3002}\x{2026}\x{2026}"
          RenderBR {BR} at (1110,144) size 18x1
          RenderText {#text} at (1138,0) size 18x17
            text run at (1138,0) width 17: "\x{3000}"
          RenderRuby (inline) {RUBY} at (0,0) size 18x18
            RenderRubyRun (anonymous) at (1135,16) size 24x17
              RenderRubyText {RT} at (-9,0) size 14x17
                RenderText {#text} at (2,3) size 10x10
                  text run at (2,3) width 10: "\x{3088}"
              RenderRubyBase (anonymous) at (0,0) size 24x17
                RenderInline {RB} at (0,0) size 18x17
                  RenderText {#text} at (3,0) size 18x17
                    text run at (3,0) width 17: "\x{4F59}"
          RenderText {#text} at (1138,33) size 18x17
            text run at (1138,33) width 17: "\x{306E}"
          RenderRuby (inline) {RUBY} at (0,0) size 18x38
            RenderRubyRun (anonymous) at (1135,49) size 24x37
              RenderRubyText {RT} at (-9,0) size 14x37
                RenderText {#text} at (2,0) size 10x37
                  text run at (2,0) width 37: "\x{304B}\x{3093}\x{304C}\x{3048}"
              RenderRubyBase (anonymous) at (0,0) size 24x37
                RenderInline {RB} at (0,0) size 18x17
                  RenderText {#text} at (3,10) size 18x17
                    text run at (3,10) width 17: "\x{8003}"
          RenderText {#text} at (1138,86) size 18x259
            text run at (1138,86) width 258: "\x{304C}\x{3053}\x{3053}\x{307E}\x{3067}\x{6F02}\x{6D41}\x{3057}\x{3066}\x{6765}\x{305F}\x{6642}\x{306B}\x{3001}\x{4F59}\x{306E}"
          RenderRuby (inline) {RUBY} at (0,0) size 18x34
            RenderRubyRun (anonymous) at (1135,344) size 24x33
              RenderRubyText {RT} at (-9,0) size 14x33
                RenderText {#text} at (2,0) size 10x33
                  text run at (2,0) width 32: "\x{3046}\x{305D}\x{304F}"
              RenderRubyBase (anonymous) at (0,0) size 24x33
                RenderInline {RB} at (0,0) size 18x33
                  RenderText {#text} at (3,0) size 18x33
                    text run at (3,0) width 33: "\x{53F3}\x{8DB3}"
          RenderText {#text} at (1138,377) size 18x49
            text run at (1138,377) width 49: "\x{306F}\x{7A81}\x{7136}"
          RenderRuby (inline) {RUBY} at (0,0) size 18x20
            RenderRubyRun (anonymous) at (1135,425) size 24x19
              RenderRubyText {RT} at (-9,0) size 14x19
                RenderText {#text} at (2,0) size 10x19
                  text run at (2,0) width 19: "\x{3059}\x{308F}"
              RenderRubyBase (anonymous) at (0,0) size 24x19
                RenderInline {RB} at (0,0) size 18x17
                  RenderText {#text} at (3,1) size 18x17
                    text run at (3,1) width 17: "\x{5750}"
          RenderText {#text} at (1138,444) size 46x493
            text run at (1138,444) width 49: "\x{308A}\x{306E}\x{308F}"
            text run at (1166,0) width 33: "\x{308B}\x{3044}"
          RenderRuby (inline) {RUBY} at (0,0) size 18x38
            RenderRubyRun (anonymous) at (1163,32) size 24x37
              RenderRubyText {RT} at (-9,0) size 14x37
                RenderText {#text} at (2,0) size 10x37
                  text run at (2,0) width 37: "\x{304B}\x{304F}\x{3044}\x{3057}"
              RenderRubyBase (anonymous) at (0,0) size 24x37
                RenderInline {RB} at (0,0) size 18x35
                  RenderText {#text} at (3,1) size 18x35
                    text run at (3,1) width 35: "\x{89D2}\x{77F3}"
          RenderText {#text} at (1166,69) size 18x17
            text run at (1166,69) width 17: "\x{306E}"
          RenderRuby (inline) {RUBY} at (0,0) size 18x20
            RenderRubyRun (anonymous) at (1163,85) size 24x19
              RenderRubyText {RT} at (-9,0) size 14x19
                RenderText {#text} at (2,0) size 10x19
                  text run at (2,0) width 19: "\x{306F}\x{3057}"
              RenderRubyBase (anonymous) at (0,0) size 24x19
                RenderInline {RB} at (0,0) size 18x17
                  RenderText {#text} at (3,1) size 18x17
                    text run at (3,1) width 17: "\x{7AEF}"
          RenderText {#text} at (1166,104) size 18x49
            text run at (1166,104) width 49: "\x{3092}\x{8E0F}\x{307F}"
          RenderRuby (inline) {RUBY} at (0,0) size 18x18
            RenderRubyRun (anonymous) at (1163,153) size 24x17
              RenderRubyText {RT} at (-9,0) size 14x17
                RenderText {#text} at (2,3) size 10x10
                  text run at (2,3) width 10: "\x{305D}"
              RenderRubyBase (anonymous) at (0,0) size 24x17
                RenderInline {RB} at (0,0) size 18x17
                  RenderText {#text} at (3,0) size 18x17
                    text run at (3,0) width 17: "\x{640D}"
          RenderText {#text} at (1166,169) size 18x82
            text run at (1166,169) width 81: "\x{304F}\x{306A}\x{3063}\x{305F}\x{3002}"
          RenderRuby (inline) {RUBY} at (0,0) size 18x38
            RenderRubyRun (anonymous) at (1163,250) size 24x37
              RenderRubyText {RT} at (-9,0) size 14x37
                RenderText {#text} at (2,0) size 10x37
                  text run at (2,0) width 37: "\x{3078}\x{3044}\x{3053}\x{3046}"
              RenderRubyBase (anonymous) at (0,0) size 24x37
                RenderInline {RB} at (0,0) size 18x35
                  RenderText {#text} at (3,1) size 18x35
                    text run at (3,1) width 35: "\x{5E73}\x{8861}"
          RenderText {#text} at (1166,287) size 46x481
            text run at (1166,287) width 194: "\x{3092}\x{4FDD}\x{3064}\x{305F}\x{3081}\x{306B}\x{3001}\x{3059}\x{308F}\x{3084}\x{3068}\x{524D}"
            text run at (1194,0) width 97: "\x{306B}\x{98DB}\x{3073}\x{51FA}\x{3057}\x{305F}"
          RenderRuby (inline) {RUBY} at (0,0) size 18x34
            RenderRubyRun (anonymous) at (1191,97) size 24x33
              RenderRubyText {RT} at (-9,0) size 14x33
                RenderText {#text} at (2,0) size 10x33
                  text run at (2,0) width 32: "\x{3055}\x{305D}\x{304F}"
              RenderRubyBase (anonymous) at (0,0) size 24x33
                RenderInline {RB} at (0,0) size 18x33
                  RenderText {#text} at (3,0) size 18x33
                    text run at (3,0) width 33: "\x{5DE6}\x{8DB3}"
          RenderText {#text} at (1194,129) size 18x33
            text run at (1194,129) width 33: "\x{304C}\x{3001}"
          RenderRuby (inline) {RUBY} at (0,0) size 18x34
            RenderRubyRun (anonymous) at (1191,162) size 24x33
              RenderRubyText {RT} at (-9,0) size 14x33
                RenderText {#text} at (2,0) size 10x33
                  text run at (2,0) width 32: "\x{3057}\x{305D}\x{3093}"
              RenderRubyBase (anonymous) at (0,0) size 24x33
                RenderInline {RB} at (0,0) size 18x33
                  RenderText {#text} at (3,0) size 18x33
                    text run at (3,0) width 33: "\x{4ED5}\x{640D}"
          RenderText {#text} at (1194,194) size 18x34
            text run at (1194,194) width 33: "\x{3058}\x{306E}"
          RenderRuby (inline) {RUBY} at (0,0) size 18x18
            RenderRubyRun (anonymous) at (1191,227) size 24x17
              RenderRubyText {RT} at (-9,0) size 14x17
                RenderText {#text} at (2,3) size 10x10
                  text run at (2,3) width 10: "\x{3046}"
              RenderRubyBase (anonymous) at (0,0) size 24x17
                RenderInline {RB} at (0,0) size 18x17
                  RenderText {#text} at (3,0) size 18x17
                    text run at (3,0) width 17: "\x{57CB}"
          RenderText {#text} at (1194,244) size 18x17
            text run at (1194,244) width 17: "\x{3081}"
          RenderRuby (inline) {RUBY} at (0,0) size 18x20
            RenderRubyRun (anonymous) at (1191,260) size 24x19
              RenderRubyText {RT} at (-9,0) size 14x19
                RenderText {#text} at (2,0) size 10x19
                  text run at (2,0) width 19: "\x{3042}\x{308F}"
              RenderRubyBase (anonymous) at (0,0) size 24x19
                RenderInline {RB} at (0,0) size 18x17
                  RenderText {#text} at (3,1) size 18x17
                    text run at (3,1) width 17: "\x{5408}"
          RenderText {#text} at (1194,279) size 46x489
            text run at (1194,279) width 210: "\x{305B}\x{3092}\x{3059}\x{308B}\x{3068}\x{5171}\x{306B}\x{3001}\x{4F59}\x{306E}\x{8170}\x{306F}\x{5177}"
            text run at (1222,0) width 49: "\x{5408}\x{3088}\x{304F}"
          RenderRuby (inline) {RUBY} at (0,0) size 18x20
            RenderRubyRun (anonymous) at (1219,48) size 24x19
              RenderRubyText {RT} at (-9,0) size 14x19
                RenderText {#text} at (2,0) size 10x19
                  text run at (2,0) width 19: "\x{307B}\x{3046}"
              RenderRubyBase (anonymous) at (0,0) size 24x19
                RenderInline {RB} at (0,0) size 18x17
                  RenderText {#text} at (3,1) size 18x17
                    text run at (3,1) width 17: "\x{65B9}"
          RenderText {#text} at (1222,67) size 18x146
            text run at (1222,67) width 146: "\x{4E09}\x{5C3A}\x{307B}\x{3069}\x{306A}\x{5CA9}\x{306E}\x{4E0A}\x{306B}"
          RenderRuby (inline) {RUBY} at (0,0) size 18x18
            RenderRubyRun (anonymous) at (1219,212) size 24x17
              RenderRubyText {RT} at (-9,0) size 14x17
                RenderText {#text} at (2,3) size 10x10
                  text run at (2,3) width 10: "\x{304A}"
              RenderRubyBase (anonymous) at (0,0) size 24x17
                RenderInline {RB} at (0,0) size 18x17
                  RenderText {#text} at (3,0) size 18x17
                    text run at (3,0) width 17: "\x{5378}"
          RenderText {#text} at (1222,229) size 18x210
            text run at (1222,229) width 210: "\x{308A}\x{305F}\x{3002}\x{80A9}\x{306B}\x{304B}\x{3051}\x{305F}\x{7D75}\x{306E}\x{5177}\x{7BB1}\x{304C}"
          RenderRuby (inline) {RUBY} at (0,0) size 18x20
            RenderRubyRun (anonymous) at (1219,439) size 24x19
              RenderRubyText {RT} at (-9,0) size 14x19
                RenderText {#text} at (2,0) size 10x19
                  text run at (2,0) width 19: "\x{308F}\x{304D}"
              RenderRubyBase (anonymous) at (0,0) size 24x19
                RenderInline {RB} at (0,0) size 18x17
                  RenderText {#text} at (3,1) size 18x17
                    text run at (3,1) width 17: "\x{814B}"
          RenderText {#text} at (1222,457) size 46x491
            text run at (1222,457) width 33: "\x{306E}\x{4E0B}"
            text run at (1250,0) width 33: "\x{304B}\x{3089}"
          RenderRuby (inline) {RUBY} at (0,0) size 18x20
            RenderRubyRun (anonymous) at (1247,32) size 24x19
              RenderRubyText {RT} at (-9,0) size 14x19
                RenderText {#text} at (2,0) size 10x19
                  text run at (2,0) width 19: "\x{304A}\x{3069}"
              RenderRubyBase (anonymous) at (0,0) size 24x19
                RenderInline {RB} at (0,0) size 18x17
                  RenderText {#text} at (3,1) size 18x17
                    text run at (3,1) width 17: "\x{8E8D}"
          RenderText {#text} at (1250,51) size 18x178
            text run at (1250,51) width 178: "\x{308A}\x{51FA}\x{3057}\x{305F}\x{3060}\x{3051}\x{3067}\x{3001}\x{5E78}\x{3044}\x{3068}"
          RenderRuby (inline) {RUBY} at (0,0) size 18x20
            RenderRubyRun (anonymous) at (1247,228) size 24x19
              RenderRubyText {RT} at (-9,0) size 14x19
                RenderText {#text} at (2,0) size 10x19
                  text run at (2,0) width 19: "\x{306A}\x{3093}"
              RenderRubyBase (anonymous) at (0,0) size 24x19
                RenderInline {RB} at (0,0) size 18x17
                  RenderText {#text} at (3,1) size 18x17
                    text run at (3,1) width 17: "\x{4F55}"
          RenderText {#text} at (1250,247) size 18x130
            text run at (1250,247) width 129: "\x{306E}\x{4E8B}\x{3082}\x{306A}\x{304B}\x{3063}\x{305F}\x{3002}"
          RenderBR {BR} at (1250,376) size 18x1
          RenderText {#text} at (1278,0) size 18x242
            text run at (1278,0) width 242: "\x{3000}\x{7ACB}\x{3061}\x{4E0A}\x{304C}\x{308B}\x{6642}\x{306B}\x{5411}\x{3046}\x{3092}\x{898B}\x{308B}\x{3068}\x{3001}"
          RenderRuby (inline) {RUBY} at (0,0) size 18x20
            RenderRubyRun (anonymous) at (1275,242) size 24x19
              RenderRubyText {RT} at (-9,0) size 14x19
                RenderText {#text} at (2,0) size 10x19
                  text run at (2,0) width 19: "\x{307F}\x{3061}"
              RenderRubyBase (anonymous) at (0,0) size 24x19
                RenderInline {RB} at (0,0) size 18x17
                  RenderText {#text} at (3,1) size 18x17
                    text run at (3,1) width 17: "\x{8DEF}"
          RenderText {#text} at (1278,260) size 46x487
            text run at (1278,260) width 226: "\x{304B}\x{3089}\x{5DE6}\x{306E}\x{65B9}\x{306B}\x{30D0}\x{30B1}\x{30C4}\x{3092}\x{4F0F}\x{305B}\x{305F}\x{3088}"
            text run at (1306,0) width 65: "\x{3046}\x{306A}\x{5CF0}\x{304C}"
          RenderRuby (inline) {RUBY} at (0,0) size 18x20
            RenderRubyRun (anonymous) at (1303,64) size 24x19
              RenderRubyText {RT} at (-9,0) size 14x19
                RenderText {#text} at (2,0) size 10x19
                  text run at (2,0) width 19: "\x{305D}\x{3073}"
              RenderRubyBase (anonymous) at (0,0) size 24x19
                RenderInline {RB} at (0,0) size 18x17
                  RenderText {#text} at (3,1) size 18x17
                    text run at (3,1) width 17: "\x{8073}"
          RenderText {#text} at (1306,83) size 18x114
            text run at (1306,83) width 113: "\x{3048}\x{3066}\x{3044}\x{308B}\x{3002}\x{6749}\x{304B}"
          RenderRuby (inline) {RUBY} at (0,0) size 18x29
            RenderRubyRun (anonymous) at (1303,196) size 24x28
              RenderRubyText {RT} at (-9,0) size 14x28
                RenderText {#text} at (2,0) size 10x28
                  text run at (2,0) width 28: "\x{3072}\x{306E}\x{304D}"
              RenderRubyBase (anonymous) at (0,0) size 24x28
                RenderInline {RB} at (0,0) size 18x17
                  RenderText {#text} at (3,5) size 18x17
                    text run at (3,5) width 17: "\x{6A9C}"
          RenderText {#text} at (1306,224) size 18x114
            text run at (1306,224) width 113: "\x{304B}\x{5206}\x{304B}\x{3089}\x{306A}\x{3044}\x{304C}"
          RenderRuby (inline) {RUBY} at (0,0) size 18x34
            RenderRubyRun (anonymous) at (1303,337) size 24x33
              RenderRubyText {RT} at (-9,0) size 14x33
                RenderText {#text} at (2,0) size 10x33
                  text run at (2,0) width 32: "\x{306D}\x{3082}\x{3068}"
              RenderRubyBase (anonymous) at (0,0) size 24x33
                RenderInline {RB} at (0,0) size 18x33
                  RenderText {#text} at (3,0) size 18x33
                    text run at (3,0) width 33: "\x{6839}\x{5143}"
          RenderText {#text} at (1306,370) size 18x33
            text run at (1306,370) width 33: "\x{304B}\x{3089}"
          RenderRuby (inline) {RUBY} at (0,0) size 18x29
            RenderRubyRun (anonymous) at (1303,402) size 24x28
              RenderRubyText {RT} at (-9,0) size 14x28
                RenderText {#text} at (2,0) size 10x28
                  text run at (2,0) width 28: "\x{3044}\x{305F}\x{3060}"
              RenderRubyBase (anonymous) at (0,0) size 24x28
                RenderInline {RB} at (0,0) size 18x17
                  RenderText {#text} at (3,5) size 18x17
                    text run at (3,5) width 17: "\x{9802}"
          RenderText {#text} at (1306,430) size 46x479
            text run at (1306,430) width 49: "\x{304D}\x{307E}\x{3067}"
            text run at (1334,0) width 81: "\x{3053}\x{3068}\x{3054}\x{3068}\x{304F}"
          RenderRuby (inline) {RUBY} at (0,0) size 18x38
            RenderRubyRun (anonymous) at (1331,81) size 24x37
              RenderRubyText {RT} at (-9,0) size 14x37
                RenderText {#text} at (2,0) size 10x37
                  text run at (2,0) width 37: "\x{3042}\x{304A}\x{3050}\x{308D}"
              RenderRubyBase (anonymous) at (0,0) size 24x37
                RenderInline {RB} at (0,0) size 18x35
                  RenderText {#text} at (3,1) size 18x35
                    text run at (3,1) width 35: "\x{84BC}\x{9ED2}"
          RenderText {#text} at (1334,117) size 18x243
            text run at (1334,117) width 242: "\x{3044}\x{4E2D}\x{306B}\x{3001}\x{5C71}\x{685C}\x{304C}\x{8584}\x{8D64}\x{304F}\x{3060}\x{3093}\x{3060}\x{3089}\x{306B}"
          RenderRuby (inline) {RUBY} at (0,0) size 18x34
            RenderRubyRun (anonymous) at (1331,359) size 24x33
              RenderRubyText {RT} at (-9,0) size 14x33
                RenderText {#text} at (2,0) size 10x33
                  text run at (2,0) width 32: "\x{305F}\x{306A}\x{3073}"
              RenderRubyBase (anonymous) at (0,0) size 24x33
                RenderInline {RB} at (0,0) size 18x33
                  RenderText {#text} at (3,0) size 18x33
                    text run at (3,0) width 33: "\x{68DA}\x{5F15}"
          RenderText {#text} at (1334,392) size 18x49
            text run at (1334,392) width 49: "\x{3044}\x{3066}\x{3001}"
          RenderRuby (inline) {RUBY} at (0,0) size 18x18
            RenderRubyRun (anonymous) at (1331,441) size 24x17
              RenderRubyText {RT} at (-9,0) size 14x17
                RenderText {#text} at (2,3) size 10x10
                  text run at (2,3) width 10: "\x{3064}"
              RenderRubyBase (anonymous) at (0,0) size 24x17
                RenderInline {RB} at (0,0) size 18x17
                  RenderText {#text} at (3,0) size 18x17
                    text run at (3,0) width 17: "\x{7D9A}"
          RenderText {#text} at (1334,457) size 18x17
            text run at (1334,457) width 17: "\x{304E}"
          RenderRuby (inline) {RUBY} at (0,0) size 18x18
            RenderRubyRun (anonymous) at (1331,474) size 24x17
              RenderRubyText {RT} at (-9,0) size 14x17
                RenderText {#text} at (2,3) size 10x10
                  text run at (2,3) width 10: "\x{3081}"
              RenderRubyBase (anonymous) at (0,0) size 24x17
                RenderInline {RB} at (0,0) size 18x17
                  RenderText {#text} at (3,0) size 18x17
                    text run at (3,0) width 17: "\x{76EE}"
          RenderText {#text} at (1362,0) size 18x17
            text run at (1362,0) width 17: "\x{304C}"
          RenderRuby (inline) {RUBY} at (0,0) size 18x20
            RenderRubyRun (anonymous) at (1359,16) size 24x19
              RenderRubyText {RT} at (-9,0) size 14x19
                RenderText {#text} at (2,0) size 10x19
                  text run at (2,0) width 19: "\x{3057}\x{304B}"
              RenderRubyBase (anonymous) at (0,0) size 24x19
                RenderInline {RB} at (0,0) size 18x17
                  RenderText {#text} at (3,1) size 18x17
                    text run at (3,1) width 17: "\x{78BA}"
          RenderText {#text} at (1362,35) size 18x113
            text run at (1362,35) width 113: "\x{3068}\x{898B}\x{3048}\x{306C}\x{304F}\x{3089}\x{3044}"
          RenderRuby (inline) {RUBY} at (0,0) size 18x20
            RenderRubyRun (anonymous) at (1359,148) size 24x19
              RenderRubyText {RT} at (-9,0) size 14x19
                RenderText {#text} at (2,0) size 10x19
                  text run at (2,0) width 19: "\x{3082}\x{3084}"
              RenderRubyBase (anonymous) at (0,0) size 24x19
                RenderInline {RB} at (0,0) size 18x17
                  RenderText {#text} at (3,1) size 18x17
                    text run at (3,1) width 17: "\x{9744}"
          RenderText {#text} at (1362,166) size 18x146
            text run at (1362,166) width 146: "\x{304C}\x{6FC3}\x{3044}\x{3002}\x{5C11}\x{3057}\x{624B}\x{524D}\x{306B}"
          RenderRuby (inline) {RUBY} at (0,0) size 18x38
            RenderRubyRun (anonymous) at (1359,312) size 24x37
              RenderRubyText {RT} at (-9,0) size 14x37
                RenderText {#text} at (2,0) size 10x37
                  text run at (2,0) width 37: "\x{306F}\x{3052}\x{3084}\x{307E}"
              RenderRubyBase (anonymous) at (0,0) size 24x37
                RenderInline {RB} at (0,0) size 18x35
                  RenderText {#text} at (3,1) size 18x35
                    text run at (3,1) width 35: "\x{79BF}\x{5C71}"
          RenderText {#text} at (1362,348) size 18x66
            text run at (1362,348) width 65: "\x{304C}\x{4E00}\x{3064}\x{3001}"
          RenderRuby (inline) {RUBY} at (0,0) size 18x20
            RenderRubyRun (anonymous) at (1359,413) size 24x19
              RenderRubyText {RT} at (-9,0) size 14x19
                RenderText {#text} at (2,0) size 10x19
                  text run at (2,0) width 19: "\x{3050}\x{3093}"
              RenderRubyBase (anonymous) at (0,0) size 24x19
                RenderInline {RB} at (0,0) size 18x17
                  RenderText {#text} at (3,1) size 18x17
                    text run at (3,1) width 17: "\x{7FA4}"
          RenderText {#text} at (1362,432) size 46x481
            text run at (1362,432) width 49: "\x{3092}\x{306C}\x{304D}"
            text run at (1390,0) width 49: "\x{3093}\x{3067}\x{3066}"
          RenderRuby (inline) {RUBY} at (0,0) size 18x20
            RenderRubyRun (anonymous) at (1387,48) size 24x19
              RenderRubyText {RT} at (-9,0) size 14x19
                RenderText {#text} at (2,0) size 10x19
                  text run at (2,0) width 19: "\x{307E}\x{3086}"
              RenderRubyBase (anonymous) at (0,0) size 24x19
                RenderInline {RB} at (0,0) size 18x17
                  RenderText {#text} at (3,1) size 18x17
                    text run at (3,1) width 17: "\x{7709}"
          RenderText {#text} at (1390,67) size 18x17
            text run at (1390,67) width 17: "\x{306B}"
          RenderRuby (inline) {RUBY} at (0,0) size 18x20
            RenderRubyRun (anonymous) at (1387,83) size 24x19
              RenderRubyText {RT} at (-9,0) size 14x19
                RenderText {#text} at (2,0) size 10x19
                  text run at (2,0) width 19: "\x{305B}\x{307E}"
              RenderRubyBase (anonymous) at (0,0) size 24x19
                RenderInline {RB} at (0,0) size 18x17
                  RenderText {#text} at (3,1) size 18x17
                    text run at (3,1) width 17: "\x{903C}"
          RenderText {#text} at (1390,102) size 18x33
            text run at (1390,102) width 33: "\x{308B}\x{3002}"
          RenderRuby (inline) {RUBY} at (0,0) size 18x18
            RenderRubyRun (anonymous) at (1387,135) size 24x17
              RenderRubyText {RT} at (-9,0) size 14x17
                RenderText {#text} at (2,3) size 10x10
                  text run at (2,3) width 10: "\x{306F}"
              RenderRubyBase (anonymous) at (0,0) size 24x17
                RenderInline {RB} at (0,0) size 18x17
                  RenderText {#text} at (3,0) size 18x17
                    text run at (3,0) width 17: "\x{79BF}"
          RenderText {#text} at (1390,151) size 18x130
            text run at (1390,151) width 129: "\x{3052}\x{305F}\x{5074}\x{9762}\x{306F}\x{5DE8}\x{4EBA}\x{306E}"
          RenderRuby (inline) {RUBY} at (0,0) size 18x20
            RenderRubyRun (anonymous) at (1387,281) size 24x19
              RenderRubyText {RT} at (-9,0) size 14x19
                RenderText {#text} at (2,0) size 10x19
                  text run at (2,0) width 19: "\x{304A}\x{306E}"
              RenderRubyBase (anonymous) at (0,0) size 24x19
                RenderInline {RB} at (0,0) size 18x17
                  RenderText {#text} at (3,1) size 18x17
                    text run at (3,1) width 17: "\x{65A7}"
          RenderText {#text} at (1390,299) size 18x17
            text run at (1390,299) width 17: "\x{3067}"
          RenderRuby (inline) {RUBY} at (0,0) size 18x20
            RenderRubyRun (anonymous) at (1387,316) size 24x19
              RenderRubyText {RT} at (-9,0) size 14x19
                RenderText {#text} at (2,0) size 10x19
                  text run at (2,0) width 19: "\x{3051}\x{305A}"
              RenderRubyBase (anonymous) at (0,0) size 24x19
                RenderInline {RB} at (0,0) size 18x17
                  RenderText {#text} at (3,1) size 18x17
                    text run at (3,1) width 17: "\x{524A}"
          RenderText {#text} at (1390,334) size 46x480
            text run at (1390,334) width 146: "\x{308A}\x{53BB}\x{3063}\x{305F}\x{304B}\x{3001}\x{92ED}\x{3069}\x{304D}"
            text run at (1418,0) width 162: "\x{5E73}\x{9762}\x{3092}\x{3084}\x{3051}\x{306B}\x{8C37}\x{306E}\x{5E95}\x{306B}"
          RenderRuby (inline) {RUBY} at (0,0) size 18x20
            RenderRubyRun (anonymous) at (1415,161) size 24x19
              RenderRubyText {RT} at (-9,0) size 14x19
                RenderText {#text} at (2,0) size 10x19
                  text run at (2,0) width 19: "\x{3046}\x{305A}"
              RenderRubyBase (anonymous) at (0,0) size 24x19
                RenderInline {RB} at (0,0) size 18x17
                  RenderText {#text} at (3,1) size 18x17
                    text run at (3,1) width 17: "\x{57CB}"
          RenderText {#text} at (1418,180) size 18x81
            text run at (1418,180) width 81: "\x{3081}\x{3066}\x{3044}\x{308B}\x{3002}"
          RenderRuby (inline) {RUBY} at (0,0) size 18x38
            RenderRubyRun (anonymous) at (1415,261) size 24x37
              RenderRubyText {RT} at (-9,0) size 14x37
                RenderText {#text} at (2,0) size 10x37
                  text run at (2,0) width 37: "\x{3066}\x{3063}\x{307A}\x{3093}"
              RenderRubyBase (anonymous) at (0,0) size 24x37
                RenderInline {RB} at (0,0) size 18x35
                  RenderText {#text} at (3,1) size 18x35
                    text run at (3,1) width 35: "\x{5929}\x{8FBA}"
          RenderText {#text} at (1418,297) size 46x492
            text run at (1418,297) width 194: "\x{306B}\x{4E00}\x{672C}\x{898B}\x{3048}\x{308B}\x{306E}\x{306F}\x{8D64}\x{677E}\x{3060}\x{308D}"
            text run at (1446,0) width 146: "\x{3046}\x{3002}\x{679D}\x{306E}\x{9593}\x{306E}\x{7A7A}\x{3055}\x{3048}"
          RenderRuby (inline) {RUBY} at (0,0) size 18x38
            RenderRubyRun (anonymous) at (1443,145) size 24x37
              RenderRubyText {RT} at (-9,0) size 14x37
                RenderText {#text} at (2,0) size 10x37
                  text run at (2,0) width 37: "\x{306F}\x{3063}\x{304D}\x{308A}"
              RenderRubyBase (anonymous) at (0,0) size 24x37
                RenderInline {RB} at (0,0) size 18x35
                  RenderText {#text} at (3,1) size 18x35
                    text run at (3,1) width 35: "\x{5224}\x{7136}"
          RenderText {#text} at (1446,182) size 46x489
            text run at (1446,182) width 307: "\x{3057}\x{3066}\x{3044}\x{308B}\x{3002}\x{884C}\x{304F}\x{624B}\x{306F}\x{4E8C}\x{4E01}\x{307B}\x{3069}\x{3067}\x{5207}\x{308C}\x{3066}\x{3044}\x{308B}"
            text run at (1474,0) width 146: "\x{304C}\x{3001}\x{9AD8}\x{3044}\x{6240}\x{304B}\x{3089}\x{8D64}\x{3044}"
          RenderRuby (inline) {RUBY} at (0,0) size 18x34
            RenderRubyRun (anonymous) at (1471,145) size 24x33
              RenderRubyText {RT} at (-9,0) size 14x33
                RenderText {#text} at (2,0) size 10x33
                  text run at (2,0) width 32: "\x{3051}\x{3063}\x{3068}"
              RenderRubyBase (anonymous) at (0,0) size 24x33
                RenderInline {RB} at (0,0) size 18x33
                  RenderText {#text} at (3,0) size 18x33
                    text run at (3,0) width 33: "\x{6BDB}\x{5E03}"
          RenderText {#text} at (1474,178) size 46x485
            text run at (1474,178) width 307: "\x{304C}\x{52D5}\x{3044}\x{3066}\x{6765}\x{308B}\x{306E}\x{3092}\x{898B}\x{308B}\x{3068}\x{3001}\x{767B}\x{308C}\x{3070}\x{3042}\x{3059}\x{3053}\x{3078}"
            text run at (1502,0) width 210: "\x{51FA}\x{308B}\x{306E}\x{3060}\x{308D}\x{3046}\x{3002}\x{8DEF}\x{306F}\x{3059}\x{3053}\x{3076}\x{308B}"
          RenderRuby (inline) {RUBY} at (0,0) size 18x34
            RenderRubyRun (anonymous) at (1499,209) size 24x33
              RenderRubyText {RT} at (-9,0) size 14x33
                RenderText {#text} at (2,0) size 10x33
                  text run at (2,0) width 32: "\x{306A}\x{3093}\x{304E}"
              RenderRubyBase (anonymous) at (0,0) size 24x33
                RenderInline {RB} at (0,0) size 18x33
                  RenderText {#text} at (3,0) size 18x33
                    text run at (3,0) width 33: "\x{96E3}\x{7FA9}"
          RenderText {#text} at (1502,242) size 18x33
            text run at (1502,242) width 33: "\x{3060}\x{3002}"
          RenderBR {BR} at (1502,274) size 18x1
          RenderText {#text} at (1530,0) size 18x210
            text run at (1530,0) width 210: "\x{3000}\x{571F}\x{3092}\x{306A}\x{3089}\x{3059}\x{3060}\x{3051}\x{306A}\x{3089}\x{3055}\x{307B}\x{3069}"
          RenderRuby (inline) {RUBY} at (0,0) size 18x34
            RenderRubyRun (anonymous) at (1527,209) size 24x33
              RenderRubyText {RT} at (-9,0) size 14x33
                RenderText {#text} at (2,3) size 10x26
                  text run at (2,3) width 26: "\x{3066}\x{307E}"
              RenderRubyBase (anonymous) at (0,0) size 24x33
                RenderInline {RB} at (0,0) size 18x33
                  RenderText {#text} at (3,0) size 18x33
                    text run at (3,0) width 33: "\x{624B}\x{9593}"
          RenderText {#text} at (1530,242) size 18x17
            text run at (1530,242) width 17: "\x{3082}"
          RenderRuby (inline) {RUBY} at (0,0) size 18x18
            RenderRubyRun (anonymous) at (1527,259) size 24x17
              RenderRubyText {RT} at (-9,0) size 14x17
                RenderText {#text} at (2,3) size 10x10
                  text run at (2,3) width 10: "\x{3044}"
              RenderRubyBase (anonymous) at (0,0) size 24x17
                RenderInline {RB} at (0,0) size 18x17
                  RenderText {#text} at (3,0) size 18x17
                    text run at (3,0) width 17: "\x{5165}"
          RenderText {#text} at (1530,275) size 46x486
            text run at (1530,275) width 210: "\x{308B}\x{307E}\x{3044}\x{304C}\x{3001}\x{571F}\x{306E}\x{4E2D}\x{306B}\x{306F}\x{5927}\x{304D}\x{306A}"
            text run at (1558,0) width 113: "\x{77F3}\x{304C}\x{3042}\x{308B}\x{3002}\x{571F}\x{306F}"
          RenderRuby (inline) {RUBY} at (0,0) size 18x20
            RenderRubyRun (anonymous) at (1555,113) size 24x19
              RenderRubyText {RT} at (-9,0) size 14x19
                RenderText {#text} at (2,0) size 10x19
                  text run at (2,0) width 19: "\x{305F}\x{3044}"
              RenderRubyBase (anonymous) at (0,0) size 24x19
                RenderInline {RB} at (0,0) size 18x17
                  RenderText {#text} at (3,1) size 18x17
                    text run at (3,1) width 17: "\x{5E73}"
          RenderText {#text} at (1558,131) size 46x471
            text run at (1558,131) width 339: "\x{3089}\x{306B}\x{3057}\x{3066}\x{3082}\x{77F3}\x{306F}\x{5E73}\x{3089}\x{306B}\x{306A}\x{3089}\x{306C}\x{3002}\x{77F3}\x{306F}\x{5207}\x{308A}\x{7815}\x{3044}\x{3066}"
            text run at (1586,0) width 178: "\x{3082}\x{3001}\x{5CA9}\x{306F}\x{59CB}\x{672B}\x{304C}\x{3064}\x{304B}\x{306C}\x{3002}"
          RenderRuby (inline) {RUBY} at (0,0) size 18x38
            RenderRubyRun (anonymous) at (1583,177) size 24x37
              RenderRubyText {RT} at (-9,0) size 14x37
                RenderText {#text} at (2,0) size 10x37
                  text run at (2,0) width 37: "\x{307B}\x{308A}\x{304F}\x{305A}"
              RenderRubyBase (anonymous) at (0,0) size 24x37
                RenderInline {RB} at (0,0) size 18x35
                  RenderText {#text} at (3,1) size 18x35
                    text run at (3,1) width 35: "\x{6398}\x{5D29}"
          RenderText {#text} at (1586,214) size 18x97
            text run at (1586,214) width 97: "\x{3057}\x{305F}\x{571F}\x{306E}\x{4E0A}\x{306B}"
          RenderRuby (inline) {RUBY} at (0,0) size 18x38
            RenderRubyRun (anonymous) at (1583,311) size 24x37
              RenderRubyText {RT} at (-9,0) size 14x37
                RenderText {#text} at (2,0) size 10x37
                  text run at (2,0) width 37: "\x{3086}\x{3046}\x{305C}\x{3093}"
              RenderRubyBase (anonymous) at (0,0) size 24x37
                RenderInline {RB} at (0,0) size 18x35
                  RenderText {#text} at (3,1) size 18x35
                    text run at (3,1) width 35: "\x{60A0}\x{7136}"
          RenderText {#text} at (1586,347) size 18x18
            text run at (1586,347) width 17: "\x{3068}"
          RenderRuby (inline) {RUBY} at (0,0) size 18x29
            RenderRubyRun (anonymous) at (1583,364) size 24x28
              RenderRubyText {RT} at (-9,0) size 14x28
                RenderText {#text} at (2,0) size 10x28
                  text run at (2,0) width 28: "\x{305D}\x{3070}\x{3060}"
              RenderRubyBase (anonymous) at (0,0) size 24x28
                RenderInline {RB} at (0,0) size 18x17
                  RenderText {#text} at (3,5) size 18x17
                    text run at (3,5) width 17: "\x{5CD9}"
          RenderText {#text} at (1586,392) size 46x489
            text run at (1586,392) width 97: "\x{3063}\x{3066}\x{3001}\x{543E}\x{3089}\x{306E}"
            text run at (1614,0) width 113: "\x{305F}\x{3081}\x{306B}\x{9053}\x{3092}\x{8B72}\x{308B}"
          RenderRuby (inline) {RUBY} at (0,0) size 18x34
            RenderRubyRun (anonymous) at (1611,113) size 24x33
              RenderRubyText {RT} at (-9,0) size 14x33
                RenderText {#text} at (2,0) size 10x33
                  text run at (2,0) width 32: "\x{3051}\x{3057}\x{304D}"
              RenderRubyBase (anonymous) at (0,0) size 24x33
                RenderInline {RB} at (0,0) size 18x33
                  RenderText {#text} at (3,0) size 18x33
                    text run at (3,0) width 33: "\x{666F}\x{8272}"
          RenderText {#text} at (1614,145) size 46x485
            text run at (1614,145) width 339: "\x{306F}\x{306A}\x{3044}\x{3002}\x{5411}\x{3046}\x{3067}\x{805E}\x{304B}\x{306C}\x{4E0A}\x{306F}\x{4E57}\x{308A}\x{8D8A}\x{3059}\x{304B}\x{3001}\x{5EFB}\x{3089}\x{306A}"
            text run at (1642,0) width 113: "\x{3051}\x{308C}\x{3070}\x{306A}\x{3089}\x{3093}\x{3002}"
          RenderRuby (inline) {RUBY} at (0,0) size 18x20
            RenderRubyRun (anonymous) at (1639,113) size 24x19
              RenderRubyText {RT} at (-9,0) size 14x19
                RenderText {#text} at (2,0) size 10x19
                  text run at (2,0) width 19: "\x{3044}\x{308F}"
              RenderRubyBase (anonymous) at (0,0) size 24x19
                RenderInline {RB} at (0,0) size 18x17
                  RenderText {#text} at (3,1) size 18x17
                    text run at (3,1) width 17: "\x{5DCC}"
          RenderText {#text} at (1642,131) size 18x114
            text run at (1642,131) width 113: "\x{306E}\x{306A}\x{3044}\x{6240}\x{3067}\x{3055}\x{3048}"
          RenderRuby (inline) {RUBY} at (0,0) size 18x18
            RenderRubyRun (anonymous) at (1639,245) size 24x17
              RenderRubyText {RT} at (-9,0) size 14x17
                RenderText {#text} at (2,3) size 10x10
                  text run at (2,3) width 10: "\x{3042}"
              RenderRubyBase (anonymous) at (0,0) size 24x17
                RenderInline {RB} at (0,0) size 18x17
                  RenderText {#text} at (3,0) size 18x17
                    text run at (3,0) width 17: "\x{6B69}"
          RenderText {#text} at (1642,261) size 46x488
            text run at (1642,261) width 226: "\x{308B}\x{304D}\x{3088}\x{304F}\x{306F}\x{306A}\x{3044}\x{3002}\x{5DE6}\x{53F3}\x{304C}\x{9AD8}\x{304F}\x{3063}"
            text run at (1670,0) width 81: "\x{3066}\x{3001}\x{4E2D}\x{5FC3}\x{304C}"
          RenderRuby (inline) {RUBY} at (0,0) size 18x20
            RenderRubyRun (anonymous) at (1667,81) size 24x19
              RenderRubyText {RT} at (-9,0) size 14x19
                RenderText {#text} at (2,0) size 10x19
                  text run at (2,0) width 19: "\x{304F}\x{307C}"
              RenderRubyBase (anonymous) at (0,0) size 24x19
                RenderInline {RB} at (0,0) size 18x17
                  RenderText {#text} at (3,1) size 18x17
                    text run at (3,1) width 17: "\x{7AAA}"
          RenderText {#text} at (1670,99) size 18x130
            text run at (1670,99) width 129: "\x{3093}\x{3067}\x{3001}\x{307E}\x{308B}\x{3067}\x{4E00}\x{9593}"
          RenderRuby (inline) {RUBY} at (0,0) size 18x20
            RenderRubyRun (anonymous) at (1667,228) size 24x19
              RenderRubyText {RT} at (-9,0) size 14x19
                RenderText {#text} at (2,0) size 10x19
                  text run at (2,0) width 19: "\x{306F}\x{3070}"
              RenderRubyBase (anonymous) at (0,0) size 24x19
                RenderInline {RB} at (0,0) size 18x17
                  RenderText {#text} at (3,1) size 18x17
                    text run at (3,1) width 17: "\x{5E45}"
          RenderText {#text} at (1670,247) size 18x65
            text run at (1670,247) width 65: "\x{3092}\x{4E09}\x{89D2}\x{306B}"
          RenderRuby (inline) {RUBY} at (0,0) size 18x18
            RenderRubyRun (anonymous) at (1667,312) size 24x17
              RenderRubyText {RT} at (-9,0) size 14x17
                RenderText {#text} at (2,3) size 10x10
                  text run at (2,3) width 10: "\x{304F}"
              RenderRubyBase (anonymous) at (0,0) size 24x17
                RenderInline {RB} at (0,0) size 18x17
                  RenderText {#text} at (3,0) size 18x17
                    text run at (3,0) width 17: "\x{7A7F}"
          RenderText {#text} at (1670,328) size 18x130
            text run at (1670,328) width 129: "\x{3063}\x{3066}\x{3001}\x{305D}\x{306E}\x{9802}\x{70B9}\x{304C}"
          RenderRuby (inline) {RUBY} at (0,0) size 18x37
            RenderRubyRun (anonymous) at (1695,0) size 24x37
              RenderRubyText {RT} at (-9,0) size 14x37
                RenderText {#text} at (2,0) size 10x37
                  text run at (2,0) width 37: "\x{307E}\x{3093}\x{306A}\x{304B}"
              RenderRubyBase (anonymous) at (0,0) size 24x37
                RenderInline {RB} at (0,0) size 18x35
                  RenderText {#text} at (3,1) size 18x35
                    text run at (3,1) width 35: "\x{771F}\x{4E2D}"
          RenderText {#text} at (1698,37) size 18x17
            text run at (1698,37) width 17: "\x{3092}"
          RenderRuby (inline) {RUBY} at (0,0) size 18x29
            RenderRubyRun (anonymous) at (1695,53) size 24x28
              RenderRubyText {RT} at (-9,0) size 14x28
                RenderText {#text} at (2,0) size 10x28
                  text run at (2,0) width 28: "\x{3064}\x{3089}\x{306C}"
              RenderRubyBase (anonymous) at (0,0) size 24x28
                RenderInline {RB} at (0,0) size 18x17
                  RenderText {#text} at (3,5) size 18x17
                    text run at (3,5) width 17: "\x{8CAB}"
          RenderText {#text} at (1698,81) size 18x403
            text run at (1698,81) width 403: "\x{3044}\x{3066}\x{3044}\x{308B}\x{3068}\x{8A55}\x{3057}\x{3066}\x{3082}\x{3088}\x{3044}\x{3002}\x{8DEF}\x{3092}\x{884C}\x{304F}\x{3068}\x{4E91}\x{308F}\x{3093}\x{3088}\x{308A}\x{5DDD}\x{5E95}\x{3092}"
          RenderRuby (inline) {RUBY} at (0,0) size 18x19
            RenderRubyRun (anonymous) at (1723,0) size 24x19
              RenderRubyText {RT} at (-9,0) size 14x19
                RenderText {#text} at (2,0) size 10x19
                  text run at (2,0) width 19: "\x{308F}\x{305F}"
              RenderRubyBase (anonymous) at (0,0) size 24x19
                RenderInline {RB} at (0,0) size 18x17
                  RenderText {#text} at (3,1) size 18x17
                    text run at (3,1) width 17: "\x{6E09}"
          RenderText {#text} at (1726,19) size 18x162
            text run at (1726,19) width 162: "\x{308B}\x{3068}\x{4E91}\x{3046}\x{65B9}\x{304C}\x{9069}\x{5F53}\x{3060}\x{3002}"
          RenderRuby (inline) {RUBY} at (0,0) size 18x20
            RenderRubyRun (anonymous) at (1723,180) size 24x19
              RenderRubyText {RT} at (-9,0) size 14x19
                RenderText {#text} at (2,0) size 10x19
                  text run at (2,0) width 19: "\x{3082}\x{3068}"
              RenderRubyBase (anonymous) at (0,0) size 24x19
                RenderInline {RB} at (0,0) size 18x17
                  RenderText {#text} at (3,1) size 18x17
                    text run at (3,1) width 17: "\x{56FA}"
          RenderText {#text} at (1726,199) size 18x258
            text run at (1726,199) width 258: "\x{3088}\x{308A}\x{6025}\x{3050}\x{65C5}\x{3067}\x{306A}\x{3044}\x{304B}\x{3089}\x{3001}\x{3076}\x{3089}\x{3076}\x{3089}\x{3068}"
          RenderRuby (inline) {RUBY} at (0,0) size 18x37
            RenderRubyRun (anonymous) at (1751,0) size 24x37
              RenderRubyText {RT} at (-9,0) size 14x37
                RenderText {#text} at (2,0) size 10x37
                  text run at (2,0) width 37: "\x{306A}\x{306A}\x{307E}\x{304C}"
              RenderRubyBase (anonymous) at (0,0) size 24x37
                RenderInline {RB} at (0,0) size 18x35
                  RenderText {#text} at (3,1) size 18x35
                    text run at (3,1) width 35: "\x{4E03}\x{66F2}"
          RenderText {#text} at (1754,37) size 18x97
            text run at (1754,37) width 97: "\x{308A}\x{3078}\x{304B}\x{304B}\x{308B}\x{3002}"
          RenderBR {BR} at (1754,133) size 18x1
          RenderText {#text} at (1782,0) size 18x146
            text run at (1782,0) width 146: "\x{3000}\x{305F}\x{3061}\x{307E}\x{3061}\x{8DB3}\x{306E}\x{4E0B}\x{3067}"
          RenderRuby (inline) {RUBY} at (0,0) size 18x34
            RenderRubyRun (anonymous) at (1779,145) size 24x33
              RenderRubyText {RT} at (-9,0) size 14x33
                RenderText {#text} at (2,0) size 10x33
                  text run at (2,0) width 32: "\x{3072}\x{3070}\x{308A}"
              RenderRubyBase (anonymous) at (0,0) size 24x33
                RenderInline {RB} at (0,0) size 18x33
                  RenderText {#text} at (3,0) size 18x33
                    text run at (3,0) width 33: "\x{96F2}\x{96C0}"
          RenderText {#text} at (1782,178) size 18x162
            text run at (1782,178) width 162: "\x{306E}\x{58F0}\x{304C}\x{3057}\x{51FA}\x{3057}\x{305F}\x{3002}\x{8C37}\x{3092}"
          RenderRuby (inline) {RUBY} at (0,0) size 18x34
            RenderRubyRun (anonymous) at (1779,339) size 24x33
              RenderRubyText {RT} at (-9,0) size 14x33
                RenderText {#text} at (2,0) size 10x33
                  text run at (2,0) width 32: "\x{307F}\x{304A}\x{308D}"
              RenderRubyBase (anonymous) at (0,0) size 24x33
                RenderInline {RB} at (0,0) size 18x33
                  RenderText {#text} at (3,0) size 18x33
                    text run at (3,0) width 33: "\x{898B}\x{4E0B}"
          RenderText {#text} at (1782,372) size 70x485
            text run at (1782,372) width 113: "\x{3057}\x{305F}\x{304C}\x{3001}\x{3069}\x{3053}\x{3067}"
            text run at (1806,0) width 484: "\x{9CF4}\x{3044}\x{3066}\x{308B}\x{304B}\x{5F71}\x{3082}\x{5F62}\x{3082}\x{898B}\x{3048}\x{306C}\x{3002}\x{305F}\x{3060}\x{58F0}\x{3060}\x{3051}\x{304C}\x{660E}\x{3089}\x{304B}\x{306B}\x{805E}\x{3048}\x{308B}\x{3002}\x{305B}\x{3063}\x{305B}"
            text run at (1834,0) width 17: "\x{3068}"
          RenderRuby (inline) {RUBY} at (0,0) size 18x20
            RenderRubyRun (anonymous) at (1831,16) size 24x19
              RenderRubyText {RT} at (-9,0) size 14x19
                RenderText {#text} at (2,0) size 10x19
                  text run at (2,0) width 19: "\x{305B}\x{308F}"
              RenderRubyBase (anonymous) at (0,0) size 24x19
                RenderInline {RB} at (0,0) size 18x17
                  RenderText {#text} at (3,1) size 18x17
                    text run at (3,1) width 17: "\x{5FD9}"
          RenderText {#text} at (1834,35) size 18x49
            text run at (1834,35) width 49: "\x{3057}\x{304F}\x{3001}"
          RenderRuby (inline) {RUBY} at (0,0) size 18x34
            RenderRubyRun (anonymous) at (1831,83) size 24x33
              RenderRubyText {RT} at (-9,0) size 14x33
                RenderText {#text} at (2,0) size 10x33
                  text run at (2,0) width 32: "\x{305F}\x{3048}\x{307E}"
              RenderRubyBase (anonymous) at (0,0) size 24x33
                RenderInline {RB} at (0,0) size 18x33
                  RenderText {#text} at (3,0) size 18x33
                    text run at (3,0) width 33: "\x{7D76}\x{9593}"
          RenderText {#text} at (1834,116) size 18x130
            text run at (1834,116) width 129: "\x{306A}\x{304F}\x{9CF4}\x{3044}\x{3066}\x{3044}\x{308B}\x{3002}"
          RenderRuby (inline) {RUBY} at (0,0) size 18x50
            RenderRubyRun (anonymous) at (1831,245) size 24x49
              RenderRubyText {RT} at (-9,0) size 14x49
                RenderText {#text} at (2,0) size 10x49
                  text run at (2,0) width 49: "\x{307B}\x{3046}\x{3044}\x{304F}\x{308A}"
              RenderRubyBase (anonymous) at (0,0) size 24x49
                RenderInline {RB} at (0,0) size 18x49
                  RenderText {#text} at (3,0) size 18x49
                    text run at (3,0) width 49: "\x{65B9}\x{5E7E}\x{91CC}"
          RenderText {#text} at (1834,294) size 18x114
            text run at (1834,294) width 113: "\x{306E}\x{7A7A}\x{6C17}\x{304C}\x{4E00}\x{9762}\x{306B}"
          RenderRuby (inline) {RUBY} at (0,0) size 18x20
            RenderRubyRun (anonymous) at (1831,407) size 24x19
              RenderRubyText {RT} at (-9,0) size 14x19
                RenderText {#text} at (2,0) size 10x19
                  text run at (2,0) width 19: "\x{306E}\x{307F}"
              RenderRubyBase (anonymous) at (0,0) size 24x19
                RenderInline {RB} at (0,0) size 18x17
                  RenderText {#text} at (3,1) size 18x17
                    text run at (3,1) width 17: "\x{86A4}"
          RenderText {#text} at (1834,426) size 46x491
            text run at (1834,426) width 65: "\x{306B}\x{523A}\x{3055}\x{308C}"
            text run at (1862,0) width 355: "\x{3066}\x{3044}\x{305F}\x{305F}\x{307E}\x{308C}\x{306A}\x{3044}\x{3088}\x{3046}\x{306A}\x{6C17}\x{304C}\x{3059}\x{308B}\x{3002}\x{3042}\x{306E}\x{9CE5}\x{306E}\x{9CF4}\x{304F}"
          RenderRuby (inline) {RUBY} at (0,0) size 18x18
            RenderRubyRun (anonymous) at (1859,354) size 24x17
              RenderRubyText {RT} at (-9,0) size 14x17
                RenderText {#text} at (2,3) size 10x10
                  text run at (2,3) width 10: "\x{306D}"
              RenderRubyBase (anonymous) at (0,0) size 24x17
                RenderInline {RB} at (0,0) size 18x17
                  RenderText {#text} at (3,0) size 18x17
                    text run at (3,0) width 17: "\x{97F3}"
          RenderText {#text} at (1862,371) size 118x485
            text run at (1862,371) width 113: "\x{306B}\x{306F}\x{77AC}\x{6642}\x{306E}\x{4F59}\x{88D5}"
            text run at (1886,0) width 484: "\x{3082}\x{306A}\x{3044}\x{3002}\x{306E}\x{3069}\x{304B}\x{306A}\x{6625}\x{306E}\x{65E5}\x{3092}\x{9CF4}\x{304D}\x{5C3D}\x{304F}\x{3057}\x{3001}\x{9CF4}\x{304D}\x{3042}\x{304B}\x{3057}\x{3001}\x{307E}\x{305F}\x{9CF4}\x{304D}\x{66AE}\x{3089}"
            text run at (1910,0) width 484: "\x{3055}\x{306A}\x{3051}\x{308C}\x{3070}\x{6C17}\x{304C}\x{6E08}\x{307E}\x{3093}\x{3068}\x{898B}\x{3048}\x{308B}\x{3002}\x{305D}\x{306E}\x{4E0A}\x{3069}\x{3053}\x{307E}\x{3067}\x{3082}\x{767B}\x{3063}\x{3066}\x{884C}\x{304F}\x{3001}\x{3044}"
            text run at (1934,0) width 484: "\x{3064}\x{307E}\x{3067}\x{3082}\x{767B}\x{3063}\x{3066}\x{884C}\x{304F}\x{3002}\x{96F2}\x{96C0}\x{306F}\x{304D}\x{3063}\x{3068}\x{96F2}\x{306E}\x{4E2D}\x{3067}\x{6B7B}\x{306C}\x{306B}\x{76F8}\x{9055}\x{306A}\x{3044}\x{3002}\x{767B}\x{308A}"
            text run at (1962,0) width 49: "\x{8A70}\x{3081}\x{305F}"
          RenderRuby (inline) {RUBY} at (0,0) size 18x34
            RenderRubyRun (anonymous) at (1959,48) size 24x33
              RenderRubyText {RT} at (-9,0) size 14x33
                RenderText {#text} at (2,0) size 10x33
                  text run at (2,0) width 32: "\x{3042}\x{3052}\x{304F}"
              RenderRubyBase (anonymous) at (0,0) size 24x33
                RenderInline {RB} at (0,0) size 18x33
                  RenderText {#text} at (3,0) size 18x33
                    text run at (3,0) width 33: "\x{63DA}\x{53E5}"
          RenderText {#text} at (1962,81) size 18x114
            text run at (1962,81) width 113: "\x{306F}\x{3001}\x{6D41}\x{308C}\x{3066}\x{96F2}\x{306B}"
          RenderRuby (inline) {RUBY} at (0,0) size 18x18
            RenderRubyRun (anonymous) at (1959,194) size 24x17
              RenderRubyText {RT} at (-9,0) size 14x17
                RenderText {#text} at (2,3) size 10x10
                  text run at (2,3) width 10: "\x{3044}"
              RenderRubyBase (anonymous) at (0,0) size 24x17
                RenderInline {RB} at (0,0) size 18x17
                  RenderText {#text} at (3,0) size 18x17
                    text run at (3,0) width 17: "\x{5165}"
          RenderText {#text} at (1962,211) size 18x49
            text run at (1962,211) width 49: "\x{3063}\x{3066}\x{3001}"
          RenderRuby (inline) {RUBY} at (0,0) size 18x29
            RenderRubyRun (anonymous) at (1959,259) size 24x28
              RenderRubyText {RT} at (-9,0) size 14x28
                RenderText {#text} at (2,0) size 10x28
                  text run at (2,0) width 28: "\x{305F}\x{3060}\x{3088}"
              RenderRubyBase (anonymous) at (0,0) size 24x28
                RenderInline {RB} at (0,0) size 18x17
                  RenderText {#text} at (3,5) size 18x17
                    text run at (3,5) width 17: "\x{6F02}"
          RenderText {#text} at (1962,287) size 46x481
            text run at (1962,287) width 194: "\x{3046}\x{3066}\x{3044}\x{308B}\x{3046}\x{3061}\x{306B}\x{5F62}\x{306F}\x{6D88}\x{3048}\x{3066}"
            text run at (1990,0) width 226: "\x{306A}\x{304F}\x{306A}\x{3063}\x{3066}\x{3001}\x{305F}\x{3060}\x{58F0}\x{3060}\x{3051}\x{304C}\x{7A7A}\x{306E}"
          RenderRuby (inline) {RUBY} at (0,0) size 18x20
            RenderRubyRun (anonymous) at (1987,226) size 24x19
              RenderRubyText {RT} at (-9,0) size 14x19
                RenderText {#text} at (2,0) size 10x19
                  text run at (2,0) width 19: "\x{3046}\x{3061}"
              RenderRubyBase (anonymous) at (0,0) size 24x19
                RenderInline {RB} at (0,0) size 18x17
                  RenderText {#text} at (3,1) size 18x17
                    text run at (3,1) width 17: "\x{88E1}"
          RenderText {#text} at (1990,244) size 18x178
            text run at (1990,244) width 178: "\x{306B}\x{6B8B}\x{308B}\x{306E}\x{304B}\x{3082}\x{77E5}\x{308C}\x{306A}\x{3044}\x{3002}"
          RenderBR {BR} at (1990,421) size 18x1
          RenderText {#text} at (2018,0) size 18x17
            text run at (2018,0) width 17: "\x{3000}"
          RenderRuby (inline) {RUBY} at (0,0) size 18x38
            RenderRubyRun (anonymous) at (2015,16) size 24x37
              RenderRubyText {RT} at (-9,0) size 14x37
                RenderText {#text} at (2,0) size 10x37
                  text run at (2,0) width 37: "\x{3044}\x{308F}\x{304B}\x{3069}"
              RenderRubyBase (anonymous) at (0,0) size 24x37
                RenderInline {RB} at (0,0) size 18x35
                  RenderText {#text} at (3,1) size 18x35
                    text run at (3,1) width 35: "\x{5DCC}\x{89D2}"
          RenderText {#text} at (2018,53) size 18x130
            text run at (2018,53) width 129: "\x{3092}\x{92ED}\x{3069}\x{304F}\x{5EFB}\x{3063}\x{3066}\x{3001}"
          RenderRuby (inline) {RUBY} at (0,0) size 18x34
            RenderRubyRun (anonymous) at (2015,182) size 24x33
              RenderRubyText {RT} at (-9,0) size 14x33
                RenderText {#text} at (2,0) size 10x33
                  text run at (2,0) width 32: "\x{3042}\x{3093}\x{307E}"
              RenderRubyBase (anonymous) at (0,0) size 24x33
                RenderInline {RB} at (0,0) size 18x33
                  RenderText {#text} at (3,0) size 18x33
                    text run at (3,0) width 33: "\x{6309}\x{6469}"
          RenderText {#text} at (2018,215) size 18x33
            text run at (2018,215) width 33: "\x{306A}\x{3089}"
          RenderRuby (inline) {RUBY} at (0,0) size 18x56
            RenderRubyRun (anonymous) at (2015,247) size 24x55
              RenderRubyText {RT} at (-9,0) size 14x55
                RenderText {#text} at (2,0) size 10x55
                  text run at (2,0) width 55: "\x{307E}\x{3063}\x{3055}\x{304B}\x{3055}\x{307E}"
              RenderRubyBase (anonymous) at (0,0) size 24x55
                RenderInline {RB} at (0,0) size 18x53
                  RenderText {#text} at (3,1) size 18x53
                    text run at (3,1) width 53: "\x{771F}\x{9006}\x{69D8}"
          RenderText {#text} at (2018,302) size 18x146
            text run at (2018,302) width 146: "\x{306B}\x{843D}\x{3064}\x{308B}\x{3068}\x{3053}\x{308D}\x{3092}\x{3001}"
          RenderRuby (inline) {RUBY} at (0,0) size 18x20
            RenderRubyRun (anonymous) at (2015,447) size 24x19
              RenderRubyText {RT} at (-9,0) size 14x19
                RenderText {#text} at (2,0) size 10x19
                  text run at (2,0) width 19: "\x{304D}\x{308F}"
              RenderRubyBase (anonymous) at (0,0) size 24x19
                RenderInline {RB} at (0,0) size 18x17
                  RenderText {#text} at (3,1) size 18x17
                    text run at (3,1) width 17: "\x{969B}"
          RenderText {#text} at (2018,466) size 46x483
            text run at (2018,466) width 17: "\x{3069}"
            text run at (2046,0) width 146: "\x{304F}\x{53F3}\x{3078}\x{5207}\x{308C}\x{3066}\x{3001}\x{6A2A}\x{306B}"
          RenderRuby (inline) {RUBY} at (0,0) size 18x34
            RenderRubyRun (anonymous) at (2043,145) size 24x33
              RenderRubyText {RT} at (-9,0) size 14x33
                RenderText {#text} at (2,0) size 10x33
                  text run at (2,0) width 32: "\x{307F}\x{304A}\x{308D}"
              RenderRubyBase (anonymous) at (0,0) size 24x33
                RenderInline {RB} at (0,0) size 18x33
                  RenderText {#text} at (3,0) size 18x33
                    text run at (3,0) width 33: "\x{898B}\x{4E0B}"
          RenderText {#text} at (2046,178) size 18x49
            text run at (2046,178) width 49: "\x{3059}\x{3068}\x{3001}"
          RenderRuby (inline) {RUBY} at (0,0) size 18x18
            RenderRubyRun (anonymous) at (2043,226) size 24x17
              RenderRubyText {RT} at (-9,0) size 14x17
                RenderText {#text} at (2,3) size 10x10
                  text run at (2,3) width 10: "\x{306A}"
              RenderRubyBase (anonymous) at (0,0) size 24x17
                RenderInline {RB} at (0,0) size 18x17
                  RenderText {#text} at (3,0) size 18x17
                    text run at (3,0) width 17: "\x{83DC}"
          RenderText {#text} at (2046,243) size 46x486
            text run at (2046,243) width 242: "\x{306E}\x{82B1}\x{304C}\x{4E00}\x{9762}\x{306B}\x{898B}\x{3048}\x{308B}\x{3002}\x{96F2}\x{96C0}\x{306F}\x{3042}\x{3059}"
            text run at (2074,0) width 291: "\x{3053}\x{3078}\x{843D}\x{3061}\x{308B}\x{306E}\x{304B}\x{3068}\x{601D}\x{3063}\x{305F}\x{3002}\x{3044}\x{3044}\x{3084}\x{3001}\x{3042}\x{306E}"
          RenderRuby (inline) {RUBY} at (0,0) size 18x34
            RenderRubyRun (anonymous) at (2071,290) size 24x33
              RenderRubyText {RT} at (-9,0) size 14x33
                RenderText {#text} at (2,0) size 10x33
                  text run at (2,0) width 32: "\x{3053}\x{304C}\x{306D}"
              RenderRubyBase (anonymous) at (0,0) size 24x33
                RenderInline {RB} at (0,0) size 18x33
                  RenderText {#text} at (3,0) size 18x33
                    text run at (3,0) width 33: "\x{9EC4}\x{91D1}"
          RenderText {#text} at (2074,323) size 46x485
            text run at (2074,323) width 162: "\x{306E}\x{539F}\x{304B}\x{3089}\x{98DB}\x{3073}\x{4E0A}\x{304C}\x{3063}\x{3066}"
            text run at (2102,0) width 307: "\x{304F}\x{308B}\x{306E}\x{304B}\x{3068}\x{601D}\x{3063}\x{305F}\x{3002}\x{6B21}\x{306B}\x{306F}\x{843D}\x{3061}\x{308B}\x{96F2}\x{96C0}\x{3068}\x{3001}"
          RenderRuby (inline) {RUBY} at (0,0) size 18x20
            RenderRubyRun (anonymous) at (2099,306) size 24x19
              RenderRubyText {RT} at (-9,0) size 14x19
                RenderText {#text} at (2,0) size 10x19
                  text run at (2,0) width 19: "\x{3042}\x{304C}"
              RenderRubyBase (anonymous) at (0,0) size 24x19
                RenderInline {RB} at (0,0) size 18x17
                  RenderText {#text} at (3,1) size 18x17
                    text run at (3,1) width 17: "\x{4E0A}"
          RenderText {#text} at (2102,325) size 18x17
            text run at (2102,325) width 17: "\x{308B}"
          RenderRuby (inline) {RUBY} at (0,0) size 18x34
            RenderRubyRun (anonymous) at (2099,341) size 24x33
              RenderRubyText {RT} at (-9,0) size 14x33
                RenderText {#text} at (2,0) size 10x33
                  text run at (2,0) width 32: "\x{3072}\x{3070}\x{308A}"
              RenderRubyBase (anonymous) at (0,0) size 24x33
                RenderInline {RB} at (0,0) size 18x33
                  RenderText {#text} at (3,0) size 18x33
                    text run at (3,0) width 33: "\x{96F2}\x{96C0}"
          RenderText {#text} at (2102,374) size 42x488
            text run at (2102,374) width 113: "\x{304C}\x{5341}\x{6587}\x{5B57}\x{306B}\x{3059}\x{308C}"
            text run at (2126,0) width 484: "\x{9055}\x{3046}\x{306E}\x{304B}\x{3068}\x{601D}\x{3063}\x{305F}\x{3002}\x{6700}\x{5F8C}\x{306B}\x{3001}\x{843D}\x{3061}\x{308B}\x{6642}\x{3082}\x{3001}\x{4E0A}\x{308B}\x{6642}\x{3082}\x{3001}\x{307E}\x{305F}\x{5341}\x{6587}\x{5B57}\x{306B}"
          RenderRuby (inline) {RUBY} at (0,0) size 18x17
            RenderRubyRun (anonymous) at (2151,0) size 24x17
              RenderRubyText {RT} at (-9,0) size 14x17
                RenderText {#text} at (2,3) size 10x10
                  text run at (2,3) width 10: "\x{3059}"
              RenderRubyBase (anonymous) at (0,0) size 24x17
                RenderInline {RB} at (0,0) size 18x17
                  RenderText {#text} at (3,0) size 18x17
                    text run at (3,0) width 17: "\x{64E6}"
          RenderText {#text} at (2154,17) size 18x403
            text run at (2154,17) width 403: "\x{308C}\x{9055}\x{3046}\x{3068}\x{304D}\x{306B}\x{3082}\x{5143}\x{6C17}\x{3088}\x{304F}\x{9CF4}\x{304D}\x{3064}\x{3065}\x{3051}\x{308B}\x{3060}\x{308D}\x{3046}\x{3068}\x{601D}\x{3063}\x{305F}\x{3002}"
          RenderBR {BR} at (2154,419) size 18x1
          RenderText {#text} at (2182,0) size 18x194
            text run at (2182,0) width 194: "\x{3000}\x{6625}\x{306F}\x{7720}\x{304F}\x{306A}\x{308B}\x{3002}\x{732B}\x{306F}\x{9F20}\x{3092}"
          RenderRuby (inline) {RUBY} at (0,0) size 18x18
            RenderRubyRun (anonymous) at (2179,193) size 24x17
              RenderRubyText {RT} at (-9,0) size 14x17
                RenderText {#text} at (2,3) size 10x10
                  text run at (2,3) width 10: "\x{3068}"
              RenderRubyBase (anonymous) at (0,0) size 24x17
                RenderInline {RB} at (0,0) size 18x17
                  RenderText {#text} at (3,0) size 18x17
                    text run at (3,0) width 17: "\x{6355}"
          RenderText {#text} at (2182,210) size 46x485
            text run at (2182,210) width 274: "\x{308B}\x{4E8B}\x{3092}\x{5FD8}\x{308C}\x{3001}\x{4EBA}\x{9593}\x{306F}\x{501F}\x{91D1}\x{306E}\x{3042}\x{308B}\x{4E8B}\x{3092}\x{5FD8}"
            text run at (2210,0) width 146: "\x{308C}\x{308B}\x{3002}\x{6642}\x{306B}\x{306F}\x{81EA}\x{5206}\x{306E}"
          RenderRuby (inline) {RUBY} at (0,0) size 18x38
            RenderRubyRun (anonymous) at (2207,145) size 24x37
              RenderRubyText {RT} at (-9,0) size 14x37
                RenderText {#text} at (2,0) size 10x37
                  text run at (2,0) width 37: "\x{305F}\x{307E}\x{3057}\x{3044}"
              RenderRubyBase (anonymous) at (0,0) size 24x37
                RenderInline {RB} at (0,0) size 18x17
                  RenderText {#text} at (3,10) size 18x17
                    text run at (3,10) width 17: "\x{9B42}"
          RenderText {#text} at (2210,182) size 18x17
            text run at (2210,182) width 17: "\x{306E}"
          RenderRuby (inline) {RUBY} at (0,0) size 18x38
            RenderRubyRun (anonymous) at (2207,198) size 24x37
              RenderRubyText {RT} at (-9,0) size 14x37
                RenderText {#text} at (2,0) size 10x37
                  text run at (2,0) width 37: "\x{3044}\x{3069}\x{3053}\x{308D}"
              RenderRubyBase (anonymous) at (0,0) size 24x37
                RenderInline {RB} at (0,0) size 18x35
                  RenderText {#text} at (3,1) size 18x35
                    text run at (3,1) width 35: "\x{5C45}\x{6240}"
          RenderText {#text} at (2210,235) size 46x493
            text run at (2210,235) width 258: "\x{3055}\x{3048}\x{5FD8}\x{308C}\x{3066}\x{6B63}\x{4F53}\x{306A}\x{304F}\x{306A}\x{308B}\x{3002}\x{305F}\x{3060}\x{83DC}\x{306E}"
            text run at (2238,0) width 194: "\x{82B1}\x{3092}\x{9060}\x{304F}\x{671B}\x{3093}\x{3060}\x{3068}\x{304D}\x{306B}\x{773C}\x{304C}"
          RenderRuby (inline) {RUBY} at (0,0) size 18x18
            RenderRubyRun (anonymous) at (2235,193) size 24x17
              RenderRubyText {RT} at (-9,0) size 14x17
                RenderText {#text} at (2,3) size 10x10
                  text run at (2,3) width 10: "\x{3055}"
              RenderRubyBase (anonymous) at (0,0) size 24x17
                RenderInline {RB} at (0,0) size 18x17
                  RenderText {#text} at (3,0) size 18x17
                    text run at (3,0) width 17: "\x{9192}"
          RenderText {#text} at (2238,210) size 46x485
            text run at (2238,210) width 274: "\x{3081}\x{308B}\x{3002}\x{96F2}\x{96C0}\x{306E}\x{58F0}\x{3092}\x{805E}\x{3044}\x{305F}\x{3068}\x{304D}\x{306B}\x{9B42}\x{306E}\x{3042}"
            text run at (2266,0) width 49: "\x{308A}\x{304B}\x{304C}"
          RenderRuby (inline) {RUBY} at (0,0) size 18x38
            RenderRubyRun (anonymous) at (2263,48) size 24x37
              RenderRubyText {RT} at (-9,0) size 14x37
                RenderText {#text} at (2,0) size 10x37
                  text run at (2,0) width 37: "\x{306F}\x{3093}\x{305C}\x{3093}"
              RenderRubyBase (anonymous) at (0,0) size 24x37
                RenderInline {RB} at (0,0) size 18x35
                  RenderText {#text} at (3,1) size 18x35
                    text run at (3,1) width 35: "\x{5224}\x{7136}"
          RenderText {#text} at (2266,85) size 90x489
            text run at (2266,85) width 403: "\x{3059}\x{308B}\x{3002}\x{96F2}\x{96C0}\x{306E}\x{9CF4}\x{304F}\x{306E}\x{306F}\x{53E3}\x{3067}\x{9CF4}\x{304F}\x{306E}\x{3067}\x{306F}\x{306A}\x{3044}\x{3001}\x{9B42}\x{5168}\x{4F53}\x{304C}\x{9CF4}"
            text run at (2290,0) width 484: "\x{304F}\x{306E}\x{3060}\x{3002}\x{9B42}\x{306E}\x{6D3B}\x{52D5}\x{304C}\x{58F0}\x{306B}\x{3042}\x{3089}\x{308F}\x{308C}\x{305F}\x{3082}\x{306E}\x{306E}\x{3046}\x{3061}\x{3067}\x{3001}\x{3042}\x{308C}\x{307B}\x{3069}\x{5143}\x{6C17}\x{306E}"
            text run at (2314,0) width 484: "\x{3042}\x{308B}\x{3082}\x{306E}\x{306F}\x{306A}\x{3044}\x{3002}\x{3042}\x{3042}\x{6109}\x{5FEB}\x{3060}\x{3002}\x{3053}\x{3046}\x{601D}\x{3063}\x{3066}\x{3001}\x{3053}\x{3046}\x{6109}\x{5FEB}\x{306B}\x{306A}\x{308B}\x{306E}\x{304C}\x{8A69}"
            text run at (2338,0) width 65: "\x{3067}\x{3042}\x{308B}\x{3002}"
          RenderBR {BR} at (2338,64) size 18x1
          RenderText {#text} at (2362,0) size 46x484
            text run at (2362,0) width 484: "\x{3000}\x{305F}\x{3061}\x{307E}\x{3061}\x{30B7}\x{30A7}\x{30EC}\x{30FC}\x{306E}\x{96F2}\x{96C0}\x{306E}\x{8A69}\x{3092}\x{601D}\x{3044}\x{51FA}\x{3057}\x{3066}\x{3001}\x{53E3}\x{306E}\x{3046}\x{3061}\x{3067}\x{899A}\x{3048}\x{305F}\x{3068}"
            text run at (2390,0) width 65: "\x{3053}\x{308D}\x{3060}\x{3051}"
          RenderRuby (inline) {RUBY} at (0,0) size 18x47
            RenderRubyRun (anonymous) at (2387,64) size 24x46
              RenderRubyText {RT} at (-9,0) size 14x46
                RenderText {#text} at (2,0) size 10x46
                  text run at (2,0) width 46: "\x{3042}\x{3093}\x{3057}\x{3087}\x{3046}"
              RenderRubyBase (anonymous) at (0,0) size 24x46
                RenderInline {RB} at (0,0) size 18x40
                  RenderText {#text} at (3,3) size 18x40
                    text run at (3,3) width 40: "\x{6697}\x{8AA6}"
          RenderText {#text} at (2390,110) size 42x482
            text run at (2390,110) width 371: "\x{3057}\x{3066}\x{898B}\x{305F}\x{304C}\x{3001}\x{899A}\x{3048}\x{3066}\x{3044}\x{308B}\x{3068}\x{3053}\x{308D}\x{306F}\x{4E8C}\x{4E09}\x{53E5}\x{3057}\x{304B}\x{306A}\x{304B}\x{3063}"
            text run at (2414,0) width 307: "\x{305F}\x{3002}\x{305D}\x{306E}\x{4E8C}\x{4E09}\x{53E5}\x{306E}\x{306A}\x{304B}\x{306B}\x{3053}\x{3093}\x{306A}\x{306E}\x{304C}\x{3042}\x{308B}\x{3002}"
          RenderBR {BR} at (2414,306) size 18x1
        RenderBlock {DIV} at (2435,32) size 114x461
          RenderText {#text} at (3,0) size 18x190
            text run at (3,0) width 190: "\x{3000}\x{3000}We look before and after"
          RenderBR {BR} at (3,189) size 18x1
          RenderText {#text} at (27,0) size 18x223
            text run at (27,0) width 223: "\x{3000}\x{3000}\x{3000}\x{3000}And pine for what is not:"
          RenderBR {BR} at (27,222) size 18x1
          RenderText {#text} at (51,0) size 18x171
            text run at (51,0) width 171: "\x{3000}\x{3000}Our sincerest laughter"
          RenderBR {BR} at (51,170) size 18x1
          RenderText {#text} at (75,0) size 18x231
            text run at (75,0) width 231: "\x{3000}\x{3000}\x{3000}\x{3000}With some pain is fraught;"
          RenderBR {BR} at (75,230) size 18x1
          RenderText {#text} at (96,0) size 18x355
            text run at (96,0) width 355: "Our sweetest songs are those that tell of saddest thought."
          RenderBR {BR} at (96,355) size 18x0
        RenderBlock (anonymous) at (2549,0) size 1807x493
          RenderText {#text} at (10,0) size 18x113
            text run at (10,0) width 113: "\x{300C}\x{524D}\x{3092}\x{307F}\x{3066}\x{306F}\x{3001}"
          RenderRuby (inline) {RUBY} at (0,0) size 18x20
            RenderRubyRun (anonymous) at (7,113) size 24x19
              RenderRubyText {RT} at (-9,0) size 14x19
                RenderText {#text} at (2,0) size 10x19
                  text run at (2,0) width 19: "\x{3057}\x{308A}"
              RenderRubyBase (anonymous) at (0,0) size 24x19
                RenderInline {RB} at (0,0) size 18x17
                  RenderText {#text} at (3,1) size 18x17
                    text run at (3,1) width 17: "\x{5F8C}"
          RenderText {#text} at (10,131) size 18x98
            text run at (10,131) width 97: "\x{3048}\x{3092}\x{898B}\x{3066}\x{306F}\x{3001}"
          RenderRuby (inline) {RUBY} at (0,0) size 18x34
            RenderRubyRun (anonymous) at (7,228) size 24x33
              RenderRubyText {RT} at (-9,0) size 14x33
                RenderText {#text} at (2,0) size 10x33
                  text run at (2,0) width 32: "\x{3082}\x{306E}\x{307B}"
              RenderRubyBase (anonymous) at (0,0) size 24x33
                RenderInline {RB} at (0,0) size 18x33
                  RenderText {#text} at (3,0) size 18x33
                    text run at (3,0) width 33: "\x{7269}\x{6B32}"
          RenderText {#text} at (10,261) size 46x488
            text run at (10,261) width 226: "\x{3057}\x{3068}\x{3001}\x{3042}\x{3053}\x{304C}\x{308B}\x{308B}\x{304B}\x{306A}\x{308F}\x{308C}\x{3002}\x{8179}"
            text run at (38,0) width 468: "\x{304B}\x{3089}\x{306E}\x{3001}\x{7B11}\x{3068}\x{3044}\x{3048}\x{3069}\x{3001}\x{82E6}\x{3057}\x{307F}\x{306E}\x{3001}\x{305D}\x{3053}\x{306B}\x{3042}\x{308B}\x{3079}\x{3057}\x{3002}\x{3046}\x{3064}\x{304F}\x{3057}\x{304D}\x{3001}"
          RenderRuby (inline) {RUBY} at (0,0) size 18x20
            RenderRubyRun (anonymous) at (35,467) size 24x19
              RenderRubyText {RT} at (-9,0) size 14x19
                RenderText {#text} at (2,0) size 10x19
                  text run at (2,0) width 19: "\x{304D}\x{308F}"
              RenderRubyBase (anonymous) at (0,0) size 24x19
                RenderInline {RB} at (0,0) size 18x17
                  RenderText {#text} at (3,1) size 18x17
                    text run at (3,1) width 17: "\x{6975}"
          RenderText {#text} at (66,0) size 18x210
            text run at (66,0) width 210: "\x{307F}\x{306E}\x{6B4C}\x{306B}\x{3001}\x{60B2}\x{3057}\x{3055}\x{306E}\x{3001}\x{6975}\x{307F}\x{306E}"
          RenderRuby (inline) {RUBY} at (0,0) size 18x29
            RenderRubyRun (anonymous) at (63,209) size 24x28
              RenderRubyText {RT} at (-9,0) size 14x28
                RenderText {#text} at (2,0) size 10x28
                  text run at (2,0) width 28: "\x{304A}\x{3082}\x{3044}"
              RenderRubyBase (anonymous) at (0,0) size 24x28
                RenderInline {RB} at (0,0) size 18x17
                  RenderText {#text} at (3,5) size 18x17
                    text run at (3,5) width 17: "\x{60F3}"
          RenderText {#text} at (66,237) size 18x17
            text run at (66,237) width 17: "\x{3001}"
          RenderRuby (inline) {RUBY} at (0,0) size 18x20
            RenderRubyRun (anonymous) at (63,254) size 24x19
              RenderRubyText {RT} at (-9,0) size 14x19
                RenderText {#text} at (2,0) size 10x19
                  text run at (2,0) width 19: "\x{3053}\x{3082}"
              RenderRubyBase (anonymous) at (0,0) size 24x19
                RenderInline {RB} at (0,0) size 18x17
                  RenderText {#text} at (3,1) size 18x17
                    text run at (3,1) width 17: "\x{7C60}"
          RenderText {#text} at (66,272) size 18x98
            text run at (66,272) width 97: "\x{308B}\x{3068}\x{305E}\x{77E5}\x{308C}\x{300D}"
          RenderBR {BR} at (66,369) size 18x1
          RenderText {#text} at (90,0) size 46x484
            text run at (90,0) width 484: "\x{3000}\x{306A}\x{308B}\x{307B}\x{3069}\x{3044}\x{304F}\x{3089}\x{8A69}\x{4EBA}\x{304C}\x{5E78}\x{798F}\x{3067}\x{3082}\x{3001}\x{3042}\x{306E}\x{96F2}\x{96C0}\x{306E}\x{3088}\x{3046}\x{306B}\x{601D}\x{3044}\x{5207}\x{3063}\x{3066}\x{3001}"
            text run at (118,0) width 339: "\x{4E00}\x{5FC3}\x{4E0D}\x{4E71}\x{306B}\x{3001}\x{524D}\x{5F8C}\x{3092}\x{5FD8}\x{5374}\x{3057}\x{3066}\x{3001}\x{308F}\x{304C}\x{559C}\x{3073}\x{3092}\x{6B4C}\x{3046}"
          RenderRuby (inline) {RUBY} at (0,0) size 18x20
            RenderRubyRun (anonymous) at (115,338) size 24x19
              RenderRubyText {RT} at (-9,0) size 14x19
                RenderText {#text} at (2,0) size 10x19
                  text run at (2,0) width 19: "\x{308F}\x{3051}"
              RenderRubyBase (anonymous) at (0,0) size 24x19
                RenderInline {RB} at (0,0) size 18x17
                  RenderText {#text} at (3,1) size 18x17
                    text run at (3,1) width 17: "\x{8A33}"
          RenderText {#text} at (118,357) size 46x487
            text run at (118,357) width 129: "\x{306B}\x{306F}\x{884C}\x{304F}\x{307E}\x{3044}\x{3002}\x{897F}"
            text run at (146,0) width 291: "\x{6D0B}\x{306E}\x{8A69}\x{306F}\x{7121}\x{8AD6}\x{306E}\x{4E8B}\x{3001}\x{652F}\x{90A3}\x{306E}\x{8A69}\x{306B}\x{3082}\x{3001}\x{3088}\x{304F}"
          RenderRuby (inline) {RUBY} at (0,0) size 18x38
            RenderRubyRun (anonymous) at (143,290) size 24x37
              RenderRubyText {RT} at (-9,0) size 14x37
                RenderText {#text} at (2,0) size 10x37
                  text run at (2,0) width 37: "\x{3070}\x{3093}\x{3053}\x{304F}"
              RenderRubyBase (anonymous) at (0,0) size 24x37
                RenderInline {RB} at (0,0) size 18x35
                  RenderText {#text} at (3,1) size 18x35
                    text run at (3,1) width 35: "\x{4E07}\x{659B}"
          RenderText {#text} at (146,327) size 18x17
            text run at (146,327) width 17: "\x{306E}"
          RenderRuby (inline) {RUBY} at (0,0) size 18x29
            RenderRubyRun (anonymous) at (143,343) size 24x28
              RenderRubyText {RT} at (-9,0) size 14x28
                RenderText {#text} at (2,0) size 10x28
                  text run at (2,0) width 28: "\x{3046}\x{308C}\x{3044}"
              RenderRubyBase (anonymous) at (0,0) size 24x28
                RenderInline {RB} at (0,0) size 18x17
                  RenderText {#text} at (3,5) size 18x17
                    text run at (3,5) width 17: "\x{6101}"
          RenderText {#text} at (146,371) size 46x484
            text run at (146,371) width 113: "\x{306A}\x{3069}\x{3068}\x{4E91}\x{3046}\x{5B57}\x{304C}"
            text run at (174,0) width 178: "\x{3042}\x{308B}\x{3002}\x{8A69}\x{4EBA}\x{3060}\x{304B}\x{3089}\x{4E07}\x{659B}\x{3067}"
          RenderRuby (inline) {RUBY} at (0,0) size 18x38
            RenderRubyRun (anonymous) at (171,177) size 24x37
              RenderRubyText {RT} at (-9,0) size 14x37
                RenderText {#text} at (2,0) size 10x37
                  text run at (2,0) width 37: "\x{3057}\x{308D}\x{3046}\x{3068}"
              RenderRubyBase (anonymous) at (0,0) size 24x37
                RenderInline {RB} at (0,0) size 18x35
                  RenderText {#text} at (3,1) size 18x35
                    text run at (3,1) width 35: "\x{7D20}\x{4EBA}"
          RenderText {#text} at (174,214) size 18x49
            text run at (174,214) width 49: "\x{306A}\x{3089}\x{4E00}"
          RenderRuby (inline) {RUBY} at (0,0) size 18x20
            RenderRubyRun (anonymous) at (171,263) size 24x19
              RenderRubyText {RT} at (-9,0) size 14x19
                RenderText {#text} at (2,0) size 10x19
                  text run at (2,0) width 19: "\x{3054}\x{3046}"
              RenderRubyBase (anonymous) at (0,0) size 24x19
                RenderInline {RB} at (0,0) size 18x17
                  RenderText {#text} at (3,1) size 18x17
                    text run at (3,1) width 17: "\x{5408}"
          RenderText {#text} at (174,281) size 46x492
            text run at (174,281) width 210: "\x{3067}\x{6E08}\x{3080}\x{304B}\x{3082}\x{77E5}\x{308C}\x{306C}\x{3002}\x{3057}\x{3066}\x{898B}\x{308B}"
            text run at (202,0) width 242: "\x{3068}\x{8A69}\x{4EBA}\x{306F}\x{5E38}\x{306E}\x{4EBA}\x{3088}\x{308A}\x{3082}\x{82E6}\x{52B4}\x{6027}\x{3067}\x{3001}"
          RenderRuby (inline) {RUBY} at (0,0) size 18x38
            RenderRubyRun (anonymous) at (199,242) size 24x37
              RenderRubyText {RT} at (-9,0) size 14x37
                RenderText {#text} at (2,0) size 10x37
                  text run at (2,0) width 37: "\x{307C}\x{3093}\x{3053}\x{3064}"
              RenderRubyBase (anonymous) at (0,0) size 24x37
                RenderInline {RB} at (0,0) size 18x35
                  RenderText {#text} at (3,1) size 18x35
                    text run at (3,1) width 35: "\x{51E1}\x{9AA8}"
          RenderText {#text} at (202,278) size 46x489
            text run at (202,278) width 210: "\x{306E}\x{500D}\x{4EE5}\x{4E0A}\x{306B}\x{795E}\x{7D4C}\x{304C}\x{92ED}\x{654F}\x{306A}\x{306E}\x{304B}"
            text run at (230,0) width 307: "\x{3082}\x{77E5}\x{308C}\x{3093}\x{3002}\x{8D85}\x{4FD7}\x{306E}\x{559C}\x{3073}\x{3082}\x{3042}\x{308D}\x{3046}\x{304C}\x{3001}\x{7121}\x{91CF}\x{306E}"
          RenderRuby (inline) {RUBY} at (0,0) size 18x38
            RenderRubyRun (anonymous) at (227,306) size 24x37
              RenderRubyText {RT} at (-9,0) size 14x37
                RenderText {#text} at (2,0) size 10x37
                  text run at (2,0) width 37: "\x{304B}\x{306A}\x{3057}\x{307F}"
              RenderRubyBase (anonymous) at (0,0) size 24x37
                RenderInline {RB} at (0,0) size 18x17
                  RenderText {#text} at (3,10) size 18x17
                    text run at (3,10) width 17: "\x{60B2}"
          RenderText {#text} at (230,343) size 42x489
            text run at (230,343) width 146: "\x{3082}\x{591A}\x{304B}\x{308D}\x{3046}\x{3002}\x{305D}\x{3093}\x{306A}"
            text run at (254,0) width 226: "\x{3089}\x{3070}\x{8A69}\x{4EBA}\x{306B}\x{306A}\x{308B}\x{306E}\x{3082}\x{8003}\x{3048}\x{7269}\x{3060}\x{3002}"
          RenderBR {BR} at (254,225) size 18x1
          RenderText {#text} at (282,0) size 18x129
            text run at (282,0) width 129: "\x{3000}\x{3057}\x{3070}\x{3089}\x{304F}\x{306F}\x{8DEF}\x{304C}"
          RenderRuby (inline) {RUBY} at (0,0) size 18x29
            RenderRubyRun (anonymous) at (279,129) size 24x28
              RenderRubyText {RT} at (-9,0) size 14x28
                RenderText {#text} at (2,0) size 10x28
                  text run at (2,0) width 28: "\x{305F}\x{3044}\x{3089}"
              RenderRubyBase (anonymous) at (0,0) size 24x28
                RenderInline {RB} at (0,0) size 18x17
                  RenderText {#text} at (3,5) size 18x17
                    text run at (3,5) width 17: "\x{5E73}"
          RenderText {#text} at (282,156) size 18x66
            text run at (282,156) width 65: "\x{3067}\x{3001}\x{53F3}\x{306F}"
          RenderRuby (inline) {RUBY} at (0,0) size 18x50
            RenderRubyRun (anonymous) at (279,221) size 24x49
              RenderRubyText {RT} at (-9,0) size 14x49
                RenderText {#text} at (2,0) size 10x49
                  text run at (2,0) width 49: "\x{305E}\x{3046}\x{304D}\x{3084}\x{307E}"
              RenderRubyBase (anonymous) at (0,0) size 24x49
                RenderInline {RB} at (0,0) size 18x49
                  RenderText {#text} at (3,0) size 18x49
                    text run at (3,0) width 49: "\x{96D1}\x{6728}\x{5C71}"
          RenderText {#text} at (282,270) size 46x480
            text run at (282,270) width 210: "\x{3001}\x{5DE6}\x{306F}\x{83DC}\x{306E}\x{82B1}\x{306E}\x{898B}\x{3064}\x{3065}\x{3051}\x{3067}\x{3042}"
            text run at (310,0) width 129: "\x{308B}\x{3002}\x{8DB3}\x{306E}\x{4E0B}\x{306B}\x{6642}\x{3005}"
          RenderRuby (inline) {RUBY} at (0,0) size 18x50
            RenderRubyRun (anonymous) at (307,129) size 24x49
              RenderRubyText {RT} at (-9,0) size 14x49
                RenderText {#text} at (2,1) size 10x46
                  text run at (2,1) width 46: "\x{305F}\x{3093}\x{307D}\x{307D}"
              RenderRubyBase (anonymous) at (0,0) size 24x49
                RenderInline {RB} at (0,0) size 18x49
                  RenderText {#text} at (3,0) size 18x49
                    text run at (3,0) width 49: "\x{84B2}\x{516C}\x{82F1}"
          RenderText {#text} at (310,177) size 18x114
            text run at (310,177) width 113: "\x{3092}\x{8E0F}\x{307F}\x{3064}\x{3051}\x{308B}\x{3002}"
          RenderRuby (inline) {RUBY} at (0,0) size 18x38
            RenderRubyRun (anonymous) at (307,291) size 24x37
              RenderRubyText {RT} at (-9,0) size 14x37
                RenderText {#text} at (2,0) size 10x37
                  text run at (2,0) width 37: "\x{306E}\x{3053}\x{304E}\x{308A}"
              RenderRubyBase (anonymous) at (0,0) size 24x37
                RenderInline {RB} at (0,0) size 18x17
                  RenderText {#text} at (3,10) size 18x17
                    text run at (3,10) width 17: "\x{92F8}"
          RenderText {#text} at (310,327) size 46x489
            text run at (310,327) width 162: "\x{306E}\x{3088}\x{3046}\x{306A}\x{8449}\x{304C}\x{9060}\x{616E}\x{306A}\x{304F}"
            text run at (338,0) width 194: "\x{56DB}\x{65B9}\x{3078}\x{306E}\x{3057}\x{3066}\x{771F}\x{4E2D}\x{306B}\x{9EC4}\x{8272}\x{306A}"
          RenderRuby (inline) {RUBY} at (0,0) size 18x20
            RenderRubyRun (anonymous) at (335,193) size 24x19
              RenderRubyText {RT} at (-9,0) size 14x19
                RenderText {#text} at (2,0) size 10x19
                  text run at (2,0) width 19: "\x{305F}\x{307E}"
              RenderRubyBase (anonymous) at (0,0) size 24x19
                RenderInline {RB} at (0,0) size 18x17
                  RenderText {#text} at (3,1) size 18x17
                    text run at (3,1) width 17: "\x{73E0}"
          RenderText {#text} at (338,212) size 70x487
            text run at (338,212) width 274: "\x{3092}\x{64C1}\x{8B77}\x{3057}\x{3066}\x{3044}\x{308B}\x{3002}\x{83DC}\x{306E}\x{82B1}\x{306B}\x{6C17}\x{3092}\x{3068}\x{3089}\x{308C}"
            text run at (362,0) width 484: "\x{3066}\x{3001}\x{8E0F}\x{307F}\x{3064}\x{3051}\x{305F}\x{3042}\x{3068}\x{3067}\x{3001}\x{6C17}\x{306E}\x{6BD2}\x{306A}\x{4E8B}\x{3092}\x{3057}\x{305F}\x{3068}\x{3001}\x{632F}\x{308A}\x{5411}\x{3044}\x{3066}\x{898B}\x{308B}\x{3068}\x{3001}"
            text run at (390,0) width 242: "\x{9EC4}\x{8272}\x{306A}\x{73E0}\x{306F}\x{4F9D}\x{7136}\x{3068}\x{3057}\x{3066}\x{92F8}\x{306E}\x{306A}\x{304B}\x{306B}"
          RenderRuby (inline) {RUBY} at (0,0) size 18x34
            RenderRubyRun (anonymous) at (387,242) size 24x33
              RenderRubyText {RT} at (-9,0) size 14x33
                RenderText {#text} at (2,0) size 10x33
                  text run at (2,0) width 32: "\x{3061}\x{3093}\x{3056}"
              RenderRubyBase (anonymous) at (0,0) size 24x33
                RenderInline {RB} at (0,0) size 18x33
                  RenderText {#text} at (3,0) size 18x33
                    text run at (3,0) width 33: "\x{93AE}\x{5EA7}"
          RenderText {#text} at (390,274) size 18x82
            text run at (390,274) width 81: "\x{3057}\x{3066}\x{3044}\x{308B}\x{3002}"
          RenderRuby (inline) {RUBY} at (0,0) size 18x34
            RenderRubyRun (anonymous) at (387,355) size 24x33
              RenderRubyText {RT} at (-9,0) size 14x33
                RenderText {#text} at (2,0) size 10x33
                  text run at (2,0) width 32: "\x{306E}\x{3093}\x{304D}"
              RenderRubyBase (anonymous) at (0,0) size 24x33
                RenderInline {RB} at (0,0) size 18x33
                  RenderText {#text} at (3,0) size 18x33
                    text run at (3,0) width 33: "\x{5451}\x{6C17}"
          RenderText {#text} at (390,388) size 42x485
            text run at (390,388) width 97: "\x{306A}\x{3082}\x{306E}\x{3060}\x{3002}\x{307E}"
            text run at (414,0) width 146: "\x{305F}\x{8003}\x{3048}\x{3092}\x{3064}\x{3065}\x{3051}\x{308B}\x{3002}"
          RenderBR {BR} at (414,145) size 18x1
          RenderText {#text} at (442,0) size 18x65
            text run at (442,0) width 65: "\x{3000}\x{8A69}\x{4EBA}\x{306B}"
          RenderRuby (inline) {RUBY} at (0,0) size 18x29
            RenderRubyRun (anonymous) at (439,64) size 24x28
              RenderRubyText {RT} at (-9,0) size 14x28
                RenderText {#text} at (2,0) size 10x28
                  text run at (2,0) width 28: "\x{3046}\x{308C}\x{3044}"
              RenderRubyBase (anonymous) at (0,0) size 24x28
                RenderInline {RB} at (0,0) size 18x17
                  RenderText {#text} at (3,5) size 18x17
                    text run at (3,5) width 17: "\x{6182}"
          RenderText {#text} at (442,92) size 18x243
            text run at (442,92) width 242: "\x{306F}\x{3064}\x{304D}\x{3082}\x{306E}\x{304B}\x{3082}\x{77E5}\x{308C}\x{306A}\x{3044}\x{304C}\x{3001}\x{3042}\x{306E}"
          RenderRuby (inline) {RUBY} at (0,0) size 18x34
            RenderRubyRun (anonymous) at (439,334) size 24x33
              RenderRubyText {RT} at (-9,0) size 14x33
                RenderText {#text} at (2,0) size 10x33
                  text run at (2,0) width 32: "\x{3072}\x{3070}\x{308A}"
              RenderRubyBase (anonymous) at (0,0) size 24x33
                RenderInline {RB} at (0,0) size 18x33
                  RenderText {#text} at (3,0) size 18x33
                    text run at (3,0) width 33: "\x{96F2}\x{96C0}"
          RenderText {#text} at (442,367) size 46x480
            text run at (442,367) width 113: "\x{3092}\x{805E}\x{304F}\x{5FC3}\x{6301}\x{306B}\x{306A}"
            text run at (470,0) width 33: "\x{308C}\x{3070}"
          RenderRuby (inline) {RUBY} at (0,0) size 18x34
            RenderRubyRun (anonymous) at (467,32) size 24x33
              RenderRubyText {RT} at (-9,0) size 14x33
                RenderText {#text} at (2,0) size 10x33
                  text run at (2,0) width 32: "\x{307F}\x{3058}\x{3093}"
              RenderRubyBase (anonymous) at (0,0) size 24x33
                RenderInline {RB} at (0,0) size 18x33
                  RenderText {#text} at (3,0) size 18x33
                    text run at (3,0) width 33: "\x{5FAE}\x{5875}"
          RenderText {#text} at (470,65) size 18x17
            text run at (470,65) width 17: "\x{306E}"
          RenderRuby (inline) {RUBY} at (0,0) size 18x18
            RenderRubyRun (anonymous) at (467,81) size 24x17
              RenderRubyText {RT} at (-9,0) size 14x17
                RenderText {#text} at (2,3) size 10x10
                  text run at (2,3) width 10: "\x{304F}"
              RenderRubyBase (anonymous) at (0,0) size 24x17
                RenderInline {RB} at (0,0) size 18x17
                  RenderText {#text} at (3,0) size 18x17
                    text run at (3,0) width 17: "\x{82E6}"
          RenderText {#text} at (470,98) size 18x339
            text run at (470,98) width 339: "\x{3082}\x{306A}\x{3044}\x{3002}\x{83DC}\x{306E}\x{82B1}\x{3092}\x{898B}\x{3066}\x{3082}\x{3001}\x{305F}\x{3060}\x{3046}\x{308C}\x{3057}\x{304F}\x{3066}\x{80F8}\x{304C}"
          RenderRuby (inline) {RUBY} at (0,0) size 18x20
            RenderRubyRun (anonymous) at (467,437) size 24x19
              RenderRubyText {RT} at (-9,0) size 14x19
                RenderText {#text} at (2,0) size 10x19
                  text run at (2,0) width 19: "\x{304A}\x{3069}"
              RenderRubyBase (anonymous) at (0,0) size 24x19
                RenderInline {RB} at (0,0) size 18x17
                  RenderText {#text} at (3,1) size 18x17
                    text run at (3,1) width 17: "\x{8E8D}"
          RenderText {#text} at (470,455) size 70x488
            text run at (470,455) width 33: "\x{308B}\x{3070}"
            text run at (494,0) width 484: "\x{304B}\x{308A}\x{3060}\x{3002}\x{84B2}\x{516C}\x{82F1}\x{3082}\x{305D}\x{306E}\x{901A}\x{308A}\x{3001}\x{685C}\x{3082}\x{2015}\x{2015}\x{685C}\x{306F}\x{3044}\x{3064}\x{304B}\x{898B}\x{3048}\x{306A}\x{304F}\x{306A}\x{3063}\x{305F}\x{3002}"
            text run at (522,0) width 178: "\x{3053}\x{3046}\x{5C71}\x{306E}\x{4E2D}\x{3078}\x{6765}\x{3066}\x{81EA}\x{7136}\x{306E}"
          RenderRuby (inline) {RUBY} at (0,0) size 18x38
            RenderRubyRun (anonymous) at (519,177) size 24x37
              RenderRubyText {RT} at (-9,0) size 14x37
                RenderText {#text} at (2,0) size 10x37
                  text run at (2,0) width 37: "\x{3051}\x{3044}\x{3076}\x{3064}"
              RenderRubyBase (anonymous) at (0,0) size 24x37
                RenderInline {RB} at (0,0) size 18x35
                  RenderText {#text} at (3,1) size 18x35
                    text run at (3,1) width 35: "\x{666F}\x{7269}"
          RenderText {#text} at (522,214) size 46x489
            text run at (522,214) width 274: "\x{306B}\x{63A5}\x{3059}\x{308C}\x{3070}\x{3001}\x{898B}\x{308B}\x{3082}\x{306E}\x{3082}\x{805E}\x{304F}\x{3082}\x{306E}\x{3082}\x{9762}"
            text run at (550,0) width 452: "\x{767D}\x{3044}\x{3002}\x{9762}\x{767D}\x{3044}\x{3060}\x{3051}\x{3067}\x{5225}\x{6BB5}\x{306E}\x{82E6}\x{3057}\x{307F}\x{3082}\x{8D77}\x{3089}\x{306C}\x{3002}\x{8D77}\x{308B}\x{3068}\x{3059}\x{308C}\x{3070}\x{8DB3}\x{304C}"
          RenderRuby (inline) {RUBY} at (0,0) size 18x34
            RenderRubyRun (anonymous) at (547,451) size 24x33
              RenderRubyText {RT} at (-9,0) size 14x33
                RenderText {#text} at (2,0) size 10x33
                  text run at (2,0) width 32: "\x{304F}\x{305F}\x{3073}"
              RenderRubyBase (anonymous) at (0,0) size 24x33
                RenderInline {RB} at (0,0) size 18x33
                  RenderText {#text} at (3,0) size 18x33
                    text run at (3,0) width 33: "\x{8349}\x{81E5}"
          RenderText {#text} at (578,0) size 18x49
            text run at (578,0) width 49: "\x{308C}\x{3066}\x{3001}"
          RenderRuby (inline) {RUBY} at (0,0) size 18x20
            RenderRubyRun (anonymous) at (575,48) size 24x19
              RenderRubyText {RT} at (-9,0) size 14x19
                RenderText {#text} at (2,0) size 10x19
                  text run at (2,0) width 19: "\x{3046}\x{307E}"
              RenderRubyBase (anonymous) at (0,0) size 24x19
                RenderInline {RB} at (0,0) size 18x17
                  RenderText {#text} at (3,1) size 18x17
                    text run at (3,1) width 17: "\x{65E8}"
          RenderText {#text} at (578,67) size 18x291
            text run at (578,67) width 291: "\x{3044}\x{3082}\x{306E}\x{304C}\x{98DF}\x{3079}\x{3089}\x{308C}\x{306C}\x{304F}\x{3089}\x{3044}\x{306E}\x{4E8B}\x{3060}\x{308D}\x{3046}\x{3002}"
          RenderBR {BR} at (578,357) size 18x1
          RenderText {#text} at (606,0) size 18x419
            text run at (606,0) width 419: "\x{3000}\x{3057}\x{304B}\x{3057}\x{82E6}\x{3057}\x{307F}\x{306E}\x{306A}\x{3044}\x{306E}\x{306F}\x{306A}\x{305C}\x{3060}\x{308D}\x{3046}\x{3002}\x{305F}\x{3060}\x{3053}\x{306E}\x{666F}\x{8272}\x{3092}\x{4E00}"
          RenderRuby (inline) {RUBY} at (0,0) size 18x20
            RenderRubyRun (anonymous) at (603,419) size 24x19
              RenderRubyText {RT} at (-9,0) size 14x19
                RenderText {#text} at (2,0) size 10x19
                  text run at (2,0) width 19: "\x{3077}\x{304F}"
              RenderRubyBase (anonymous) at (0,0) size 24x19
                RenderInline {RB} at (0,0) size 18x17
                  RenderText {#text} at (3,1) size 18x17
                    text run at (3,1) width 17: "\x{5E45}"
          RenderText {#text} at (606,437) size 18x18
            text run at (606,437) width 17: "\x{306E}"
          RenderRuby (inline) {RUBY} at (0,0) size 18x18
            RenderRubyRun (anonymous) at (603,454) size 24x17
              RenderRubyText {RT} at (-9,0) size 14x17
                RenderText {#text} at (2,3) size 10x10
                  text run at (2,3) width 10: "\x{3048}"
              RenderRubyBase (anonymous) at (0,0) size 24x17
                RenderInline {RB} at (0,0) size 18x17
                  RenderText {#text} at (3,0) size 18x17
                    text run at (3,0) width 17: "\x{753B}"
          RenderText {#text} at (606,471) size 46x488
            text run at (606,471) width 17: "\x{3068}"
            text run at (634,0) width 33: "\x{3057}\x{3066}"
          RenderRuby (inline) {RUBY} at (0,0) size 18x18
            RenderRubyRun (anonymous) at (631,32) size 24x17
              RenderRubyText {RT} at (-9,0) size 14x17
                RenderText {#text} at (2,3) size 10x10
                  text run at (2,3) width 10: "\x{307F}"
              RenderRubyBase (anonymous) at (0,0) size 24x17
                RenderInline {RB} at (0,0) size 18x17
                  RenderText {#text} at (3,0) size 18x17
                    text run at (3,0) width 17: "\x{89B3}"
          RenderText {#text} at (634,49) size 18x33
            text run at (634,49) width 33: "\x{3001}\x{4E00}"
          RenderRuby (inline) {RUBY} at (0,0) size 18x20
            RenderRubyRun (anonymous) at (631,81) size 24x19
              RenderRubyText {RT} at (-9,0) size 14x19
                RenderText {#text} at (2,0) size 10x19
                  text run at (2,0) width 19: "\x{304B}\x{3093}"
              RenderRubyBase (anonymous) at (0,0) size 24x19
                RenderInline {RB} at (0,0) size 18x17
                  RenderText {#text} at (3,1) size 18x17
                    text run at (3,1) width 17: "\x{5DFB}"
          RenderText {#text} at (634,100) size 18x210
            text run at (634,100) width 210: "\x{306E}\x{8A69}\x{3068}\x{3057}\x{3066}\x{8AAD}\x{3080}\x{304B}\x{3089}\x{3067}\x{3042}\x{308B}\x{3002}"
          RenderRuby (inline) {RUBY} at (0,0) size 18x18
            RenderRubyRun (anonymous) at (631,310) size 24x17
              RenderRubyText {RT} at (-9,0) size 14x17
                RenderText {#text} at (2,3) size 10x10
                  text run at (2,3) width 10: "\x{304C}"
              RenderRubyBase (anonymous) at (0,0) size 24x17
                RenderInline {RB} at (0,0) size 18x17
                  RenderText {#text} at (3,0) size 18x17
                    text run at (3,0) width 17: "\x{753B}"
          RenderText {#text} at (634,326) size 18x163
            text run at (634,326) width 162: "\x{3067}\x{3042}\x{308A}\x{8A69}\x{3067}\x{3042}\x{308B}\x{4EE5}\x{4E0A}\x{306F}"
          RenderRuby (inline) {RUBY} at (0,0) size 18x33
            RenderRubyRun (anonymous) at (659,0) size 24x33
              RenderRubyText {RT} at (-9,0) size 14x33
                RenderText {#text} at (2,0) size 10x33
                  text run at (2,0) width 32: "\x{3058}\x{3081}\x{3093}"
              RenderRubyBase (anonymous) at (0,0) size 24x33
                RenderInline {RB} at (0,0) size 18x33
                  RenderText {#text} at (3,0) size 18x33
                    text run at (3,0) width 33: "\x{5730}\x{9762}"
          RenderText {#text} at (662,33) size 18x371
            text run at (662,33) width 371: "\x{3092}\x{8CB0}\x{3063}\x{3066}\x{3001}\x{958B}\x{62D3}\x{3059}\x{308B}\x{6C17}\x{306B}\x{3082}\x{306A}\x{3089}\x{306D}\x{3070}\x{3001}\x{9244}\x{9053}\x{3092}\x{304B}\x{3051}\x{3066}"
          RenderRuby (inline) {RUBY} at (0,0) size 18x38
            RenderRubyRun (anonymous) at (659,404) size 24x37
              RenderRubyText {RT} at (-9,0) size 14x37
                RenderText {#text} at (2,0) size 10x37
                  text run at (2,0) width 37: "\x{3072}\x{3068}\x{3082}\x{3046}"
              RenderRubyBase (anonymous) at (0,0) size 24x37
                RenderInline {RB} at (0,0) size 18x35
                  RenderText {#text} at (3,1) size 18x35
                    text run at (3,1) width 35: "\x{4E00}\x{5132}"
          RenderText {#text} at (662,440) size 18x49
            text run at (662,440) width 49: "\x{3051}\x{3059}\x{308B}"
          RenderRuby (inline) {RUBY} at (0,0) size 18x46
            RenderRubyRun (anonymous) at (687,0) size 24x46
              RenderRubyText {RT} at (-9,0) size 14x46
                RenderText {#text} at (2,0) size 10x46
                  text run at (2,0) width 46: "\x{308A}\x{3087}\x{3046}\x{3051}\x{3093}"
              RenderRubyBase (anonymous) at (0,0) size 24x46
                RenderInline {RB} at (0,0) size 18x40
                  RenderText {#text} at (3,3) size 18x40
                    text run at (3,3) width 40: "\x{4E86}\x{898B}"
          RenderText {#text} at (690,46) size 18x258
            text run at (690,46) width 258: "\x{3082}\x{8D77}\x{3089}\x{306C}\x{3002}\x{305F}\x{3060}\x{3053}\x{306E}\x{666F}\x{8272}\x{304C}\x{2015}\x{2015}\x{8179}\x{306E}"
          RenderRuby (inline) {RUBY} at (0,0) size 18x18
            RenderRubyRun (anonymous) at (687,304) size 24x17
              RenderRubyText {RT} at (-9,0) size 14x17
                RenderText {#text} at (2,3) size 10x10
                  text run at (2,3) width 10: "\x{305F}"
              RenderRubyBase (anonymous) at (0,0) size 24x17
                RenderInline {RB} at (0,0) size 18x17
                  RenderText {#text} at (3,0) size 18x17
                    text run at (3,0) width 17: "\x{8DB3}"
          RenderText {#text} at (690,320) size 70x484
            text run at (690,320) width 162: "\x{3057}\x{306B}\x{3082}\x{306A}\x{3089}\x{306C}\x{3001}\x{6708}\x{7D66}\x{306E}"
            text run at (714,0) width 484: "\x{88DC}\x{3044}\x{306B}\x{3082}\x{306A}\x{3089}\x{306C}\x{3053}\x{306E}\x{666F}\x{8272}\x{304C}\x{666F}\x{8272}\x{3068}\x{3057}\x{3066}\x{306E}\x{307F}\x{3001}\x{4F59}\x{304C}\x{5FC3}\x{3092}\x{697D}\x{307E}\x{305B}\x{3064}\x{3064}\x{3042}"
            text run at (742,0) width 146: "\x{308B}\x{304B}\x{3089}\x{82E6}\x{52B4}\x{3082}\x{5FC3}\x{914D}\x{3082}"
          RenderRuby (inline) {RUBY} at (0,0) size 18x29
            RenderRubyRun (anonymous) at (739,145) size 24x28
              RenderRubyText {RT} at (-9,0) size 14x28
                RenderText {#text} at (2,0) size 10x28
                  text run at (2,0) width 28: "\x{3068}\x{3082}\x{306A}"
              RenderRubyBase (anonymous) at (0,0) size 24x28
                RenderInline {RB} at (0,0) size 18x17
                  RenderText {#text} at (3,5) size 18x17
                    text run at (3,5) width 17: "\x{4F34}"
          RenderText {#text} at (742,173) size 18x291
            text run at (742,173) width 291: "\x{308F}\x{306C}\x{306E}\x{3060}\x{308D}\x{3046}\x{3002}\x{81EA}\x{7136}\x{306E}\x{529B}\x{306F}\x{3053}\x{3053}\x{306B}\x{304A}\x{3044}\x{3066}"
          RenderRuby (inline) {RUBY} at (0,0) size 18x20
            RenderRubyRun (anonymous) at (739,463) size 24x19
              RenderRubyText {RT} at (-9,0) size 14x19
                RenderText {#text} at (2,0) size 10x19
                  text run at (2,0) width 19: "\x{305F}\x{3063}"
              RenderRubyBase (anonymous) at (0,0) size 24x19
                RenderInline {RB} at (0,0) size 18x17
                  RenderText {#text} at (3,1) size 18x17
                    text run at (3,1) width 17: "\x{5C0A}"
          RenderText {#text} at (770,0) size 18x194
            text run at (770,0) width 194: "\x{3068}\x{3044}\x{3002}\x{543E}\x{4EBA}\x{306E}\x{6027}\x{60C5}\x{3092}\x{77AC}\x{523B}\x{306B}"
          RenderRuby (inline) {RUBY} at (0,0) size 18x34
            RenderRubyRun (anonymous) at (767,193) size 24x33
              RenderRubyText {RT} at (-9,0) size 14x33
                RenderText {#text} at (2,0) size 10x33
                  text run at (2,0) width 32: "\x{3068}\x{3046}\x{3084}"
              RenderRubyBase (anonymous) at (0,0) size 24x33
                RenderInline {RB} at (0,0) size 18x33
                  RenderText {#text} at (3,0) size 18x33
                    text run at (3,0) width 33: "\x{9676}\x{51B6}"
          RenderText {#text} at (770,226) size 18x33
            text run at (770,226) width 33: "\x{3057}\x{3066}"
          RenderRuby (inline) {RUBY} at (0,0) size 18x38
            RenderRubyRun (anonymous) at (767,259) size 24x37
              RenderRubyText {RT} at (-9,0) size 14x37
                RenderText {#text} at (2,0) size 10x37
                  text run at (2,0) width 37: "\x{3058}\x{3085}\x{3093}\x{3053}"
              RenderRubyBase (anonymous) at (0,0) size 24x37
                RenderInline {RB} at (0,0) size 18x35
                  RenderText {#text} at (3,1) size 18x35
                    text run at (3,1) width 35: "\x{9187}\x{4E4E}"
          RenderText {#text} at (770,295) size 42x489
            text run at (770,295) width 194: "\x{3068}\x{3057}\x{3066}\x{9187}\x{306A}\x{308B}\x{8A69}\x{5883}\x{306B}\x{5165}\x{3089}\x{3057}"
            text run at (794,0) width 162: "\x{3080}\x{308B}\x{306E}\x{306F}\x{81EA}\x{7136}\x{3067}\x{3042}\x{308B}\x{3002}"
          RenderBR {BR} at (794,161) size 18x1
          RenderText {#text} at (818,0) size 46x484
            text run at (818,0) width 484: "\x{3000}\x{604B}\x{306F}\x{3046}\x{3064}\x{304F}\x{3057}\x{304B}\x{308D}\x{3001}\x{5B5D}\x{3082}\x{3046}\x{3064}\x{304F}\x{3057}\x{304B}\x{308D}\x{3001}\x{5FE0}\x{541B}\x{611B}\x{56FD}\x{3082}\x{7D50}\x{69CB}\x{3060}\x{308D}\x{3046}\x{3002}"
            text run at (846,0) width 129: "\x{3057}\x{304B}\x{3057}\x{81EA}\x{8EAB}\x{304C}\x{305D}\x{306E}"
          RenderRuby (inline) {RUBY} at (0,0) size 18x29
            RenderRubyRun (anonymous) at (843,129) size 24x28
              RenderRubyText {RT} at (-9,0) size 14x28
                RenderText {#text} at (2,0) size 10x28
                  text run at (2,0) width 28: "\x{304D}\x{3087}\x{304F}"
              RenderRubyBase (anonymous) at (0,0) size 24x28
                RenderInline {RB} at (0,0) size 18x17
                  RenderText {#text} at (3,5) size 18x17
                    text run at (3,5) width 17: "\x{5C40}"
          RenderText {#text} at (846,156) size 18x114
            text run at (846,156) width 113: "\x{306B}\x{5F53}\x{308C}\x{3070}\x{5229}\x{5BB3}\x{306E}"
          RenderRuby (inline) {RUBY} at (0,0) size 18x34
            RenderRubyRun (anonymous) at (843,270) size 24x33
              RenderRubyText {RT} at (-9,0) size 14x33
                RenderText {#text} at (2,0) size 10x33
                  text run at (2,0) width 32: "\x{3064}\x{3080}\x{3058}"
              RenderRubyBase (anonymous) at (0,0) size 24x33
                RenderInline {RB} at (0,0) size 18x33
                  RenderText {#text} at (3,0) size 18x33
                    text run at (3,0) width 33: "\x{65CB}\x{98A8}"
          RenderText {#text} at (846,302) size 18x17
            text run at (846,302) width 17: "\x{306B}"
          RenderRuby (inline) {RUBY} at (0,0) size 18x18
            RenderRubyRun (anonymous) at (843,319) size 24x17
              RenderRubyText {RT} at (-9,0) size 14x17
                RenderText {#text} at (2,3) size 10x10
                  text run at (2,3) width 10: "\x{307E}"
              RenderRubyBase (anonymous) at (0,0) size 24x17
                RenderInline {RB} at (0,0) size 18x17
                  RenderText {#text} at (3,0) size 18x17
                    text run at (3,0) width 17: "\x{6372}"
          RenderText {#text} at (846,335) size 46x481
            text run at (846,335) width 146: "\x{304D}\x{8FBC}\x{307E}\x{308C}\x{3066}\x{3001}\x{3046}\x{3064}\x{304F}"
            text run at (874,0) width 242: "\x{3057}\x{304D}\x{4E8B}\x{306B}\x{3082}\x{3001}\x{7D50}\x{69CB}\x{306A}\x{4E8B}\x{306B}\x{3082}\x{3001}\x{76EE}\x{306F}"
          RenderRuby (inline) {RUBY} at (0,0) size 18x20
            RenderRubyRun (anonymous) at (871,242) size 24x19
              RenderRubyText {RT} at (-9,0) size 14x19
                RenderText {#text} at (2,0) size 10x19
                  text run at (2,0) width 19: "\x{304F}\x{3089}"
              RenderRubyBase (anonymous) at (0,0) size 24x19
                RenderInline {RB} at (0,0) size 18x17
                  RenderText {#text} at (3,1) size 18x17
                    text run at (3,1) width 17: "\x{7729}"
          RenderText {#text} at (874,260) size 46x487
            text run at (874,260) width 226: "\x{3093}\x{3067}\x{3057}\x{307E}\x{3046}\x{3002}\x{3057}\x{305F}\x{304C}\x{3063}\x{3066}\x{3069}\x{3053}\x{306B}"
            text run at (902,0) width 146: "\x{8A69}\x{304C}\x{3042}\x{308B}\x{304B}\x{81EA}\x{8EAB}\x{306B}\x{306F}"
          RenderRuby (inline) {RUBY} at (0,0) size 18x18
            RenderRubyRun (anonymous) at (899,145) size 24x17
              RenderRubyText {RT} at (-9,0) size 14x17
                RenderText {#text} at (2,3) size 10x10
                  text run at (2,3) width 10: "\x{3052}"
              RenderRubyBase (anonymous) at (0,0) size 24x17
                RenderInline {RB} at (0,0) size 18x17
                  RenderText {#text} at (3,0) size 18x17
                    text run at (3,0) width 17: "\x{89E3}"
          RenderText {#text} at (902,162) size 18x81
            text run at (902,162) width 81: "\x{3057}\x{304B}\x{306D}\x{308B}\x{3002}"
          RenderBR {BR} at (902,242) size 18x1
          RenderText {#text} at (926,0) size 46x484
            text run at (926,0) width 484: "\x{3000}\x{3053}\x{308C}\x{304C}\x{308F}\x{304B}\x{308B}\x{305F}\x{3081}\x{306B}\x{306F}\x{3001}\x{308F}\x{304B}\x{308B}\x{3060}\x{3051}\x{306E}\x{4F59}\x{88D5}\x{306E}\x{3042}\x{308B}\x{7B2C}\x{4E09}\x{8005}\x{306E}\x{5730}\x{4F4D}\x{306B}"
            text run at (954,0) width 355: "\x{7ACB}\x{305F}\x{306D}\x{3070}\x{306A}\x{3089}\x{306C}\x{3002}\x{4E09}\x{8005}\x{306E}\x{5730}\x{4F4D}\x{306B}\x{7ACB}\x{3066}\x{3070}\x{3053}\x{305D}\x{829D}\x{5C45}\x{306F}"
          RenderRuby (inline) {RUBY} at (0,0) size 18x18
            RenderRubyRun (anonymous) at (951,354) size 24x17
              RenderRubyText {RT} at (-9,0) size 14x17
                RenderText {#text} at (2,3) size 10x10
                  text run at (2,3) width 10: "\x{307F}"
              RenderRubyBase (anonymous) at (0,0) size 24x17
                RenderInline {RB} at (0,0) size 18x17
                  RenderText {#text} at (3,0) size 18x17
                    text run at (3,0) width 17: "\x{89B3}"
          RenderText {#text} at (954,371) size 70x485
            text run at (954,371) width 113: "\x{3066}\x{9762}\x{767D}\x{3044}\x{3002}\x{5C0F}\x{8AAC}"
            text run at (978,0) width 484: "\x{3082}\x{898B}\x{3066}\x{9762}\x{767D}\x{3044}\x{3002}\x{829D}\x{5C45}\x{3092}\x{898B}\x{3066}\x{9762}\x{767D}\x{3044}\x{4EBA}\x{3082}\x{3001}\x{5C0F}\x{8AAC}\x{3092}\x{8AAD}\x{3093}\x{3067}\x{9762}\x{767D}\x{3044}\x{4EBA}\x{3082}\x{3001}"
            text run at (1006,0) width 97: "\x{81EA}\x{5DF1}\x{306E}\x{5229}\x{5BB3}\x{306F}"
          RenderRuby (inline) {RUBY} at (0,0) size 18x20
            RenderRubyRun (anonymous) at (1003,97) size 24x19
              RenderRubyText {RT} at (-9,0) size 14x19
                RenderText {#text} at (2,0) size 10x19
                  text run at (2,0) width 19: "\x{305F}\x{306A}"
              RenderRubyBase (anonymous) at (0,0) size 24x19
                RenderInline {RB} at (0,0) size 18x17
                  RenderText {#text} at (3,1) size 18x17
                    text run at (3,1) width 17: "\x{68DA}"
          RenderText {#text} at (1006,115) size 42x487
            text run at (1006,115) width 371: "\x{3078}\x{4E0A}\x{3052}\x{3066}\x{3044}\x{308B}\x{3002}\x{898B}\x{305F}\x{308A}\x{8AAD}\x{3093}\x{3060}\x{308A}\x{3059}\x{308B}\x{9593}\x{3060}\x{3051}\x{306F}\x{8A69}\x{4EBA}\x{3067}"
            text run at (1030,0) width 49: "\x{3042}\x{308B}\x{3002}"
          RenderBR {BR} at (1030,48) size 18x1
          RenderText {#text} at (1058,0) size 18x307
            text run at (1058,0) width 307: "\x{3000}\x{305D}\x{308C}\x{3059}\x{3089}\x{3001}\x{666E}\x{901A}\x{306E}\x{829D}\x{5C45}\x{3084}\x{5C0F}\x{8AAC}\x{3067}\x{306F}\x{4EBA}\x{60C5}\x{3092}"
          RenderRuby (inline) {RUBY} at (0,0) size 18x20
            RenderRubyRun (anonymous) at (1055,306) size 24x19
              RenderRubyText {RT} at (-9,0) size 14x19
                RenderText {#text} at (2,0) size 10x19
                  text run at (2,0) width 19: "\x{307E}\x{306C}"
              RenderRubyBase (anonymous) at (0,0) size 24x19
                RenderInline {RB} at (0,0) size 18x17
                  RenderText {#text} at (3,1) size 18x17
                    text run at (3,1) width 17: "\x{514D}"
          RenderText {#text} at (1058,325) size 70x487
            text run at (1058,325) width 162: "\x{304B}\x{308C}\x{306C}\x{3002}\x{82E6}\x{3057}\x{3093}\x{3060}\x{308A}\x{3001}"
            text run at (1082,0) width 484: "\x{6012}\x{3063}\x{305F}\x{308A}\x{3001}\x{9A12}\x{3044}\x{3060}\x{308A}\x{3001}\x{6CE3}\x{3044}\x{305F}\x{308A}\x{3059}\x{308B}\x{3002}\x{898B}\x{308B}\x{3082}\x{306E}\x{3082}\x{3044}\x{3064}\x{304B}\x{305D}\x{306E}\x{4E2D}\x{306B}\x{540C}"
            text run at (1110,0) width 419: "\x{5316}\x{3057}\x{3066}\x{82E6}\x{3057}\x{3093}\x{3060}\x{308A}\x{3001}\x{6012}\x{3063}\x{305F}\x{308A}\x{3001}\x{9A12}\x{3044}\x{3060}\x{308A}\x{3001}\x{6CE3}\x{3044}\x{305F}\x{308A}\x{3059}\x{308B}\x{3002}"
          RenderRuby (inline) {RUBY} at (0,0) size 18x34
            RenderRubyRun (anonymous) at (1107,419) size 24x33
              RenderRubyText {RT} at (-9,0) size 14x33
                RenderText {#text} at (2,0) size 10x33
                  text run at (2,0) width 32: "\x{3068}\x{308A}\x{3048}"
              RenderRubyBase (anonymous) at (0,0) size 24x33
                RenderInline {RB} at (0,0) size 18x33
                  RenderText {#text} at (3,0) size 18x33
                    text run at (3,0) width 33: "\x{53D6}\x{67C4}"
          RenderText {#text} at (1110,451) size 46x485
            text run at (1110,451) width 33: "\x{306F}\x{5229}"
            text run at (1138,0) width 33: "\x{617E}\x{304C}"
          RenderRuby (inline) {RUBY} at (0,0) size 18x20
            RenderRubyRun (anonymous) at (1135,32) size 24x19
              RenderRubyText {RT} at (-9,0) size 14x19
                RenderText {#text} at (2,0) size 10x19
                  text run at (2,0) width 19: "\x{307E}\x{3058}"
              RenderRubyBase (anonymous) at (0,0) size 24x19
                RenderInline {RB} at (0,0) size 18x17
                  RenderText {#text} at (3,1) size 18x17
                    text run at (3,1) width 17: "\x{4EA4}"
          RenderText {#text} at (1138,51) size 18x114
            text run at (1138,51) width 113: "\x{3089}\x{306C}\x{3068}\x{4E91}\x{3046}\x{70B9}\x{306B}"
          RenderRuby (inline) {RUBY} at (0,0) size 18x20
            RenderRubyRun (anonymous) at (1135,164) size 24x19
              RenderRubyText {RT} at (-9,0) size 14x19
                RenderText {#text} at (2,0) size 10x19
                  text run at (2,0) width 19: "\x{305D}\x{3093}"
              RenderRubyBase (anonymous) at (0,0) size 24x19
                RenderInline {RB} at (0,0) size 18x17
                  RenderText {#text} at (3,1) size 18x17
                    text run at (3,1) width 17: "\x{5B58}"
          RenderText {#text} at (1138,183) size 18x307
            text run at (1138,183) width 307: "\x{3059}\x{308B}\x{304B}\x{3082}\x{77E5}\x{308C}\x{306C}\x{304C}\x{3001}\x{4EA4}\x{3089}\x{306C}\x{3060}\x{3051}\x{306B}\x{305D}\x{306E}\x{4ED6}\x{306E}"
          RenderRuby (inline) {RUBY} at (0,0) size 18x46
            RenderRubyRun (anonymous) at (1163,0) size 24x46
              RenderRubyText {RT} at (-9,0) size 14x46
                RenderText {#text} at (2,0) size 10x46
                  text run at (2,0) width 46: "\x{3058}\x{3087}\x{3046}\x{3057}\x{3087}"
              RenderRubyBase (anonymous) at (0,0) size 24x46
                RenderInline {RB} at (0,0) size 18x40
                  RenderText {#text} at (3,3) size 18x40
                    text run at (3,3) width 40: "\x{60C5}\x{7DD2}"
          RenderText {#text} at (1166,46) size 18x307
            text run at (1166,46) width 307: "\x{306F}\x{5E38}\x{3088}\x{308A}\x{306F}\x{4F59}\x{8A08}\x{306B}\x{6D3B}\x{52D5}\x{3059}\x{308B}\x{3060}\x{308D}\x{3046}\x{3002}\x{305D}\x{308C}\x{304C}"
          RenderRuby (inline) {RUBY} at (0,0) size 18x20
            RenderRubyRun (anonymous) at (1163,352) size 24x19
              RenderRubyText {RT} at (-9,0) size 14x19
                RenderText {#text} at (2,0) size 10x19
                  text run at (2,0) width 19: "\x{3044}\x{3084}"
              RenderRubyBase (anonymous) at (0,0) size 24x19
                RenderInline {RB} at (0,0) size 18x17
                  RenderText {#text} at (3,1) size 18x17
                    text run at (3,1) width 17: "\x{5ACC}"
          RenderText {#text} at (1166,371) size 18x33
            text run at (1166,371) width 33: "\x{3060}\x{3002}"
          RenderBR {BR} at (1166,403) size 18x1
          RenderText {#text} at (1190,0) size 46x484
            text run at (1190,0) width 484: "\x{3000}\x{82E6}\x{3057}\x{3093}\x{3060}\x{308A}\x{3001}\x{6012}\x{3063}\x{305F}\x{308A}\x{3001}\x{9A12}\x{3044}\x{3060}\x{308A}\x{3001}\x{6CE3}\x{3044}\x{305F}\x{308A}\x{306F}\x{4EBA}\x{306E}\x{4E16}\x{306B}\x{3064}\x{304D}\x{3082}\x{306E}"
            text run at (1218,0) width 194: "\x{3060}\x{3002}\x{4F59}\x{3082}\x{4E09}\x{5341}\x{5E74}\x{306E}\x{9593}\x{305D}\x{308C}\x{3092}"
          RenderRuby (inline) {RUBY} at (0,0) size 18x34
            RenderRubyRun (anonymous) at (1215,193) size 24x33
              RenderRubyText {RT} at (-9,0) size 14x33
                RenderText {#text} at (2,0) size 10x33
                  text run at (2,0) width 32: "\x{3057}\x{3068}\x{304A}"
              RenderRubyBase (anonymous) at (0,0) size 24x33
                RenderInline {RB} at (0,0) size 18x33
                  RenderText {#text} at (3,0) size 18x33
                    text run at (3,0) width 33: "\x{4ED5}\x{901A}"
          RenderText {#text} at (1218,226) size 18x49
            text run at (1218,226) width 49: "\x{3057}\x{3066}\x{3001}"
          RenderRuby (inline) {RUBY} at (0,0) size 18x38
            RenderRubyRun (anonymous) at (1215,275) size 24x37
              RenderRubyText {RT} at (-9,0) size 14x37
                RenderText {#text} at (2,0) size 10x37
                  text run at (2,0) width 37: "\x{3042}\x{304D}\x{3042}\x{304D}"
              RenderRubyBase (anonymous) at (0,0) size 24x37
                RenderInline {RB} at (0,0) size 18x35
                  RenderText {#text} at (3,1) size 18x35
                    text run at (3,1) width 35: "\x{98FD}\x{3005}"
          RenderText {#text} at (1218,311) size 18x50
            text run at (1218,311) width 49: "\x{3057}\x{305F}\x{3002}"
          RenderRuby (inline) {RUBY} at (0,0) size 18x18
            RenderRubyRun (anonymous) at (1215,360) size 24x17
              RenderRubyText {RT} at (-9,0) size 14x17
                RenderText {#text} at (2,3) size 10x10
                  text run at (2,3) width 10: "\x{3042}"
              RenderRubyBase (anonymous) at (0,0) size 24x17
                RenderInline {RB} at (0,0) size 18x17
                  RenderText {#text} at (3,0) size 18x17
                    text run at (3,0) width 17: "\x{98FD}"
          RenderText {#text} at (1218,377) size 70x490
            text run at (1218,377) width 113: "\x{304D}\x{98FD}\x{304D}\x{3057}\x{305F}\x{4E0A}\x{306B}"
            text run at (1242,0) width 484: "\x{829D}\x{5C45}\x{3084}\x{5C0F}\x{8AAC}\x{3067}\x{540C}\x{3058}\x{523A}\x{6FC0}\x{3092}\x{7E70}\x{308A}\x{8FD4}\x{3057}\x{3066}\x{306F}\x{5927}\x{5909}\x{3060}\x{3002}\x{4F59}\x{304C}\x{6B32}\x{3059}\x{308B}\x{8A69}\x{306F}\x{305D}\x{3093}"
            text run at (1270,0) width 129: "\x{306A}\x{4E16}\x{9593}\x{7684}\x{306E}\x{4EBA}\x{60C5}\x{3092}"
          RenderRuby (inline) {RUBY} at (0,0) size 18x34
            RenderRubyRun (anonymous) at (1267,129) size 24x33
              RenderRubyText {RT} at (-9,0) size 14x33
                RenderText {#text} at (2,3) size 10x26
                  text run at (2,3) width 26: "\x{3053}\x{3076}"
              RenderRubyBase (anonymous) at (0,0) size 24x33
                RenderInline {RB} at (0,0) size 18x33
                  RenderText {#text} at (3,0) size 18x33
                    text run at (3,0) width 33: "\x{9F13}\x{821E}"
          RenderText {#text} at (1270,161) size 46x485
            text run at (1270,161) width 323: "\x{3059}\x{308B}\x{3088}\x{3046}\x{306A}\x{3082}\x{306E}\x{3067}\x{306F}\x{306A}\x{3044}\x{3002}\x{4FD7}\x{5FF5}\x{3092}\x{653E}\x{68C4}\x{3057}\x{3066}\x{3001}"
            text run at (1298,0) width 97: "\x{3057}\x{3070}\x{3089}\x{304F}\x{3067}\x{3082}"
          RenderRuby (inline) {RUBY} at (0,0) size 18x38
            RenderRubyRun (anonymous) at (1295,97) size 24x37
              RenderRubyText {RT} at (-9,0) size 14x37
                RenderText {#text} at (2,0) size 10x37
                  text run at (2,0) width 37: "\x{3058}\x{3093}\x{304B}\x{3044}"
              RenderRubyBase (anonymous) at (0,0) size 24x37
                RenderInline {RB} at (0,0) size 18x35
                  RenderText {#text} at (3,1) size 18x35
                    text run at (3,1) width 35: "\x{5875}\x{754C}"
          RenderText {#text} at (1298,133) size 94x489
            text run at (1298,133) width 355: "\x{3092}\x{96E2}\x{308C}\x{305F}\x{5FC3}\x{6301}\x{3061}\x{306B}\x{306A}\x{308C}\x{308B}\x{8A69}\x{3067}\x{3042}\x{308B}\x{3002}\x{3044}\x{304F}\x{3089}\x{5091}\x{4F5C}\x{3067}"
            text run at (1322,0) width 484: "\x{3082}\x{4EBA}\x{60C5}\x{3092}\x{96E2}\x{308C}\x{305F}\x{829D}\x{5C45}\x{306F}\x{306A}\x{3044}\x{3001}\x{7406}\x{975E}\x{3092}\x{7D76}\x{3057}\x{305F}\x{5C0F}\x{8AAC}\x{306F}\x{5C11}\x{304B}\x{308D}\x{3046}\x{3002}\x{3069}\x{3053}\x{307E}"
            text run at (1346,0) width 484: "\x{3067}\x{3082}\x{4E16}\x{9593}\x{3092}\x{51FA}\x{308B}\x{4E8B}\x{304C}\x{51FA}\x{6765}\x{306C}\x{306E}\x{304C}\x{5F7C}\x{3089}\x{306E}\x{7279}\x{8272}\x{3067}\x{3042}\x{308B}\x{3002}\x{3053}\x{3068}\x{306B}\x{897F}\x{6D0B}\x{306E}\x{8A69}"
            text run at (1374,0) width 307: "\x{306B}\x{306A}\x{308B}\x{3068}\x{3001}\x{4EBA}\x{4E8B}\x{304C}\x{6839}\x{672C}\x{306B}\x{306A}\x{308B}\x{304B}\x{3089}\x{3044}\x{308F}\x{3086}\x{308B}"
          RenderRuby (inline) {RUBY} at (0,0) size 18x34
            RenderRubyRun (anonymous) at (1371,306) size 24x33
              RenderRubyText {RT} at (-9,0) size 14x33
                RenderText {#text} at (2,0) size 10x33
                  text run at (2,0) width 32: "\x{3057}\x{3044}\x{304B}"
              RenderRubyBase (anonymous) at (0,0) size 24x33
                RenderInline {RB} at (0,0) size 18x33
                  RenderText {#text} at (3,0) size 18x33
                    text run at (3,0) width 33: "\x{8A69}\x{6B4C}"
          RenderText {#text} at (1374,339) size 46x485
            text run at (1374,339) width 146: "\x{306E}\x{7D14}\x{7C8B}\x{306A}\x{308B}\x{3082}\x{306E}\x{3082}\x{3053}"
            text run at (1402,0) width 17: "\x{306E}"
          RenderRuby (inline) {RUBY} at (0,0) size 18x29
            RenderRubyRun (anonymous) at (1399,16) size 24x28
              RenderRubyText {RT} at (-9,0) size 14x28
                RenderText {#text} at (2,0) size 10x28
                  text run at (2,0) width 28: "\x{304D}\x{3087}\x{3046}"
              RenderRubyBase (anonymous) at (0,0) size 24x28
                RenderInline {RB} at (0,0) size 18x17
                  RenderText {#text} at (3,5) size 18x17
                    text run at (3,5) width 17: "\x{5883}"
          RenderText {#text} at (1402,44) size 18x17
            text run at (1402,44) width 17: "\x{3092}"
          RenderRuby (inline) {RUBY} at (0,0) size 18x34
            RenderRubyRun (anonymous) at (1399,60) size 24x33
              RenderRubyText {RT} at (-9,0) size 14x33
                RenderText {#text} at (2,0) size 10x33
                  text run at (2,0) width 32: "\x{3052}\x{3060}\x{3064}"
              RenderRubyBase (anonymous) at (0,0) size 24x33
                RenderInline {RB} at (0,0) size 18x33
                  RenderText {#text} at (3,0) size 18x33
                    text run at (3,0) width 33: "\x{89E3}\x{8131}"
          RenderText {#text} at (1402,93) size 46x480
            text run at (1402,93) width 387: "\x{3059}\x{308B}\x{4E8B}\x{3092}\x{77E5}\x{3089}\x{306C}\x{3002}\x{3069}\x{3053}\x{307E}\x{3067}\x{3082}\x{540C}\x{60C5}\x{3060}\x{3068}\x{304B}\x{3001}\x{611B}\x{3060}\x{3068}\x{304B}\x{3001}"
            text run at (1430,0) width 194: "\x{6B63}\x{7FA9}\x{3060}\x{3068}\x{304B}\x{3001}\x{81EA}\x{7531}\x{3060}\x{3068}\x{304B}\x{3001}"
          RenderRuby (inline) {RUBY} at (0,0) size 18x34
            RenderRubyRun (anonymous) at (1427,193) size 24x33
              RenderRubyText {RT} at (-9,0) size 14x33
                RenderText {#text} at (2,0) size 10x33
                  text run at (2,0) width 32: "\x{3046}\x{304D}\x{3088}"
              RenderRubyBase (anonymous) at (0,0) size 24x33
                RenderInline {RB} at (0,0) size 18x33
                  RenderText {#text} at (3,0) size 18x33
                    text run at (3,0) width 33: "\x{6D6E}\x{4E16}"
          RenderText {#text} at (1430,226) size 18x17
            text run at (1430,226) width 17: "\x{306E}"
          RenderRuby (inline) {RUBY} at (0,0) size 18x50
            RenderRubyRun (anonymous) at (1427,242) size 24x49
              RenderRubyText {RT} at (-9,0) size 14x49
                RenderText {#text} at (2,0) size 10x49
                  text run at (2,0) width 49: "\x{304B}\x{3093}\x{3053}\x{3046}\x{3070}"
              RenderRubyBase (anonymous) at (0,0) size 24x49
                RenderInline {RB} at (0,0) size 18x49
                  RenderText {#text} at (3,0) size 18x49
                    text run at (3,0) width 49: "\x{52E7}\x{5DE5}\x{5834}"
          RenderText {#text} at (1430,291) size 18x162
            text run at (1430,291) width 162: "\x{306B}\x{3042}\x{308B}\x{3082}\x{306E}\x{3060}\x{3051}\x{3067}\x{7528}\x{3092}"
          RenderRuby (inline) {RUBY} at (0,0) size 18x20
            RenderRubyRun (anonymous) at (1427,453) size 24x19
              RenderRubyText {RT} at (-9,0) size 14x19
                RenderText {#text} at (2,0) size 10x19
                  text run at (2,0) width 19: "\x{3079}\x{3093}"
              RenderRubyBase (anonymous) at (0,0) size 24x19
                RenderInline {RB} at (0,0) size 18x17
                  RenderText {#text} at (3,1) size 18x17
                    text run at (3,1) width 17: "\x{5F01}"
          RenderText {#text} at (1430,471) size 46x488
            text run at (1430,471) width 17: "\x{3058}"
            text run at (1458,0) width 307: "\x{3066}\x{3044}\x{308B}\x{3002}\x{3044}\x{304F}\x{3089}\x{8A69}\x{7684}\x{306B}\x{306A}\x{3063}\x{3066}\x{3082}\x{5730}\x{9762}\x{306E}\x{4E0A}\x{3092}"
          RenderRuby (inline) {RUBY} at (0,0) size 18x18
            RenderRubyRun (anonymous) at (1455,306) size 24x17
              RenderRubyText {RT} at (-9,0) size 14x17
                RenderText {#text} at (2,3) size 10x10
                  text run at (2,3) width 10: "\x{304B}"
              RenderRubyBase (anonymous) at (0,0) size 24x17
                RenderInline {RB} at (0,0) size 18x17
                  RenderText {#text} at (3,0) size 18x17
                    text run at (3,0) width 17: "\x{99B3}"
          RenderText {#text} at (1458,323) size 18x113
            text run at (1458,323) width 113: "\x{3051}\x{3066}\x{3042}\x{308B}\x{3044}\x{3066}\x{3001}"
          RenderRuby (inline) {RUBY} at (0,0) size 18x20
            RenderRubyRun (anonymous) at (1455,436) size 24x19
              RenderRubyText {RT} at (-9,0) size 14x19
                RenderText {#text} at (2,0) size 10x19
                  text run at (2,0) width 19: "\x{305C}\x{306B}"
              RenderRubyBase (anonymous) at (0,0) size 24x19
                RenderInline {RB} at (0,0) size 18x17
                  RenderText {#text} at (3,1) size 18x17
                    text run at (3,1) width 17: "\x{92AD}"
          RenderText {#text} at (1458,454) size 46x488
            text run at (1458,454) width 33: "\x{306E}\x{52D8}"
            text run at (1486,0) width 258: "\x{5B9A}\x{3092}\x{5FD8}\x{308C}\x{308B}\x{3072}\x{307E}\x{304C}\x{306A}\x{3044}\x{3002}\x{30B7}\x{30A7}\x{30EC}\x{30FC}\x{304C}"
          RenderRuby (inline) {RUBY} at (0,0) size 18x34
            RenderRubyRun (anonymous) at (1483,258) size 24x33
              RenderRubyText {RT} at (-9,0) size 14x33
                RenderText {#text} at (2,0) size 10x33
                  text run at (2,0) width 32: "\x{3072}\x{3070}\x{308A}"
              RenderRubyBase (anonymous) at (0,0) size 24x33
                RenderInline {RB} at (0,0) size 18x33
                  RenderText {#text} at (3,0) size 18x33
                    text run at (3,0) width 33: "\x{96F2}\x{96C0}"
          RenderText {#text} at (1486,290) size 42x485
            text run at (1486,290) width 194: "\x{3092}\x{805E}\x{3044}\x{3066}\x{5606}\x{606F}\x{3057}\x{305F}\x{306E}\x{3082}\x{7121}\x{7406}"
            text run at (1510,0) width 65: "\x{306F}\x{306A}\x{3044}\x{3002}"
          RenderBR {BR} at (1510,64) size 18x1
          RenderText {#text} at (1538,0) size 18x162
            text run at (1538,0) width 162: "\x{3000}\x{3046}\x{308C}\x{3057}\x{3044}\x{4E8B}\x{306B}\x{6771}\x{6D0B}\x{306E}"
          RenderRuby (inline) {RUBY} at (0,0) size 18x34
            RenderRubyRun (anonymous) at (1535,161) size 24x33
              RenderRubyText {RT} at (-9,0) size 14x33
                RenderText {#text} at (2,0) size 10x33
                  text run at (2,0) width 32: "\x{3057}\x{3044}\x{304B}"
              RenderRubyBase (anonymous) at (0,0) size 24x33
                RenderInline {RB} at (0,0) size 18x33
                  RenderText {#text} at (3,0) size 18x33
                    text run at (3,0) width 33: "\x{8A69}\x{6B4C}"
          RenderText {#text} at (1538,194) size 18x65
            text run at (1538,194) width 65: "\x{306F}\x{305D}\x{3053}\x{3092}"
          RenderRuby (inline) {RUBY} at (0,0) size 18x34
            RenderRubyRun (anonymous) at (1535,259) size 24x33
              RenderRubyText {RT} at (-9,0) size 14x33
                RenderText {#text} at (2,0) size 10x33
                  text run at (2,0) width 32: "\x{3052}\x{3060}\x{3064}"
              RenderRubyBase (anonymous) at (0,0) size 24x33
                RenderInline {RB} at (0,0) size 18x33
                  RenderText {#text} at (3,0) size 18x33
                    text run at (3,0) width 33: "\x{89E3}\x{8131}"
          RenderText {#text} at (1538,291) size 18x114
            text run at (1538,291) width 113: "\x{3057}\x{305F}\x{306E}\x{304C}\x{3042}\x{308B}\x{3002}"
          RenderRuby (inline) {RUBY} at (0,0) size 18x47
            RenderRubyRun (anonymous) at (1535,404) size 24x46
              RenderRubyText {RT} at (-9,0) size 14x46
                RenderText {#text} at (2,0) size 10x46
                  text run at (2,0) width 46: "\x{304D}\x{304F}\x{3092}\x{3068}\x{308B}"
              RenderRubyBase (anonymous) at (0,0) size 24x46
                RenderInline {RB} at (0,0) size 18x40
                  RenderText {#text} at (3,3) size 18x40
                    text run at (3,3) width 40: "\x{63A1}\x{83CA}"
          RenderRuby (inline) {RUBY} at (0,0) size 18x55
            RenderRubyRun (anonymous) at (1563,0) size 24x55
              RenderRubyText {RT} at (-9,0) size 14x55
                RenderText {#text} at (2,0) size 10x55
                  text run at (2,0) width 55: "\x{3068}\x{3046}\x{308A}\x{306E}\x{3082}\x{3068}"
              RenderRubyBase (anonymous) at (0,0) size 24x55
                RenderInline {RB} at (0,0) size 18x53
                  RenderText {#text} at (3,1) size 18x53
                    text run at (3,1) width 53: "\x{6771}\x{7C6C}\x{4E0B}"
          RenderText {#text} at (1566,55) size 18x17
            text run at (1566,55) width 17: "\x{3001}"
          RenderRuby (inline) {RUBY} at (0,0) size 18x65
            RenderRubyRun (anonymous) at (1563,71) size 24x64
              RenderRubyText {RT} at (-9,0) size 14x64
                RenderText {#text} at (2,0) size 10x64
                  text run at (2,0) width 64: "\x{3086}\x{3046}\x{305C}\x{3093}\x{3068}\x{3057}\x{3066}"
              RenderRubyBase (anonymous) at (0,0) size 24x64
                RenderInline {RB} at (0,0) size 18x49
                  RenderText {#text} at (3,7) size 18x49
                    text run at (3,7) width 49: "\x{60A0}\x{7136}"
          RenderRuby (inline) {RUBY} at (0,0) size 18x65
            RenderRubyRun (anonymous) at (1563,135) size 24x64
              RenderRubyText {RT} at (-9,0) size 14x64
                RenderText {#text} at (2,0) size 10x64
                  text run at (2,0) width 64: "\x{306A}\x{3093}\x{3056}\x{3093}\x{3092}\x{307F}\x{308B}"
              RenderRubyBase (anonymous) at (0,0) size 24x64
                RenderInline {RB} at (0,0) size 18x59
                  RenderText {#text} at (3,2) size 18x59
                    text run at (3,2) width 59: "\x{898B}\x{5357}\x{5C71}"
          RenderText {#text} at (1566,199) size 18x130
            text run at (1566,199) width 129: "\x{3002}\x{305F}\x{3060}\x{305D}\x{308C}\x{304E}\x{308A}\x{306E}"
          RenderRuby (inline) {RUBY} at (0,0) size 18x20
            RenderRubyRun (anonymous) at (1563,328) size 24x19
              RenderRubyText {RT} at (-9,0) size 14x19
                RenderText {#text} at (2,0) size 10x19
                  text run at (2,0) width 19: "\x{3046}\x{3061}"
              RenderRubyBase (anonymous) at (0,0) size 24x19
                RenderInline {RB} at (0,0) size 18x17
                  RenderText {#text} at (3,1) size 18x17
                    text run at (3,1) width 17: "\x{88CF}"
          RenderText {#text} at (1566,347) size 46x493
            text run at (1566,347) width 146: "\x{306B}\x{6691}\x{82E6}\x{3057}\x{3044}\x{4E16}\x{306E}\x{4E2D}\x{3092}"
            text run at (1594,0) width 387: "\x{307E}\x{308B}\x{3067}\x{5FD8}\x{308C}\x{305F}\x{5149}\x{666F}\x{304C}\x{51FA}\x{3066}\x{304F}\x{308B}\x{3002}\x{57A3}\x{306E}\x{5411}\x{3046}\x{306B}\x{96A3}\x{308A}\x{306E}\x{5A18}\x{304C}"
          RenderRuby (inline) {RUBY} at (0,0) size 18x20
            RenderRubyRun (anonymous) at (1591,387) size 24x19
              RenderRubyText {RT} at (-9,0) size 14x19
                RenderText {#text} at (2,0) size 10x19
                  text run at (2,0) width 19: "\x{306E}\x{305E}"
              RenderRubyBase (anonymous) at (0,0) size 24x19
                RenderInline {RB} at (0,0) size 18x17
                  RenderText {#text} at (3,1) size 18x17
                    text run at (3,1) width 17: "\x{8997}"
          RenderText {#text} at (1594,405) size 46x487
            text run at (1594,405) width 81: "\x{3044}\x{3066}\x{308B}\x{8A33}\x{3067}"
            text run at (1622,0) width 97: "\x{3082}\x{306A}\x{3051}\x{308C}\x{3070}\x{3001}"
          RenderRuby (inline) {RUBY} at (0,0) size 18x38
            RenderRubyRun (anonymous) at (1619,97) size 24x37
              RenderRubyText {RT} at (-9,0) size 14x37
                RenderText {#text} at (2,0) size 10x37
                  text run at (2,0) width 37: "\x{306A}\x{3093}\x{3056}\x{3093}"
              RenderRubyBase (anonymous) at (0,0) size 24x37
                RenderInline {RB} at (0,0) size 18x35
                  RenderText {#text} at (3,1) size 18x35
                    text run at (3,1) width 35: "\x{5357}\x{5C71}"
          RenderText {#text} at (1622,133) size 18x323
            text run at (1622,133) width 323: "\x{306B}\x{89AA}\x{53CB}\x{304C}\x{5949}\x{8077}\x{3057}\x{3066}\x{3044}\x{308B}\x{6B21}\x{7B2C}\x{3067}\x{3082}\x{306A}\x{3044}\x{3002}\x{8D85}\x{7136}\x{3068}"
          RenderRuby (inline) {RUBY} at (0,0) size 18x73
            RenderRubyRun (anonymous) at (1647,0) size 24x73
              RenderRubyText {RT} at (-9,0) size 14x73
                RenderText {#text} at (2,0) size 10x73
                  text run at (2,0) width 73: "\x{3057}\x{3085}\x{3063}\x{305B}\x{3051}\x{3093}\x{3066}\x{304D}"
              RenderRubyBase (anonymous) at (0,0) size 24x73
                RenderInline {RB} at (0,0) size 18x71
                  RenderText {#text} at (3,1) size 18x71
                    text run at (3,1) width 71: "\x{51FA}\x{4E16}\x{9593}\x{7684}"
          RenderText {#text} at (1650,73) size 18x339
            text run at (1650,73) width 339: "\x{306B}\x{5229}\x{5BB3}\x{640D}\x{5F97}\x{306E}\x{6C57}\x{3092}\x{6D41}\x{3057}\x{53BB}\x{3063}\x{305F}\x{5FC3}\x{6301}\x{3061}\x{306B}\x{306A}\x{308C}\x{308B}\x{3002}"
          RenderRuby (inline) {RUBY} at (0,0) size 18x29
            RenderRubyRun (anonymous) at (1647,411) size 24x28
              RenderRubyText {RT} at (-9,0) size 14x28
                RenderText {#text} at (2,0) size 10x28
                  text run at (2,0) width 28: "\x{3072}\x{3068}\x{308A}"
              RenderRubyBase (anonymous) at (0,0) size 24x28
                RenderInline {RB} at (0,0) size 18x17
                  RenderText {#text} at (3,5) size 18x17
                    text run at (3,5) width 17: "\x{72EC}"
          RenderRuby (inline) {RUBY} at (0,0) size 18x91
            RenderRubyRun (anonymous) at (1675,0) size 24x91
              RenderRubyText {RT} at (-9,0) size 14x91
                RenderText {#text} at (2,0) size 10x91
                  text run at (2,0) width 91: "\x{3086}\x{3046}\x{3053}\x{3046}\x{306E}\x{3046}\x{3061}\x{306B}\x{3056}\x{3057}"
              RenderRubyBase (anonymous) at (0,0) size 24x91
                RenderInline {RB} at (0,0) size 18x85
                  RenderText {#text} at (3,3) size 18x85
                    text run at (3,3) width 85: "\x{5750}\x{5E7D}\x{7BC1}\x{88CF}"
          RenderText {#text} at (1678,91) size 18x17
            text run at (1678,91) width 17: "\x{3001}"
          RenderRuby (inline) {RUBY} at (0,0) size 18x65
            RenderRubyRun (anonymous) at (1675,107) size 24x64
              RenderRubyText {RT} at (-9,0) size 14x64
                RenderText {#text} at (2,0) size 10x64
                  text run at (2,0) width 64: "\x{304D}\x{3093}\x{3092}\x{3060}\x{3093}\x{3058}\x{3066}"
              RenderRubyBase (anonymous) at (0,0) size 24x64
                RenderInline {RB} at (0,0) size 18x49
                  RenderText {#text} at (3,7) size 18x49
                    text run at (3,7) width 49: "\x{5F3E}\x{7434}"
          RenderRuby (inline) {RUBY} at (0,0) size 18x83
            RenderRubyRun (anonymous) at (1675,171) size 24x82
              RenderRubyText {RT} at (-9,0) size 14x82
                RenderText {#text} at (2,0) size 10x82
                  text run at (2,0) width 82: "\x{307E}\x{305F}\x{3061}\x{3087}\x{3046}\x{3057}\x{3087}\x{3046}\x{3059}"
              RenderRubyBase (anonymous) at (0,0) size 24x82
                RenderInline {RB} at (0,0) size 18x71
                  RenderText {#text} at (3,5) size 18x71
                    text run at (3,5) width 71: "\x{5FA9}\x{9577}\x{562F}"
          RenderText {#text} at (1678,253) size 18x17
            text run at (1678,253) width 17: "\x{3001}"
          RenderRuby (inline) {RUBY} at (0,0) size 18x38
            RenderRubyRun (anonymous) at (1675,269) size 24x37
              RenderRubyText {RT} at (-9,0) size 14x37
                RenderText {#text} at (2,0) size 10x37
                  text run at (2,0) width 37: "\x{3057}\x{3093}\x{308A}\x{3093}"
              RenderRubyBase (anonymous) at (0,0) size 24x37
                RenderInline {RB} at (0,0) size 18x35
                  RenderText {#text} at (3,1) size 18x35
                    text run at (3,1) width 35: "\x{6DF1}\x{6797}"
          RenderRuby (inline) {RUBY} at (0,0) size 18x50
            RenderRubyRun (anonymous) at (1675,306) size 24x49
              RenderRubyText {RT} at (-9,0) size 14x49
                RenderText {#text} at (2,0) size 10x49
                  text run at (2,0) width 49: "\x{3072}\x{3068}\x{3057}\x{3089}\x{305A}"
              RenderRubyBase (anonymous) at (0,0) size 24x49
                RenderInline {RB} at (0,0) size 18x49
                  RenderText {#text} at (3,0) size 18x49
                    text run at (3,0) width 49: "\x{4EBA}\x{4E0D}\x{77E5}"
          RenderText {#text} at (1678,355) size 18x17
            text run at (1678,355) width 17: "\x{3001}"
          RenderRuby (inline) {RUBY} at (0,0) size 18x74
            RenderRubyRun (anonymous) at (1675,371) size 24x73
              RenderRubyText {RT} at (-9,0) size 14x73
                RenderText {#text} at (2,0) size 10x73
                  text run at (2,0) width 73: "\x{3081}\x{3044}\x{3052}\x{3064}\x{304D}\x{305F}\x{308A}\x{3066}"
              RenderRubyBase (anonymous) at (0,0) size 24x73
                RenderInline {RB} at (0,0) size 18x65
                  RenderText {#text} at (3,4) size 18x65
                    text run at (3,4) width 65: "\x{660E}\x{6708}\x{6765}"
          RenderRuby (inline) {RUBY} at (0,0) size 18x47
            RenderRubyRun (anonymous) at (1675,444) size 24x46
              RenderRubyText {RT} at (-9,0) size 14x46
                RenderText {#text} at (2,0) size 10x46
                  text run at (2,0) width 46: "\x{3042}\x{3044}\x{3066}\x{3089}\x{3059}"
              RenderRubyBase (anonymous) at (0,0) size 24x46
                RenderInline {RB} at (0,0) size 18x40
                  RenderText {#text} at (3,3) size 18x40
                    text run at (3,3) width 40: "\x{76F8}\x{7167}"
          RenderText {#text} at (1706,0) size 18x162
            text run at (1706,0) width 162: "\x{3002}\x{305F}\x{3060}\x{4E8C}\x{5341}\x{5B57}\x{306E}\x{3046}\x{3061}\x{306B}"
          RenderRuby (inline) {RUBY} at (0,0) size 18x20
            RenderRubyRun (anonymous) at (1703,161) size 24x19
              RenderRubyText {RT} at (-9,0) size 14x19
                RenderText {#text} at (2,0) size 10x19
                  text run at (2,0) width 19: "\x{3086}\x{3046}"
              RenderRubyBase (anonymous) at (0,0) size 24x19
                RenderInline {RB} at (0,0) size 18x17
                  RenderText {#text} at (3,1) size 18x17
                    text run at (3,1) width 17: "\x{512A}"
          RenderText {#text} at (1706,180) size 18x17
            text run at (1706,180) width 17: "\x{306B}"
          RenderRuby (inline) {RUBY} at (0,0) size 18x56
            RenderRubyRun (anonymous) at (1703,196) size 24x55
              RenderRubyText {RT} at (-9,0) size 14x55
                RenderText {#text} at (2,0) size 10x55
                  text run at (2,0) width 55: "\x{3079}\x{3064}\x{3051}\x{3093}\x{3053}\x{3093}"
              RenderRubyBase (anonymous) at (0,0) size 24x55
                RenderInline {RB} at (0,0) size 18x53
                  RenderText {#text} at (3,1) size 18x53
                    text run at (3,1) width 53: "\x{5225}\x{4E7E}\x{5764}"
          RenderText {#text} at (1706,251) size 18x17
            text run at (1706,251) width 17: "\x{3092}"
          RenderRuby (inline) {RUBY} at (0,0) size 18x47
            RenderRubyRun (anonymous) at (1703,267) size 24x46
              RenderRubyText {RT} at (-9,0) size 14x46
                RenderText {#text} at (2,0) size 10x46
                  text run at (2,0) width 46: "\x{3053}\x{3093}\x{308A}\x{3085}\x{3046}"
              RenderRubyBase (anonymous) at (0,0) size 24x46
                RenderInline {RB} at (0,0) size 18x40
                  RenderText {#text} at (3,3) size 18x40
                    text run at (3,3) width 40: "\x{5EFA}\x{7ACB}"
          RenderText {#text} at (1706,313) size 18x162
            text run at (1706,313) width 162: "\x{3057}\x{3066}\x{3044}\x{308B}\x{3002}\x{3053}\x{306E}\x{4E7E}\x{5764}\x{306E}"
          RenderRuby (inline) {RUBY} at (0,0) size 18x33
            RenderRubyRun (anonymous) at (1731,0) size 24x33
              RenderRubyText {RT} at (-9,0) size 14x33
                RenderText {#text} at (2,0) size 10x33
                  text run at (2,0) width 32: "\x{304F}\x{3069}\x{304F}"
              RenderRubyBase (anonymous) at (0,0) size 24x33
                RenderInline {RB} at (0,0) size 18x33
                  RenderText {#text} at (3,0) size 18x33
                    text run at (3,0) width 33: "\x{529F}\x{5FB3}"
          RenderText {#text} at (1734,33) size 18x33
            text run at (1734,33) width 33: "\x{306F}\x{300C}"
          RenderRuby (inline) {RUBY} at (0,0) size 18x50
            RenderRubyRun (anonymous) at (1731,65) size 24x49
              RenderRubyText {RT} at (-9,0) size 14x49
                RenderText {#text} at (2,0) size 10x49
                  text run at (2,0) width 49: "\x{307B}\x{3068}\x{3068}\x{304E}\x{3059}"
              RenderRubyBase (anonymous) at (0,0) size 24x49
                RenderInline {RB} at (0,0) size 18x49
                  RenderText {#text} at (3,0) size 18x49
                    text run at (3,0) width 49: "\x{4E0D}\x{5982}\x{5E30}"
          RenderText {#text} at (1734,114) size 18x49
            text run at (1734,114) width 49: "\x{300D}\x{3084}\x{300C}"
          RenderRuby (inline) {RUBY} at (0,0) size 18x66
            RenderRubyRun (anonymous) at (1731,163) size 24x65
              RenderRubyText {RT} at (-9,0) size 14x65
                RenderText {#text} at (2,0) size 10x65
                  text run at (2,0) width 65: "\x{3053}\x{3093}\x{3058}\x{304D}\x{3084}\x{3057}\x{3083}"
              RenderRubyBase (anonymous) at (0,0) size 24x65
                RenderInline {RB} at (0,0) size 18x65
                  RenderText {#text} at (3,0) size 18x65
                    text run at (3,0) width 65: "\x{91D1}\x{8272}\x{591C}\x{53C9}"
          RenderText {#text} at (1734,227) size 46x486
            text run at (1734,227) width 258: "\x{300D}\x{306E}\x{529F}\x{5FB3}\x{3067}\x{306F}\x{306A}\x{3044}\x{3002}\x{6C7D}\x{8239}\x{3001}\x{6C7D}\x{8ECA}\x{3001}\x{6A29}"
            text run at (1762,0) width 258: "\x{5229}\x{3001}\x{7FA9}\x{52D9}\x{3001}\x{9053}\x{5FB3}\x{3001}\x{793C}\x{7FA9}\x{3067}\x{75B2}\x{308C}\x{679C}\x{3066}\x{305F}"
          RenderRuby (inline) {RUBY} at (0,0) size 18x20
            RenderRubyRun (anonymous) at (1759,258) size 24x19
              RenderRubyText {RT} at (-9,0) size 14x19
                RenderText {#text} at (2,0) size 10x19
                  text run at (2,0) width 19: "\x{306E}\x{3061}"
              RenderRubyBase (anonymous) at (0,0) size 24x19
                RenderInline {RB} at (0,0) size 18x17
                  RenderText {#text} at (3,1) size 18x17
                    text run at (3,1) width 17: "\x{5F8C}"
          RenderText {#text} at (1762,276) size 42x487
            text run at (1762,276) width 210: "\x{306B}\x{3001}\x{3059}\x{3079}\x{3066}\x{3092}\x{5FD8}\x{5374}\x{3057}\x{3066}\x{3050}\x{3063}\x{3059}"
            text run at (1786,0) width 210: "\x{308A}\x{5BDD}\x{8FBC}\x{3080}\x{3088}\x{3046}\x{306A}\x{529F}\x{5FB3}\x{3067}\x{3042}\x{308B}\x{3002}"
          RenderBR {BR} at (1786,209) size 18x1
