layer at (0,0) size 800x600
  RenderView at (0,0) size 800x600
layer at (0,0) size 800x600
  RenderBlock {HTML} at (0,0) size 800x600
    RenderBody {BODY} at (8,8) size 784x584 [bgcolor=#CCCCCC]
      RenderBlock {P} at (0,0) size 784x21
        RenderText {#text} at (0,0) size 380x21
          text run at (0,0) width 380: "The style declarations which apply to the text below are:"
      RenderBlock {PRE} at (0,37) size 784x48
        RenderText {#text} at (0,0) size 391x48
          text run at (0,0) width 388: ".one {padding-right: 25px; text-align: right; background-color: aqua;}"
          text run at (388,0) width 0: " "
          text run at (0,16) width 391: ".two {padding-right: -10px; text-align: right; background-color: aqua;}"
          text run at (391,16) width 0: " "
          text run at (0,32) width 0: " "
      RenderBlock {HR} at (0,98) size 784x2 [border: (1px inset #000000)]
      RenderBlock {P} at (0,116) size 784x63 [bgcolor=#808080]
        RenderText {#text} at (0,0) size 578x21
          text run at (0,0) width 415: "This element is unstyled save for a background color of gray. "
          text run at (415,0) width 163: "However, it contains an "
        RenderInline {SPAN} at (0,0) size 195x21 [bgcolor=#00FFFF]
          RenderText {#text} at (578,0) size 149x21
            text run at (578,0) width 149: "inline element of class "
          RenderInline {TT} at (0,0) size 21x16
            RenderText {#text} at (727,3) size 21x16
              text run at (727,3) width 21: "one"
        RenderText {#text} at (773,0) size 777x42
          text run at (773,0) width 4: ","
          text run at (0,21) width 603: "which should result in 25-pixel right padding (which should also be light blue) only in the "
        RenderInline {STRONG} at (0,0) size 23x21
          RenderText {#text} at (603,21) size 23x21
            text run at (603,21) width 23: "last"
        RenderText {#text} at (626,21) size 782x42
          text run at (626,21) width 156: " line in which the inline"
          text run at (0,42) width 87: "box appears."
      RenderBlock {P} at (0,195) size 784x63 [bgcolor=#808080]
        RenderText {#text} at (0,0) size 578x21
          text run at (0,0) width 415: "This element is unstyled save for a background color of gray. "
          text run at (415,0) width 163: "However, it contains an "
        RenderInline {SPAN} at (0,0) size 169x21 [bgcolor=#00FFFF]
          RenderText {#text} at (578,0) size 149x21
            text run at (578,0) width 149: "inline element of class "
          RenderInline {TT} at (0,0) size 20x16
            RenderText {#text} at (727,3) size 20x16
              text run at (727,3) width 20: "two"
        RenderText {#text} at (747,0) size 751x42
          text run at (747,0) width 4: ","
          text run at (0,21) width 632: "which should result in no right padding, since negative padding values are not allowed, in the "
        RenderInline {STRONG} at (0,0) size 23x21
          RenderText {#text} at (632,21) size 23x21
            text run at (632,21) width 23: "last"
        RenderText {#text} at (655,21) size 770x42
          text run at (655,21) width 115: " line in which the"
          text run at (0,42) width 128: "inline box appears."
      RenderTable {TABLE} at (0,274) size 784x181 [border: (1px outset #808080)]
        RenderTableSection {TBODY} at (1,1) size 782x179
          RenderTableRow {TR} at (0,0) size 782x29
            RenderTableCell {TD} at (0,0) size 782x29 [bgcolor=#C0C0C0] [border: (1px inset #808080)] [r=0 c=0 rs=1 cs=2]
              RenderInline {STRONG} at (0,0) size 163x21
                RenderText {#text} at (4,4) size 163x21
                  text run at (4,4) width 163: "TABLE Testing Section"
          RenderTableRow {TR} at (0,29) size 782x150
            RenderTableCell {TD} at (0,89) size 12x29 [bgcolor=#C0C0C0] [border: (1px inset #808080)] [r=1 c=0 rs=1 cs=1]
              RenderText {#text} at (4,4) size 4x21
                text run at (4,4) width 4: " "
            RenderTableCell {TD} at (12,29) size 770x150 [border: (1px inset #808080)] [r=1 c=1 rs=1 cs=1]
              RenderBlock {P} at (4,4) size 762x63 [bgcolor=#808080]
                RenderText {#text} at (0,0) size 578x21
                  text run at (0,0) width 415: "This element is unstyled save for a background color of gray. "
                  text run at (415,0) width 163: "However, it contains an "
                RenderInline {SPAN} at (0,0) size 748x42 [bgcolor=#00FFFF]
                  RenderText {#text} at (578,0) size 145x21
                    text run at (578,0) width 145: "inline element of class"
                  RenderInline {TT} at (0,0) size 21x16
                    RenderText {#text} at (0,24) size 21x16
                      text run at (0,24) width 21: "one"
                RenderText {#text} at (46,21) size 611x21
                  text run at (46,21) width 611: ", which should result in 25-pixel right padding (which should also be light blue) only in the "
                RenderInline {STRONG} at (0,0) size 23x21
                  RenderText {#text} at (657,21) size 23x21
                    text run at (657,21) width 23: "last"
                RenderText {#text} at (680,21) size 725x42
                  text run at (680,21) width 45: " line in"
                  text run at (0,42) width 198: "which the inline box appears."
              RenderBlock {P} at (4,83) size 762x63 [bgcolor=#808080]
                RenderText {#text} at (0,0) size 578x21
                  text run at (0,0) width 415: "This element is unstyled save for a background color of gray. "
                  text run at (415,0) width 163: "However, it contains an "
                RenderInline {SPAN} at (0,0) size 169x21 [bgcolor=#00FFFF]
                  RenderText {#text} at (578,0) size 149x21
                    text run at (578,0) width 149: "inline element of class "
                  RenderInline {TT} at (0,0) size 20x16
                    RenderText {#text} at (727,3) size 20x16
                      text run at (727,3) width 20: "two"
                RenderText {#text} at (747,0) size 751x42
                  text run at (747,0) width 4: ","
                  text run at (0,21) width 632: "which should result in no right padding, since negative padding values are not allowed, in the "
                RenderInline {STRONG} at (0,0) size 23x21
                  RenderText {#text} at (632,21) size 23x21
                    text run at (632,21) width 23: "last"
                RenderText {#text} at (655,21) size 745x42
                  text run at (655,21) width 90: " line in which"
                  text run at (0,42) width 153: "the inline box appears."
