layer at (0,0) size 800x600
  RenderView at (0,0) size 800x600
layer at (0,0) size 800x600
  RenderBlock {HTML} at (0,0) size 800x600
    RenderBody {BODY} at (8,8) size 784x584
      RenderBlock {FORM} at (0,0) size 784x32
        RenderMenuList {SELECT} at (2,2) size 112x27 [bgcolor=#FFFFFF] [border: (1px solid #000000)]
          RenderBlock (anonymous) at (1,1) size 110x25
            RenderText at (3,3) size 83x19
              text run at (3,3) width 83: "append cell"
        RenderText {#text} at (116,6) size 52x19
          text run at (116,6) width 52: "   tbody "
        RenderTextControl {INPUT} at (170,3) size 59x25 [bgcolor=#FFFFFF] [border: (2px inset #000000)]
        RenderText {#text} at (231,6) size 41x19
          text run at (231,6) width 41: "   row "
        RenderTextControl {INPUT} at (274,3) size 59x25 [bgcolor=#FFFFFF] [border: (2px inset #000000)]
        RenderText {#text} at (335,6) size 35x19
          text run at (335,6) width 35: "   col "
        RenderTextControl {INPUT} at (372,3) size 59x25 [bgcolor=#FFFFFF] [border: (2px inset #000000)]
        RenderText {#text} at (433,6) size 74x19
          text run at (433,6) width 74: "   row span "
        RenderTextControl {INPUT} at (509,3) size 59x25 [bgcolor=#FFFFFF] [border: (2px inset #000000)]
        RenderText {#text} at (570,6) size 68x19
          text run at (570,6) width 68: "   col span "
        RenderTextControl {INPUT} at (640,3) size 59x25 [bgcolor=#FFFFFF] [border: (2px inset #000000)]
        RenderText {#text} at (701,6) size 20x19
          text run at (701,6) width 20: "     "
        RenderButton {INPUT} at (723,2) size 49x28 [bgcolor=#C0C0C0] [border: (2px outset #C0C0C0)]
          RenderBlock (anonymous) at (8,4) size 33x19
            RenderText at (0,0) size 33x19
              text run at (0,0) width 33: "Do It"
        RenderText {#text} at (0,0) size 0x0
      RenderBlock (anonymous) at (0,48) size 784x19
        RenderBR {BR} at (0,0) size 0x19
      RenderTable {TABLE} at (0,67) size 62x54 [bgcolor=#FFA500] [border: (1px outset #808080)]
        RenderTableSection {TBODY} at (1,1) size 60x52
          RenderTableRow {TR} at (0,2) size 60x23
            RenderTableCell {TD} at (2,2) size 27x23 [border: (1px inset #808080)] [r=0 c=0 rs=1 cs=1]
              RenderText {#text} at (2,2) size 23x19
                text run at (2,2) width 23: "c11"
          RenderTableRow {TR} at (0,27) size 60x23
            RenderTableCell {TD} at (2,27) size 27x23 [border: (1px inset #808080)] [r=1 c=0 rs=1 cs=1]
              RenderText {#text} at (2,2) size 23x19
                text run at (2,2) width 23: "c21"
            RenderTableCell {TD} at (31,27) size 27x23 [border: (1px inset #808080)] [r=1 c=1 rs=1 cs=1]
              RenderText {#text} at (2,2) size 23x19
                text run at (2,2) width 23: "c22"
      RenderBlock (anonymous) at (0,121) size 784x19
        RenderBR {BR} at (0,0) size 0x19
layer at (181,14) size 53x19
  RenderBlock {DIV} at (3,3) size 53x19
    RenderText {#text} at (1,0) size 9x19
      text run at (1,0) width 9: "0"
layer at (285,14) size 53x19
  RenderBlock {DIV} at (3,3) size 53x19
    RenderText {#text} at (1,0) size 9x19
      text run at (1,0) width 9: "0"
layer at (383,14) size 53x19
  RenderBlock {DIV} at (3,3) size 53x19
    RenderText {#text} at (1,0) size 9x19
      text run at (1,0) width 9: "0"
layer at (520,14) size 53x19
  RenderBlock {DIV} at (3,3) size 53x19
    RenderText {#text} at (1,0) size 9x19
      text run at (1,0) width 9: "1"
layer at (651,14) size 53x19
  RenderBlock {DIV} at (3,3) size 53x19
    RenderText {#text} at (1,0) size 9x19
      text run at (1,0) width 9: "1"
