layer at (0,0) size 784x1493
  RenderView at (0,0) size 784x600
layer at (0,0) size 784x1493
  RenderBlock {HTML} at (0,0) size 784x1493
    RenderBody {BODY} at (8,8) size 768x1477
      RenderTable {TABLE} at (0,0) size 612x355 [border: (1px outset #808080)]
        RenderTableSection {TBODY} at (1,1) size 610x353
          RenderTableRow {TR} at (0,2) size 610x31
            RenderTableCell {TH} at (2,2) size 606x31 [border: (1px inset #808080)] [r=0 c=0 rs=1 cs=6]
              RenderText {#text} at (227,6) size 152x19
                text run at (227,6) width 152: "text-align not specified"
          RenderTableRow {TR} at (0,35) size 610x31
            RenderTableCell {TH} at (2,51) size 102x31 [border: (1px inset #808080)] [r=1 c=0 rs=2 cs=2]
              RenderText {#text} at (49,6) size 4x19
                text run at (49,6) width 4: " "
            RenderTableCell {TH} at (106,35) size 502x31 [border: (1px inset #808080)] [r=1 c=2 rs=1 cs=4]
              RenderText {#text} at (177,6) size 148x19
                text run at (177,6) width 148: "-webkit-writing-mode"
          RenderTableRow {TR} at (0,68) size 610x31
            RenderTableCell {TH} at (106,68) size 124x31 [border: (1px inset #808080)] [r=2 c=2 rs=1 cs=1]
              RenderText {#text} at (18,6) size 88x19
                text run at (18,6) width 88: "horizontal-tb"
            RenderTableCell {TH} at (232,68) size 124x31 [border: (1px inset #808080)] [r=2 c=3 rs=1 cs=1]
              RenderText {#text} at (18,6) size 88x19
                text run at (18,6) width 88: "horizontal-bt"
            RenderTableCell {TH} at (358,68) size 124x31 [border: (1px inset #808080)] [r=2 c=4 rs=1 cs=1]
              RenderText {#text} at (29,6) size 66x19
                text run at (29,6) width 66: "vertical-lr"
            RenderTableCell {TH} at (484,68) size 124x31 [border: (1px inset #808080)] [r=2 c=5 rs=1 cs=1]
              RenderText {#text} at (29,6) size 66x19
                text run at (29,6) width 66: "vertical-rl"
          RenderTableRow {TR} at (0,101) size 610x124
            RenderTableCell {TH} at (2,210) size 72x31 [border: (1px inset #808080)] [r=3 c=0 rs=4 cs=1]
              RenderText {#text} at (6,6) size 60x19
                text run at (6,6) width 60: "direction"
            RenderTableCell {TH} at (76,147) size 28x31 [border: (1px inset #808080)] [r=3 c=1 rs=1 cs=1]
              RenderText {#text} at (6,6) size 16x19
                text run at (6,6) width 16: "ltr"
            RenderTableCell {TD} at (106,101) size 124x124 [border: (1px solid #000000)] [r=3 c=2 rs=1 cs=1]
              RenderBlock {DIV} at (2,2) size 120x120
                RenderDetails {DETAILS} at (0,0) size 120x19
                  RenderBlock (anonymous) at (0,0) size 120x19
                    RenderSummary {SUMMARY} at (0,0) size 120x19
                      RenderDetailsMarker at (0,0) size 10x19: right
                      RenderText {#text} at (16,0) size 58x19
                        text run at (16,0) width 58: "summary"
                  RenderBlock (anonymous) at (0,19) size 120x0
                RenderDetails {DETAILS} at (0,19) size 120x19
                  RenderBlock (anonymous) at (0,0) size 120x19
                    RenderSummary {SUMMARY} at (0,0) size 120x19
                      RenderDetailsMarker at (0,0) size 10x19: down
                      RenderText {#text} at (16,0) size 58x19
                        text run at (16,0) width 58: "summary"
                  RenderBlock (anonymous) at (0,19) size 120x0
            RenderTableCell {TD} at (232,101) size 124x124 [border: (1px solid #000000)] [r=3 c=3 rs=1 cs=1]
              RenderBlock {DIV} at (2,2) size 120x120
                RenderDetails {DETAILS} at (0,0) size 120x19
                  RenderBlock (anonymous) at (0,0) size 120x19
                    RenderSummary {SUMMARY} at (0,0) size 120x19
                      RenderDetailsMarker at (0,0) size 10x19: right
                      RenderText {#text} at (16,0) size 58x19
                        text run at (16,0) width 58: "summary"
                  RenderBlock (anonymous) at (0,19) size 120x0
                RenderDetails {DETAILS} at (0,19) size 120x19
                  RenderBlock (anonymous) at (0,0) size 120x19
                    RenderSummary {SUMMARY} at (0,0) size 120x19
                      RenderDetailsMarker at (0,0) size 10x19: up
                      RenderText {#text} at (16,0) size 58x19
                        text run at (16,0) width 58: "summary"
                  RenderBlock (anonymous) at (0,19) size 120x0
            RenderTableCell {TD} at (358,101) size 124x124 [border: (1px solid #000000)] [r=3 c=4 rs=1 cs=1]
              RenderBlock {DIV} at (2,2) size 120x120
                RenderDetails {DETAILS} at (0,0) size 19x120
                  RenderBlock (anonymous) at (0,0) size 19x120
                    RenderSummary {SUMMARY} at (0,0) size 19x120
                      RenderDetailsMarker at (0,0) size 19x10: down
                      RenderText {#text} at (0,16) size 19x58
                        text run at (0,16) width 58: "summary"
                  RenderBlock (anonymous) at (19,0) size 0x120
                RenderDetails {DETAILS} at (19,0) size 19x120
                  RenderBlock (anonymous) at (0,0) size 19x120
                    RenderSummary {SUMMARY} at (0,0) size 19x120
                      RenderDetailsMarker at (0,0) size 19x10: right
                      RenderText {#text} at (0,16) size 19x58
                        text run at (0,16) width 58: "summary"
                  RenderBlock (anonymous) at (19,0) size 0x120
            RenderTableCell {TD} at (484,101) size 124x124 [border: (1px solid #000000)] [r=3 c=5 rs=1 cs=1]
              RenderBlock {DIV} at (2,2) size 120x120
                RenderDetails {DETAILS} at (0,0) size 19x120
                  RenderBlock (anonymous) at (0,0) size 19x120
                    RenderSummary {SUMMARY} at (0,0) size 19x120
                      RenderDetailsMarker at (0,0) size 19x10: down
                      RenderText {#text} at (0,16) size 19x58
                        text run at (0,16) width 58: "summary"
                  RenderBlock (anonymous) at (19,0) size 0x120
                RenderDetails {DETAILS} at (19,0) size 19x120
                  RenderBlock (anonymous) at (0,0) size 19x120
                    RenderSummary {SUMMARY} at (0,0) size 19x120
                      RenderDetailsMarker at (0,0) size 19x10: left
                      RenderText {#text} at (0,16) size 19x58
                        text run at (0,16) width 58: "summary"
                  RenderBlock (anonymous) at (19,0) size 0x120
          RenderTableRow {TR} at (0,227) size 610x124
            RenderTableCell {TH} at (76,273) size 28x31 [border: (1px inset #808080)] [r=4 c=1 rs=1 cs=1]
              RenderText {#text} at (6,6) size 16x19
                text run at (6,6) width 16: "rtl"
            RenderTableCell {TD} at (106,227) size 124x124 [border: (1px solid #000000)] [r=4 c=2 rs=1 cs=1]
              RenderBlock {DIV} at (2,2) size 120x120
                RenderDetails {DETAILS} at (0,0) size 120x19
                  RenderBlock (anonymous) at (0,0) size 120x19
                    RenderSummary {SUMMARY} at (0,0) size 120x19
                      RenderDetailsMarker at (110,0) size 10x19: left
                      RenderText {#text} at (46,0) size 58x19
                        text run at (46,0) width 58: "summary"
                  RenderBlock (anonymous) at (0,19) size 120x0
                RenderDetails {DETAILS} at (0,19) size 120x19
                  RenderBlock (anonymous) at (0,0) size 120x19
                    RenderSummary {SUMMARY} at (0,0) size 120x19
                      RenderDetailsMarker at (110,0) size 10x19: down
                      RenderText {#text} at (46,0) size 58x19
                        text run at (46,0) width 58: "summary"
                  RenderBlock (anonymous) at (0,19) size 120x0
            RenderTableCell {TD} at (232,227) size 124x124 [border: (1px solid #000000)] [r=4 c=3 rs=1 cs=1]
              RenderBlock {DIV} at (2,2) size 120x120
                RenderDetails {DETAILS} at (0,0) size 120x19
                  RenderBlock (anonymous) at (0,0) size 120x19
                    RenderSummary {SUMMARY} at (0,0) size 120x19
                      RenderDetailsMarker at (110,0) size 10x19: left
                      RenderText {#text} at (46,0) size 58x19
                        text run at (46,0) width 58: "summary"
                  RenderBlock (anonymous) at (0,19) size 120x0
                RenderDetails {DETAILS} at (0,19) size 120x19
                  RenderBlock (anonymous) at (0,0) size 120x19
                    RenderSummary {SUMMARY} at (0,0) size 120x19
                      RenderDetailsMarker at (110,0) size 10x19: up
                      RenderText {#text} at (46,0) size 58x19
                        text run at (46,0) width 58: "summary"
                  RenderBlock (anonymous) at (0,19) size 120x0
            RenderTableCell {TD} at (358,227) size 124x124 [border: (1px solid #000000)] [r=4 c=4 rs=1 cs=1]
              RenderBlock {DIV} at (2,2) size 120x120
                RenderDetails {DETAILS} at (0,0) size 19x120
                  RenderBlock (anonymous) at (0,0) size 19x120
                    RenderSummary {SUMMARY} at (0,0) size 19x120
                      RenderDetailsMarker at (0,110) size 19x10: up
                      RenderText {#text} at (0,46) size 19x58
                        text run at (0,46) width 58: "summary"
                  RenderBlock (anonymous) at (19,0) size 0x120
                RenderDetails {DETAILS} at (19,0) size 19x120
                  RenderBlock (anonymous) at (0,0) size 19x120
                    RenderSummary {SUMMARY} at (0,0) size 19x120
                      RenderDetailsMarker at (0,110) size 19x10: right
                      RenderText {#text} at (0,46) size 19x58
                        text run at (0,46) width 58: "summary"
                  RenderBlock (anonymous) at (19,0) size 0x120
            RenderTableCell {TD} at (484,227) size 124x124 [border: (1px solid #000000)] [r=4 c=5 rs=1 cs=1]
              RenderBlock {DIV} at (2,2) size 120x120
                RenderDetails {DETAILS} at (0,0) size 19x120
                  RenderBlock (anonymous) at (0,0) size 19x120
                    RenderSummary {SUMMARY} at (0,0) size 19x120
                      RenderDetailsMarker at (0,110) size 19x10: up
                      RenderText {#text} at (0,46) size 19x58
                        text run at (0,46) width 58: "summary"
                  RenderBlock (anonymous) at (19,0) size 0x120
                RenderDetails {DETAILS} at (19,0) size 19x120
                  RenderBlock (anonymous) at (0,0) size 19x120
                    RenderSummary {SUMMARY} at (0,0) size 19x120
                      RenderDetailsMarker at (0,110) size 19x10: left
                      RenderText {#text} at (0,46) size 19x58
                        text run at (0,46) width 58: "summary"
                  RenderBlock (anonymous) at (19,0) size 0x120
      RenderBlock (anonymous) at (0,355) size 768x19
        RenderBR {BR} at (0,0) size 0x19
      RenderTable {TABLE} at (0,374) size 612x355 [border: (1px outset #808080)]
        RenderTableSection {TBODY} at (1,1) size 610x353
          RenderTableRow {TR} at (0,2) size 610x31
            RenderTableCell {TH} at (2,2) size 606x31 [border: (1px inset #808080)] [r=0 c=0 rs=1 cs=6]
              RenderText {#text} at (256,6) size 94x19
                text run at (256,6) width 94: "text-align: left"
          RenderTableRow {TR} at (0,35) size 610x31
            RenderTableCell {TH} at (2,51) size 102x31 [border: (1px inset #808080)] [r=1 c=0 rs=2 cs=2]
              RenderText {#text} at (49,6) size 4x19
                text run at (49,6) width 4: " "
            RenderTableCell {TH} at (106,35) size 502x31 [border: (1px inset #808080)] [r=1 c=2 rs=1 cs=4]
              RenderText {#text} at (177,6) size 148x19
                text run at (177,6) width 148: "-webkit-writing-mode"
          RenderTableRow {TR} at (0,68) size 610x31
            RenderTableCell {TH} at (106,68) size 124x31 [border: (1px inset #808080)] [r=2 c=2 rs=1 cs=1]
              RenderText {#text} at (18,6) size 88x19
                text run at (18,6) width 88: "horizontal-tb"
            RenderTableCell {TH} at (232,68) size 124x31 [border: (1px inset #808080)] [r=2 c=3 rs=1 cs=1]
              RenderText {#text} at (18,6) size 88x19
                text run at (18,6) width 88: "horizontal-bt"
            RenderTableCell {TH} at (358,68) size 124x31 [border: (1px inset #808080)] [r=2 c=4 rs=1 cs=1]
              RenderText {#text} at (29,6) size 66x19
                text run at (29,6) width 66: "vertical-lr"
            RenderTableCell {TH} at (484,68) size 124x31 [border: (1px inset #808080)] [r=2 c=5 rs=1 cs=1]
              RenderText {#text} at (29,6) size 66x19
                text run at (29,6) width 66: "vertical-rl"
          RenderTableRow {TR} at (0,101) size 610x124
            RenderTableCell {TH} at (2,210) size 72x31 [border: (1px inset #808080)] [r=3 c=0 rs=4 cs=1]
              RenderText {#text} at (6,6) size 60x19
                text run at (6,6) width 60: "direction"
            RenderTableCell {TH} at (76,147) size 28x31 [border: (1px inset #808080)] [r=3 c=1 rs=1 cs=1]
              RenderText {#text} at (6,6) size 16x19
                text run at (6,6) width 16: "ltr"
            RenderTableCell {TD} at (106,101) size 124x124 [border: (1px solid #000000)] [r=3 c=2 rs=1 cs=1]
              RenderBlock {DIV} at (2,2) size 120x120
                RenderDetails {DETAILS} at (0,0) size 120x19
                  RenderBlock (anonymous) at (0,0) size 120x19
                    RenderSummary {SUMMARY} at (0,0) size 120x19
                      RenderDetailsMarker at (0,0) size 10x19: right
                      RenderText {#text} at (16,0) size 58x19
                        text run at (16,0) width 58: "summary"
                  RenderBlock (anonymous) at (0,19) size 120x0
                RenderDetails {DETAILS} at (0,19) size 120x19
                  RenderBlock (anonymous) at (0,0) size 120x19
                    RenderSummary {SUMMARY} at (0,0) size 120x19
                      RenderDetailsMarker at (0,0) size 10x19: down
                      RenderText {#text} at (16,0) size 58x19
                        text run at (16,0) width 58: "summary"
                  RenderBlock (anonymous) at (0,19) size 120x0
            RenderTableCell {TD} at (232,101) size 124x124 [border: (1px solid #000000)] [r=3 c=3 rs=1 cs=1]
              RenderBlock {DIV} at (2,2) size 120x120
                RenderDetails {DETAILS} at (0,0) size 120x19
                  RenderBlock (anonymous) at (0,0) size 120x19
                    RenderSummary {SUMMARY} at (0,0) size 120x19
                      RenderDetailsMarker at (0,0) size 10x19: right
                      RenderText {#text} at (16,0) size 58x19
                        text run at (16,0) width 58: "summary"
                  RenderBlock (anonymous) at (0,19) size 120x0
                RenderDetails {DETAILS} at (0,19) size 120x19
                  RenderBlock (anonymous) at (0,0) size 120x19
                    RenderSummary {SUMMARY} at (0,0) size 120x19
                      RenderDetailsMarker at (0,0) size 10x19: up
                      RenderText {#text} at (16,0) size 58x19
                        text run at (16,0) width 58: "summary"
                  RenderBlock (anonymous) at (0,19) size 120x0
            RenderTableCell {TD} at (358,101) size 124x124 [border: (1px solid #000000)] [r=3 c=4 rs=1 cs=1]
              RenderBlock {DIV} at (2,2) size 120x120
                RenderDetails {DETAILS} at (0,0) size 19x120
                  RenderBlock (anonymous) at (0,0) size 19x120
                    RenderSummary {SUMMARY} at (0,0) size 19x120
                      RenderDetailsMarker at (0,0) size 19x10: down
                      RenderText {#text} at (0,16) size 19x58
                        text run at (0,16) width 58: "summary"
                  RenderBlock (anonymous) at (19,0) size 0x120
                RenderDetails {DETAILS} at (19,0) size 19x120
                  RenderBlock (anonymous) at (0,0) size 19x120
                    RenderSummary {SUMMARY} at (0,0) size 19x120
                      RenderDetailsMarker at (0,0) size 19x10: right
                      RenderText {#text} at (0,16) size 19x58
                        text run at (0,16) width 58: "summary"
                  RenderBlock (anonymous) at (19,0) size 0x120
            RenderTableCell {TD} at (484,101) size 124x124 [border: (1px solid #000000)] [r=3 c=5 rs=1 cs=1]
              RenderBlock {DIV} at (2,2) size 120x120
                RenderDetails {DETAILS} at (0,0) size 19x120
                  RenderBlock (anonymous) at (0,0) size 19x120
                    RenderSummary {SUMMARY} at (0,0) size 19x120
                      RenderDetailsMarker at (0,0) size 19x10: down
                      RenderText {#text} at (0,16) size 19x58
                        text run at (0,16) width 58: "summary"
                  RenderBlock (anonymous) at (19,0) size 0x120
                RenderDetails {DETAILS} at (19,0) size 19x120
                  RenderBlock (anonymous) at (0,0) size 19x120
                    RenderSummary {SUMMARY} at (0,0) size 19x120
                      RenderDetailsMarker at (0,0) size 19x10: left
                      RenderText {#text} at (0,16) size 19x58
                        text run at (0,16) width 58: "summary"
                  RenderBlock (anonymous) at (19,0) size 0x120
          RenderTableRow {TR} at (0,227) size 610x124
            RenderTableCell {TH} at (76,273) size 28x31 [border: (1px inset #808080)] [r=4 c=1 rs=1 cs=1]
              RenderText {#text} at (6,6) size 16x19
                text run at (6,6) width 16: "rtl"
            RenderTableCell {TD} at (106,227) size 124x124 [border: (1px solid #000000)] [r=4 c=2 rs=1 cs=1]
              RenderBlock {DIV} at (2,2) size 120x120
                RenderDetails {DETAILS} at (0,0) size 120x19
                  RenderBlock (anonymous) at (0,0) size 120x19
                    RenderSummary {SUMMARY} at (0,0) size 120x19
                      RenderDetailsMarker at (64,0) size 10x19: left
                      RenderText {#text} at (0,0) size 58x19
                        text run at (0,0) width 58: "summary"
                  RenderBlock (anonymous) at (0,19) size 120x0
                RenderDetails {DETAILS} at (0,19) size 120x19
                  RenderBlock (anonymous) at (0,0) size 120x19
                    RenderSummary {SUMMARY} at (0,0) size 120x19
                      RenderDetailsMarker at (64,0) size 10x19: down
                      RenderText {#text} at (0,0) size 58x19
                        text run at (0,0) width 58: "summary"
                  RenderBlock (anonymous) at (0,19) size 120x0
            RenderTableCell {TD} at (232,227) size 124x124 [border: (1px solid #000000)] [r=4 c=3 rs=1 cs=1]
              RenderBlock {DIV} at (2,2) size 120x120
                RenderDetails {DETAILS} at (0,0) size 120x19
                  RenderBlock (anonymous) at (0,0) size 120x19
                    RenderSummary {SUMMARY} at (0,0) size 120x19
                      RenderDetailsMarker at (64,0) size 10x19: left
                      RenderText {#text} at (0,0) size 58x19
                        text run at (0,0) width 58: "summary"
                  RenderBlock (anonymous) at (0,19) size 120x0
                RenderDetails {DETAILS} at (0,19) size 120x19
                  RenderBlock (anonymous) at (0,0) size 120x19
                    RenderSummary {SUMMARY} at (0,0) size 120x19
                      RenderDetailsMarker at (64,0) size 10x19: up
                      RenderText {#text} at (0,0) size 58x19
                        text run at (0,0) width 58: "summary"
                  RenderBlock (anonymous) at (0,19) size 120x0
            RenderTableCell {TD} at (358,227) size 124x124 [border: (1px solid #000000)] [r=4 c=4 rs=1 cs=1]
              RenderBlock {DIV} at (2,2) size 120x120
                RenderDetails {DETAILS} at (0,0) size 19x120
                  RenderBlock (anonymous) at (0,0) size 19x120
                    RenderSummary {SUMMARY} at (0,0) size 19x120
                      RenderDetailsMarker at (0,64) size 19x10: up
                      RenderText {#text} at (0,0) size 19x58
                        text run at (0,0) width 58: "summary"
                  RenderBlock (anonymous) at (19,0) size 0x120
                RenderDetails {DETAILS} at (19,0) size 19x120
                  RenderBlock (anonymous) at (0,0) size 19x120
                    RenderSummary {SUMMARY} at (0,0) size 19x120
                      RenderDetailsMarker at (0,64) size 19x10: right
                      RenderText {#text} at (0,0) size 19x58
                        text run at (0,0) width 58: "summary"
                  RenderBlock (anonymous) at (19,0) size 0x120
            RenderTableCell {TD} at (484,227) size 124x124 [border: (1px solid #000000)] [r=4 c=5 rs=1 cs=1]
              RenderBlock {DIV} at (2,2) size 120x120
                RenderDetails {DETAILS} at (0,0) size 19x120
                  RenderBlock (anonymous) at (0,0) size 19x120
                    RenderSummary {SUMMARY} at (0,0) size 19x120
                      RenderDetailsMarker at (0,64) size 19x10: up
                      RenderText {#text} at (0,0) size 19x58
                        text run at (0,0) width 58: "summary"
                  RenderBlock (anonymous) at (19,0) size 0x120
                RenderDetails {DETAILS} at (19,0) size 19x120
                  RenderBlock (anonymous) at (0,0) size 19x120
                    RenderSummary {SUMMARY} at (0,0) size 19x120
                      RenderDetailsMarker at (0,64) size 19x10: left
                      RenderText {#text} at (0,0) size 19x58
                        text run at (0,0) width 58: "summary"
                  RenderBlock (anonymous) at (19,0) size 0x120
      RenderBlock (anonymous) at (0,729) size 768x19
        RenderBR {BR} at (0,0) size 0x19
      RenderTable {TABLE} at (0,748) size 612x355 [border: (1px outset #808080)]
        RenderTableSection {TBODY} at (1,1) size 610x353
          RenderTableRow {TR} at (0,2) size 610x31
            RenderTableCell {TH} at (2,2) size 606x31 [border: (1px inset #808080)] [r=0 c=0 rs=1 cs=6]
              RenderText {#text} at (246,6) size 114x19
                text run at (246,6) width 114: "text-align: center"
          RenderTableRow {TR} at (0,35) size 610x31
            RenderTableCell {TH} at (2,51) size 102x31 [border: (1px inset #808080)] [r=1 c=0 rs=2 cs=2]
              RenderText {#text} at (49,6) size 4x19
                text run at (49,6) width 4: " "
            RenderTableCell {TH} at (106,35) size 502x31 [border: (1px inset #808080)] [r=1 c=2 rs=1 cs=4]
              RenderText {#text} at (177,6) size 148x19
                text run at (177,6) width 148: "-webkit-writing-mode"
          RenderTableRow {TR} at (0,68) size 610x31
            RenderTableCell {TH} at (106,68) size 124x31 [border: (1px inset #808080)] [r=2 c=2 rs=1 cs=1]
              RenderText {#text} at (18,6) size 88x19
                text run at (18,6) width 88: "horizontal-tb"
            RenderTableCell {TH} at (232,68) size 124x31 [border: (1px inset #808080)] [r=2 c=3 rs=1 cs=1]
              RenderText {#text} at (18,6) size 88x19
                text run at (18,6) width 88: "horizontal-bt"
            RenderTableCell {TH} at (358,68) size 124x31 [border: (1px inset #808080)] [r=2 c=4 rs=1 cs=1]
              RenderText {#text} at (29,6) size 66x19
                text run at (29,6) width 66: "vertical-lr"
            RenderTableCell {TH} at (484,68) size 124x31 [border: (1px inset #808080)] [r=2 c=5 rs=1 cs=1]
              RenderText {#text} at (29,6) size 66x19
                text run at (29,6) width 66: "vertical-rl"
          RenderTableRow {TR} at (0,101) size 610x124
            RenderTableCell {TH} at (2,210) size 72x31 [border: (1px inset #808080)] [r=3 c=0 rs=4 cs=1]
              RenderText {#text} at (6,6) size 60x19
                text run at (6,6) width 60: "direction"
            RenderTableCell {TH} at (76,147) size 28x31 [border: (1px inset #808080)] [r=3 c=1 rs=1 cs=1]
              RenderText {#text} at (6,6) size 16x19
                text run at (6,6) width 16: "ltr"
            RenderTableCell {TD} at (106,101) size 124x124 [border: (1px solid #000000)] [r=3 c=2 rs=1 cs=1]
              RenderBlock {DIV} at (2,2) size 120x120
                RenderDetails {DETAILS} at (0,0) size 120x19
                  RenderBlock (anonymous) at (0,0) size 120x19
                    RenderSummary {SUMMARY} at (0,0) size 120x19
                      RenderDetailsMarker at (23,0) size 10x19: right
                      RenderText {#text} at (39,0) size 58x19
                        text run at (39,0) width 58: "summary"
                  RenderBlock (anonymous) at (0,19) size 120x0
                RenderDetails {DETAILS} at (0,19) size 120x19
                  RenderBlock (anonymous) at (0,0) size 120x19
                    RenderSummary {SUMMARY} at (0,0) size 120x19
                      RenderDetailsMarker at (23,0) size 10x19: down
                      RenderText {#text} at (39,0) size 58x19
                        text run at (39,0) width 58: "summary"
                  RenderBlock (anonymous) at (0,19) size 120x0
            RenderTableCell {TD} at (232,101) size 124x124 [border: (1px solid #000000)] [r=3 c=3 rs=1 cs=1]
              RenderBlock {DIV} at (2,2) size 120x120
                RenderDetails {DETAILS} at (0,0) size 120x19
                  RenderBlock (anonymous) at (0,0) size 120x19
                    RenderSummary {SUMMARY} at (0,0) size 120x19
                      RenderDetailsMarker at (23,0) size 10x19: right
                      RenderText {#text} at (39,0) size 58x19
                        text run at (39,0) width 58: "summary"
                  RenderBlock (anonymous) at (0,19) size 120x0
                RenderDetails {DETAILS} at (0,19) size 120x19
                  RenderBlock (anonymous) at (0,0) size 120x19
                    RenderSummary {SUMMARY} at (0,0) size 120x19
                      RenderDetailsMarker at (23,0) size 10x19: up
                      RenderText {#text} at (39,0) size 58x19
                        text run at (39,0) width 58: "summary"
                  RenderBlock (anonymous) at (0,19) size 120x0
            RenderTableCell {TD} at (358,101) size 124x124 [border: (1px solid #000000)] [r=3 c=4 rs=1 cs=1]
              RenderBlock {DIV} at (2,2) size 120x120
                RenderDetails {DETAILS} at (0,0) size 19x120
                  RenderBlock (anonymous) at (0,0) size 19x120
                    RenderSummary {SUMMARY} at (0,0) size 19x120
                      RenderDetailsMarker at (0,23) size 19x10: down
                      RenderText {#text} at (0,39) size 19x58
                        text run at (0,39) width 58: "summary"
                  RenderBlock (anonymous) at (19,0) size 0x120
                RenderDetails {DETAILS} at (19,0) size 19x120
                  RenderBlock (anonymous) at (0,0) size 19x120
                    RenderSummary {SUMMARY} at (0,0) size 19x120
                      RenderDetailsMarker at (0,23) size 19x10: right
                      RenderText {#text} at (0,39) size 19x58
                        text run at (0,39) width 58: "summary"
                  RenderBlock (anonymous) at (19,0) size 0x120
            RenderTableCell {TD} at (484,101) size 124x124 [border: (1px solid #000000)] [r=3 c=5 rs=1 cs=1]
              RenderBlock {DIV} at (2,2) size 120x120
                RenderDetails {DETAILS} at (0,0) size 19x120
                  RenderBlock (anonymous) at (0,0) size 19x120
                    RenderSummary {SUMMARY} at (0,0) size 19x120
                      RenderDetailsMarker at (0,23) size 19x10: down
                      RenderText {#text} at (0,39) size 19x58
                        text run at (0,39) width 58: "summary"
                  RenderBlock (anonymous) at (19,0) size 0x120
                RenderDetails {DETAILS} at (19,0) size 19x120
                  RenderBlock (anonymous) at (0,0) size 19x120
                    RenderSummary {SUMMARY} at (0,0) size 19x120
                      RenderDetailsMarker at (0,23) size 19x10: left
                      RenderText {#text} at (0,39) size 19x58
                        text run at (0,39) width 58: "summary"
                  RenderBlock (anonymous) at (19,0) size 0x120
          RenderTableRow {TR} at (0,227) size 610x124
            RenderTableCell {TH} at (76,273) size 28x31 [border: (1px inset #808080)] [r=4 c=1 rs=1 cs=1]
              RenderText {#text} at (6,6) size 16x19
                text run at (6,6) width 16: "rtl"
            RenderTableCell {TD} at (106,227) size 124x124 [border: (1px solid #000000)] [r=4 c=2 rs=1 cs=1]
              RenderBlock {DIV} at (2,2) size 120x120
                RenderDetails {DETAILS} at (0,0) size 120x19
                  RenderBlock (anonymous) at (0,0) size 120x19
                    RenderSummary {SUMMARY} at (0,0) size 120x19
                      RenderDetailsMarker at (87,0) size 10x19: left
                      RenderText {#text} at (23,0) size 58x19
                        text run at (23,0) width 58: "summary"
                  RenderBlock (anonymous) at (0,19) size 120x0
                RenderDetails {DETAILS} at (0,19) size 120x19
                  RenderBlock (anonymous) at (0,0) size 120x19
                    RenderSummary {SUMMARY} at (0,0) size 120x19
                      RenderDetailsMarker at (87,0) size 10x19: down
                      RenderText {#text} at (23,0) size 58x19
                        text run at (23,0) width 58: "summary"
                  RenderBlock (anonymous) at (0,19) size 120x0
            RenderTableCell {TD} at (232,227) size 124x124 [border: (1px solid #000000)] [r=4 c=3 rs=1 cs=1]
              RenderBlock {DIV} at (2,2) size 120x120
                RenderDetails {DETAILS} at (0,0) size 120x19
                  RenderBlock (anonymous) at (0,0) size 120x19
                    RenderSummary {SUMMARY} at (0,0) size 120x19
                      RenderDetailsMarker at (87,0) size 10x19: left
                      RenderText {#text} at (23,0) size 58x19
                        text run at (23,0) width 58: "summary"
                  RenderBlock (anonymous) at (0,19) size 120x0
                RenderDetails {DETAILS} at (0,19) size 120x19
                  RenderBlock (anonymous) at (0,0) size 120x19
                    RenderSummary {SUMMARY} at (0,0) size 120x19
                      RenderDetailsMarker at (87,0) size 10x19: up
                      RenderText {#text} at (23,0) size 58x19
                        text run at (23,0) width 58: "summary"
                  RenderBlock (anonymous) at (0,19) size 120x0
            RenderTableCell {TD} at (358,227) size 124x124 [border: (1px solid #000000)] [r=4 c=4 rs=1 cs=1]
              RenderBlock {DIV} at (2,2) size 120x120
                RenderDetails {DETAILS} at (0,0) size 19x120
                  RenderBlock (anonymous) at (0,0) size 19x120
                    RenderSummary {SUMMARY} at (0,0) size 19x120
                      RenderDetailsMarker at (0,87) size 19x10: up
                      RenderText {#text} at (0,23) size 19x58
                        text run at (0,23) width 58: "summary"
                  RenderBlock (anonymous) at (19,0) size 0x120
                RenderDetails {DETAILS} at (19,0) size 19x120
                  RenderBlock (anonymous) at (0,0) size 19x120
                    RenderSummary {SUMMARY} at (0,0) size 19x120
                      RenderDetailsMarker at (0,87) size 19x10: right
                      RenderText {#text} at (0,23) size 19x58
                        text run at (0,23) width 58: "summary"
                  RenderBlock (anonymous) at (19,0) size 0x120
            RenderTableCell {TD} at (484,227) size 124x124 [border: (1px solid #000000)] [r=4 c=5 rs=1 cs=1]
              RenderBlock {DIV} at (2,2) size 120x120
                RenderDetails {DETAILS} at (0,0) size 19x120
                  RenderBlock (anonymous) at (0,0) size 19x120
                    RenderSummary {SUMMARY} at (0,0) size 19x120
                      RenderDetailsMarker at (0,87) size 19x10: up
                      RenderText {#text} at (0,23) size 19x58
                        text run at (0,23) width 58: "summary"
                  RenderBlock (anonymous) at (19,0) size 0x120
                RenderDetails {DETAILS} at (19,0) size 19x120
                  RenderBlock (anonymous) at (0,0) size 19x120
                    RenderSummary {SUMMARY} at (0,0) size 19x120
                      RenderDetailsMarker at (0,87) size 19x10: left
                      RenderText {#text} at (0,23) size 19x58
                        text run at (0,23) width 58: "summary"
                  RenderBlock (anonymous) at (19,0) size 0x120
      RenderBlock (anonymous) at (0,1103) size 768x19
        RenderBR {BR} at (0,0) size 0x19
      RenderTable {TABLE} at (0,1122) size 612x355 [border: (1px outset #808080)]
        RenderTableSection {TBODY} at (1,1) size 610x353
          RenderTableRow {TR} at (0,2) size 610x31
            RenderTableCell {TH} at (2,2) size 606x31 [border: (1px inset #808080)] [r=0 c=0 rs=1 cs=6]
              RenderText {#text} at (250,6) size 106x19
                text run at (250,6) width 106: "text-align: right"
          RenderTableRow {TR} at (0,35) size 610x31
            RenderTableCell {TH} at (2,51) size 102x31 [border: (1px inset #808080)] [r=1 c=0 rs=2 cs=2]
              RenderText {#text} at (49,6) size 4x19
                text run at (49,6) width 4: " "
            RenderTableCell {TH} at (106,35) size 502x31 [border: (1px inset #808080)] [r=1 c=2 rs=1 cs=4]
              RenderText {#text} at (177,6) size 148x19
                text run at (177,6) width 148: "-webkit-writing-mode"
          RenderTableRow {TR} at (0,68) size 610x31
            RenderTableCell {TH} at (106,68) size 124x31 [border: (1px inset #808080)] [r=2 c=2 rs=1 cs=1]
              RenderText {#text} at (18,6) size 88x19
                text run at (18,6) width 88: "horizontal-tb"
            RenderTableCell {TH} at (232,68) size 124x31 [border: (1px inset #808080)] [r=2 c=3 rs=1 cs=1]
              RenderText {#text} at (18,6) size 88x19
                text run at (18,6) width 88: "horizontal-bt"
            RenderTableCell {TH} at (358,68) size 124x31 [border: (1px inset #808080)] [r=2 c=4 rs=1 cs=1]
              RenderText {#text} at (29,6) size 66x19
                text run at (29,6) width 66: "vertical-lr"
            RenderTableCell {TH} at (484,68) size 124x31 [border: (1px inset #808080)] [r=2 c=5 rs=1 cs=1]
              RenderText {#text} at (29,6) size 66x19
                text run at (29,6) width 66: "vertical-rl"
          RenderTableRow {TR} at (0,101) size 610x124
            RenderTableCell {TH} at (2,210) size 72x31 [border: (1px inset #808080)] [r=3 c=0 rs=4 cs=1]
              RenderText {#text} at (6,6) size 60x19
                text run at (6,6) width 60: "direction"
            RenderTableCell {TH} at (76,147) size 28x31 [border: (1px inset #808080)] [r=3 c=1 rs=1 cs=1]
              RenderText {#text} at (6,6) size 16x19
                text run at (6,6) width 16: "ltr"
            RenderTableCell {TD} at (106,101) size 124x124 [border: (1px solid #000000)] [r=3 c=2 rs=1 cs=1]
              RenderBlock {DIV} at (2,2) size 120x120
                RenderDetails {DETAILS} at (0,0) size 120x19
                  RenderBlock (anonymous) at (0,0) size 120x19
                    RenderSummary {SUMMARY} at (0,0) size 120x19
                      RenderDetailsMarker at (46,0) size 10x19: right
                      RenderText {#text} at (62,0) size 58x19
                        text run at (62,0) width 58: "summary"
                  RenderBlock (anonymous) at (0,19) size 120x0
                RenderDetails {DETAILS} at (0,19) size 120x19
                  RenderBlock (anonymous) at (0,0) size 120x19
                    RenderSummary {SUMMARY} at (0,0) size 120x19
                      RenderDetailsMarker at (46,0) size 10x19: down
                      RenderText {#text} at (62,0) size 58x19
                        text run at (62,0) width 58: "summary"
                  RenderBlock (anonymous) at (0,19) size 120x0
            RenderTableCell {TD} at (232,101) size 124x124 [border: (1px solid #000000)] [r=3 c=3 rs=1 cs=1]
              RenderBlock {DIV} at (2,2) size 120x120
                RenderDetails {DETAILS} at (0,0) size 120x19
                  RenderBlock (anonymous) at (0,0) size 120x19
                    RenderSummary {SUMMARY} at (0,0) size 120x19
                      RenderDetailsMarker at (46,0) size 10x19: right
                      RenderText {#text} at (62,0) size 58x19
                        text run at (62,0) width 58: "summary"
                  RenderBlock (anonymous) at (0,19) size 120x0
                RenderDetails {DETAILS} at (0,19) size 120x19
                  RenderBlock (anonymous) at (0,0) size 120x19
                    RenderSummary {SUMMARY} at (0,0) size 120x19
                      RenderDetailsMarker at (46,0) size 10x19: up
                      RenderText {#text} at (62,0) size 58x19
                        text run at (62,0) width 58: "summary"
                  RenderBlock (anonymous) at (0,19) size 120x0
            RenderTableCell {TD} at (358,101) size 124x124 [border: (1px solid #000000)] [r=3 c=4 rs=1 cs=1]
              RenderBlock {DIV} at (2,2) size 120x120
                RenderDetails {DETAILS} at (0,0) size 19x120
                  RenderBlock (anonymous) at (0,0) size 19x120
                    RenderSummary {SUMMARY} at (0,0) size 19x120
                      RenderDetailsMarker at (0,46) size 19x10: down
                      RenderText {#text} at (0,62) size 19x58
                        text run at (0,62) width 58: "summary"
                  RenderBlock (anonymous) at (19,0) size 0x120
                RenderDetails {DETAILS} at (19,0) size 19x120
                  RenderBlock (anonymous) at (0,0) size 19x120
                    RenderSummary {SUMMARY} at (0,0) size 19x120
                      RenderDetailsMarker at (0,46) size 19x10: right
                      RenderText {#text} at (0,62) size 19x58
                        text run at (0,62) width 58: "summary"
                  RenderBlock (anonymous) at (19,0) size 0x120
            RenderTableCell {TD} at (484,101) size 124x124 [border: (1px solid #000000)] [r=3 c=5 rs=1 cs=1]
              RenderBlock {DIV} at (2,2) size 120x120
                RenderDetails {DETAILS} at (0,0) size 19x120
                  RenderBlock (anonymous) at (0,0) size 19x120
                    RenderSummary {SUMMARY} at (0,0) size 19x120
                      RenderDetailsMarker at (0,46) size 19x10: down
                      RenderText {#text} at (0,62) size 19x58
                        text run at (0,62) width 58: "summary"
                  RenderBlock (anonymous) at (19,0) size 0x120
                RenderDetails {DETAILS} at (19,0) size 19x120
                  RenderBlock (anonymous) at (0,0) size 19x120
                    RenderSummary {SUMMARY} at (0,0) size 19x120
                      RenderDetailsMarker at (0,46) size 19x10: left
                      RenderText {#text} at (0,62) size 19x58
                        text run at (0,62) width 58: "summary"
                  RenderBlock (anonymous) at (19,0) size 0x120
          RenderTableRow {TR} at (0,227) size 610x124
            RenderTableCell {TH} at (76,273) size 28x31 [border: (1px inset #808080)] [r=4 c=1 rs=1 cs=1]
              RenderText {#text} at (6,6) size 16x19
                text run at (6,6) width 16: "rtl"
            RenderTableCell {TD} at (106,227) size 124x124 [border: (1px solid #000000)] [r=4 c=2 rs=1 cs=1]
              RenderBlock {DIV} at (2,2) size 120x120
                RenderDetails {DETAILS} at (0,0) size 120x19
                  RenderBlock (anonymous) at (0,0) size 120x19
                    RenderSummary {SUMMARY} at (0,0) size 120x19
                      RenderDetailsMarker at (110,0) size 10x19: left
                      RenderText {#text} at (46,0) size 58x19
                        text run at (46,0) width 58: "summary"
                  RenderBlock (anonymous) at (0,19) size 120x0
                RenderDetails {DETAILS} at (0,19) size 120x19
                  RenderBlock (anonymous) at (0,0) size 120x19
                    RenderSummary {SUMMARY} at (0,0) size 120x19
                      RenderDetailsMarker at (110,0) size 10x19: down
                      RenderText {#text} at (46,0) size 58x19
                        text run at (46,0) width 58: "summary"
                  RenderBlock (anonymous) at (0,19) size 120x0
            RenderTableCell {TD} at (232,227) size 124x124 [border: (1px solid #000000)] [r=4 c=3 rs=1 cs=1]
              RenderBlock {DIV} at (2,2) size 120x120
                RenderDetails {DETAILS} at (0,0) size 120x19
                  RenderBlock (anonymous) at (0,0) size 120x19
                    RenderSummary {SUMMARY} at (0,0) size 120x19
                      RenderDetailsMarker at (110,0) size 10x19: left
                      RenderText {#text} at (46,0) size 58x19
                        text run at (46,0) width 58: "summary"
                  RenderBlock (anonymous) at (0,19) size 120x0
                RenderDetails {DETAILS} at (0,19) size 120x19
                  RenderBlock (anonymous) at (0,0) size 120x19
                    RenderSummary {SUMMARY} at (0,0) size 120x19
                      RenderDetailsMarker at (110,0) size 10x19: up
                      RenderText {#text} at (46,0) size 58x19
                        text run at (46,0) width 58: "summary"
                  RenderBlock (anonymous) at (0,19) size 120x0
            RenderTableCell {TD} at (358,227) size 124x124 [border: (1px solid #000000)] [r=4 c=4 rs=1 cs=1]
              RenderBlock {DIV} at (2,2) size 120x120
                RenderDetails {DETAILS} at (0,0) size 19x120
                  RenderBlock (anonymous) at (0,0) size 19x120
                    RenderSummary {SUMMARY} at (0,0) size 19x120
                      RenderDetailsMarker at (0,110) size 19x10: up
                      RenderText {#text} at (0,46) size 19x58
                        text run at (0,46) width 58: "summary"
                  RenderBlock (anonymous) at (19,0) size 0x120
                RenderDetails {DETAILS} at (19,0) size 19x120
                  RenderBlock (anonymous) at (0,0) size 19x120
                    RenderSummary {SUMMARY} at (0,0) size 19x120
                      RenderDetailsMarker at (0,110) size 19x10: right
                      RenderText {#text} at (0,46) size 19x58
                        text run at (0,46) width 58: "summary"
                  RenderBlock (anonymous) at (19,0) size 0x120
            RenderTableCell {TD} at (484,227) size 124x124 [border: (1px solid #000000)] [r=4 c=5 rs=1 cs=1]
              RenderBlock {DIV} at (2,2) size 120x120
                RenderDetails {DETAILS} at (0,0) size 19x120
                  RenderBlock (anonymous) at (0,0) size 19x120
                    RenderSummary {SUMMARY} at (0,0) size 19x120
                      RenderDetailsMarker at (0,110) size 19x10: up
                      RenderText {#text} at (0,46) size 19x58
                        text run at (0,46) width 58: "summary"
                  RenderBlock (anonymous) at (19,0) size 0x120
                RenderDetails {DETAILS} at (19,0) size 19x120
                  RenderBlock (anonymous) at (0,0) size 19x120
                    RenderSummary {SUMMARY} at (0,0) size 19x120
                      RenderDetailsMarker at (0,110) size 19x10: left
                      RenderText {#text} at (0,46) size 19x58
                        text run at (0,46) width 58: "summary"
                  RenderBlock (anonymous) at (19,0) size 0x120
