layer at (0,0) size 800x600
  RenderView at (0,0) size 800x600
layer at (0,0) size 800x600
  RenderBlock {HTML} at (0,0) size 800x600
    RenderBody {BODY} at (8,8) size 784x584
      RenderDetails {DETAILS} at (0,0) size 784x19
        RenderBlock (anonymous) at (0,0) size 784x19
          RenderSummary {SUMMARY} at (0,0) size 784x19
            RenderDetailsMarker at (0,0) size 10x19: right
            RenderText {#text} at (16,0) size 70x19
              text run at (16,0) width 70: "summary 2"
        RenderBlock (anonymous) at (0,19) size 784x0
