layer at (0,0) size 1287x678
  RenderView at (0,0) size 784x584
layer at (0,0) size 784x678
  RenderBlock {HTML} at (0,0) size 784x678
    RenderBody {BODY} at (8,8) size 768x662
      RenderBlock (anonymous) at (0,0) size 768x21
        RenderText {#text} at (0,0) size 96x21
          text run at (0,0) width 96: "LTR Version:"
      RenderBlock (anonymous) at (0,331) size 768x21
        RenderText {#text} at (0,0) size 96x21
          text run at (0,0) width 96: "RTL Version:"
layer at (8,29) size 768x310
  RenderBlock {DIV} at (0,21) size 768x310 [border: (5px solid #800000)]
    RenderBlock (anonymous) at (5,5) size 242x273
      RenderText {#text} at (0,0) size 111x21
        text run at (0,0) width 111: "This is some text"
      RenderBR {BR} at (111,16) size 0x0
      RenderText {#text} at (0,21) size 111x21
        text run at (0,21) width 111: "This is some text"
      RenderBR {BR} at (111,37) size 0x0
      RenderText {#text} at (0,42) size 111x21
        text run at (0,42) width 111: "This is some text"
      RenderBR {BR} at (111,58) size 0x0
      RenderText {#text} at (0,63) size 111x21
        text run at (0,63) width 111: "This is some text"
      RenderBR {BR} at (111,79) size 0x0
      RenderText {#text} at (0,84) size 111x21
        text run at (0,84) width 111: "This is some text"
      RenderBR {BR} at (111,100) size 0x0
      RenderText {#text} at (0,105) size 111x21
        text run at (0,105) width 111: "This is some text"
      RenderBR {BR} at (111,121) size 0x0
      RenderText {#text} at (0,126) size 111x21
        text run at (0,126) width 111: "This is some text"
      RenderBR {BR} at (111,142) size 0x0
      RenderText {#text} at (0,147) size 111x21
        text run at (0,147) width 111: "This is some text"
      RenderBR {BR} at (111,163) size 0x0
      RenderText {#text} at (0,168) size 111x21
        text run at (0,168) width 111: "This is some text"
      RenderBR {BR} at (111,184) size 0x0
      RenderText {#text} at (0,189) size 111x21
        text run at (0,189) width 111: "This is some text"
      RenderBR {BR} at (111,205) size 0x0
      RenderText {#text} at (0,210) size 111x21
        text run at (0,210) width 111: "This is some text"
      RenderBR {BR} at (111,226) size 0x0
      RenderText {#text} at (0,231) size 111x21
        text run at (0,231) width 111: "This is some text"
      RenderBR {BR} at (111,247) size 0x0
      RenderText {#text} at (0,252) size 111x21
        text run at (0,252) width 111: "This is some text"
      RenderBR {BR} at (111,268) size 0x0
    RenderBlock {DIV} at (5,305) size 242x270
      RenderText {#text} at (0,0) size 0x0
    RenderBlock (anonymous) at (5,575) size 242x603
      RenderText {#text} at (0,0) size 111x21
        text run at (0,0) width 111: "This is some text"
      RenderBR {BR} at (111,16) size 0x0
      RenderText {#text} at (0,30) size 111x21
        text run at (0,30) width 111: "This is some text"
      RenderBR {BR} at (111,46) size 0x0
      RenderText {#text} at (0,51) size 111x21
        text run at (0,51) width 111: "This is some text"
      RenderBR {BR} at (111,67) size 0x0
      RenderText {#text} at (0,72) size 111x21
        text run at (0,72) width 111: "This is some text"
      RenderBR {BR} at (111,88) size 0x0
      RenderText {#text} at (0,93) size 111x21
        text run at (0,93) width 111: "This is some text"
      RenderBR {BR} at (111,109) size 0x0
      RenderText {#text} at (0,114) size 111x21
        text run at (0,114) width 111: "This is some text"
      RenderBR {BR} at (111,130) size 0x0
      RenderText {#text} at (0,135) size 111x21
        text run at (0,135) width 111: "This is some text"
      RenderBR {BR} at (111,151) size 0x0
      RenderText {#text} at (0,156) size 111x21
        text run at (0,156) width 111: "This is some text"
      RenderBR {BR} at (111,172) size 0x0
      RenderText {#text} at (0,177) size 111x21
        text run at (0,177) width 111: "This is some text"
      RenderBR {BR} at (111,193) size 0x0
      RenderText {#text} at (0,198) size 111x21
        text run at (0,198) width 111: "This is some text"
      RenderBR {BR} at (111,214) size 0x0
      RenderText {#text} at (0,219) size 111x21
        text run at (0,219) width 111: "This is some text"
      RenderBR {BR} at (111,235) size 0x0
      RenderText {#text} at (0,240) size 111x21
        text run at (0,240) width 111: "This is some text"
      RenderBR {BR} at (111,256) size 0x0
      RenderText {#text} at (0,261) size 111x21
        text run at (0,261) width 111: "This is some text"
      RenderBR {BR} at (111,277) size 0x0
      RenderText {#text} at (0,282) size 111x21
        text run at (0,282) width 111: "This is some text"
      RenderBR {BR} at (111,298) size 0x0
      RenderText {#text} at (0,303) size 111x21
        text run at (0,303) width 111: "This is some text"
      RenderBR {BR} at (111,319) size 0x0
      RenderText {#text} at (0,330) size 111x21
        text run at (0,330) width 111: "This is some text"
      RenderBR {BR} at (111,346) size 0x0
      RenderText {#text} at (0,351) size 111x21
        text run at (0,351) width 111: "This is some text"
      RenderBR {BR} at (111,367) size 0x0
      RenderText {#text} at (0,372) size 111x21
        text run at (0,372) width 111: "This is some text"
      RenderBR {BR} at (111,388) size 0x0
      RenderText {#text} at (0,393) size 111x21
        text run at (0,393) width 111: "This is some text"
      RenderBR {BR} at (111,409) size 0x0
      RenderText {#text} at (0,414) size 111x21
        text run at (0,414) width 111: "This is some text"
      RenderBR {BR} at (111,430) size 0x0
      RenderText {#text} at (0,435) size 111x21
        text run at (0,435) width 111: "This is some text"
      RenderBR {BR} at (111,451) size 0x0
      RenderText {#text} at (0,456) size 111x21
        text run at (0,456) width 111: "This is some text"
      RenderBR {BR} at (111,472) size 0x0
      RenderText {#text} at (0,477) size 111x21
        text run at (0,477) width 111: "This is some text"
      RenderBR {BR} at (111,493) size 0x0
      RenderText {#text} at (0,498) size 111x21
        text run at (0,498) width 111: "This is some text"
      RenderBR {BR} at (111,514) size 0x0
      RenderText {#text} at (0,519) size 111x21
        text run at (0,519) width 111: "This is some text"
      RenderBR {BR} at (111,535) size 0x0
      RenderText {#text} at (0,540) size 111x21
        text run at (0,540) width 111: "This is some text"
      RenderBR {BR} at (111,556) size 0x0
      RenderText {#text} at (0,561) size 111x21
        text run at (0,561) width 111: "This is some text"
      RenderBR {BR} at (111,577) size 0x0
      RenderText {#text} at (0,0) size 0x0
    RenderBlock (anonymous) at (5,1205) size 242x294
      RenderText {#text} at (0,0) size 111x21
        text run at (0,0) width 111: "This is some text"
      RenderBR {BR} at (111,16) size 0x0
      RenderText {#text} at (0,21) size 111x21
        text run at (0,21) width 111: "This is some text"
      RenderBR {BR} at (111,37) size 0x0
      RenderText {#text} at (0,42) size 111x21
        text run at (0,42) width 111: "This is some text"
      RenderBR {BR} at (111,58) size 0x0
      RenderText {#text} at (0,63) size 111x21
        text run at (0,63) width 111: "This is some text"
      RenderBR {BR} at (111,79) size 0x0
      RenderText {#text} at (0,84) size 111x21
        text run at (0,84) width 111: "This is some text"
      RenderBR {BR} at (111,100) size 0x0
      RenderText {#text} at (0,105) size 111x21
        text run at (0,105) width 111: "This is some text"
      RenderBR {BR} at (111,121) size 0x0
      RenderText {#text} at (0,126) size 111x21
        text run at (0,126) width 111: "This is some text"
      RenderBR {BR} at (111,142) size 0x0
      RenderText {#text} at (0,147) size 111x21
        text run at (0,147) width 111: "This is some text"
      RenderBR {BR} at (111,163) size 0x0
      RenderText {#text} at (0,168) size 111x21
        text run at (0,168) width 111: "This is some text"
      RenderBR {BR} at (111,184) size 0x0
      RenderText {#text} at (0,189) size 111x21
        text run at (0,189) width 111: "This is some text"
      RenderBR {BR} at (111,205) size 0x0
      RenderText {#text} at (0,210) size 111x21
        text run at (0,210) width 111: "This is some text"
      RenderBR {BR} at (111,226) size 0x0
      RenderText {#text} at (0,231) size 111x21
        text run at (0,231) width 111: "This is some text"
      RenderBR {BR} at (111,247) size 0x0
      RenderText {#text} at (0,252) size 111x21
        text run at (0,252) width 111: "This is some text"
      RenderBR {BR} at (111,268) size 0x0
      RenderText {#text} at (0,273) size 111x21
        text run at (0,273) width 111: "This is some text"
      RenderBR {BR} at (111,289) size 0x0
layer at (8,360) size 768x310
  RenderBlock {DIV} at (0,352) size 768x310 [border: (5px solid #800000)]
    RenderBlock (anonymous) at (5,5) size 242x273
      RenderText {#text} at (131,0) size 111x21
        text run at (131,0) width 111: "This is some text"
      RenderBR {BR} at (131,16) size 0x0
      RenderText {#text} at (131,21) size 111x21
        text run at (131,21) width 111: "This is some text"
      RenderBR {BR} at (131,37) size 0x0
      RenderText {#text} at (131,42) size 111x21
        text run at (131,42) width 111: "This is some text"
      RenderBR {BR} at (131,58) size 0x0
      RenderText {#text} at (131,63) size 111x21
        text run at (131,63) width 111: "This is some text"
      RenderBR {BR} at (131,79) size 0x0
      RenderText {#text} at (131,84) size 111x21
        text run at (131,84) width 111: "This is some text"
      RenderBR {BR} at (131,100) size 0x0
      RenderText {#text} at (131,105) size 111x21
        text run at (131,105) width 111: "This is some text"
      RenderBR {BR} at (131,121) size 0x0
      RenderText {#text} at (131,126) size 111x21
        text run at (131,126) width 111: "This is some text"
      RenderBR {BR} at (131,142) size 0x0
      RenderText {#text} at (131,147) size 111x21
        text run at (131,147) width 111: "This is some text"
      RenderBR {BR} at (131,163) size 0x0
      RenderText {#text} at (131,168) size 111x21
        text run at (131,168) width 111: "This is some text"
      RenderBR {BR} at (131,184) size 0x0
      RenderText {#text} at (131,189) size 111x21
        text run at (131,189) width 111: "This is some text"
      RenderBR {BR} at (131,205) size 0x0
      RenderText {#text} at (131,210) size 111x21
        text run at (131,210) width 111: "This is some text"
      RenderBR {BR} at (131,226) size 0x0
      RenderText {#text} at (131,231) size 111x21
        text run at (131,231) width 111: "This is some text"
      RenderBR {BR} at (131,247) size 0x0
      RenderText {#text} at (131,252) size 111x21
        text run at (131,252) width 111: "This is some text"
      RenderBR {BR} at (131,268) size 0x0
    RenderBlock {DIV} at (5,305) size 242x270
      RenderText {#text} at (0,0) size 0x0
    RenderBlock (anonymous) at (5,575) size 242x603
      RenderText {#text} at (131,0) size 111x21
        text run at (131,0) width 111: "This is some text"
      RenderBR {BR} at (131,16) size 0x0
      RenderText {#text} at (131,30) size 111x21
        text run at (131,30) width 111: "This is some text"
      RenderBR {BR} at (131,46) size 0x0
      RenderText {#text} at (131,51) size 111x21
        text run at (131,51) width 111: "This is some text"
      RenderBR {BR} at (131,67) size 0x0
      RenderText {#text} at (131,72) size 111x21
        text run at (131,72) width 111: "This is some text"
      RenderBR {BR} at (131,88) size 0x0
      RenderText {#text} at (131,93) size 111x21
        text run at (131,93) width 111: "This is some text"
      RenderBR {BR} at (131,109) size 0x0
      RenderText {#text} at (131,114) size 111x21
        text run at (131,114) width 111: "This is some text"
      RenderBR {BR} at (131,130) size 0x0
      RenderText {#text} at (131,135) size 111x21
        text run at (131,135) width 111: "This is some text"
      RenderBR {BR} at (131,151) size 0x0
      RenderText {#text} at (131,156) size 111x21
        text run at (131,156) width 111: "This is some text"
      RenderBR {BR} at (131,172) size 0x0
      RenderText {#text} at (131,177) size 111x21
        text run at (131,177) width 111: "This is some text"
      RenderBR {BR} at (131,193) size 0x0
      RenderText {#text} at (131,198) size 111x21
        text run at (131,198) width 111: "This is some text"
      RenderBR {BR} at (131,214) size 0x0
      RenderText {#text} at (131,219) size 111x21
        text run at (131,219) width 111: "This is some text"
      RenderBR {BR} at (131,235) size 0x0
      RenderText {#text} at (131,240) size 111x21
        text run at (131,240) width 111: "This is some text"
      RenderBR {BR} at (131,256) size 0x0
      RenderText {#text} at (131,261) size 111x21
        text run at (131,261) width 111: "This is some text"
      RenderBR {BR} at (131,277) size 0x0
      RenderText {#text} at (131,282) size 111x21
        text run at (131,282) width 111: "This is some text"
      RenderBR {BR} at (131,298) size 0x0
      RenderText {#text} at (131,303) size 111x21
        text run at (131,303) width 111: "This is some text"
      RenderBR {BR} at (131,319) size 0x0
      RenderText {#text} at (131,330) size 111x21
        text run at (131,330) width 111: "This is some text"
      RenderBR {BR} at (131,346) size 0x0
      RenderText {#text} at (131,351) size 111x21
        text run at (131,351) width 111: "This is some text"
      RenderBR {BR} at (131,367) size 0x0
      RenderText {#text} at (131,372) size 111x21
        text run at (131,372) width 111: "This is some text"
      RenderBR {BR} at (131,388) size 0x0
      RenderText {#text} at (131,393) size 111x21
        text run at (131,393) width 111: "This is some text"
      RenderBR {BR} at (131,409) size 0x0
      RenderText {#text} at (131,414) size 111x21
        text run at (131,414) width 111: "This is some text"
      RenderBR {BR} at (131,430) size 0x0
      RenderText {#text} at (131,435) size 111x21
        text run at (131,435) width 111: "This is some text"
      RenderBR {BR} at (131,451) size 0x0
      RenderText {#text} at (131,456) size 111x21
        text run at (131,456) width 111: "This is some text"
      RenderBR {BR} at (131,472) size 0x0
      RenderText {#text} at (131,477) size 111x21
        text run at (131,477) width 111: "This is some text"
      RenderBR {BR} at (131,493) size 0x0
      RenderText {#text} at (131,498) size 111x21
        text run at (131,498) width 111: "This is some text"
      RenderBR {BR} at (131,514) size 0x0
      RenderText {#text} at (131,519) size 111x21
        text run at (131,519) width 111: "This is some text"
      RenderBR {BR} at (131,535) size 0x0
      RenderText {#text} at (131,540) size 111x21
        text run at (131,540) width 111: "This is some text"
      RenderBR {BR} at (131,556) size 0x0
      RenderText {#text} at (131,561) size 111x21
        text run at (131,561) width 111: "This is some text"
      RenderBR {BR} at (131,577) size 0x0
      RenderText {#text} at (0,0) size 0x0
    RenderBlock (anonymous) at (5,1205) size 242x294
      RenderText {#text} at (131,0) size 111x21
        text run at (131,0) width 111: "This is some text"
      RenderBR {BR} at (131,16) size 0x0
      RenderText {#text} at (131,21) size 111x21
        text run at (131,21) width 111: "This is some text"
      RenderBR {BR} at (131,37) size 0x0
      RenderText {#text} at (131,42) size 111x21
        text run at (131,42) width 111: "This is some text"
      RenderBR {BR} at (131,58) size 0x0
      RenderText {#text} at (131,63) size 111x21
        text run at (131,63) width 111: "This is some text"
      RenderBR {BR} at (131,79) size 0x0
      RenderText {#text} at (131,84) size 111x21
        text run at (131,84) width 111: "This is some text"
      RenderBR {BR} at (131,100) size 0x0
      RenderText {#text} at (131,105) size 111x21
        text run at (131,105) width 111: "This is some text"
      RenderBR {BR} at (131,121) size 0x0
      RenderText {#text} at (131,126) size 111x21
        text run at (131,126) width 111: "This is some text"
      RenderBR {BR} at (131,142) size 0x0
      RenderText {#text} at (131,147) size 111x21
        text run at (131,147) width 111: "This is some text"
      RenderBR {BR} at (131,163) size 0x0
      RenderText {#text} at (131,168) size 111x21
        text run at (131,168) width 111: "This is some text"
      RenderBR {BR} at (131,184) size 0x0
      RenderText {#text} at (131,189) size 111x21
        text run at (131,189) width 111: "This is some text"
      RenderBR {BR} at (131,205) size 0x0
      RenderText {#text} at (131,210) size 111x21
        text run at (131,210) width 111: "This is some text"
      RenderBR {BR} at (131,226) size 0x0
      RenderText {#text} at (131,231) size 111x21
        text run at (131,231) width 111: "This is some text"
      RenderBR {BR} at (131,247) size 0x0
      RenderText {#text} at (131,252) size 111x21
        text run at (131,252) width 111: "This is some text"
      RenderBR {BR} at (131,268) size 0x0
      RenderText {#text} at (131,273) size 111x21
        text run at (131,273) width 111: "This is some text"
      RenderBR {BR} at (131,289) size 0x0
layer at (13,334) size 100x270
  RenderBlock (relative positioned) {DIV} at (0,0) size 100x270 [bgcolor=#008000]
layer at (155,665) size 100x270 backgroundClip at (0,0) size 1287x678 clip at (0,0) size 1287x678 outlineClip at (0,0) size 1287x678
  RenderBlock (relative positioned) {DIV} at (142,0) size 100x270 [bgcolor=#008000]
