layer at (0,0) size 800x600
  RenderView at (0,0) size 800x600
layer at (0,0) size 800x600
  RenderBlock {HTML} at (0,0) size 800x600
    RenderBody {BODY} at (8,8) size 784x584
      RenderBlock {P} at (0,0) size 784x20
        RenderText {#text} at (0,0) size 406x19
          text run at (0,0) width 406: "Test appearances of input-speech-button in <input type='number'>."
      RenderBlock {DIV} at (0,36) size 784x0
      RenderBlock {DIV} at (0,36) size 784x314
        RenderTable {TABLE} at (0,0) size 651x314
          RenderTableSection {TBODY} at (0,0) size 651x314
            RenderTableRow {TR} at (0,2) size 651x310
              RenderTableCell {TD} at (2,2) size 164x310 [r=0 c=0 rs=1 cs=1]
                RenderBlock {DIV} at (1,1) size 162x308
                  RenderTextControl {INPUT} at (0,0) size 104x16 [bgcolor=#FFFFFF] [border: (2px inset #000000)]
                    RenderBlock {DIV} at (87,2) size 15x12
                    RenderBlock {DIV} at (102,3) size 0x10
                  RenderBR {BR} at (104,11) size 0x0
                  RenderTextControl {INPUT} at (0,16) size 104x16 [bgcolor=#FFFFFF] [border: (2px inset #000000)]
                    RenderBlock {DIV} at (77,3) size 10x10
                    RenderBlock {DIV} at (87,2) size 15x12
                    RenderBlock {DIV} at (102,3) size 0x10
                  RenderBR {BR} at (104,27) size 0x0
                  RenderTextControl {INPUT} at (0,32) size 106x18 [bgcolor=#FFFFFF] [border: (2px inset #000000)]
                    RenderBlock {DIV} at (89,2) size 15x14
                    RenderBlock {DIV} at (104,3) size 0x12
                  RenderBR {BR} at (106,44) size 0x0
                  RenderTextControl {INPUT} at (0,50) size 106x18 [bgcolor=#FFFFFF] [border: (2px inset #000000)]
                    RenderBlock {DIV} at (78,3) size 11x11
                    RenderBlock {DIV} at (89,2) size 15x14
                    RenderBlock {DIV} at (104,3) size 0x12
                  RenderBR {BR} at (106,62) size 0x0
                  RenderTextControl {INPUT} at (0,68) size 109x19 [bgcolor=#FFFFFF] [border: (2px inset #000000)]
                    RenderBlock {DIV} at (92,2) size 15x15
                    RenderBlock {DIV} at (107,3) size 0x13
                  RenderBR {BR} at (109,81) size 0x0
                  RenderTextControl {INPUT} at (0,87) size 109x19 [bgcolor=#FFFFFF] [border: (2px inset #000000)]
                    RenderBlock {DIV} at (80,3) size 12x12
                    RenderBlock {DIV} at (92,2) size 15x15
                    RenderBlock {DIV} at (107,3) size 0x13
                  RenderBR {BR} at (109,100) size 0x0
                  RenderTextControl {INPUT} at (2,108) size 131x20 [bgcolor=#FFFFFF] [border: (2px inset #000000)]
                    RenderBlock {DIV} at (114,2) size 15x16
                    RenderBlock {DIV} at (129,3) size 0x14
                  RenderBR {BR} at (135,122) size 0x0
                  RenderTextControl {INPUT} at (2,132) size 131x20 [bgcolor=#FFFFFF] [border: (2px inset #000000)]
                    RenderBlock {DIV} at (100,3) size 14x14
                    RenderBlock {DIV} at (114,2) size 15x16
                    RenderBlock {DIV} at (129,3) size 0x14
                  RenderBR {BR} at (135,146) size 0x0
                  RenderTextControl {INPUT} at (2,156) size 133x21 [bgcolor=#FFFFFF] [border: (2px inset #000000)]
                    RenderBlock {DIV} at (116,2) size 15x17
                    RenderBlock {DIV} at (131,3) size 0x15
                  RenderBR {BR} at (137,171) size 0x0
                  RenderTextControl {INPUT} at (2,181) size 133x21 [bgcolor=#FFFFFF] [border: (2px inset #000000)]
                    RenderBlock {DIV} at (101,3) size 15x15
                    RenderBlock {DIV} at (116,2) size 15x17
                    RenderBlock {DIV} at (131,3) size 0x15
                  RenderBR {BR} at (137,196) size 0x0
                  RenderTextControl {INPUT} at (2,206) size 155x22 [bgcolor=#FFFFFF] [border: (2px inset #000000)]
                    RenderBlock {DIV} at (138,2) size 15x18
                    RenderBlock {DIV} at (153,3) size 0x16
                  RenderBR {BR} at (159,222) size 0x0
                  RenderTextControl {INPUT} at (2,232) size 155x22 [bgcolor=#FFFFFF] [border: (2px inset #000000)]
                    RenderBlock {DIV} at (122,3) size 16x16
                    RenderBlock {DIV} at (138,2) size 15x18
                    RenderBlock {DIV} at (153,3) size 0x16
                  RenderBR {BR} at (159,248) size 0x0
                  RenderTextControl {INPUT} at (2,258) size 158x22 [bgcolor=#FFFFFF] [border: (2px inset #000000)]
                    RenderBlock {DIV} at (141,2) size 15x18
                    RenderBlock {DIV} at (156,3) size 0x16
                  RenderBR {BR} at (162,274) size 0x0
                  RenderTextControl {INPUT} at (2,284) size 158x22 [bgcolor=#FFFFFF] [border: (2px inset #000000)]
                    RenderBlock {DIV} at (124,2) size 17x17
                    RenderBlock {DIV} at (141,2) size 15x18
                    RenderBlock {DIV} at (156,3) size 0x16
                  RenderBR {BR} at (162,300) size 0x0
              RenderTableCell {TD} at (168,5) size 215x304 [r=0 c=1 rs=1 cs=1]
                RenderBlock {DIV} at (1,1) size 213x302
                  RenderTextControl {INPUT} at (2,2) size 179x23 [bgcolor=#FFFFFF] [border: (2px inset #000000)]
                    RenderBlock {DIV} at (162,2) size 15x19
                    RenderBlock {DIV} at (177,3) size 0x17
                  RenderBR {BR} at (183,19) size 0x0
                  RenderTextControl {INPUT} at (2,29) size 179x23 [bgcolor=#FFFFFF] [border: (2px inset #000000)]
                    RenderBlock {DIV} at (144,2) size 18x18
                    RenderBlock {DIV} at (162,2) size 15x19
                    RenderBlock {DIV} at (177,3) size 0x17
                  RenderBR {BR} at (183,46) size 0x0
                  RenderTextControl {INPUT} at (2,56) size 182x25 [bgcolor=#FFFFFF] [border: (2px inset #000000)]
                    RenderBlock {DIV} at (165,2) size 15x21
                    RenderBlock {DIV} at (180,3) size 0x19
                  RenderBR {BR} at (186,74) size 0x0
                  RenderTextControl {INPUT} at (2,85) size 182x25 [bgcolor=#FFFFFF] [border: (2px inset #000000)]
                    RenderBlock {DIV} at (145,2) size 20x20
                    RenderBlock {DIV} at (165,2) size 15x21
                    RenderBlock {DIV} at (180,3) size 0x19
                  RenderBR {BR} at (186,103) size 0x0
                  RenderTextControl {INPUT} at (2,114) size 204x26 [bgcolor=#FFFFFF] [border: (2px inset #000000)]
                    RenderBlock {DIV} at (187,2) size 15x22
                    RenderBlock {DIV} at (202,3) size 0x20
                  RenderBR {BR} at (208,132) size 0x0
                  RenderTextControl {INPUT} at (2,144) size 204x26 [bgcolor=#FFFFFF] [border: (2px inset #000000)]
                    RenderBlock {DIV} at (166,2) size 21x21
                    RenderBlock {DIV} at (187,2) size 15x22
                    RenderBlock {DIV} at (202,3) size 0x20
                  RenderBR {BR} at (208,162) size 0x0
                  RenderTextControl {INPUT} at (2,174) size 206x28 [bgcolor=#FFFFFF] [border: (2px inset #000000)]
                    RenderBlock {DIV} at (189,2) size 15x24
                    RenderBlock {DIV} at (204,3) size 0x22
                  RenderBR {BR} at (210,194) size 0x0
                  RenderTextControl {INPUT} at (2,206) size 206x28 [bgcolor=#FFFFFF] [border: (2px inset #000000)]
                    RenderBlock {DIV} at (167,3) size 22x22
                    RenderBlock {DIV} at (189,2) size 15x24
                    RenderBlock {DIV} at (204,3) size 0x22
                  RenderBR {BR} at (210,226) size 0x0
                  RenderTextControl {INPUT} at (2,238) size 209x29 [bgcolor=#FFFFFF] [border: (2px inset #000000)]
                    RenderBlock {DIV} at (192,2) size 15x25
                    RenderBlock {DIV} at (207,3) size 0x23
                  RenderBR {BR} at (213,259) size 0x0
                  RenderTextControl {INPUT} at (2,271) size 209x29 [bgcolor=#FFFFFF] [border: (2px inset #000000)]
                    RenderBlock {DIV} at (169,3) size 23x23
                    RenderBlock {DIV} at (192,2) size 15x25
                    RenderBlock {DIV} at (207,3) size 0x23
                  RenderBR {BR} at (213,292) size 0x0
              RenderTableCell {TD} at (385,14) size 264x286 [r=0 c=2 rs=1 cs=1]
                RenderBlock {DIV} at (1,1) size 262x284
                  RenderTextControl {INPUT} at (2,2) size 231x30 [bgcolor=#FFFFFF] [border: (2px inset #000000)]
                    RenderBlock {DIV} at (214,2) size 15x26
                    RenderBlock {DIV} at (229,3) size 0x24
                  RenderBR {BR} at (235,24) size 0x0
                  RenderTextControl {INPUT} at (2,36) size 231x30 [bgcolor=#FFFFFF] [border: (2px inset #000000)]
                    RenderBlock {DIV} at (189,2) size 25x25
                    RenderBlock {DIV} at (214,2) size 15x26
                    RenderBlock {DIV} at (229,3) size 0x24
                  RenderBR {BR} at (235,58) size 0x0
                  RenderTextControl {INPUT} at (2,70) size 234x31 [bgcolor=#FFFFFF] [border: (2px inset #000000)]
                    RenderBlock {DIV} at (217,2) size 15x27
                    RenderBlock {DIV} at (232,3) size 0x25
                  RenderBR {BR} at (238,92) size 0x0
                  RenderTextControl {INPUT} at (2,105) size 234x31 [bgcolor=#FFFFFF] [border: (2px inset #000000)]
                    RenderBlock {DIV} at (191,2) size 26x26
                    RenderBlock {DIV} at (217,2) size 15x27
                    RenderBlock {DIV} at (232,3) size 0x25
                  RenderBR {BR} at (238,127) size 0x0
                  RenderTextControl {INPUT} at (2,140) size 255x32 [bgcolor=#FFFFFF] [border: (2px inset #000000)]
                    RenderBlock {DIV} at (238,2) size 15x28
                    RenderBlock {DIV} at (253,3) size 0x26
                  RenderBR {BR} at (259,163) size 0x0
                  RenderTextControl {INPUT} at (2,176) size 255x32 [bgcolor=#FFFFFF] [border: (2px inset #000000)]
                    RenderBlock {DIV} at (211,2) size 27x27
                    RenderBlock {DIV} at (238,2) size 15x28
                    RenderBlock {DIV} at (253,3) size 0x26
                  RenderBR {BR} at (259,199) size 0x0
                  RenderTextControl {INPUT} at (2,212) size 258x33 [bgcolor=#FFFFFF] [border: (2px inset #000000)]
                    RenderBlock {DIV} at (241,2) size 15x29
                    RenderBlock {DIV} at (256,3) size 0x27
                  RenderBR {BR} at (262,236) size 0x0
                  RenderTextControl {INPUT} at (2,249) size 258x33 [bgcolor=#FFFFFF] [border: (2px inset #000000)]
                    RenderBlock {DIV} at (213,2) size 28x28
                    RenderBlock {DIV} at (241,2) size 15x29
                    RenderBlock {DIV} at (256,3) size 0x27
                  RenderBR {BR} at (262,273) size 0x0
layer at (13,50) size 85x10 scrollWidth 136
  RenderBlock {DIV} at (2,3) size 85x10
    RenderText {#text} at (1,0) size 134x10
      text run at (1,0) width 134: "12,345,678,901,234,600,000,000,000,000"
layer at (13,66) size 75x10 scrollWidth 136
  RenderBlock {DIV} at (2,3) size 75x10
    RenderText {#text} at (1,0) size 134x10
      text run at (1,0) width 134: "12,345,678,901,234,600,000,000,000,000"
layer at (13,82) size 87x12 scrollWidth 174
  RenderBlock {DIV} at (2,3) size 87x12
    RenderText {#text} at (1,0) size 172x12
      text run at (1,0) width 172: "12,345,678,901,234,600,000,000,000,000"
layer at (13,100) size 76x12 scrollWidth 174
  RenderBlock {DIV} at (2,3) size 76x12
    RenderText {#text} at (1,0) size 172x12
      text run at (1,0) width 172: "12,345,678,901,234,600,000,000,000,000"
layer at (13,118) size 90x13 scrollWidth 203
  RenderBlock {DIV} at (2,3) size 90x13
    RenderText {#text} at (1,0) size 201x13
      text run at (1,0) width 201: "12,345,678,901,234,600,000,000,000,000"
layer at (13,137) size 78x13 scrollWidth 203
  RenderBlock {DIV} at (2,3) size 78x13
    RenderText {#text} at (1,0) size 201x13
      text run at (1,0) width 201: "12,345,678,901,234,600,000,000,000,000"
layer at (15,158) size 112x14 scrollWidth 203
  RenderBlock {DIV} at (2,3) size 112x14
    RenderText {#text} at (1,0) size 201x14
      text run at (1,0) width 201: "12,345,678,901,234,600,000,000,000,000"
layer at (15,182) size 98x14 scrollWidth 203
  RenderBlock {DIV} at (2,3) size 98x14
    RenderText {#text} at (1,0) size 201x14
      text run at (1,0) width 201: "12,345,678,901,234,600,000,000,000,000"
layer at (15,206) size 114x15 scrollWidth 232
  RenderBlock {DIV} at (2,3) size 114x15
    RenderText {#text} at (1,0) size 230x15
      text run at (1,0) width 230: "12,345,678,901,234,600,000,000,000,000"
layer at (15,231) size 99x15 scrollWidth 232
  RenderBlock {DIV} at (2,3) size 99x15
    RenderText {#text} at (1,0) size 230x15
      text run at (1,0) width 230: "12,345,678,901,234,600,000,000,000,000"
layer at (15,256) size 136x16 scrollWidth 241
  RenderBlock {DIV} at (2,3) size 136x16
    RenderText {#text} at (1,0) size 239x16
      text run at (1,0) width 239: "12,345,678,901,234,600,000,000,000,000"
layer at (15,282) size 120x16 scrollWidth 241
  RenderBlock {DIV} at (2,3) size 120x16
    RenderText {#text} at (1,0) size 239x16
      text run at (1,0) width 239: "12,345,678,901,234,600,000,000,000,000"
layer at (15,308) size 139x16 scrollWidth 270
  RenderBlock {DIV} at (2,3) size 139x16
    RenderText {#text} at (1,0) size 268x16
      text run at (1,0) width 268: "12,345,678,901,234,600,000,000,000,000"
layer at (15,334) size 122x16 scrollWidth 270
  RenderBlock {DIV} at (2,3) size 122x16
    RenderText {#text} at (1,0) size 268x16
      text run at (1,0) width 268: "12,345,678,901,234,600,000,000,000,000"
layer at (181,55) size 160x17 scrollWidth 270
  RenderBlock {DIV} at (2,3) size 160x17
    RenderText {#text} at (1,0) size 268x17
      text run at (1,0) width 268: "12,345,678,901,234,600,000,000,000,000"
layer at (181,82) size 142x17 scrollWidth 270
  RenderBlock {DIV} at (2,3) size 142x17
    RenderText {#text} at (1,0) size 268x17
      text run at (1,0) width 268: "12,345,678,901,234,600,000,000,000,000"
layer at (181,109) size 163x19 scrollWidth 299
  RenderBlock {DIV} at (2,3) size 163x19
    RenderText {#text} at (1,0) size 297x18
      text run at (1,0) width 297: "12,345,678,901,234,600,000,000,000,000"
layer at (181,138) size 143x19 scrollWidth 299
  RenderBlock {DIV} at (2,3) size 143x19
    RenderText {#text} at (1,0) size 297x18
      text run at (1,0) width 297: "12,345,678,901,234,600,000,000,000,000"
layer at (181,167) size 185x20 scrollWidth 308
  RenderBlock {DIV} at (2,3) size 185x20
    RenderText {#text} at (1,0) size 306x19
      text run at (1,0) width 306: "12,345,678,901,234,600,000,000,000,000"
layer at (181,197) size 164x20 scrollWidth 308
  RenderBlock {DIV} at (2,3) size 164x20
    RenderText {#text} at (1,0) size 306x19
      text run at (1,0) width 306: "12,345,678,901,234,600,000,000,000,000"
layer at (181,227) size 187x22 scrollWidth 337
  RenderBlock {DIV} at (2,3) size 187x22
    RenderText {#text} at (1,0) size 335x21
      text run at (1,0) width 335: "12,345,678,901,234,600,000,000,000,000"
layer at (181,259) size 165x22 scrollWidth 337
  RenderBlock {DIV} at (2,3) size 165x22
    RenderText {#text} at (1,0) size 335x21
      text run at (1,0) width 335: "12,345,678,901,234,600,000,000,000,000"
layer at (181,291) size 190x23 scrollWidth 366
  RenderBlock {DIV} at (2,3) size 190x23
    RenderText {#text} at (1,0) size 364x22
      text run at (1,0) width 364: "12,345,678,901,234,600,000,000,000,000"
layer at (181,324) size 167x23 scrollWidth 366
  RenderBlock {DIV} at (2,3) size 167x23
    RenderText {#text} at (1,0) size 364x22
      text run at (1,0) width 364: "12,345,678,901,234,600,000,000,000,000"
layer at (398,64) size 212x24 scrollWidth 375
  RenderBlock {DIV} at (2,3) size 212x24
    RenderText {#text} at (1,0) size 373x23
      text run at (1,0) width 373: "12,345,678,901,234,600,000,000,000,000"
layer at (398,98) size 187x24 scrollWidth 375
  RenderBlock {DIV} at (2,3) size 187x24
    RenderText {#text} at (1,0) size 373x23
      text run at (1,0) width 373: "12,345,678,901,234,600,000,000,000,000"
layer at (398,132) size 215x25 scrollWidth 404
  RenderBlock {DIV} at (2,3) size 215x25
    RenderText {#text} at (1,0) size 402x24
      text run at (1,0) width 402: "12,345,678,901,234,600,000,000,000,000"
layer at (398,167) size 189x25 scrollWidth 404
  RenderBlock {DIV} at (2,3) size 189x25
    RenderText {#text} at (1,0) size 402x24
      text run at (1,0) width 402: "12,345,678,901,234,600,000,000,000,000"
layer at (398,202) size 236x26 scrollWidth 404
  RenderBlock {DIV} at (2,3) size 236x26
    RenderText {#text} at (1,0) size 402x25
      text run at (1,0) width 402: "12,345,678,901,234,600,000,000,000,000"
layer at (398,238) size 209x26 scrollWidth 404
  RenderBlock {DIV} at (2,3) size 209x26
    RenderText {#text} at (1,0) size 402x25
      text run at (1,0) width 402: "12,345,678,901,234,600,000,000,000,000"
layer at (398,274) size 239x27 scrollWidth 433
  RenderBlock {DIV} at (2,3) size 239x27
    RenderText {#text} at (1,0) size 431x26
      text run at (1,0) width 431: "12,345,678,901,234,600,000,000,000,000"
layer at (398,311) size 211x27 scrollWidth 433
  RenderBlock {DIV} at (2,3) size 211x27
    RenderText {#text} at (1,0) size 431x26
      text run at (1,0) width 431: "12,345,678,901,234,600,000,000,000,000"
