layer at (0,0) size 785x1478
  RenderView at (0,0) size 785x600
layer at (0,0) size 785x1478
  RenderBlock {HTML} at (0,0) size 785x1478
    RenderBody {BODY} at (8,8) size 769x1462
      RenderTable {TABLE} at (0,0) size 612x352 [border: (1px outset #808080)]
        RenderTableSection {TBODY} at (1,1) size 610x350
          RenderTableRow {TR} at (0,2) size 610x30
            RenderTableCell {TH} at (2,2) size 606x30 [border: (1px inset #808080)] [r=0 c=0 rs=1 cs=6]
              RenderText {#text} at (227,6) size 152x18
                text run at (227,6) width 152: "text-align not specified"
          RenderTableRow {TR} at (0,34) size 610x30
            RenderTableCell {TH} at (2,50) size 102x30 [border: (1px inset #808080)] [r=1 c=0 rs=2 cs=2]
              RenderText {#text} at (49,6) size 4x18
                text run at (49,6) width 4: " "
            RenderTableCell {TH} at (106,34) size 502x30 [border: (1px inset #808080)] [r=1 c=2 rs=1 cs=4]
              RenderText {#text} at (177,6) size 148x18
                text run at (177,6) width 148: "-webkit-writing-mode"
          RenderTableRow {TR} at (0,66) size 610x30
            RenderTableCell {TH} at (106,66) size 124x30 [border: (1px inset #808080)] [r=2 c=2 rs=1 cs=1]
              RenderText {#text} at (18,6) size 88x18
                text run at (18,6) width 88: "horizontal-tb"
            RenderTableCell {TH} at (232,66) size 124x30 [border: (1px inset #808080)] [r=2 c=3 rs=1 cs=1]
              RenderText {#text} at (18,6) size 88x18
                text run at (18,6) width 88: "horizontal-bt"
            RenderTableCell {TH} at (358,66) size 124x30 [border: (1px inset #808080)] [r=2 c=4 rs=1 cs=1]
              RenderText {#text} at (29,6) size 66x18
                text run at (29,6) width 66: "vertical-lr"
            RenderTableCell {TH} at (484,66) size 124x30 [border: (1px inset #808080)] [r=2 c=5 rs=1 cs=1]
              RenderText {#text} at (29,6) size 66x18
                text run at (29,6) width 66: "vertical-rl"
          RenderTableRow {TR} at (0,98) size 610x124
            RenderTableCell {TH} at (2,208) size 72x30 [border: (1px inset #808080)] [r=3 c=0 rs=4 cs=1]
              RenderText {#text} at (6,6) size 60x18
                text run at (6,6) width 60: "direction"
            RenderTableCell {TH} at (76,145) size 28x30 [border: (1px inset #808080)] [r=3 c=1 rs=1 cs=1]
              RenderText {#text} at (6,6) size 16x18
                text run at (6,6) width 16: "ltr"
            RenderTableCell {TD} at (106,98) size 124x124 [border: (1px solid #000000)] [r=3 c=2 rs=1 cs=1]
              RenderBlock {DIV} at (2,2) size 120x120
                RenderDetails {DETAILS} at (0,0) size 120x18
                  RenderBlock (anonymous) at (0,0) size 120x18
                    RenderSummary {SUMMARY} at (0,0) size 120x18
                      RenderDetailsMarker at (0,0) size 9x18: right
                      RenderText {#text} at (15,0) size 58x18
                        text run at (15,0) width 58: "summary"
                  RenderBlock (anonymous) at (0,18) size 120x0
                RenderDetails {DETAILS} at (0,18) size 120x18
                  RenderBlock (anonymous) at (0,0) size 120x18
                    RenderSummary {SUMMARY} at (0,0) size 120x18
                      RenderDetailsMarker at (0,0) size 9x18: down
                      RenderText {#text} at (15,0) size 58x18
                        text run at (15,0) width 58: "summary"
                  RenderBlock (anonymous) at (0,18) size 120x0
            RenderTableCell {TD} at (232,98) size 124x124 [border: (1px solid #000000)] [r=3 c=3 rs=1 cs=1]
              RenderBlock {DIV} at (2,2) size 120x120
                RenderDetails {DETAILS} at (0,0) size 120x18
                  RenderBlock (anonymous) at (0,0) size 120x18
                    RenderSummary {SUMMARY} at (0,0) size 120x18
                      RenderDetailsMarker at (0,0) size 9x18: right
                      RenderText {#text} at (15,0) size 58x18
                        text run at (15,0) width 58: "summary"
                  RenderBlock (anonymous) at (0,18) size 120x0
                RenderDetails {DETAILS} at (0,18) size 120x18
                  RenderBlock (anonymous) at (0,0) size 120x18
                    RenderSummary {SUMMARY} at (0,0) size 120x18
                      RenderDetailsMarker at (0,0) size 9x18: up
                      RenderText {#text} at (15,0) size 58x18
                        text run at (15,0) width 58: "summary"
                  RenderBlock (anonymous) at (0,18) size 120x0
            RenderTableCell {TD} at (358,98) size 124x124 [border: (1px solid #000000)] [r=3 c=4 rs=1 cs=1]
              RenderBlock {DIV} at (2,2) size 120x120
                RenderDetails {DETAILS} at (0,0) size 18x120
                  RenderBlock (anonymous) at (0,0) size 18x120
                    RenderSummary {SUMMARY} at (0,0) size 18x120
                      RenderDetailsMarker at (0,0) size 18x9: down
                      RenderText {#text} at (0,15) size 18x58
                        text run at (0,15) width 58: "summary"
                  RenderBlock (anonymous) at (18,0) size 0x120
                RenderDetails {DETAILS} at (18,0) size 18x120
                  RenderBlock (anonymous) at (0,0) size 18x120
                    RenderSummary {SUMMARY} at (0,0) size 18x120
                      RenderDetailsMarker at (0,0) size 18x9: right
                      RenderText {#text} at (0,15) size 18x58
                        text run at (0,15) width 58: "summary"
                  RenderBlock (anonymous) at (18,0) size 0x120
            RenderTableCell {TD} at (484,98) size 124x124 [border: (1px solid #000000)] [r=3 c=5 rs=1 cs=1]
              RenderBlock {DIV} at (2,2) size 120x120
                RenderDetails {DETAILS} at (0,0) size 18x120
                  RenderBlock (anonymous) at (0,0) size 18x120
                    RenderSummary {SUMMARY} at (0,0) size 18x120
                      RenderDetailsMarker at (0,0) size 18x9: down
                      RenderText {#text} at (0,15) size 18x58
                        text run at (0,15) width 58: "summary"
                  RenderBlock (anonymous) at (18,0) size 0x120
                RenderDetails {DETAILS} at (18,0) size 18x120
                  RenderBlock (anonymous) at (0,0) size 18x120
                    RenderSummary {SUMMARY} at (0,0) size 18x120
                      RenderDetailsMarker at (0,0) size 18x9: left
                      RenderText {#text} at (0,15) size 18x58
                        text run at (0,15) width 58: "summary"
                  RenderBlock (anonymous) at (18,0) size 0x120
          RenderTableRow {TR} at (0,224) size 610x124
            RenderTableCell {TH} at (76,271) size 28x30 [border: (1px inset #808080)] [r=4 c=1 rs=1 cs=1]
              RenderText {#text} at (6,6) size 16x18
                text run at (6,6) width 16: "rtl"
            RenderTableCell {TD} at (106,224) size 124x124 [border: (1px solid #000000)] [r=4 c=2 rs=1 cs=1]
              RenderBlock {DIV} at (2,2) size 120x120
                RenderDetails {DETAILS} at (0,0) size 120x18
                  RenderBlock (anonymous) at (0,0) size 120x18
                    RenderSummary {SUMMARY} at (0,0) size 120x18
                      RenderDetailsMarker at (111,0) size 9x18: left
                      RenderText {#text} at (47,0) size 58x18
                        text run at (47,0) width 58: "summary"
                  RenderBlock (anonymous) at (0,18) size 120x0
                RenderDetails {DETAILS} at (0,18) size 120x18
                  RenderBlock (anonymous) at (0,0) size 120x18
                    RenderSummary {SUMMARY} at (0,0) size 120x18
                      RenderDetailsMarker at (111,0) size 9x18: down
                      RenderText {#text} at (47,0) size 58x18
                        text run at (47,0) width 58: "summary"
                  RenderBlock (anonymous) at (0,18) size 120x0
            RenderTableCell {TD} at (232,224) size 124x124 [border: (1px solid #000000)] [r=4 c=3 rs=1 cs=1]
              RenderBlock {DIV} at (2,2) size 120x120
                RenderDetails {DETAILS} at (0,0) size 120x18
                  RenderBlock (anonymous) at (0,0) size 120x18
                    RenderSummary {SUMMARY} at (0,0) size 120x18
                      RenderDetailsMarker at (111,0) size 9x18: left
                      RenderText {#text} at (47,0) size 58x18
                        text run at (47,0) width 58: "summary"
                  RenderBlock (anonymous) at (0,18) size 120x0
                RenderDetails {DETAILS} at (0,18) size 120x18
                  RenderBlock (anonymous) at (0,0) size 120x18
                    RenderSummary {SUMMARY} at (0,0) size 120x18
                      RenderDetailsMarker at (111,0) size 9x18: up
                      RenderText {#text} at (47,0) size 58x18
                        text run at (47,0) width 58: "summary"
                  RenderBlock (anonymous) at (0,18) size 120x0
            RenderTableCell {TD} at (358,224) size 124x124 [border: (1px solid #000000)] [r=4 c=4 rs=1 cs=1]
              RenderBlock {DIV} at (2,2) size 120x120
                RenderDetails {DETAILS} at (0,0) size 18x120
                  RenderBlock (anonymous) at (0,0) size 18x120
                    RenderSummary {SUMMARY} at (0,0) size 18x120
                      RenderDetailsMarker at (0,111) size 18x9: up
                      RenderText {#text} at (0,47) size 18x58
                        text run at (0,47) width 58: "summary"
                  RenderBlock (anonymous) at (18,0) size 0x120
                RenderDetails {DETAILS} at (18,0) size 18x120
                  RenderBlock (anonymous) at (0,0) size 18x120
                    RenderSummary {SUMMARY} at (0,0) size 18x120
                      RenderDetailsMarker at (0,111) size 18x9: right
                      RenderText {#text} at (0,47) size 18x58
                        text run at (0,47) width 58: "summary"
                  RenderBlock (anonymous) at (18,0) size 0x120
            RenderTableCell {TD} at (484,224) size 124x124 [border: (1px solid #000000)] [r=4 c=5 rs=1 cs=1]
              RenderBlock {DIV} at (2,2) size 120x120
                RenderDetails {DETAILS} at (0,0) size 18x120
                  RenderBlock (anonymous) at (0,0) size 18x120
                    RenderSummary {SUMMARY} at (0,0) size 18x120
                      RenderDetailsMarker at (0,111) size 18x9: up
                      RenderText {#text} at (0,47) size 18x58
                        text run at (0,47) width 58: "summary"
                  RenderBlock (anonymous) at (18,0) size 0x120
                RenderDetails {DETAILS} at (18,0) size 18x120
                  RenderBlock (anonymous) at (0,0) size 18x120
                    RenderSummary {SUMMARY} at (0,0) size 18x120
                      RenderDetailsMarker at (0,111) size 18x9: left
                      RenderText {#text} at (0,47) size 18x58
                        text run at (0,47) width 58: "summary"
                  RenderBlock (anonymous) at (18,0) size 0x120
      RenderBlock (anonymous) at (0,352) size 769x18
        RenderBR {BR} at (0,0) size 0x18
      RenderTable {TABLE} at (0,370) size 612x352 [border: (1px outset #808080)]
        RenderTableSection {TBODY} at (1,1) size 610x350
          RenderTableRow {TR} at (0,2) size 610x30
            RenderTableCell {TH} at (2,2) size 606x30 [border: (1px inset #808080)] [r=0 c=0 rs=1 cs=6]
              RenderText {#text} at (256,6) size 94x18
                text run at (256,6) width 94: "text-align: left"
          RenderTableRow {TR} at (0,34) size 610x30
            RenderTableCell {TH} at (2,50) size 102x30 [border: (1px inset #808080)] [r=1 c=0 rs=2 cs=2]
              RenderText {#text} at (49,6) size 4x18
                text run at (49,6) width 4: " "
            RenderTableCell {TH} at (106,34) size 502x30 [border: (1px inset #808080)] [r=1 c=2 rs=1 cs=4]
              RenderText {#text} at (177,6) size 148x18
                text run at (177,6) width 148: "-webkit-writing-mode"
          RenderTableRow {TR} at (0,66) size 610x30
            RenderTableCell {TH} at (106,66) size 124x30 [border: (1px inset #808080)] [r=2 c=2 rs=1 cs=1]
              RenderText {#text} at (18,6) size 88x18
                text run at (18,6) width 88: "horizontal-tb"
            RenderTableCell {TH} at (232,66) size 124x30 [border: (1px inset #808080)] [r=2 c=3 rs=1 cs=1]
              RenderText {#text} at (18,6) size 88x18
                text run at (18,6) width 88: "horizontal-bt"
            RenderTableCell {TH} at (358,66) size 124x30 [border: (1px inset #808080)] [r=2 c=4 rs=1 cs=1]
              RenderText {#text} at (29,6) size 66x18
                text run at (29,6) width 66: "vertical-lr"
            RenderTableCell {TH} at (484,66) size 124x30 [border: (1px inset #808080)] [r=2 c=5 rs=1 cs=1]
              RenderText {#text} at (29,6) size 66x18
                text run at (29,6) width 66: "vertical-rl"
          RenderTableRow {TR} at (0,98) size 610x124
            RenderTableCell {TH} at (2,208) size 72x30 [border: (1px inset #808080)] [r=3 c=0 rs=4 cs=1]
              RenderText {#text} at (6,6) size 60x18
                text run at (6,6) width 60: "direction"
            RenderTableCell {TH} at (76,145) size 28x30 [border: (1px inset #808080)] [r=3 c=1 rs=1 cs=1]
              RenderText {#text} at (6,6) size 16x18
                text run at (6,6) width 16: "ltr"
            RenderTableCell {TD} at (106,98) size 124x124 [border: (1px solid #000000)] [r=3 c=2 rs=1 cs=1]
              RenderBlock {DIV} at (2,2) size 120x120
                RenderDetails {DETAILS} at (0,0) size 120x18
                  RenderBlock (anonymous) at (0,0) size 120x18
                    RenderSummary {SUMMARY} at (0,0) size 120x18
                      RenderDetailsMarker at (0,0) size 9x18: right
                      RenderText {#text} at (15,0) size 58x18
                        text run at (15,0) width 58: "summary"
                  RenderBlock (anonymous) at (0,18) size 120x0
                RenderDetails {DETAILS} at (0,18) size 120x18
                  RenderBlock (anonymous) at (0,0) size 120x18
                    RenderSummary {SUMMARY} at (0,0) size 120x18
                      RenderDetailsMarker at (0,0) size 9x18: down
                      RenderText {#text} at (15,0) size 58x18
                        text run at (15,0) width 58: "summary"
                  RenderBlock (anonymous) at (0,18) size 120x0
            RenderTableCell {TD} at (232,98) size 124x124 [border: (1px solid #000000)] [r=3 c=3 rs=1 cs=1]
              RenderBlock {DIV} at (2,2) size 120x120
                RenderDetails {DETAILS} at (0,0) size 120x18
                  RenderBlock (anonymous) at (0,0) size 120x18
                    RenderSummary {SUMMARY} at (0,0) size 120x18
                      RenderDetailsMarker at (0,0) size 9x18: right
                      RenderText {#text} at (15,0) size 58x18
                        text run at (15,0) width 58: "summary"
                  RenderBlock (anonymous) at (0,18) size 120x0
                RenderDetails {DETAILS} at (0,18) size 120x18
                  RenderBlock (anonymous) at (0,0) size 120x18
                    RenderSummary {SUMMARY} at (0,0) size 120x18
                      RenderDetailsMarker at (0,0) size 9x18: up
                      RenderText {#text} at (15,0) size 58x18
                        text run at (15,0) width 58: "summary"
                  RenderBlock (anonymous) at (0,18) size 120x0
            RenderTableCell {TD} at (358,98) size 124x124 [border: (1px solid #000000)] [r=3 c=4 rs=1 cs=1]
              RenderBlock {DIV} at (2,2) size 120x120
                RenderDetails {DETAILS} at (0,0) size 18x120
                  RenderBlock (anonymous) at (0,0) size 18x120
                    RenderSummary {SUMMARY} at (0,0) size 18x120
                      RenderDetailsMarker at (0,0) size 18x9: down
                      RenderText {#text} at (0,15) size 18x58
                        text run at (0,15) width 58: "summary"
                  RenderBlock (anonymous) at (18,0) size 0x120
                RenderDetails {DETAILS} at (18,0) size 18x120
                  RenderBlock (anonymous) at (0,0) size 18x120
                    RenderSummary {SUMMARY} at (0,0) size 18x120
                      RenderDetailsMarker at (0,0) size 18x9: right
                      RenderText {#text} at (0,15) size 18x58
                        text run at (0,15) width 58: "summary"
                  RenderBlock (anonymous) at (18,0) size 0x120
            RenderTableCell {TD} at (484,98) size 124x124 [border: (1px solid #000000)] [r=3 c=5 rs=1 cs=1]
              RenderBlock {DIV} at (2,2) size 120x120
                RenderDetails {DETAILS} at (0,0) size 18x120
                  RenderBlock (anonymous) at (0,0) size 18x120
                    RenderSummary {SUMMARY} at (0,0) size 18x120
                      RenderDetailsMarker at (0,0) size 18x9: down
                      RenderText {#text} at (0,15) size 18x58
                        text run at (0,15) width 58: "summary"
                  RenderBlock (anonymous) at (18,0) size 0x120
                RenderDetails {DETAILS} at (18,0) size 18x120
                  RenderBlock (anonymous) at (0,0) size 18x120
                    RenderSummary {SUMMARY} at (0,0) size 18x120
                      RenderDetailsMarker at (0,0) size 18x9: left
                      RenderText {#text} at (0,15) size 18x58
                        text run at (0,15) width 58: "summary"
                  RenderBlock (anonymous) at (18,0) size 0x120
          RenderTableRow {TR} at (0,224) size 610x124
            RenderTableCell {TH} at (76,271) size 28x30 [border: (1px inset #808080)] [r=4 c=1 rs=1 cs=1]
              RenderText {#text} at (6,6) size 16x18
                text run at (6,6) width 16: "rtl"
            RenderTableCell {TD} at (106,224) size 124x124 [border: (1px solid #000000)] [r=4 c=2 rs=1 cs=1]
              RenderBlock {DIV} at (2,2) size 120x120
                RenderDetails {DETAILS} at (0,0) size 120x18
                  RenderBlock (anonymous) at (0,0) size 120x18
                    RenderSummary {SUMMARY} at (0,0) size 120x18
                      RenderDetailsMarker at (64,0) size 9x18: left
                      RenderText {#text} at (0,0) size 58x18
                        text run at (0,0) width 58: "summary"
                  RenderBlock (anonymous) at (0,18) size 120x0
                RenderDetails {DETAILS} at (0,18) size 120x18
                  RenderBlock (anonymous) at (0,0) size 120x18
                    RenderSummary {SUMMARY} at (0,0) size 120x18
                      RenderDetailsMarker at (64,0) size 9x18: down
                      RenderText {#text} at (0,0) size 58x18
                        text run at (0,0) width 58: "summary"
                  RenderBlock (anonymous) at (0,18) size 120x0
            RenderTableCell {TD} at (232,224) size 124x124 [border: (1px solid #000000)] [r=4 c=3 rs=1 cs=1]
              RenderBlock {DIV} at (2,2) size 120x120
                RenderDetails {DETAILS} at (0,0) size 120x18
                  RenderBlock (anonymous) at (0,0) size 120x18
                    RenderSummary {SUMMARY} at (0,0) size 120x18
                      RenderDetailsMarker at (64,0) size 9x18: left
                      RenderText {#text} at (0,0) size 58x18
                        text run at (0,0) width 58: "summary"
                  RenderBlock (anonymous) at (0,18) size 120x0
                RenderDetails {DETAILS} at (0,18) size 120x18
                  RenderBlock (anonymous) at (0,0) size 120x18
                    RenderSummary {SUMMARY} at (0,0) size 120x18
                      RenderDetailsMarker at (64,0) size 9x18: up
                      RenderText {#text} at (0,0) size 58x18
                        text run at (0,0) width 58: "summary"
                  RenderBlock (anonymous) at (0,18) size 120x0
            RenderTableCell {TD} at (358,224) size 124x124 [border: (1px solid #000000)] [r=4 c=4 rs=1 cs=1]
              RenderBlock {DIV} at (2,2) size 120x120
                RenderDetails {DETAILS} at (0,0) size 18x120
                  RenderBlock (anonymous) at (0,0) size 18x120
                    RenderSummary {SUMMARY} at (0,0) size 18x120
                      RenderDetailsMarker at (0,64) size 18x9: up
                      RenderText {#text} at (0,0) size 18x58
                        text run at (0,0) width 58: "summary"
                  RenderBlock (anonymous) at (18,0) size 0x120
                RenderDetails {DETAILS} at (18,0) size 18x120
                  RenderBlock (anonymous) at (0,0) size 18x120
                    RenderSummary {SUMMARY} at (0,0) size 18x120
                      RenderDetailsMarker at (0,64) size 18x9: right
                      RenderText {#text} at (0,0) size 18x58
                        text run at (0,0) width 58: "summary"
                  RenderBlock (anonymous) at (18,0) size 0x120
            RenderTableCell {TD} at (484,224) size 124x124 [border: (1px solid #000000)] [r=4 c=5 rs=1 cs=1]
              RenderBlock {DIV} at (2,2) size 120x120
                RenderDetails {DETAILS} at (0,0) size 18x120
                  RenderBlock (anonymous) at (0,0) size 18x120
                    RenderSummary {SUMMARY} at (0,0) size 18x120
                      RenderDetailsMarker at (0,64) size 18x9: up
                      RenderText {#text} at (0,0) size 18x58
                        text run at (0,0) width 58: "summary"
                  RenderBlock (anonymous) at (18,0) size 0x120
                RenderDetails {DETAILS} at (18,0) size 18x120
                  RenderBlock (anonymous) at (0,0) size 18x120
                    RenderSummary {SUMMARY} at (0,0) size 18x120
                      RenderDetailsMarker at (0,64) size 18x9: left
                      RenderText {#text} at (0,0) size 18x58
                        text run at (0,0) width 58: "summary"
                  RenderBlock (anonymous) at (18,0) size 0x120
      RenderBlock (anonymous) at (0,722) size 769x18
        RenderBR {BR} at (0,0) size 0x18
      RenderTable {TABLE} at (0,740) size 612x352 [border: (1px outset #808080)]
        RenderTableSection {TBODY} at (1,1) size 610x350
          RenderTableRow {TR} at (0,2) size 610x30
            RenderTableCell {TH} at (2,2) size 606x30 [border: (1px inset #808080)] [r=0 c=0 rs=1 cs=6]
              RenderText {#text} at (246,6) size 114x18
                text run at (246,6) width 114: "text-align: center"
          RenderTableRow {TR} at (0,34) size 610x30
            RenderTableCell {TH} at (2,50) size 102x30 [border: (1px inset #808080)] [r=1 c=0 rs=2 cs=2]
              RenderText {#text} at (49,6) size 4x18
                text run at (49,6) width 4: " "
            RenderTableCell {TH} at (106,34) size 502x30 [border: (1px inset #808080)] [r=1 c=2 rs=1 cs=4]
              RenderText {#text} at (177,6) size 148x18
                text run at (177,6) width 148: "-webkit-writing-mode"
          RenderTableRow {TR} at (0,66) size 610x30
            RenderTableCell {TH} at (106,66) size 124x30 [border: (1px inset #808080)] [r=2 c=2 rs=1 cs=1]
              RenderText {#text} at (18,6) size 88x18
                text run at (18,6) width 88: "horizontal-tb"
            RenderTableCell {TH} at (232,66) size 124x30 [border: (1px inset #808080)] [r=2 c=3 rs=1 cs=1]
              RenderText {#text} at (18,6) size 88x18
                text run at (18,6) width 88: "horizontal-bt"
            RenderTableCell {TH} at (358,66) size 124x30 [border: (1px inset #808080)] [r=2 c=4 rs=1 cs=1]
              RenderText {#text} at (29,6) size 66x18
                text run at (29,6) width 66: "vertical-lr"
            RenderTableCell {TH} at (484,66) size 124x30 [border: (1px inset #808080)] [r=2 c=5 rs=1 cs=1]
              RenderText {#text} at (29,6) size 66x18
                text run at (29,6) width 66: "vertical-rl"
          RenderTableRow {TR} at (0,98) size 610x124
            RenderTableCell {TH} at (2,208) size 72x30 [border: (1px inset #808080)] [r=3 c=0 rs=4 cs=1]
              RenderText {#text} at (6,6) size 60x18
                text run at (6,6) width 60: "direction"
            RenderTableCell {TH} at (76,145) size 28x30 [border: (1px inset #808080)] [r=3 c=1 rs=1 cs=1]
              RenderText {#text} at (6,6) size 16x18
                text run at (6,6) width 16: "ltr"
            RenderTableCell {TD} at (106,98) size 124x124 [border: (1px solid #000000)] [r=3 c=2 rs=1 cs=1]
              RenderBlock {DIV} at (2,2) size 120x120
                RenderDetails {DETAILS} at (0,0) size 120x18
                  RenderBlock (anonymous) at (0,0) size 120x18
                    RenderSummary {SUMMARY} at (0,0) size 120x18
                      RenderDetailsMarker at (24,0) size 9x18: right
                      RenderText {#text} at (38,0) size 59x18
                        text run at (38,0) width 59: "summary"
                  RenderBlock (anonymous) at (0,18) size 120x0
                RenderDetails {DETAILS} at (0,18) size 120x18
                  RenderBlock (anonymous) at (0,0) size 120x18
                    RenderSummary {SUMMARY} at (0,0) size 120x18
                      RenderDetailsMarker at (24,0) size 9x18: down
                      RenderText {#text} at (38,0) size 59x18
                        text run at (38,0) width 59: "summary"
                  RenderBlock (anonymous) at (0,18) size 120x0
            RenderTableCell {TD} at (232,98) size 124x124 [border: (1px solid #000000)] [r=3 c=3 rs=1 cs=1]
              RenderBlock {DIV} at (2,2) size 120x120
                RenderDetails {DETAILS} at (0,0) size 120x18
                  RenderBlock (anonymous) at (0,0) size 120x18
                    RenderSummary {SUMMARY} at (0,0) size 120x18
                      RenderDetailsMarker at (24,0) size 9x18: right
                      RenderText {#text} at (38,0) size 59x18
                        text run at (38,0) width 59: "summary"
                  RenderBlock (anonymous) at (0,18) size 120x0
                RenderDetails {DETAILS} at (0,18) size 120x18
                  RenderBlock (anonymous) at (0,0) size 120x18
                    RenderSummary {SUMMARY} at (0,0) size 120x18
                      RenderDetailsMarker at (24,0) size 9x18: up
                      RenderText {#text} at (38,0) size 59x18
                        text run at (38,0) width 59: "summary"
                  RenderBlock (anonymous) at (0,18) size 120x0
            RenderTableCell {TD} at (358,98) size 124x124 [border: (1px solid #000000)] [r=3 c=4 rs=1 cs=1]
              RenderBlock {DIV} at (2,2) size 120x120
                RenderDetails {DETAILS} at (0,0) size 18x120
                  RenderBlock (anonymous) at (0,0) size 18x120
                    RenderSummary {SUMMARY} at (0,0) size 18x120
                      RenderDetailsMarker at (0,24) size 18x9: down
                      RenderText {#text} at (0,38) size 18x59
                        text run at (0,38) width 58: "summary"
                  RenderBlock (anonymous) at (18,0) size 0x120
                RenderDetails {DETAILS} at (18,0) size 18x120
                  RenderBlock (anonymous) at (0,0) size 18x120
                    RenderSummary {SUMMARY} at (0,0) size 18x120
                      RenderDetailsMarker at (0,24) size 18x9: right
                      RenderText {#text} at (0,38) size 18x59
                        text run at (0,38) width 58: "summary"
                  RenderBlock (anonymous) at (18,0) size 0x120
            RenderTableCell {TD} at (484,98) size 124x124 [border: (1px solid #000000)] [r=3 c=5 rs=1 cs=1]
              RenderBlock {DIV} at (2,2) size 120x120
                RenderDetails {DETAILS} at (0,0) size 18x120
                  RenderBlock (anonymous) at (0,0) size 18x120
                    RenderSummary {SUMMARY} at (0,0) size 18x120
                      RenderDetailsMarker at (0,24) size 18x9: down
                      RenderText {#text} at (0,38) size 18x59
                        text run at (0,38) width 58: "summary"
                  RenderBlock (anonymous) at (18,0) size 0x120
                RenderDetails {DETAILS} at (18,0) size 18x120
                  RenderBlock (anonymous) at (0,0) size 18x120
                    RenderSummary {SUMMARY} at (0,0) size 18x120
                      RenderDetailsMarker at (0,24) size 18x9: left
                      RenderText {#text} at (0,38) size 18x59
                        text run at (0,38) width 58: "summary"
                  RenderBlock (anonymous) at (18,0) size 0x120
          RenderTableRow {TR} at (0,224) size 610x124
            RenderTableCell {TH} at (76,271) size 28x30 [border: (1px inset #808080)] [r=4 c=1 rs=1 cs=1]
              RenderText {#text} at (6,6) size 16x18
                text run at (6,6) width 16: "rtl"
            RenderTableCell {TD} at (106,224) size 124x124 [border: (1px solid #000000)] [r=4 c=2 rs=1 cs=1]
              RenderBlock {DIV} at (2,2) size 120x120
                RenderDetails {DETAILS} at (0,0) size 120x18
                  RenderBlock (anonymous) at (0,0) size 120x18
                    RenderSummary {SUMMARY} at (0,0) size 120x18
                      RenderDetailsMarker at (88,0) size 9x18: left
                      RenderText {#text} at (23,0) size 59x18
                        text run at (23,0) width 59: "summary"
                  RenderBlock (anonymous) at (0,18) size 120x0
                RenderDetails {DETAILS} at (0,18) size 120x18
                  RenderBlock (anonymous) at (0,0) size 120x18
                    RenderSummary {SUMMARY} at (0,0) size 120x18
                      RenderDetailsMarker at (88,0) size 9x18: down
                      RenderText {#text} at (23,0) size 59x18
                        text run at (23,0) width 59: "summary"
                  RenderBlock (anonymous) at (0,18) size 120x0
            RenderTableCell {TD} at (232,224) size 124x124 [border: (1px solid #000000)] [r=4 c=3 rs=1 cs=1]
              RenderBlock {DIV} at (2,2) size 120x120
                RenderDetails {DETAILS} at (0,0) size 120x18
                  RenderBlock (anonymous) at (0,0) size 120x18
                    RenderSummary {SUMMARY} at (0,0) size 120x18
                      RenderDetailsMarker at (88,0) size 9x18: left
                      RenderText {#text} at (23,0) size 59x18
                        text run at (23,0) width 59: "summary"
                  RenderBlock (anonymous) at (0,18) size 120x0
                RenderDetails {DETAILS} at (0,18) size 120x18
                  RenderBlock (anonymous) at (0,0) size 120x18
                    RenderSummary {SUMMARY} at (0,0) size 120x18
                      RenderDetailsMarker at (88,0) size 9x18: up
                      RenderText {#text} at (23,0) size 59x18
                        text run at (23,0) width 59: "summary"
                  RenderBlock (anonymous) at (0,18) size 120x0
            RenderTableCell {TD} at (358,224) size 124x124 [border: (1px solid #000000)] [r=4 c=4 rs=1 cs=1]
              RenderBlock {DIV} at (2,2) size 120x120
                RenderDetails {DETAILS} at (0,0) size 18x120
                  RenderBlock (anonymous) at (0,0) size 18x120
                    RenderSummary {SUMMARY} at (0,0) size 18x120
                      RenderDetailsMarker at (0,88) size 18x9: up
                      RenderText {#text} at (0,23) size 18x59
                        text run at (0,23) width 58: "summary"
                  RenderBlock (anonymous) at (18,0) size 0x120
                RenderDetails {DETAILS} at (18,0) size 18x120
                  RenderBlock (anonymous) at (0,0) size 18x120
                    RenderSummary {SUMMARY} at (0,0) size 18x120
                      RenderDetailsMarker at (0,88) size 18x9: right
                      RenderText {#text} at (0,23) size 18x59
                        text run at (0,23) width 58: "summary"
                  RenderBlock (anonymous) at (18,0) size 0x120
            RenderTableCell {TD} at (484,224) size 124x124 [border: (1px solid #000000)] [r=4 c=5 rs=1 cs=1]
              RenderBlock {DIV} at (2,2) size 120x120
                RenderDetails {DETAILS} at (0,0) size 18x120
                  RenderBlock (anonymous) at (0,0) size 18x120
                    RenderSummary {SUMMARY} at (0,0) size 18x120
                      RenderDetailsMarker at (0,88) size 18x9: up
                      RenderText {#text} at (0,23) size 18x59
                        text run at (0,23) width 58: "summary"
                  RenderBlock (anonymous) at (18,0) size 0x120
                RenderDetails {DETAILS} at (18,0) size 18x120
                  RenderBlock (anonymous) at (0,0) size 18x120
                    RenderSummary {SUMMARY} at (0,0) size 18x120
                      RenderDetailsMarker at (0,88) size 18x9: left
                      RenderText {#text} at (0,23) size 18x59
                        text run at (0,23) width 58: "summary"
                  RenderBlock (anonymous) at (18,0) size 0x120
      RenderBlock (anonymous) at (0,1092) size 769x18
        RenderBR {BR} at (0,0) size 0x18
      RenderTable {TABLE} at (0,1110) size 612x352 [border: (1px outset #808080)]
        RenderTableSection {TBODY} at (1,1) size 610x350
          RenderTableRow {TR} at (0,2) size 610x30
            RenderTableCell {TH} at (2,2) size 606x30 [border: (1px inset #808080)] [r=0 c=0 rs=1 cs=6]
              RenderText {#text} at (250,6) size 106x18
                text run at (250,6) width 106: "text-align: right"
          RenderTableRow {TR} at (0,34) size 610x30
            RenderTableCell {TH} at (2,50) size 102x30 [border: (1px inset #808080)] [r=1 c=0 rs=2 cs=2]
              RenderText {#text} at (49,6) size 4x18
                text run at (49,6) width 4: " "
            RenderTableCell {TH} at (106,34) size 502x30 [border: (1px inset #808080)] [r=1 c=2 rs=1 cs=4]
              RenderText {#text} at (177,6) size 148x18
                text run at (177,6) width 148: "-webkit-writing-mode"
          RenderTableRow {TR} at (0,66) size 610x30
            RenderTableCell {TH} at (106,66) size 124x30 [border: (1px inset #808080)] [r=2 c=2 rs=1 cs=1]
              RenderText {#text} at (18,6) size 88x18
                text run at (18,6) width 88: "horizontal-tb"
            RenderTableCell {TH} at (232,66) size 124x30 [border: (1px inset #808080)] [r=2 c=3 rs=1 cs=1]
              RenderText {#text} at (18,6) size 88x18
                text run at (18,6) width 88: "horizontal-bt"
            RenderTableCell {TH} at (358,66) size 124x30 [border: (1px inset #808080)] [r=2 c=4 rs=1 cs=1]
              RenderText {#text} at (29,6) size 66x18
                text run at (29,6) width 66: "vertical-lr"
            RenderTableCell {TH} at (484,66) size 124x30 [border: (1px inset #808080)] [r=2 c=5 rs=1 cs=1]
              RenderText {#text} at (29,6) size 66x18
                text run at (29,6) width 66: "vertical-rl"
          RenderTableRow {TR} at (0,98) size 610x124
            RenderTableCell {TH} at (2,208) size 72x30 [border: (1px inset #808080)] [r=3 c=0 rs=4 cs=1]
              RenderText {#text} at (6,6) size 60x18
                text run at (6,6) width 60: "direction"
            RenderTableCell {TH} at (76,145) size 28x30 [border: (1px inset #808080)] [r=3 c=1 rs=1 cs=1]
              RenderText {#text} at (6,6) size 16x18
                text run at (6,6) width 16: "ltr"
            RenderTableCell {TD} at (106,98) size 124x124 [border: (1px solid #000000)] [r=3 c=2 rs=1 cs=1]
              RenderBlock {DIV} at (2,2) size 120x120
                RenderDetails {DETAILS} at (0,0) size 120x18
                  RenderBlock (anonymous) at (0,0) size 120x18
                    RenderSummary {SUMMARY} at (0,0) size 120x18
                      RenderDetailsMarker at (47,0) size 9x18: right
                      RenderText {#text} at (62,0) size 58x18
                        text run at (62,0) width 58: "summary"
                  RenderBlock (anonymous) at (0,18) size 120x0
                RenderDetails {DETAILS} at (0,18) size 120x18
                  RenderBlock (anonymous) at (0,0) size 120x18
                    RenderSummary {SUMMARY} at (0,0) size 120x18
                      RenderDetailsMarker at (47,0) size 9x18: down
                      RenderText {#text} at (62,0) size 58x18
                        text run at (62,0) width 58: "summary"
                  RenderBlock (anonymous) at (0,18) size 120x0
            RenderTableCell {TD} at (232,98) size 124x124 [border: (1px solid #000000)] [r=3 c=3 rs=1 cs=1]
              RenderBlock {DIV} at (2,2) size 120x120
                RenderDetails {DETAILS} at (0,0) size 120x18
                  RenderBlock (anonymous) at (0,0) size 120x18
                    RenderSummary {SUMMARY} at (0,0) size 120x18
                      RenderDetailsMarker at (47,0) size 9x18: right
                      RenderText {#text} at (62,0) size 58x18
                        text run at (62,0) width 58: "summary"
                  RenderBlock (anonymous) at (0,18) size 120x0
                RenderDetails {DETAILS} at (0,18) size 120x18
                  RenderBlock (anonymous) at (0,0) size 120x18
                    RenderSummary {SUMMARY} at (0,0) size 120x18
                      RenderDetailsMarker at (47,0) size 9x18: up
                      RenderText {#text} at (62,0) size 58x18
                        text run at (62,0) width 58: "summary"
                  RenderBlock (anonymous) at (0,18) size 120x0
            RenderTableCell {TD} at (358,98) size 124x124 [border: (1px solid #000000)] [r=3 c=4 rs=1 cs=1]
              RenderBlock {DIV} at (2,2) size 120x120
                RenderDetails {DETAILS} at (0,0) size 18x120
                  RenderBlock (anonymous) at (0,0) size 18x120
                    RenderSummary {SUMMARY} at (0,0) size 18x120
                      RenderDetailsMarker at (0,47) size 18x9: down
                      RenderText {#text} at (0,62) size 18x58
                        text run at (0,62) width 58: "summary"
                  RenderBlock (anonymous) at (18,0) size 0x120
                RenderDetails {DETAILS} at (18,0) size 18x120
                  RenderBlock (anonymous) at (0,0) size 18x120
                    RenderSummary {SUMMARY} at (0,0) size 18x120
                      RenderDetailsMarker at (0,47) size 18x9: right
                      RenderText {#text} at (0,62) size 18x58
                        text run at (0,62) width 58: "summary"
                  RenderBlock (anonymous) at (18,0) size 0x120
            RenderTableCell {TD} at (484,98) size 124x124 [border: (1px solid #000000)] [r=3 c=5 rs=1 cs=1]
              RenderBlock {DIV} at (2,2) size 120x120
                RenderDetails {DETAILS} at (0,0) size 18x120
                  RenderBlock (anonymous) at (0,0) size 18x120
                    RenderSummary {SUMMARY} at (0,0) size 18x120
                      RenderDetailsMarker at (0,47) size 18x9: down
                      RenderText {#text} at (0,62) size 18x58
                        text run at (0,62) width 58: "summary"
                  RenderBlock (anonymous) at (18,0) size 0x120
                RenderDetails {DETAILS} at (18,0) size 18x120
                  RenderBlock (anonymous) at (0,0) size 18x120
                    RenderSummary {SUMMARY} at (0,0) size 18x120
                      RenderDetailsMarker at (0,47) size 18x9: left
                      RenderText {#text} at (0,62) size 18x58
                        text run at (0,62) width 58: "summary"
                  RenderBlock (anonymous) at (18,0) size 0x120
          RenderTableRow {TR} at (0,224) size 610x124
            RenderTableCell {TH} at (76,271) size 28x30 [border: (1px inset #808080)] [r=4 c=1 rs=1 cs=1]
              RenderText {#text} at (6,6) size 16x18
                text run at (6,6) width 16: "rtl"
            RenderTableCell {TD} at (106,224) size 124x124 [border: (1px solid #000000)] [r=4 c=2 rs=1 cs=1]
              RenderBlock {DIV} at (2,2) size 120x120
                RenderDetails {DETAILS} at (0,0) size 120x18
                  RenderBlock (anonymous) at (0,0) size 120x18
                    RenderSummary {SUMMARY} at (0,0) size 120x18
                      RenderDetailsMarker at (111,0) size 9x18: left
                      RenderText {#text} at (47,0) size 58x18
                        text run at (47,0) width 58: "summary"
                  RenderBlock (anonymous) at (0,18) size 120x0
                RenderDetails {DETAILS} at (0,18) size 120x18
                  RenderBlock (anonymous) at (0,0) size 120x18
                    RenderSummary {SUMMARY} at (0,0) size 120x18
                      RenderDetailsMarker at (111,0) size 9x18: down
                      RenderText {#text} at (47,0) size 58x18
                        text run at (47,0) width 58: "summary"
                  RenderBlock (anonymous) at (0,18) size 120x0
            RenderTableCell {TD} at (232,224) size 124x124 [border: (1px solid #000000)] [r=4 c=3 rs=1 cs=1]
              RenderBlock {DIV} at (2,2) size 120x120
                RenderDetails {DETAILS} at (0,0) size 120x18
                  RenderBlock (anonymous) at (0,0) size 120x18
                    RenderSummary {SUMMARY} at (0,0) size 120x18
                      RenderDetailsMarker at (111,0) size 9x18: left
                      RenderText {#text} at (47,0) size 58x18
                        text run at (47,0) width 58: "summary"
                  RenderBlock (anonymous) at (0,18) size 120x0
                RenderDetails {DETAILS} at (0,18) size 120x18
                  RenderBlock (anonymous) at (0,0) size 120x18
                    RenderSummary {SUMMARY} at (0,0) size 120x18
                      RenderDetailsMarker at (111,0) size 9x18: up
                      RenderText {#text} at (47,0) size 58x18
                        text run at (47,0) width 58: "summary"
                  RenderBlock (anonymous) at (0,18) size 120x0
            RenderTableCell {TD} at (358,224) size 124x124 [border: (1px solid #000000)] [r=4 c=4 rs=1 cs=1]
              RenderBlock {DIV} at (2,2) size 120x120
                RenderDetails {DETAILS} at (0,0) size 18x120
                  RenderBlock (anonymous) at (0,0) size 18x120
                    RenderSummary {SUMMARY} at (0,0) size 18x120
                      RenderDetailsMarker at (0,111) size 18x9: up
                      RenderText {#text} at (0,47) size 18x58
                        text run at (0,47) width 58: "summary"
                  RenderBlock (anonymous) at (18,0) size 0x120
                RenderDetails {DETAILS} at (18,0) size 18x120
                  RenderBlock (anonymous) at (0,0) size 18x120
                    RenderSummary {SUMMARY} at (0,0) size 18x120
                      RenderDetailsMarker at (0,111) size 18x9: right
                      RenderText {#text} at (0,47) size 18x58
                        text run at (0,47) width 58: "summary"
                  RenderBlock (anonymous) at (18,0) size 0x120
            RenderTableCell {TD} at (484,224) size 124x124 [border: (1px solid #000000)] [r=4 c=5 rs=1 cs=1]
              RenderBlock {DIV} at (2,2) size 120x120
                RenderDetails {DETAILS} at (0,0) size 18x120
                  RenderBlock (anonymous) at (0,0) size 18x120
                    RenderSummary {SUMMARY} at (0,0) size 18x120
                      RenderDetailsMarker at (0,111) size 18x9: up
                      RenderText {#text} at (0,47) size 18x58
                        text run at (0,47) width 58: "summary"
                  RenderBlock (anonymous) at (18,0) size 0x120
                RenderDetails {DETAILS} at (18,0) size 18x120
                  RenderBlock (anonymous) at (0,0) size 18x120
                    RenderSummary {SUMMARY} at (0,0) size 18x120
                      RenderDetailsMarker at (0,111) size 18x9: left
                      RenderText {#text} at (0,47) size 18x58
                        text run at (0,47) width 58: "summary"
                  RenderBlock (anonymous) at (18,0) size 0x120
