layer at (0,0) size 942x585
  RenderView at (0,0) size 800x585
layer at (0,0) size 800x585
  RenderBlock {HTML} at (0,0) size 800x585
    RenderBody {BODY} at (8,8) size 784x569
      RenderDetails {DETAILS} at (0,0) size 784x18
        RenderBlock (anonymous) at (0,0) size 784x18
          RenderBlock (anonymous) at (0,0) size 784x18
            RenderDetailsMarker at (0,0) size 9x18: right
            RenderText at (15,0) size 44x18
              text run at (15,0) width 44: "Details"
        RenderBlock (anonymous) at (0,18) size 784x0
      RenderDetails {DETAILS} at (0,18) size 784x18
        RenderBlock (anonymous) at (0,0) size 784x18
        RenderBlock (anonymous) at (0,18) size 784x0
      RenderDetails {DETAILS} at (0,36) size 784x18
        RenderBlock (anonymous) at (0,0) size 784x18
          RenderBlock (anonymous) at (0,0) size 784x18
            RenderDetailsMarker at (0,0) size 9x18: right
            RenderText at (15,0) size 44x18
              text run at (15,0) width 44: "Details"
        RenderBlock (anonymous) at (0,18) size 784x0
layer at (50,150) size 32x18
  RenderSummary {SUMMARY} at (50,150) size 32x18
    RenderText {#text} at (0,0) size 32x18
      text run at (0,0) width 32: "fixed"
layer at (158,176) size 784x18
  RenderSummary {SUMMARY} at (0,0) size 784x18
    RenderDetailsMarker at (0,0) size 9x18: right
    RenderText {#text} at (15,0) size 46x18
      text run at (15,0) width 46: "relative"
layer at (250,150) size 52x18
  RenderSummary {SUMMARY} at (250,150) size 52x18
    RenderText {#text} at (0,0) size 52x18
      text run at (0,0) width 52: "absolute"
