layer at (0,0) size 800x600
  RenderView at (0,0) size 800x600
layer at (0,0) size 800x600
  RenderBlock {HTML} at (0,0) size 800x600
    RenderBody {BODY} at (8,8) size 784x584
      RenderDetails {DETAILS} at (0,0) size 784x41
        RenderBlock (anonymous) at (0,0) size 784x18
          RenderSummary {SUMMARY} at (0,0) size 784x18
            RenderDetailsMarker at (0,0) size 9x18: down
            RenderText {#text} at (15,0) size 58x18
              text run at (15,0) width 58: "summary"
        RenderBlock (anonymous) at (0,18) size 784x23
          RenderTextControl {INPUT} at (2,2) size 125x19 [bgcolor=#FFFFFF] [border: (2px inset #000000)]
          RenderText {#text} at (0,0) size 0x0
layer at (13,31) size 119x13
  RenderBlock {DIV} at (3,3) size 119x13
