layer at (0,0) size 800x600
  RenderView at (0,0) size 800x600
layer at (0,0) size 800x600
  RenderBlock {HTML} at (0,0) size 800x600
    RenderBody {BODY} at (0,0) size 800x600
      RenderDetails {DETAILS} at (0,0) size 800x36
        RenderBlock (anonymous) at (0,0) size 800x18
          RenderSummary {SUMMARY} at (0,0) size 800x18
            RenderDetailsMarker at (0,0) size 9x18: down
            RenderText {#text} at (15,0) size 58x18
              text run at (15,0) width 58: "summary"
        RenderBlock (anonymous) at (0,18) size 800x18
          RenderSummary {SUMMARY} at (0,0) size 800x18
            RenderText {#text} at (0,0) size 39x18
              text run at (0,0) width 39: "new 1"
caret: position 0 of child 0 {#text} of child 1 {SUMMARY} of child 1 {DETAILS} of body
