layer at (0,0) size 800x600
  RenderView at (0,0) size 800x600
layer at (0,0) size 800x462
  RenderBlock {HTML} at (0,0) size 800x462
    RenderBody {BODY} at (8,16) size 784x430
      RenderBlock {DIV} at (0,0) size 784x42 [color=#008000] [bgcolor=#FFFFFF]
        RenderBlock {P} at (0,0) size 784x42
          RenderText {#text} at (0,0) size 760x42
            text run at (0,0) width 760: "First sentence: this text should be green. The markup code is invalid according to W3C HTML validator and the"
            text run at (0,21) width 360: "CSS code is invalid according to W3C CSS validator."
      RenderBlock {DIV} at (0,58) size 784x63 [color=#008000] [bgcolor=#FFFFFF]
        RenderBlock {P} at (0,0) size 784x63 [color=#FF0000]
          RenderText {#text} at (0,0) size 753x63
            text run at (0,0) width 734: "Second sentence: this text should be green according to CSS 1 but it should be red according to CSS 2.1. The"
            text run at (0,21) width 753: "markup code is also invalid according to W3C HTML validator but the CSS code is perfectly valid according to"
            text run at (0,42) width 139: "W3C CSS validator."
      RenderBlock {H3} at (0,139) size 784x50 [color=#008000] [bgcolor=#FFFFFF]
        RenderText {#text} at (0,0) size 767x50
          text run at (0,0) width 767: "Third sentence: this text should be green. The markup code is valid according to W3C HTML"
          text run at (0,25) width 581: "validator but the CSS code is invalid according to W3C CSS validator."
      RenderBlock {H4} at (0,210) size 784x63 [color=#FF0000] [bgcolor=#FFFFFF]
        RenderText {#text} at (0,0) size 776x63
          text run at (0,0) width 776: "Fourth sentence: this text should be green according to CSS 1 (class name can not start with a dash in CSS 1) but it"
          text run at (0,21) width 773: "should be red according to CSS 2.1 and the markup code is valid according to W3C HTML validator and the CSS"
          text run at (0,42) width 376: "code is perfectly valid according to W3C CSS validator."
      RenderBlock {H5} at (0,299) size 784x84 [color=#800080] [bgcolor=#FFFFFF]
        RenderText {#text} at (0,0) size 775x84
          text run at (0,0) width 761: "Fifth sentence: this text should be green according to CSS 1 (class name can not start with a dash in CSS 1) but it"
          text run at (0,21) width 775: "should be purple according to latest CSS 2.1 WD (class name can not start with a dash unless immediately followed"
          text run at (0,42) width 771: "by [_A-Za-z] character in CSS 2.1) and the markup code is valid according to W3C HTML validator and the CSS"
          text run at (0,63) width 402: "code is perfectly valid according to the W3C CSS validator!"
      RenderBlock {P} at (0,409) size 784x21
        RenderText {#text} at (0,0) size 27x21
          text run at (0,0) width 27: "See "
        RenderInline {A} at (0,0) size 72x21 [color=#0000EE]
          RenderText {#text} at (27,0) size 72x21
            text run at (27,0) width 72: "Bug 14373"
        RenderInline {A} at (0,0) size 4x21
          RenderText {#text} at (99,0) size 4x21
            text run at (99,0) width 4: "."
      RenderBlock (anonymous) at (0,446) size 784x0
        RenderInline {A} at (0,0) size 0x0
          RenderText {#text} at (0,0) size 0x0
