layer at (0,0) size 800x600
  RenderView at (0,0) size 800x600
layer at (0,0) size 800x600
  RenderBlock {HTML} at (0,0) size 800x600
    RenderBody {BODY} at (8,8) size 784x576
      RenderBlock {P} at (0,0) size 784x42
        RenderText {#text} at (0,0) size 51x21
          text run at (0,0) width 51: "test for "
        RenderInline {A} at (0,0) size 62x21 [color=#0000EE]
          RenderText {#text} at (51,0) size 62x21
            text run at (51,0) width 62: "bug 7157"
        RenderText {#text} at (113,0) size 694x42
          text run at (113,0) width 581: ": An asterisk in a CSS property name breaks CSS handling (Many layout problems at"
          text run at (0,21) width 132: "letras.terra.com.br)"
      RenderBlock {P} at (0,58) size 784x21 [color=#008000]
        RenderText {#text} at (0,0) size 176x21
          text run at (0,0) width 176: "Should be green on white."
      RenderBlock {P} at (0,95) size 784x21 [color=#008000]
        RenderText {#text} at (0,0) size 176x21
          text run at (0,0) width 176: "Should be green on white."
      RenderBlock {P} at (0,132) size 784x21 [color=#008000]
        RenderText {#text} at (0,0) size 176x21
          text run at (0,0) width 176: "Should be green on white."
