layer at (0,0) size 800x600
  RenderView at (0,0) size 800x600
layer at (0,0) size 800x600
  RenderBlock {HTML} at (0,0) size 800x600
    RenderBody {BODY} at (8,8) size 784x576
      RenderBlock {P} at (0,0) size 784x42
        RenderText {#text} at (0,0) size 57x21
          text run at (0,0) width 57: "Test for "
        RenderInline {I} at (0,0) size 783x42
          RenderInline {A} at (0,0) size 304x21 [color=#0000EE]
            RenderText {#text} at (57,0) size 304x21
              text run at (57,0) width 304: "http://bugs.webkit.org/show_bug.cgi?id=17834"
          RenderText {#text} at (361,0) size 783x42
            text run at (361,0) width 4: " "
            text run at (365,0) width 418: "REGRESSION: floated first-letter does not work when included"
            text run at (0,21) width 48: "in table"
        RenderText {#text} at (48,21) size 4x21
          text run at (48,21) width 4: "."
      RenderBlock {P} at (0,58) size 784x21
        RenderText {#text} at (0,0) size 288x21
          text run at (0,0) width 288: "The following three lines should look like \x{201C}"
        RenderInline {SPAN} at (0,0) size 12x21 [color=#008000]
          RenderText {#text} at (288,0) size 12x21
            text run at (288,0) width 12: "A"
        RenderText {#text} at (300,0) size 28x21
          text run at (300,0) width 28: "-Z\x{201D}."
      RenderTable {TABLE} at (0,95) size 34x27
        RenderTableSection {TBODY} at (0,0) size 34x27
          RenderTableRow {TR} at (0,2) size 34x23
            RenderTableCell {TD} at (2,2) size 30x23 [r=0 c=0 rs=1 cs=1]
              RenderBlock {DIV} at (1,1) size 28x21
                RenderBlock {P} at (0,0) size 28x21
                  RenderBlock (floating) at (0,0) size 12x21 [color=#008000]
                    RenderText {#text} at (0,0) size 12x21
                      text run at (0,0) width 12: "A"
                  RenderText {#text} at (12,0) size 16x21
                    text run at (12,0) width 16: "-Z"
      RenderTable {TABLE} at (0,122) size 34x27
        RenderTableSection {TBODY} at (0,0) size 34x27
          RenderTableRow {TR} at (0,2) size 34x23
            RenderTableCell {TD} at (2,2) size 30x23 [r=0 c=0 rs=1 cs=1]
              RenderBlock {P} at (1,1) size 28x21
                RenderBlock (floating) at (0,0) size 12x21 [color=#008000]
                  RenderText {#text} at (0,0) size 12x21
                    text run at (0,0) width 12: "A"
                RenderText {#text} at (12,0) size 16x21
                  text run at (12,0) width 16: "-Z"
      RenderBlock {P} at (0,165) size 784x21
        RenderBlock (floating) at (0,0) size 12x21 [color=#008000]
          RenderText {#text} at (0,0) size 12x21
            text run at (0,0) width 12: "A"
        RenderText {#text} at (12,0) size 16x21
          text run at (12,0) width 16: "-Z"
