layer at (0,0) size 800x600
  RenderView at (0,0) size 800x600
layer at (0,0) size 800x600
  RenderBlock {HTML} at (0,0) size 800x600
    RenderBody {BODY} at (8,8) size 784x576
      RenderBlock {P} at (0,0) size 784x42
        RenderText {#text} at (0,0) size 57x21
          text run at (0,0) width 57: "Test for "
        RenderInline {I} at (0,0) size 686x42
          RenderInline {A} at (0,0) size 304x21 [color=#0000EE]
            RenderText {#text} at (57,0) size 304x21
              text run at (57,0) width 304: "http://bugs.webkit.org/show_bug.cgi?id=14545"
          RenderText {#text} at (361,0) size 686x42
            text run at (361,0) width 4: " "
            text run at (365,0) width 321: "REGRESSION (r21854-r21869): Repro crash in"
            text run at (0,21) width 325: "RenderBlock::updateFirstLetter @ nola.com/rose/"
        RenderText {#text} at (325,21) size 4x21
          text run at (325,21) width 4: "."
      RenderBlock {P} at (0,58) size 784x21
        RenderText {#text} at (0,0) size 262x21
          text run at (0,0) width 262: "The following lines should be identical:"
      RenderBlock {DIV} at (0,95) size 784x21
        RenderInline (generated) at (0,0) size 11x21 [color=#008000]
          RenderText {#text} at (0,0) size 11x21
            text run at (0,0) width 11: "L"
        RenderText {#text} at (11,0) size 82x21
          text run at (11,0) width 82: "orem Ipsum"
      RenderBlock {P} at (0,132) size 784x21
        RenderInline {SPAN} at (0,0) size 11x21 [color=#008000]
          RenderText {#text} at (0,0) size 11x21
            text run at (0,0) width 11: "L"
        RenderText {#text} at (11,0) size 82x21
          text run at (11,0) width 82: "orem Ipsum"
