layer at (0,0) size 800x600
  RenderView at (0,0) size 800x600
layer at (0,0) size 800x600
  RenderBlock {HTML} at (0,0) size 800x600
    RenderBody {BODY} at (8,8) size 784x576
      RenderBlock {P} at (0,0) size 784x42
        RenderText {#text} at (0,0) size 57x21
          text run at (0,0) width 57: "Test for "
        RenderInline {I} at (0,0) size 741x42
          RenderInline {A} at (0,0) size 352x21 [color=#0000EE]
            RenderText {#text} at (57,0) size 352x21
              text run at (57,0) width 352: "http://bugzilla.opendarwin.org/show_bug.cgi?id=3560"
          RenderText {#text} at (409,0) size 741x42
            text run at (409,0) width 332: " page with use of first-letter crashes reproducibly in"
            text run at (0,21) width 194: "RenderObject::renderArena()"
        RenderText {#text} at (194,21) size 4x21
          text run at (194,21) width 4: "."
      RenderBlock {P} at (0,58) size 784x21
        RenderText {#text} at (0,0) size 249x21
          text run at (0,0) width 249: "The next three lines should all read \x{201C}"
        RenderInline {SPAN} at (0,0) size 10x21 [color=#0000FF]
          RenderText {#text} at (249,0) size 10x21
            text run at (249,0) width 10: "P"
        RenderText {#text} at (259,0) size 222x21
          text run at (259,0) width 222: "ASS\x{201D}, with nothing before the P."
      RenderBlock {HR} at (0,95) size 784x2 [border: (1px inset #000000)]
      RenderBlock {P} at (0,113) size 784x21
        RenderInline (generated) at (0,0) size 10x21 [color=#0000FF]
          RenderText {#text} at (0,0) size 10x21
            text run at (0,0) width 10: "P"
        RenderText {#text} at (10,0) size 30x21
          text run at (10,0) width 30: "ASS"
      RenderBlock {P} at (0,150) size 784x21
        RenderInline (generated) at (0,0) size 10x21 [color=#0000FF]
          RenderText {#text} at (0,0) size 10x21
            text run at (0,0) width 10: "P"
        RenderText {#text} at (10,0) size 30x21
          text run at (10,0) width 30: "ASS"
      RenderBlock {P} at (0,187) size 784x21
        RenderInline (generated) at (0,0) size 10x21 [color=#0000FF]
          RenderText {#text} at (0,0) size 10x21
            text run at (0,0) width 10: "P"
        RenderText {#text} at (10,0) size 30x21
          text run at (10,0) width 30: "ASS"
