layer at (0,0) size 800x600
  RenderView at (0,0) size 800x600
layer at (0,0) size 800x600
  RenderBlock {HTML} at (0,0) size 800x600
    RenderBody {BODY} at (8,8) size 784x576
      RenderBlock {DIV} at (0,0) size 784x21
        RenderInline {SPAN} at (0,0) size 244x21 [color=#FF0000]
          RenderText {#text} at (0,0) size 244x21
            text run at (0,0) width 244: "This should turn red when hovered."
        RenderText {#text} at (0,0) size 0x0
      RenderBlock {HR} at (0,29) size 784x2 [border: (1px inset #000000)]
      RenderBlock {P} at (0,47) size 784x42
        RenderText {#text} at (0,0) size 57x21
          text run at (0,0) width 57: "Test for "
        RenderInline {I} at (0,0) size 762x42
          RenderInline {A} at (0,0) size 352x21 [color=#0000EE]
            RenderText {#text} at (57,0) size 352x21
              text run at (57,0) width 352: "http://bugzilla.opendarwin.org/show_bug.cgi?id=7327"
          RenderText {#text} at (409,0) size 762x42
            text run at (409,0) width 353: " REGRESSION (r12869): :hover subselector does not"
            text run at (0,21) width 134: "work in quirks mode"
        RenderText {#text} at (134,21) size 106x21
          text run at (134,21) width 106: ". This tests that "
        RenderInline {CODE} at (0,0) size 75x16
          RenderText {#text} at (240,24) size 75x16
            text run at (240,24) width 75: "span#t:hover"
        RenderText {#text} at (315,21) size 183x21
          text run at (315,21) width 183: " matches the hovered span."
