layer at (0,0) size 800x600
  RenderView at (0,0) size 800x600
layer at (0,0) size 800x600
  RenderBlock {HTML} at (0,0) size 800x600
    RenderBody {BODY} at (8,8) size 784x584
      RenderBlock {P} at (0,0) size 784x21
        RenderText {#text} at (0,0) size 57x21
          text run at (0,0) width 57: "Test for "
        RenderInline {A} at (0,0) size 70x21 [color=#0000EE]
          RenderText {#text} at (57,0) size 70x21
            text run at (57,0) width 70: "bug 11590"
        RenderText {#text} at (127,0) size 611x21
          text run at (127,0) width 611: ": REGRESSION (r17726-r17742): Wikipedia page intermittently loads but doesn't render."
      RenderBlock {P} at (0,37) size 784x42
        RenderText {#text} at (0,0) size 772x42
          text run at (0,0) width 772: "All four sides of the square below should be present for this test to really pass, and WebKit shouldn't crash for it to"
          text run at (0,21) width 94: "pass partially."
      RenderBlock {DIV} at (0,95) size 106x106 [border: (3px solid #000000)]
