layer at (0,0) size 800x600
  RenderView at (0,0) size 800x600
layer at (0,0) size 800x600
  RenderBlock {HTML} at (0,0) size 800x600
    RenderBody {BODY} at (8,8) size 784x576
      RenderBlock {P} at (0,0) size 784x21
        RenderInline {A} at (0,0) size 62x21 [color=#0000EE]
          RenderText {#text} at (0,0) size 62x21
            text run at (0,0) width 62: "bug 7118"
        RenderText {#text} at (62,0) size 385x21
          text run at (62,0) width 385: ": Wrong property values do not get invalidated correctly."
      RenderBlock (anonymous) at (0,37) size 784x0
        RenderInline {DIV} at (0,0) size 0x0
          RenderText {#text} at (0,0) size 0x0
        RenderText {#text} at (0,0) size 0x0
layer at (8,45) size 200x200
  RenderBlock (floating) {DIV} at (0,0) size 200x200 [color=#FFFFFF] [bgcolor=#006400]
    RenderText {#text} at (0,0) size 194x144
      text run at (0,0) width 160: "this text should be left-"
      text run at (0,18) width 157: "aligned, all lower-case,"
      text run at (0,36) width 169: "normal font, white, 14px,"
      text run at (0,54) width 182: "bold, normally spaced and"
      text run at (0,72) width 165: "wrapped, in a darkgreen"
      text run at (0,90) width 102: "200x200px div "
      text run at (102,90) width 92: "in the top left"
      text run at (0,108) width 174: "corner with no borders or"
      text run at (0,126) width 60: "outlines."
