layer at (0,0) size 800x600
  RenderView at (0,0) size 800x600
layer at (0,0) size 800x600
  RenderBlock {HTML} at (0,0) size 800x600
    RenderBody {BODY} at (8,8) size 784x574
      RenderBlock {P} at (0,0) size 784x21
        RenderText {#text} at (0,0) size 57x21
          text run at (0,0) width 57: "Test for "
        RenderInline {A} at (0,0) size 316x21 [color=#0000EE]
          RenderText {#text} at (57,0) size 316x21
            text run at (57,0) width 316: "http://bugs.webkit.org/show_bug.cgi?id=15260"
        RenderText {#text} at (373,0) size 163x21
          text run at (373,0) width 163: "Any styles defined after "
        RenderInline {ELEMENT} at (0,0) size 215x21
          RenderText {#text} at (536,0) size 6x21
            text run at (536,0) width 6: "{"
          RenderInline {PROPERTY} at (0,0) size 209x21
            RenderText {#text} at (542,0) size 209x21
              text run at (542,0) width 209: ":%} style are ignored by Safari"
      RenderBlock {H3} at (0,39) size 784x25 [color=#008000]
        RenderText {#text} at (0,0) size 254x25
          text run at (0,0) width 254: "This text should show in green."
