layer at (0,0) size 800x600
  RenderView at (0,0) size 800x600
layer at (0,0) size 800x600
  RenderBlock {HTML} at (0,0) size 800x600
    RenderBody {BODY} at (8,8) size 784x576
      RenderBlock {H1} at (0,0) size 784x42
        RenderText {#text} at (0,0) size 254x41
          text run at (0,0) width 254: "setAttribute() Test"
      RenderBlock {P} at (0,63) size 784x21 [color=#008000]
        RenderText {#text} at (0,0) size 504x21
          text run at (0,0) width 504: "This element's Class attribute is set using setAttribute(). It should be green."
      RenderBlock {P} at (0,100) size 784x21 [color=#008000]
        RenderText {#text} at (0,0) size 486x21
          text run at (0,0) width 486: "This element's ID attribute is set using setAttribute(). It should be green."
      RenderBlock {P} at (0,137) size 784x21 [color=#008000]
        RenderText {#text} at (0,0) size 499x21
          text run at (0,0) width 499: "This element's Title attribute is set using setAttribute(). It should be green."
      RenderBlock {P} at (0,174) size 784x21 [color=#008000]
        RenderText {#text} at (0,0) size 424x21
          text run at (0,0) width 424: "This element's Title attribute is hard-coded. It should be green."
      RenderBlock {P} at (0,211) size 784x21 [color=#008000]
        RenderText {#text} at (0,0) size 504x21
          text run at (0,0) width 504: "This element's Lang attribute is set using setAttribute(). It should be green."
