layer at (0,0) size 800x600
  RenderView at (0,0) size 800x600
layer at (0,0) size 800x164
  RenderBlock {HTML} at (0,0) size 800x164
    RenderBody {BODY} at (8,16) size 784x132
      RenderBlock {P} at (0,0) size 784x21
        RenderText {#text} at (0,0) size 72x21
          text run at (0,0) width 72: "LTR Start"
      RenderBlock {P} at (0,37) size 784x21
        RenderText {#text} at (717,0) size 67x21
          text run at (717,0) width 67: "LTR End"
      RenderBlock {P} at (0,74) size 784x21
        RenderText {#text} at (712,0) size 72x21
          text run at (712,0) width 72: "RTL Start"
      RenderBlock {P} at (0,111) size 784x21
        RenderText {#text} at (0,0) size 67x21
          text run at (0,0) width 67: "RTL End"
