layer at (0,0) size 800x600
  RenderView at (0,0) size 800x600
layer at (0,0) size 800x121
  RenderBlock {HTML} at (0,0) size 800x121
    RenderBody {BODY} at (8,21) size 784x84
      RenderBlock {H1} at (0,0) size 784x42
        RenderText {#text} at (0,0) size 487x41
          text run at (0,0) width 487: "Testing default translate parameter"
      RenderBlock {P} at (0,63) size 784x21
        RenderText {#text} at (0,0) size 615x21
          text run at (0,0) width 615: "There should be blue and green boxes shown. If there is a red box visible, the test has failed"
layer at (500,100) size 300x100
  RenderBlock (positioned) {DIV} at (500,100) size 300x100 [bgcolor=#FF0000]
    RenderText {#text} at (0,0) size 266x42
      text run at (0,0) width 266: "If you can see this box, then the test has"
      text run at (0,21) width 41: "failed."
layer at (100,100) size 300x100
  RenderBlock (positioned) {DIV} at (100,100) size 300x100 [bgcolor=#0000FF]
    RenderText {#text} at (0,0) size 287x21
      text run at (0,0) width 287: "This box should be visible (it is translated)."
layer at (500,500) size 300x100
  RenderBlock (positioned) {DIV} at (500,500) size 300x100 [bgcolor=#008000]
    RenderText {#text} at (0,0) size 178x21
      text run at (0,0) width 178: "This box should be visible."
