layer at (0,0) size 800x600
  RenderView at (0,0) size 800x600
layer at (0,0) size 800x600
  RenderBlock {HTML} at (0,0) size 800x600
    RenderBody {BODY} at (8,8) size 784x576
      RenderBlock {DIV} at (0,0) size 784x21
        RenderInline {SPAN} at (0,0) size 270x21
          RenderText {#text} at (0,0) size 270x21
            text run at (0,0) width 270: "This should not turn red when hovered."
        RenderText {#text} at (0,0) size 0x0
      RenderBlock {HR} at (0,29) size 784x2 [border: (1px inset #000000)]
      RenderBlock {P} at (0,47) size 784x42
        RenderText {#text} at (0,0) size 57x21
          text run at (0,0) width 57: "Test for "
        RenderInline {I} at (0,0) size 559x21
          RenderInline {A} at (0,0) size 352x21 [color=#0000EE]
            RenderText {#text} at (57,0) size 352x21
              text run at (57,0) width 352: "http://bugzilla.opendarwin.org/show_bug.cgi?id=7218"
          RenderText {#text} at (409,0) size 207x21
            text run at (409,0) width 207: " Text underlined on mouse over"
        RenderText {#text} at (616,0) size 106x21
          text run at (616,0) width 106: ". This tests that "
        RenderInline {CODE} at (0,0) size 41x16
          RenderText {#text} at (722,3) size 41x16
            text run at (722,3) width 41: "*:hover"
        RenderText {#text} at (0,21) size 276x21
          text run at (0,21) width 276: "does not match anything in quirks mode."
caret: position 1 of child 0 {#text} of child 1 {SPAN} of child 1 {DIV} of body
