layer at (0,0) size 800x600
  RenderView at (0,0) size 800x600
layer at (0,0) size 800x600
  RenderBlock {HTML} at (0,0) size 800x600
    RenderBody {BODY} at (8,8) size 784x584
      RenderInline {B} at (0,0) size 96x21
        RenderText {#text} at (0,24) size 24x21
          text run at (0,24) width 24: "___"
        RenderInline {B} at (0,0) size 72x21
          RenderText {#text} at (24,64) size 24x21
            text run at (24,64) width 24: "___"
          RenderInline {B} at (0,0) size 48x21
            RenderText {#text} at (48,104) size 24x21
              text run at (48,104) width 24: "___"
            RenderInline {B} at (0,0) size 24x21
              RenderText {#text} at (72,144) size 24x21
                text run at (72,144) width 24: "___"
