layer at (0,0) size 1139x2435
  RenderView at (0,0) size 784x584
layer at (0,0) size 784x2435
  RenderBlock {HTML} at (0,0) size 784x2435
    RenderBody {BODY} at (8,8) size 768x2419
      RenderBlock {H2} at (0,0) size 768x31
        RenderText {#text} at (0,0) size 138x32
          text run at (0,0) width 138: "word-spacing"
      RenderBlock (floating) {PRE} at (0,63) size 993x184
        RenderBlock {H3} at (0,15) size 993x19
          RenderText {#text} at (0,0) size 164x19
            text run at (0,0) width 164: "In a floated pre"
        RenderBlock (anonymous) at (0,49) size 993x135
          RenderText {#text} at (0,0) size 177x32
            text run at (0,0) width 0: " "
            text run at (0,16) width 177: "Word   spacing test "
          RenderInline {EM} at (0,0) size 15x16
            RenderText {#text} at (177,16) size 15x16
              text run at (177,16) width 15: "for"
          RenderText {#text} at (212,16) size 4x16
            text run at (212,16) width 4: " "
          RenderInline {STRONG} at (0,0) size 56x16
            RenderText {#text} at (216,16) size 56x16
              text run at (216,16) width 56: "elements"
          RenderText {#text} at (292,16) size 4x16
            text run at (292,16) width 4: " "
          RenderInline {TT} at (0,0) size 33x16
            RenderText {#text} at (296,16) size 33x16
              text run at (296,16) width 33: "within"
          RenderText {#text} at (349,16) size 472x33
            text run at (349,16) width 103: " elements too."
            text run at (472,16) width 0: " "
            text run at (0,33) width 177: "Word   spacing test "
          RenderInline {EM} at (0,0) size 15x16
            RenderText {#text} at (177,33) size 15x16
              text run at (177,33) width 15: "for"
          RenderText {#text} at (212,33) size 4x16
            text run at (212,33) width 4: " "
          RenderInline {STRONG} at (0,0) size 56x16
            RenderText {#text} at (216,33) size 56x16
              text run at (216,33) width 56: "elements"
          RenderText {#text} at (292,33) size 4x16
            text run at (292,33) width 4: " "
          RenderInline {TT} at (0,0) size 33x16
            RenderText {#text} at (296,33) size 33x16
              text run at (296,33) width 33: "within"
          RenderText {#text} at (349,33) size 81x16
            text run at (349,33) width 81: " elements "
          RenderText {#text} at (430,33) size 845x33
            text run at (430,33) width 395: " too. (with comment between elements and too)"
            text run at (845,33) width 0: " "
            text run at (0,50) width 177: "Word   spacing test "
          RenderInline {EM} at (0,0) size 15x16
            RenderText {#text} at (177,50) size 15x16
              text run at (177,50) width 15: "for"
          RenderText {#text} at (212,50) size 4x16
            text run at (212,50) width 4: " "
          RenderInline {STRONG} at (0,0) size 56x16
            RenderText {#text} at (216,50) size 56x16
              text run at (216,50) width 56: "elements"
          RenderText {#text} at (292,50) size 4x16
            text run at (292,50) width 4: " "
          RenderInline {TT} at (0,0) size 33x16
            RenderText {#text} at (296,50) size 33x16
              text run at (296,50) width 33: "within"
          RenderText {#text} at (349,50) size 57x16
            text run at (349,50) width 57: " elements"
          RenderText {#text} at (426,50) size 1033x33
            text run at (426,50) width 587: " too. (with comment (no preceeding space) between elements and too)"
            text run at (1033,50) width 0: " "
            text run at (0,67) width 177: "Word   spacing test "
          RenderInline {EM} at (0,0) size 15x16
            RenderText {#text} at (177,67) size 15x16
              text run at (177,67) width 15: "for"
          RenderText {#text} at (212,67) size 4x16
            text run at (212,67) width 4: " "
          RenderInline {STRONG} at (0,0) size 56x16
            RenderText {#text} at (216,67) size 56x16
              text run at (216,67) width 56: "elements"
          RenderText {#text} at (292,67) size 4x16
            text run at (292,67) width 4: " "
          RenderInline {TT} at (0,0) size 33x16
            RenderText {#text} at (296,67) size 33x16
              text run at (296,67) width 33: "within"
          RenderText {#text} at (349,67) size 81x16
            text run at (349,67) width 81: " elements "
          RenderText {#text} at (430,67) size 578x16
            text run at (430,67) width 558: "too. (with comment (no trailing space) between elements and too)"
            text run at (1008,67) width 0: " "
          RenderInline {SPAN} at (0,0) size 272x16
            RenderText {#text} at (0,84) size 177x16
              text run at (0,84) width 177: "Word   spacing test "
            RenderInline {EM} at (0,0) size 15x16
              RenderText {#text} at (177,84) size 15x16
                text run at (177,84) width 15: "for"
            RenderText {#text} at (212,84) size 4x16
              text run at (212,84) width 4: " "
            RenderInline {STRONG} at (0,0) size 56x16
              RenderText {#text} at (216,84) size 56x16
                text run at (216,84) width 56: "elements"
          RenderText {#text} at (292,84) size 4x16
            text run at (292,84) width 4: " "
          RenderInline {TT} at (0,0) size 33x16
            RenderText {#text} at (296,84) size 33x16
              text run at (296,84) width 33: "within"
          RenderText {#text} at (349,84) size 880x33
            text run at (349,84) width 511: " elements too. (with monospace font from Word to elements)"
            text run at (880,84) width 0: " "
            text run at (0,101) width 177: "Word   spacing test "
          RenderInline {SPAN} at (0,0) size 152x16
            RenderInline {EM} at (0,0) size 15x16
              RenderText {#text} at (177,101) size 15x16
                text run at (177,101) width 15: "for"
            RenderText {#text} at (212,101) size 4x16
              text run at (212,101) width 4: " "
            RenderInline {STRONG} at (0,0) size 56x16
              RenderText {#text} at (216,101) size 56x16
                text run at (216,101) width 56: "elements"
            RenderText {#text} at (292,101) size 4x16
              text run at (292,101) width 4: " "
            RenderInline {TT} at (0,0) size 33x16
              RenderText {#text} at (296,101) size 33x16
                text run at (296,101) width 33: "within"
          RenderText {#text} at (349,101) size 845x33
            text run at (349,101) width 476: " elements too. (with monospace font from for to within)"
            text run at (845,101) width 0: " "
            text run at (0,118) width 177: "Word   spacing test "
          RenderInline {EM} at (0,0) size 15x16
            RenderText {#text} at (177,118) size 15x16
              text run at (177,118) width 15: "for"
          RenderText {#text} at (212,118) size 4x16
            text run at (212,118) width 4: " "
          RenderInline {STRONG} at (0,0) size 56x16
            RenderText {#text} at (216,118) size 56x16
              text run at (216,118) width 56: "elements"
          RenderText {#text} at (292,118) size 4x16
            text run at (292,118) width 4: " "
          RenderInline {SPAN} at (0,0) size 152x16
            RenderInline {TT} at (0,0) size 33x16
              RenderText {#text} at (296,118) size 33x16
                text run at (296,118) width 33: "within"
            RenderText {#text} at (349,118) size 99x16
              text run at (349,118) width 99: " elements too"
          RenderText {#text} at (448,118) size 420x16
            text run at (448,118) width 400: ". (with monospace font from elements to too)"
            text run at (868,118) width 0: " "
      RenderBlock (anonymous) at (0,50) size 768x210
        RenderBR {BR} at (993,0) size 0x21
      RenderBlock {PRE} at (0,275) size 768x169
        RenderBlock {H3} at (0,0) size 768x19
          RenderText {#text} at (0,0) size 196x19
            text run at (0,0) width 196: "In an un-floated pre"
        RenderBlock (anonymous) at (0,34) size 768x135
          RenderText {#text} at (0,0) size 177x32
            text run at (0,0) width 0: " "
            text run at (0,16) width 177: "Word   spacing test "
          RenderInline {EM} at (0,0) size 15x16
            RenderText {#text} at (177,16) size 15x16
              text run at (177,16) width 15: "for"
          RenderText {#text} at (212,16) size 4x16
            text run at (212,16) width 4: " "
          RenderInline {STRONG} at (0,0) size 56x16
            RenderText {#text} at (216,16) size 56x16
              text run at (216,16) width 56: "elements"
          RenderText {#text} at (292,16) size 4x16
            text run at (292,16) width 4: " "
          RenderInline {TT} at (0,0) size 33x16
            RenderText {#text} at (296,16) size 33x16
              text run at (296,16) width 33: "within"
          RenderText {#text} at (349,16) size 472x33
            text run at (349,16) width 103: " elements too."
            text run at (472,16) width 0: " "
            text run at (0,33) width 177: "Word   spacing test "
          RenderInline {EM} at (0,0) size 15x16
            RenderText {#text} at (177,33) size 15x16
              text run at (177,33) width 15: "for"
          RenderText {#text} at (212,33) size 4x16
            text run at (212,33) width 4: " "
          RenderInline {STRONG} at (0,0) size 56x16
            RenderText {#text} at (216,33) size 56x16
              text run at (216,33) width 56: "elements"
          RenderText {#text} at (292,33) size 4x16
            text run at (292,33) width 4: " "
          RenderInline {TT} at (0,0) size 33x16
            RenderText {#text} at (296,33) size 33x16
              text run at (296,33) width 33: "within"
          RenderText {#text} at (349,33) size 81x16
            text run at (349,33) width 81: " elements "
          RenderText {#text} at (430,33) size 845x33
            text run at (430,33) width 395: " too. (with comment between elements and too)"
            text run at (845,33) width 0: " "
            text run at (0,50) width 177: "Word   spacing test "
          RenderInline {EM} at (0,0) size 15x16
            RenderText {#text} at (177,50) size 15x16
              text run at (177,50) width 15: "for"
          RenderText {#text} at (212,50) size 4x16
            text run at (212,50) width 4: " "
          RenderInline {STRONG} at (0,0) size 56x16
            RenderText {#text} at (216,50) size 56x16
              text run at (216,50) width 56: "elements"
          RenderText {#text} at (292,50) size 4x16
            text run at (292,50) width 4: " "
          RenderInline {TT} at (0,0) size 33x16
            RenderText {#text} at (296,50) size 33x16
              text run at (296,50) width 33: "within"
          RenderText {#text} at (349,50) size 57x16
            text run at (349,50) width 57: " elements"
          RenderText {#text} at (426,50) size 1033x33
            text run at (426,50) width 587: " too. (with comment (no preceeding space) between elements and too)"
            text run at (1033,50) width 0: " "
            text run at (0,67) width 177: "Word   spacing test "
          RenderInline {EM} at (0,0) size 15x16
            RenderText {#text} at (177,67) size 15x16
              text run at (177,67) width 15: "for"
          RenderText {#text} at (212,67) size 4x16
            text run at (212,67) width 4: " "
          RenderInline {STRONG} at (0,0) size 56x16
            RenderText {#text} at (216,67) size 56x16
              text run at (216,67) width 56: "elements"
          RenderText {#text} at (292,67) size 4x16
            text run at (292,67) width 4: " "
          RenderInline {TT} at (0,0) size 33x16
            RenderText {#text} at (296,67) size 33x16
              text run at (296,67) width 33: "within"
          RenderText {#text} at (349,67) size 81x16
            text run at (349,67) width 81: " elements "
          RenderText {#text} at (430,67) size 578x16
            text run at (430,67) width 558: "too. (with comment (no trailing space) between elements and too)"
            text run at (1008,67) width 0: " "
          RenderInline {SPAN} at (0,0) size 272x16
            RenderText {#text} at (0,84) size 177x16
              text run at (0,84) width 177: "Word   spacing test "
            RenderInline {EM} at (0,0) size 15x16
              RenderText {#text} at (177,84) size 15x16
                text run at (177,84) width 15: "for"
            RenderText {#text} at (212,84) size 4x16
              text run at (212,84) width 4: " "
            RenderInline {STRONG} at (0,0) size 56x16
              RenderText {#text} at (216,84) size 56x16
                text run at (216,84) width 56: "elements"
          RenderText {#text} at (292,84) size 4x16
            text run at (292,84) width 4: " "
          RenderInline {TT} at (0,0) size 33x16
            RenderText {#text} at (296,84) size 33x16
              text run at (296,84) width 33: "within"
          RenderText {#text} at (349,84) size 880x33
            text run at (349,84) width 511: " elements too. (with monospace font from Word to elements)"
            text run at (880,84) width 0: " "
            text run at (0,101) width 177: "Word   spacing test "
          RenderInline {SPAN} at (0,0) size 152x16
            RenderInline {EM} at (0,0) size 15x16
              RenderText {#text} at (177,101) size 15x16
                text run at (177,101) width 15: "for"
            RenderText {#text} at (212,101) size 4x16
              text run at (212,101) width 4: " "
            RenderInline {STRONG} at (0,0) size 56x16
              RenderText {#text} at (216,101) size 56x16
                text run at (216,101) width 56: "elements"
            RenderText {#text} at (292,101) size 4x16
              text run at (292,101) width 4: " "
            RenderInline {TT} at (0,0) size 33x16
              RenderText {#text} at (296,101) size 33x16
                text run at (296,101) width 33: "within"
          RenderText {#text} at (349,101) size 845x33
            text run at (349,101) width 476: " elements too. (with monospace font from for to within)"
            text run at (845,101) width 0: " "
            text run at (0,118) width 177: "Word   spacing test "
          RenderInline {EM} at (0,0) size 15x16
            RenderText {#text} at (177,118) size 15x16
              text run at (177,118) width 15: "for"
          RenderText {#text} at (212,118) size 4x16
            text run at (212,118) width 4: " "
          RenderInline {STRONG} at (0,0) size 56x16
            RenderText {#text} at (216,118) size 56x16
              text run at (216,118) width 56: "elements"
          RenderText {#text} at (292,118) size 4x16
            text run at (292,118) width 4: " "
          RenderInline {SPAN} at (0,0) size 152x16
            RenderInline {TT} at (0,0) size 33x16
              RenderText {#text} at (296,118) size 33x16
                text run at (296,118) width 33: "within"
            RenderText {#text} at (349,118) size 99x16
              text run at (349,118) width 99: " elements too"
          RenderText {#text} at (448,118) size 420x16
            text run at (448,118) width 400: ". (with monospace font from elements to too)"
            text run at (868,118) width 0: " "
      RenderBlock (anonymous) at (0,457) size 768x0
        RenderInline {SPAN} at (0,0) size 0x0
          RenderText {#text} at (0,0) size 0x0
      RenderBlock (anonymous) at (0,462) size 768x25
        RenderBlock {H3} at (0,0) size 768x25
          RenderText {#text} at (0,0) size 117x25
            text run at (0,0) width 117: "In a span"
      RenderBlock (anonymous) at (0,505) size 768x315
        RenderInline {SPAN} at (0,0) size 764x273
          RenderText {#text} at (0,0) size 186x21
            text run at (0,0) width 64: "Word "
            text run at (64,0) width 122: "spacing test "
          RenderInline {EM} at (0,0) size 19x21
            RenderText {#text} at (186,0) size 19x21
              text run at (186,0) width 19: "for"
          RenderText {#text} at (225,0) size 4x21
            text run at (225,0) width 4: " "
          RenderInline {STRONG} at (0,0) size 58x21
            RenderText {#text} at (229,0) size 58x21
              text run at (229,0) width 58: "elements"
          RenderText {#text} at (307,0) size 4x21
            text run at (307,0) width 4: " "
          RenderInline {TT} at (0,0) size 33x16
            RenderText {#text} at (311,3) size 33x16
              text run at (311,3) width 33: "within"
          RenderText {#text} at (364,0) size 111x21
            text run at (364,0) width 111: " elements too."
          RenderBR {BR} at (495,16) size 0x0
          RenderText {#text} at (0,21) size 186x21
            text run at (0,21) width 64: "Word "
            text run at (64,21) width 122: "spacing test "
          RenderInline {EM} at (0,0) size 19x21
            RenderText {#text} at (186,21) size 19x21
              text run at (186,21) width 19: "for"
          RenderText {#text} at (225,21) size 4x21
            text run at (225,21) width 4: " "
          RenderInline {STRONG} at (0,0) size 58x21
            RenderText {#text} at (229,21) size 58x21
              text run at (229,21) width 58: "elements"
          RenderText {#text} at (307,21) size 4x21
            text run at (307,21) width 4: " "
          RenderInline {TT} at (0,0) size 33x16
            RenderText {#text} at (311,24) size 33x16
              text run at (311,24) width 33: "within"
          RenderText {#text} at (364,21) size 86x21
            text run at (364,21) width 86: " elements "
          RenderText {#text} at (450,21) size 700x42
            text run at (450,21) width 250: "too. (with comment between"
            text run at (0,42) width 158: "elements and too)"
          RenderBR {BR} at (178,58) size 0x0
          RenderText {#text} at (0,63) size 186x21
            text run at (0,63) width 64: "Word "
            text run at (64,63) width 122: "spacing test "
          RenderInline {EM} at (0,0) size 19x21
            RenderText {#text} at (186,63) size 19x21
              text run at (186,63) width 19: "for"
          RenderText {#text} at (225,63) size 4x21
            text run at (225,63) width 4: " "
          RenderInline {STRONG} at (0,0) size 58x21
            RenderText {#text} at (229,63) size 58x21
              text run at (229,63) width 58: "elements"
          RenderText {#text} at (307,63) size 4x21
            text run at (307,63) width 4: " "
          RenderInline {TT} at (0,0) size 33x16
            RenderText {#text} at (311,66) size 33x16
              text run at (311,66) width 33: "within"
          RenderText {#text} at (364,63) size 62x21
            text run at (364,63) width 62: " elements"
          RenderText {#text} at (446,63) size 764x42
            text run at (446,63) width 318: " too. (with comment (no preceeding"
            text run at (0,84) width 304: "space) between elements and too)"
          RenderBR {BR} at (324,100) size 0x0
          RenderText {#text} at (0,105) size 186x21
            text run at (0,105) width 64: "Word "
            text run at (64,105) width 122: "spacing test "
          RenderInline {EM} at (0,0) size 19x21
            RenderText {#text} at (186,105) size 19x21
              text run at (186,105) width 19: "for"
          RenderText {#text} at (225,105) size 4x21
            text run at (225,105) width 4: " "
          RenderInline {STRONG} at (0,0) size 58x21
            RenderText {#text} at (229,105) size 58x21
              text run at (229,105) width 58: "elements"
          RenderText {#text} at (307,105) size 4x21
            text run at (307,105) width 4: " "
          RenderInline {TT} at (0,0) size 33x16
            RenderText {#text} at (311,108) size 33x16
              text run at (311,108) width 33: "within"
          RenderText {#text} at (364,105) size 86x21
            text run at (364,105) width 86: " elements "
          RenderText {#text} at (450,105) size 739x42
            text run at (450,105) width 289: "too. (with comment (no trailing"
            text run at (0,126) width 304: "space) between elements and too)"
          RenderBR {BR} at (324,142) size 0x0
          RenderInline {SPAN} at (0,0) size 264x16
            RenderText {#text} at (0,150) size 169x16
              text run at (0,150) width 54: "Word "
              text run at (54,150) width 115: "spacing test "
            RenderInline {EM} at (0,0) size 15x16
              RenderText {#text} at (169,150) size 15x16
                text run at (169,150) width 15: "for"
            RenderText {#text} at (204,150) size 4x16
              text run at (204,150) width 4: " "
            RenderInline {STRONG} at (0,0) size 56x16
              RenderText {#text} at (208,150) size 56x16
                text run at (208,150) width 56: "elements"
          RenderText {#text} at (284,147) size 4x21
            text run at (284,147) width 4: " "
          RenderInline {TT} at (0,0) size 33x16
            RenderText {#text} at (288,150) size 33x16
              text run at (288,150) width 33: "within"
          RenderText {#text} at (341,147) size 718x42
            text run at (341,147) width 377: " elements too. (with monospace font from"
            text run at (0,168) width 164: "Word to elements)"
          RenderBR {BR} at (184,184) size 0x0
          RenderText {#text} at (0,189) size 186x21
            text run at (0,189) width 64: "Word "
            text run at (64,189) width 122: "spacing test "
          RenderInline {SPAN} at (0,0) size 152x16
            RenderInline {EM} at (0,0) size 15x16
              RenderText {#text} at (186,192) size 15x16
                text run at (186,192) width 15: "for"
            RenderText {#text} at (221,192) size 4x16
              text run at (221,192) width 4: " "
            RenderInline {STRONG} at (0,0) size 56x16
              RenderText {#text} at (225,192) size 56x16
                text run at (225,192) width 56: "elements"
            RenderText {#text} at (301,192) size 4x16
              text run at (301,192) width 4: " "
            RenderInline {TT} at (0,0) size 33x16
              RenderText {#text} at (305,192) size 33x16
                text run at (305,192) width 33: "within"
          RenderText {#text} at (358,189) size 735x42
            text run at (358,189) width 377: " elements too. (with monospace font from"
            text run at (0,210) width 129: "for to within)"
          RenderBR {BR} at (149,226) size 0x0
          RenderText {#text} at (0,231) size 186x21
            text run at (0,231) width 64: "Word "
            text run at (64,231) width 122: "spacing test "
          RenderInline {EM} at (0,0) size 19x21
            RenderText {#text} at (186,231) size 19x21
              text run at (186,231) width 19: "for"
          RenderText {#text} at (225,231) size 4x21
            text run at (225,231) width 4: " "
          RenderInline {STRONG} at (0,0) size 58x21
            RenderText {#text} at (229,231) size 58x21
              text run at (229,231) width 58: "elements"
          RenderText {#text} at (307,231) size 4x21
            text run at (307,231) width 4: " "
          RenderInline {SPAN} at (0,0) size 152x16
            RenderInline {TT} at (0,0) size 33x16
              RenderText {#text} at (311,234) size 33x16
                text run at (311,234) width 33: "within"
            RenderText {#text} at (364,234) size 99x16
              text run at (364,234) width 99: " elements too"
          RenderText {#text} at (463,231) size 733x42
            text run at (463,231) width 270: ". (with monospace font from"
            text run at (0,252) width 169: "elements to too) "
        RenderText {#text} at (0,0) size 0x0
        RenderBR {BR} at (0,0) size 0x0
        RenderBR {BR} at (0,273) size 0x21
        RenderBR {BR} at (0,294) size 0x21
      RenderBlock {H2} at (0,839) size 768x31
        RenderText {#text} at (0,0) size 141x32
          text run at (0,0) width 141: "letter-spacing"
      RenderBlock (floating) {PRE} at (0,902) size 696x184
        RenderBlock {H3} at (0,15) size 696x19
          RenderText {#text} at (0,0) size 104x19
            text run at (0,0) width 104: "In a floated pre"
        RenderBlock (anonymous) at (0,49) size 696x135
          RenderText {#text} at (0,0) size 120x32
            text run at (0,0) width 0: " "
            text run at (0,16) width 120: "Letter   spacing test "
          RenderInline {EM} at (0,0) size 15x16
            RenderText {#text} at (120,16) size 15x16
              text run at (120,16) width 15: "for"
          RenderText {#text} at (135,16) size 4x16
            text run at (135,16) width 4: " "
          RenderInline {STRONG} at (0,0) size 56x16
            RenderText {#text} at (139,16) size 56x16
              text run at (139,16) width 56: "elements"
          RenderText {#text} at (195,16) size 4x16
            text run at (195,16) width 4: " "
          RenderInline {TT} at (0,0) size 33x16
            RenderText {#text} at (199,16) size 33x16
              text run at (199,16) width 33: "within"
          RenderText {#text} at (232,16) size 315x33
            text run at (232,16) width 83: " elements too."
            text run at (315,16) width 0: " "
            text run at (0,33) width 120: "Letter   spacing test "
          RenderInline {EM} at (0,0) size 15x16
            RenderText {#text} at (120,33) size 15x16
              text run at (120,33) width 15: "for"
          RenderText {#text} at (135,33) size 4x16
            text run at (135,33) width 4: " "
          RenderInline {STRONG} at (0,0) size 56x16
            RenderText {#text} at (139,33) size 56x16
              text run at (139,33) width 56: "elements"
          RenderText {#text} at (195,33) size 4x16
            text run at (195,33) width 4: " "
          RenderInline {TT} at (0,0) size 33x16
            RenderText {#text} at (199,33) size 33x16
              text run at (199,33) width 33: "within"
          RenderText {#text} at (232,33) size 61x16
            text run at (232,33) width 61: " elements "
          RenderText {#text} at (293,33) size 568x33
            text run at (293,33) width 275: " too. (with comment between elements and too)"
            text run at (568,33) width 0: " "
            text run at (0,50) width 120: "Letter   spacing test "
          RenderInline {EM} at (0,0) size 15x16
            RenderText {#text} at (120,50) size 15x16
              text run at (120,50) width 15: "for"
          RenderText {#text} at (135,50) size 4x16
            text run at (135,50) width 4: " "
          RenderInline {STRONG} at (0,0) size 56x16
            RenderText {#text} at (139,50) size 56x16
              text run at (139,50) width 56: "elements"
          RenderText {#text} at (195,50) size 4x16
            text run at (195,50) width 4: " "
          RenderInline {TT} at (0,0) size 33x16
            RenderText {#text} at (199,50) size 33x16
              text run at (199,50) width 33: "within"
          RenderText {#text} at (232,50) size 57x16
            text run at (232,50) width 57: " elements"
          RenderText {#text} at (289,50) size 696x33
            text run at (289,50) width 407: " too. (with comment (no preceeding space) between elements and too)"
            text run at (696,50) width 0: " "
            text run at (0,67) width 120: "Letter   spacing test "
          RenderInline {EM} at (0,0) size 15x16
            RenderText {#text} at (120,67) size 15x16
              text run at (120,67) width 15: "for"
          RenderText {#text} at (135,67) size 4x16
            text run at (135,67) width 4: " "
          RenderInline {STRONG} at (0,0) size 56x16
            RenderText {#text} at (139,67) size 56x16
              text run at (139,67) width 56: "elements"
          RenderText {#text} at (195,67) size 4x16
            text run at (195,67) width 4: " "
          RenderInline {TT} at (0,0) size 33x16
            RenderText {#text} at (199,67) size 33x16
              text run at (199,67) width 33: "within"
          RenderText {#text} at (232,67) size 61x16
            text run at (232,67) width 61: " elements "
          RenderText {#text} at (293,67) size 378x16
            text run at (293,67) width 378: "too. (with comment (no trailing space) between elements and too)"
            text run at (671,67) width 0: " "
          RenderInline {SPAN} at (0,0) size 195x16
            RenderText {#text} at (0,84) size 120x16
              text run at (0,84) width 120: "Letter   spacing test "
            RenderInline {EM} at (0,0) size 15x16
              RenderText {#text} at (120,84) size 15x16
                text run at (120,84) width 15: "for"
            RenderText {#text} at (135,84) size 4x16
              text run at (135,84) width 4: " "
            RenderInline {STRONG} at (0,0) size 56x16
              RenderText {#text} at (139,84) size 56x16
                text run at (139,84) width 56: "elements"
          RenderText {#text} at (195,84) size 4x16
            text run at (195,84) width 4: " "
          RenderInline {TT} at (0,0) size 33x16
            RenderText {#text} at (199,84) size 33x16
              text run at (199,84) width 33: "within"
          RenderText {#text} at (232,84) size 586x33
            text run at (232,84) width 354: " elements too. (with monospace font from Letter to elements)"
            text run at (586,84) width 0: " "
            text run at (0,101) width 120: "Letter   spacing test "
          RenderInline {SPAN} at (0,0) size 112x16
            RenderInline {EM} at (0,0) size 15x16
              RenderText {#text} at (120,101) size 15x16
                text run at (120,101) width 15: "for"
            RenderText {#text} at (135,101) size 4x16
              text run at (135,101) width 4: " "
            RenderInline {STRONG} at (0,0) size 56x16
              RenderText {#text} at (139,101) size 56x16
                text run at (139,101) width 56: "elements"
            RenderText {#text} at (195,101) size 4x16
              text run at (195,101) width 4: " "
            RenderInline {TT} at (0,0) size 33x16
              RenderText {#text} at (199,101) size 33x16
                text run at (199,101) width 33: "within"
          RenderText {#text} at (232,101) size 548x33
            text run at (232,101) width 316: " elements too. (with monospace font from for to within)"
            text run at (548,101) width 0: " "
            text run at (0,118) width 120: "Letter   spacing test "
          RenderInline {EM} at (0,0) size 15x16
            RenderText {#text} at (120,118) size 15x16
              text run at (120,118) width 15: "for"
          RenderText {#text} at (135,118) size 4x16
            text run at (135,118) width 4: " "
          RenderInline {STRONG} at (0,0) size 56x16
            RenderText {#text} at (139,118) size 56x16
              text run at (139,118) width 56: "elements"
          RenderText {#text} at (195,118) size 4x16
            text run at (195,118) width 4: " "
          RenderInline {SPAN} at (0,0) size 112x16
            RenderInline {TT} at (0,0) size 33x16
              RenderText {#text} at (199,118) size 33x16
                text run at (199,118) width 33: "within"
            RenderText {#text} at (232,118) size 79x16
              text run at (232,118) width 79: " elements too"
          RenderText {#text} at (311,118) size 260x16
            text run at (311,118) width 260: ". (with monospace font from elements to too)"
            text run at (571,118) width 0: " "
      RenderBlock (anonymous) at (0,889) size 768x210
        RenderBR {BR} at (696,0) size 0x21
      RenderBlock {PRE} at (0,1114) size 768x169
        RenderBlock {H3} at (0,0) size 768x19
          RenderText {#text} at (0,0) size 136x19
            text run at (0,0) width 136: "In an un-floated pre"
        RenderBlock (anonymous) at (0,34) size 768x135
          RenderText {#text} at (0,0) size 120x32
            text run at (0,0) width 0: " "
            text run at (0,16) width 120: "Letter   spacing test "
          RenderInline {EM} at (0,0) size 15x16
            RenderText {#text} at (120,16) size 15x16
              text run at (120,16) width 15: "for"
          RenderText {#text} at (135,16) size 4x16
            text run at (135,16) width 4: " "
          RenderInline {STRONG} at (0,0) size 56x16
            RenderText {#text} at (139,16) size 56x16
              text run at (139,16) width 56: "elements"
          RenderText {#text} at (195,16) size 4x16
            text run at (195,16) width 4: " "
          RenderInline {TT} at (0,0) size 33x16
            RenderText {#text} at (199,16) size 33x16
              text run at (199,16) width 33: "within"
          RenderText {#text} at (232,16) size 315x33
            text run at (232,16) width 83: " elements too."
            text run at (315,16) width 0: " "
            text run at (0,33) width 120: "Letter   spacing test "
          RenderInline {EM} at (0,0) size 15x16
            RenderText {#text} at (120,33) size 15x16
              text run at (120,33) width 15: "for"
          RenderText {#text} at (135,33) size 4x16
            text run at (135,33) width 4: " "
          RenderInline {STRONG} at (0,0) size 56x16
            RenderText {#text} at (139,33) size 56x16
              text run at (139,33) width 56: "elements"
          RenderText {#text} at (195,33) size 4x16
            text run at (195,33) width 4: " "
          RenderInline {TT} at (0,0) size 33x16
            RenderText {#text} at (199,33) size 33x16
              text run at (199,33) width 33: "within"
          RenderText {#text} at (232,33) size 61x16
            text run at (232,33) width 61: " elements "
          RenderText {#text} at (293,33) size 568x33
            text run at (293,33) width 275: " too. (with comment between elements and too)"
            text run at (568,33) width 0: " "
            text run at (0,50) width 120: "Letter   spacing test "
          RenderInline {EM} at (0,0) size 15x16
            RenderText {#text} at (120,50) size 15x16
              text run at (120,50) width 15: "for"
          RenderText {#text} at (135,50) size 4x16
            text run at (135,50) width 4: " "
          RenderInline {STRONG} at (0,0) size 56x16
            RenderText {#text} at (139,50) size 56x16
              text run at (139,50) width 56: "elements"
          RenderText {#text} at (195,50) size 4x16
            text run at (195,50) width 4: " "
          RenderInline {TT} at (0,0) size 33x16
            RenderText {#text} at (199,50) size 33x16
              text run at (199,50) width 33: "within"
          RenderText {#text} at (232,50) size 57x16
            text run at (232,50) width 57: " elements"
          RenderText {#text} at (289,50) size 696x33
            text run at (289,50) width 407: " too. (with comment (no preceeding space) between elements and too)"
            text run at (696,50) width 0: " "
            text run at (0,67) width 120: "Letter   spacing test "
          RenderInline {EM} at (0,0) size 15x16
            RenderText {#text} at (120,67) size 15x16
              text run at (120,67) width 15: "for"
          RenderText {#text} at (135,67) size 4x16
            text run at (135,67) width 4: " "
          RenderInline {STRONG} at (0,0) size 56x16
            RenderText {#text} at (139,67) size 56x16
              text run at (139,67) width 56: "elements"
          RenderText {#text} at (195,67) size 4x16
            text run at (195,67) width 4: " "
          RenderInline {TT} at (0,0) size 33x16
            RenderText {#text} at (199,67) size 33x16
              text run at (199,67) width 33: "within"
          RenderText {#text} at (232,67) size 61x16
            text run at (232,67) width 61: " elements "
          RenderText {#text} at (293,67) size 378x16
            text run at (293,67) width 378: "too. (with comment (no trailing space) between elements and too)"
            text run at (671,67) width 0: " "
          RenderInline {SPAN} at (0,0) size 195x16
            RenderText {#text} at (0,84) size 120x16
              text run at (0,84) width 120: "Letter   spacing test "
            RenderInline {EM} at (0,0) size 15x16
              RenderText {#text} at (120,84) size 15x16
                text run at (120,84) width 15: "for"
            RenderText {#text} at (135,84) size 4x16
              text run at (135,84) width 4: " "
            RenderInline {STRONG} at (0,0) size 56x16
              RenderText {#text} at (139,84) size 56x16
                text run at (139,84) width 56: "elements"
          RenderText {#text} at (195,84) size 4x16
            text run at (195,84) width 4: " "
          RenderInline {TT} at (0,0) size 33x16
            RenderText {#text} at (199,84) size 33x16
              text run at (199,84) width 33: "within"
          RenderText {#text} at (232,84) size 586x33
            text run at (232,84) width 354: " elements too. (with monospace font from Letter to elements)"
            text run at (586,84) width 0: " "
            text run at (0,101) width 120: "Letter   spacing test "
          RenderInline {SPAN} at (0,0) size 112x16
            RenderInline {EM} at (0,0) size 15x16
              RenderText {#text} at (120,101) size 15x16
                text run at (120,101) width 15: "for"
            RenderText {#text} at (135,101) size 4x16
              text run at (135,101) width 4: " "
            RenderInline {STRONG} at (0,0) size 56x16
              RenderText {#text} at (139,101) size 56x16
                text run at (139,101) width 56: "elements"
            RenderText {#text} at (195,101) size 4x16
              text run at (195,101) width 4: " "
            RenderInline {TT} at (0,0) size 33x16
              RenderText {#text} at (199,101) size 33x16
                text run at (199,101) width 33: "within"
          RenderText {#text} at (232,101) size 548x33
            text run at (232,101) width 316: " elements too. (with monospace font from for to within)"
            text run at (548,101) width 0: " "
            text run at (0,118) width 120: "Letter   spacing test "
          RenderInline {EM} at (0,0) size 15x16
            RenderText {#text} at (120,118) size 15x16
              text run at (120,118) width 15: "for"
          RenderText {#text} at (135,118) size 4x16
            text run at (135,118) width 4: " "
          RenderInline {STRONG} at (0,0) size 56x16
            RenderText {#text} at (139,118) size 56x16
              text run at (139,118) width 56: "elements"
          RenderText {#text} at (195,118) size 4x16
            text run at (195,118) width 4: " "
          RenderInline {SPAN} at (0,0) size 112x16
            RenderInline {TT} at (0,0) size 33x16
              RenderText {#text} at (199,118) size 33x16
                text run at (199,118) width 33: "within"
            RenderText {#text} at (232,118) size 79x16
              text run at (232,118) width 79: " elements too"
          RenderText {#text} at (311,118) size 260x16
            text run at (311,118) width 260: ". (with monospace font from elements to too)"
            text run at (571,118) width 0: " "
      RenderBlock (anonymous) at (0,1296) size 768x21
        RenderBR {BR} at (0,0) size 0x21
        RenderInline {SPAN} at (0,0) size 0x0
          RenderText {#text} at (0,0) size 0x0
      RenderBlock (anonymous) at (0,1335) size 768x25
        RenderBlock {H3} at (0,0) size 768x25
          RenderText {#text} at (0,0) size 77x25
            text run at (0,0) width 77: "In a span"
      RenderBlock (anonymous) at (0,1378) size 768x210
        RenderInline {SPAN} at (0,0) size 749x168
          RenderText {#text} at (0,0) size 128x21
            text run at (0,0) width 46: "Letter "
            text run at (46,0) width 82: "spacing test "
          RenderInline {EM} at (0,0) size 19x21
            RenderText {#text} at (128,0) size 19x21
              text run at (128,0) width 19: "for"
          RenderText {#text} at (147,0) size 4x21
            text run at (147,0) width 4: " "
          RenderInline {STRONG} at (0,0) size 58x21
            RenderText {#text} at (151,0) size 58x21
              text run at (151,0) width 58: "elements"
          RenderText {#text} at (209,0) size 4x21
            text run at (209,0) width 4: " "
          RenderInline {TT} at (0,0) size 33x16
            RenderText {#text} at (213,3) size 33x16
              text run at (213,3) width 33: "within"
          RenderText {#text} at (246,0) size 91x21
            text run at (246,0) width 91: " elements too."
          RenderBR {BR} at (337,16) size 0x0
          RenderText {#text} at (0,21) size 128x21
            text run at (0,21) width 46: "Letter "
            text run at (46,21) width 82: "spacing test "
          RenderInline {EM} at (0,0) size 19x21
            RenderText {#text} at (128,21) size 19x21
              text run at (128,21) width 19: "for"
          RenderText {#text} at (147,21) size 4x21
            text run at (147,21) width 4: " "
          RenderInline {STRONG} at (0,0) size 58x21
            RenderText {#text} at (151,21) size 58x21
              text run at (151,21) width 58: "elements"
          RenderText {#text} at (209,21) size 4x21
            text run at (209,21) width 4: " "
          RenderInline {TT} at (0,0) size 33x16
            RenderText {#text} at (213,24) size 33x16
              text run at (213,24) width 33: "within"
          RenderText {#text} at (246,21) size 66x21
            text run at (246,21) width 66: " elements "
          RenderText {#text} at (312,21) size 312x21
            text run at (312,21) width 312: "too. (with comment between elements and too)"
          RenderBR {BR} at (624,37) size 0x0
          RenderText {#text} at (0,42) size 128x21
            text run at (0,42) width 46: "Letter "
            text run at (46,42) width 82: "spacing test "
          RenderInline {EM} at (0,0) size 19x21
            RenderText {#text} at (128,42) size 19x21
              text run at (128,42) width 19: "for"
          RenderText {#text} at (147,42) size 4x21
            text run at (147,42) width 4: " "
          RenderInline {STRONG} at (0,0) size 58x21
            RenderText {#text} at (151,42) size 58x21
              text run at (151,42) width 58: "elements"
          RenderText {#text} at (209,42) size 4x21
            text run at (209,42) width 4: " "
          RenderInline {TT} at (0,0) size 33x16
            RenderText {#text} at (213,45) size 33x16
              text run at (213,45) width 33: "within"
          RenderText {#text} at (246,42) size 62x21
            text run at (246,42) width 62: " elements"
          RenderText {#text} at (308,42) size 744x42
            text run at (308,42) width 436: " too. (with comment (no preceeding space) between elements and"
            text run at (0,63) width 26: "too)"
          RenderBR {BR} at (26,79) size 0x0
          RenderText {#text} at (0,84) size 128x21
            text run at (0,84) width 46: "Letter "
            text run at (46,84) width 82: "spacing test "
          RenderInline {EM} at (0,0) size 19x21
            RenderText {#text} at (128,84) size 19x21
              text run at (128,84) width 19: "for"
          RenderText {#text} at (147,84) size 4x21
            text run at (147,84) width 4: " "
          RenderInline {STRONG} at (0,0) size 58x21
            RenderText {#text} at (151,84) size 58x21
              text run at (151,84) width 58: "elements"
          RenderText {#text} at (209,84) size 4x21
            text run at (209,84) width 4: " "
          RenderInline {TT} at (0,0) size 33x16
            RenderText {#text} at (213,87) size 33x16
              text run at (213,87) width 33: "within"
          RenderText {#text} at (246,84) size 66x21
            text run at (246,84) width 66: " elements "
          RenderText {#text} at (312,84) size 437x21
            text run at (312,84) width 437: "too. (with comment (no trailing space) between elements and too)"
          RenderBR {BR} at (749,100) size 0x0
          RenderInline {SPAN} at (0,0) size 187x16
            RenderText {#text} at (0,108) size 112x16
              text run at (0,108) width 37: "Letter "
              text run at (37,108) width 75: "spacing test "
            RenderInline {EM} at (0,0) size 15x16
              RenderText {#text} at (112,108) size 15x16
                text run at (112,108) width 15: "for"
            RenderText {#text} at (127,108) size 4x16
              text run at (127,108) width 4: " "
            RenderInline {STRONG} at (0,0) size 56x16
              RenderText {#text} at (131,108) size 56x16
                text run at (131,108) width 56: "elements"
          RenderText {#text} at (187,105) size 4x21
            text run at (187,105) width 4: " "
          RenderInline {TT} at (0,0) size 33x16
            RenderText {#text} at (191,108) size 33x16
              text run at (191,108) width 33: "within"
          RenderText {#text} at (224,105) size 407x21
            text run at (224,105) width 407: " elements too. (with monospace font from Letter to elements)"
          RenderBR {BR} at (631,121) size 0x0
          RenderText {#text} at (0,126) size 128x21
            text run at (0,126) width 46: "Letter "
            text run at (46,126) width 82: "spacing test "
          RenderInline {SPAN} at (0,0) size 112x16
            RenderInline {EM} at (0,0) size 15x16
              RenderText {#text} at (128,129) size 15x16
                text run at (128,129) width 15: "for"
            RenderText {#text} at (143,129) size 4x16
              text run at (143,129) width 4: " "
            RenderInline {STRONG} at (0,0) size 56x16
              RenderText {#text} at (147,129) size 56x16
                text run at (147,129) width 56: "elements"
            RenderText {#text} at (203,129) size 4x16
              text run at (203,129) width 4: " "
            RenderInline {TT} at (0,0) size 33x16
              RenderText {#text} at (207,129) size 33x16
                text run at (207,129) width 33: "within"
          RenderText {#text} at (240,126) size 370x21
            text run at (240,126) width 370: " elements too. (with monospace font from for to within)"
          RenderBR {BR} at (610,142) size 0x0
          RenderText {#text} at (0,147) size 128x21
            text run at (0,147) width 46: "Letter "
            text run at (46,147) width 82: "spacing test "
          RenderInline {EM} at (0,0) size 19x21
            RenderText {#text} at (128,147) size 19x21
              text run at (128,147) width 19: "for"
          RenderText {#text} at (147,147) size 4x21
            text run at (147,147) width 4: " "
          RenderInline {STRONG} at (0,0) size 58x21
            RenderText {#text} at (151,147) size 58x21
              text run at (151,147) width 58: "elements"
          RenderText {#text} at (209,147) size 4x21
            text run at (209,147) width 4: " "
          RenderInline {SPAN} at (0,0) size 112x16
            RenderInline {TT} at (0,0) size 33x16
              RenderText {#text} at (213,150) size 33x16
                text run at (213,150) width 33: "within"
            RenderText {#text} at (246,150) size 79x16
              text run at (246,150) width 79: " elements too"
          RenderText {#text} at (325,147) size 303x21
            text run at (325,147) width 303: ". (with monospace font from elements to too) "
        RenderText {#text} at (0,0) size 0x0
        RenderBR {BR} at (0,0) size 0x0
        RenderBR {BR} at (0,168) size 0x21
        RenderBR {BR} at (0,189) size 0x21
      RenderBlock {H2} at (0,1607) size 768x31
        RenderText {#text} at (0,0) size 131x32
          text run at (0,0) width 131: "both-spacing"
      RenderBlock (floating) {PRE} at (0,1670) size 1091x184
        RenderBlock {H3} at (0,15) size 1091x19
          RenderText {#text} at (0,0) size 164x19
            text run at (0,0) width 164: "In a floated pre"
        RenderBlock (anonymous) at (0,49) size 1091x135
          RenderText {#text} at (0,0) size 275x32
            text run at (0,0) width 0: " "
            text run at (0,16) width 275: "Word and letter   spacing test "
          RenderInline {EM} at (0,0) size 15x16
            RenderText {#text} at (275,16) size 15x16
              text run at (275,16) width 15: "for"
          RenderText {#text} at (310,16) size 4x16
            text run at (310,16) width 4: " "
          RenderInline {STRONG} at (0,0) size 56x16
            RenderText {#text} at (314,16) size 56x16
              text run at (314,16) width 56: "elements"
          RenderText {#text} at (390,16) size 4x16
            text run at (390,16) width 4: " "
          RenderInline {TT} at (0,0) size 33x16
            RenderText {#text} at (394,16) size 33x16
              text run at (394,16) width 33: "within"
          RenderText {#text} at (447,16) size 570x33
            text run at (447,16) width 103: " elements too."
            text run at (570,16) width 0: " "
            text run at (0,33) width 275: "Word and letter   spacing test "
          RenderInline {EM} at (0,0) size 15x16
            RenderText {#text} at (275,33) size 15x16
              text run at (275,33) width 15: "for"
          RenderText {#text} at (310,33) size 4x16
            text run at (310,33) width 4: " "
          RenderInline {STRONG} at (0,0) size 56x16
            RenderText {#text} at (314,33) size 56x16
              text run at (314,33) width 56: "elements"
          RenderText {#text} at (390,33) size 4x16
            text run at (390,33) width 4: " "
          RenderInline {TT} at (0,0) size 33x16
            RenderText {#text} at (394,33) size 33x16
              text run at (394,33) width 33: "within"
          RenderText {#text} at (447,33) size 81x16
            text run at (447,33) width 81: " elements "
          RenderText {#text} at (528,33) size 943x33
            text run at (528,33) width 395: " too. (with comment between elements and too)"
            text run at (943,33) width 0: " "
            text run at (0,50) width 275: "Word and letter   spacing test "
          RenderInline {EM} at (0,0) size 15x16
            RenderText {#text} at (275,50) size 15x16
              text run at (275,50) width 15: "for"
          RenderText {#text} at (310,50) size 4x16
            text run at (310,50) width 4: " "
          RenderInline {STRONG} at (0,0) size 56x16
            RenderText {#text} at (314,50) size 56x16
              text run at (314,50) width 56: "elements"
          RenderText {#text} at (390,50) size 4x16
            text run at (390,50) width 4: " "
          RenderInline {TT} at (0,0) size 33x16
            RenderText {#text} at (394,50) size 33x16
              text run at (394,50) width 33: "within"
          RenderText {#text} at (447,50) size 57x16
            text run at (447,50) width 57: " elements"
          RenderText {#text} at (524,50) size 1131x33
            text run at (524,50) width 587: " too. (with comment (no preceeding space) between elements and too)"
            text run at (1131,50) width 0: " "
            text run at (0,67) width 275: "Word and letter   spacing test "
          RenderInline {EM} at (0,0) size 15x16
            RenderText {#text} at (275,67) size 15x16
              text run at (275,67) width 15: "for"
          RenderText {#text} at (310,67) size 4x16
            text run at (310,67) width 4: " "
          RenderInline {STRONG} at (0,0) size 56x16
            RenderText {#text} at (314,67) size 56x16
              text run at (314,67) width 56: "elements"
          RenderText {#text} at (390,67) size 4x16
            text run at (390,67) width 4: " "
          RenderInline {TT} at (0,0) size 33x16
            RenderText {#text} at (394,67) size 33x16
              text run at (394,67) width 33: "within"
          RenderText {#text} at (447,67) size 81x16
            text run at (447,67) width 81: " elements "
          RenderText {#text} at (528,67) size 578x16
            text run at (528,67) width 558: "too. (with comment (no trailing space) between elements and too)"
            text run at (1106,67) width 0: " "
          RenderInline {SPAN} at (0,0) size 370x16
            RenderText {#text} at (0,84) size 275x16
              text run at (0,84) width 275: "Word and letter   spacing test "
            RenderInline {EM} at (0,0) size 15x16
              RenderText {#text} at (275,84) size 15x16
                text run at (275,84) width 15: "for"
            RenderText {#text} at (310,84) size 4x16
              text run at (310,84) width 4: " "
            RenderInline {STRONG} at (0,0) size 56x16
              RenderText {#text} at (314,84) size 56x16
                text run at (314,84) width 56: "elements"
          RenderText {#text} at (390,84) size 4x16
            text run at (390,84) width 4: " "
          RenderInline {TT} at (0,0) size 33x16
            RenderText {#text} at (394,84) size 33x16
              text run at (394,84) width 33: "within"
          RenderText {#text} at (447,84) size 978x33
            text run at (447,84) width 511: " elements too. (with monospace font from Word to elements)"
            text run at (978,84) width 0: " "
            text run at (0,101) width 275: "Word and letter   spacing test "
          RenderInline {SPAN} at (0,0) size 152x16
            RenderInline {EM} at (0,0) size 15x16
              RenderText {#text} at (275,101) size 15x16
                text run at (275,101) width 15: "for"
            RenderText {#text} at (310,101) size 4x16
              text run at (310,101) width 4: " "
            RenderInline {STRONG} at (0,0) size 56x16
              RenderText {#text} at (314,101) size 56x16
                text run at (314,101) width 56: "elements"
            RenderText {#text} at (390,101) size 4x16
              text run at (390,101) width 4: " "
            RenderInline {TT} at (0,0) size 33x16
              RenderText {#text} at (394,101) size 33x16
                text run at (394,101) width 33: "within"
          RenderText {#text} at (447,101) size 943x33
            text run at (447,101) width 476: " elements too. (with monospace font from for to within)"
            text run at (943,101) width 0: " "
            text run at (0,118) width 275: "Word and letter   spacing test "
          RenderInline {EM} at (0,0) size 15x16
            RenderText {#text} at (275,118) size 15x16
              text run at (275,118) width 15: "for"
          RenderText {#text} at (310,118) size 4x16
            text run at (310,118) width 4: " "
          RenderInline {STRONG} at (0,0) size 56x16
            RenderText {#text} at (314,118) size 56x16
              text run at (314,118) width 56: "elements"
          RenderText {#text} at (390,118) size 4x16
            text run at (390,118) width 4: " "
          RenderInline {SPAN} at (0,0) size 152x16
            RenderInline {TT} at (0,0) size 33x16
              RenderText {#text} at (394,118) size 33x16
                text run at (394,118) width 33: "within"
            RenderText {#text} at (447,118) size 99x16
              text run at (447,118) width 99: " elements too"
          RenderText {#text} at (546,118) size 420x16
            text run at (546,118) width 400: ". (with monospace font from elements to too)"
            text run at (966,118) width 0: " "
      RenderBlock (anonymous) at (0,1657) size 768x210
        RenderBR {BR} at (1091,0) size 0x21
      RenderBlock {PRE} at (0,1882) size 768x169
        RenderBlock {H3} at (0,0) size 768x19
          RenderText {#text} at (0,0) size 196x19
            text run at (0,0) width 196: "In an un-floated pre"
        RenderBlock (anonymous) at (0,34) size 768x135
          RenderText {#text} at (0,0) size 275x32
            text run at (0,0) width 0: " "
            text run at (0,16) width 275: "Word and letter   spacing test "
          RenderInline {EM} at (0,0) size 15x16
            RenderText {#text} at (275,16) size 15x16
              text run at (275,16) width 15: "for"
          RenderText {#text} at (310,16) size 4x16
            text run at (310,16) width 4: " "
          RenderInline {STRONG} at (0,0) size 56x16
            RenderText {#text} at (314,16) size 56x16
              text run at (314,16) width 56: "elements"
          RenderText {#text} at (390,16) size 4x16
            text run at (390,16) width 4: " "
          RenderInline {TT} at (0,0) size 33x16
            RenderText {#text} at (394,16) size 33x16
              text run at (394,16) width 33: "within"
          RenderText {#text} at (447,16) size 570x33
            text run at (447,16) width 103: " elements too."
            text run at (570,16) width 0: " "
            text run at (0,33) width 275: "Word and letter   spacing test "
          RenderInline {EM} at (0,0) size 15x16
            RenderText {#text} at (275,33) size 15x16
              text run at (275,33) width 15: "for"
          RenderText {#text} at (310,33) size 4x16
            text run at (310,33) width 4: " "
          RenderInline {STRONG} at (0,0) size 56x16
            RenderText {#text} at (314,33) size 56x16
              text run at (314,33) width 56: "elements"
          RenderText {#text} at (390,33) size 4x16
            text run at (390,33) width 4: " "
          RenderInline {TT} at (0,0) size 33x16
            RenderText {#text} at (394,33) size 33x16
              text run at (394,33) width 33: "within"
          RenderText {#text} at (447,33) size 81x16
            text run at (447,33) width 81: " elements "
          RenderText {#text} at (528,33) size 943x33
            text run at (528,33) width 395: " too. (with comment between elements and too)"
            text run at (943,33) width 0: " "
            text run at (0,50) width 275: "Word and letter   spacing test "
          RenderInline {EM} at (0,0) size 15x16
            RenderText {#text} at (275,50) size 15x16
              text run at (275,50) width 15: "for"
          RenderText {#text} at (310,50) size 4x16
            text run at (310,50) width 4: " "
          RenderInline {STRONG} at (0,0) size 56x16
            RenderText {#text} at (314,50) size 56x16
              text run at (314,50) width 56: "elements"
          RenderText {#text} at (390,50) size 4x16
            text run at (390,50) width 4: " "
          RenderInline {TT} at (0,0) size 33x16
            RenderText {#text} at (394,50) size 33x16
              text run at (394,50) width 33: "within"
          RenderText {#text} at (447,50) size 57x16
            text run at (447,50) width 57: " elements"
          RenderText {#text} at (524,50) size 1131x33
            text run at (524,50) width 587: " too. (with comment (no preceeding space) between elements and too)"
            text run at (1131,50) width 0: " "
            text run at (0,67) width 275: "Word and letter   spacing test "
          RenderInline {EM} at (0,0) size 15x16
            RenderText {#text} at (275,67) size 15x16
              text run at (275,67) width 15: "for"
          RenderText {#text} at (310,67) size 4x16
            text run at (310,67) width 4: " "
          RenderInline {STRONG} at (0,0) size 56x16
            RenderText {#text} at (314,67) size 56x16
              text run at (314,67) width 56: "elements"
          RenderText {#text} at (390,67) size 4x16
            text run at (390,67) width 4: " "
          RenderInline {TT} at (0,0) size 33x16
            RenderText {#text} at (394,67) size 33x16
              text run at (394,67) width 33: "within"
          RenderText {#text} at (447,67) size 81x16
            text run at (447,67) width 81: " elements "
          RenderText {#text} at (528,67) size 578x16
            text run at (528,67) width 558: "too. (with comment (no trailing space) between elements and too)"
            text run at (1106,67) width 0: " "
          RenderInline {SPAN} at (0,0) size 370x16
            RenderText {#text} at (0,84) size 275x16
              text run at (0,84) width 275: "Word and letter   spacing test "
            RenderInline {EM} at (0,0) size 15x16
              RenderText {#text} at (275,84) size 15x16
                text run at (275,84) width 15: "for"
            RenderText {#text} at (310,84) size 4x16
              text run at (310,84) width 4: " "
            RenderInline {STRONG} at (0,0) size 56x16
              RenderText {#text} at (314,84) size 56x16
                text run at (314,84) width 56: "elements"
          RenderText {#text} at (390,84) size 4x16
            text run at (390,84) width 4: " "
          RenderInline {TT} at (0,0) size 33x16
            RenderText {#text} at (394,84) size 33x16
              text run at (394,84) width 33: "within"
          RenderText {#text} at (447,84) size 978x33
            text run at (447,84) width 511: " elements too. (with monospace font from Word to elements)"
            text run at (978,84) width 0: " "
            text run at (0,101) width 275: "Word and letter   spacing test "
          RenderInline {SPAN} at (0,0) size 152x16
            RenderInline {EM} at (0,0) size 15x16
              RenderText {#text} at (275,101) size 15x16
                text run at (275,101) width 15: "for"
            RenderText {#text} at (310,101) size 4x16
              text run at (310,101) width 4: " "
            RenderInline {STRONG} at (0,0) size 56x16
              RenderText {#text} at (314,101) size 56x16
                text run at (314,101) width 56: "elements"
            RenderText {#text} at (390,101) size 4x16
              text run at (390,101) width 4: " "
            RenderInline {TT} at (0,0) size 33x16
              RenderText {#text} at (394,101) size 33x16
                text run at (394,101) width 33: "within"
          RenderText {#text} at (447,101) size 943x33
            text run at (447,101) width 476: " elements too. (with monospace font from for to within)"
            text run at (943,101) width 0: " "
            text run at (0,118) width 275: "Word and letter   spacing test "
          RenderInline {EM} at (0,0) size 15x16
            RenderText {#text} at (275,118) size 15x16
              text run at (275,118) width 15: "for"
          RenderText {#text} at (310,118) size 4x16
            text run at (310,118) width 4: " "
          RenderInline {STRONG} at (0,0) size 56x16
            RenderText {#text} at (314,118) size 56x16
              text run at (314,118) width 56: "elements"
          RenderText {#text} at (390,118) size 4x16
            text run at (390,118) width 4: " "
          RenderInline {SPAN} at (0,0) size 152x16
            RenderInline {TT} at (0,0) size 33x16
              RenderText {#text} at (394,118) size 33x16
                text run at (394,118) width 33: "within"
            RenderText {#text} at (447,118) size 99x16
              text run at (447,118) width 99: " elements too"
          RenderText {#text} at (546,118) size 420x16
            text run at (546,118) width 400: ". (with monospace font from elements to too)"
            text run at (966,118) width 0: " "
      RenderBlock (anonymous) at (0,2064) size 768x21
        RenderBR {BR} at (0,0) size 0x21
        RenderInline {SPAN} at (0,0) size 0x0
          RenderText {#text} at (0,0) size 0x0
      RenderBlock (anonymous) at (0,2103) size 768x25
        RenderBlock {H3} at (0,0) size 768x25
          RenderText {#text} at (0,0) size 117x25
            text run at (0,0) width 117: "In a span"
      RenderBlock (anonymous) at (0,2146) size 768x273
        RenderInline {SPAN} at (0,0) size 759x273
          RenderText {#text} at (0,0) size 295x21
            text run at (0,0) width 173: "Word and letter "
            text run at (173,0) width 122: "spacing test "
          RenderInline {EM} at (0,0) size 19x21
            RenderText {#text} at (295,0) size 19x21
              text run at (295,0) width 19: "for"
          RenderText {#text} at (334,0) size 4x21
            text run at (334,0) width 4: " "
          RenderInline {STRONG} at (0,0) size 58x21
            RenderText {#text} at (338,0) size 58x21
              text run at (338,0) width 58: "elements"
          RenderText {#text} at (416,0) size 4x21
            text run at (416,0) width 4: " "
          RenderInline {TT} at (0,0) size 33x16
            RenderText {#text} at (420,3) size 33x16
              text run at (420,3) width 33: "within"
          RenderText {#text} at (473,0) size 111x21
            text run at (473,0) width 111: " elements too."
          RenderBR {BR} at (604,16) size 0x0
          RenderText {#text} at (0,21) size 295x21
            text run at (0,21) width 173: "Word and letter "
            text run at (173,21) width 122: "spacing test "
          RenderInline {EM} at (0,0) size 19x21
            RenderText {#text} at (295,21) size 19x21
              text run at (295,21) width 19: "for"
          RenderText {#text} at (334,21) size 4x21
            text run at (334,21) width 4: " "
          RenderInline {STRONG} at (0,0) size 58x21
            RenderText {#text} at (338,21) size 58x21
              text run at (338,21) width 58: "elements"
          RenderText {#text} at (416,21) size 4x21
            text run at (416,21) width 4: " "
          RenderInline {TT} at (0,0) size 33x16
            RenderText {#text} at (420,24) size 33x16
              text run at (420,24) width 33: "within"
          RenderText {#text} at (473,21) size 86x21
            text run at (473,21) width 86: " elements "
          RenderText {#text} at (559,21) size 729x42
            text run at (559,21) width 170: "too. (with comment"
            text run at (0,42) width 238: "between elements and too)"
          RenderBR {BR} at (258,58) size 0x0
          RenderText {#text} at (0,63) size 295x21
            text run at (0,63) width 173: "Word and letter "
            text run at (173,63) width 122: "spacing test "
          RenderInline {EM} at (0,0) size 19x21
            RenderText {#text} at (295,63) size 19x21
              text run at (295,63) width 19: "for"
          RenderText {#text} at (334,63) size 4x21
            text run at (334,63) width 4: " "
          RenderInline {STRONG} at (0,0) size 58x21
            RenderText {#text} at (338,63) size 58x21
              text run at (338,63) width 58: "elements"
          RenderText {#text} at (416,63) size 4x21
            text run at (416,63) width 4: " "
          RenderInline {TT} at (0,0) size 33x16
            RenderText {#text} at (420,66) size 33x16
              text run at (420,66) width 33: "within"
          RenderText {#text} at (473,63) size 62x21
            text run at (473,63) width 62: " elements"
          RenderText {#text} at (555,63) size 729x42
            text run at (555,63) width 174: " too. (with comment"
            text run at (0,84) width 448: "(no preceeding space) between elements and too)"
          RenderBR {BR} at (468,100) size 0x0
          RenderText {#text} at (0,105) size 295x21
            text run at (0,105) width 173: "Word and letter "
            text run at (173,105) width 122: "spacing test "
          RenderInline {EM} at (0,0) size 19x21
            RenderText {#text} at (295,105) size 19x21
              text run at (295,105) width 19: "for"
          RenderText {#text} at (334,105) size 4x21
            text run at (334,105) width 4: " "
          RenderInline {STRONG} at (0,0) size 58x21
            RenderText {#text} at (338,105) size 58x21
              text run at (338,105) width 58: "elements"
          RenderText {#text} at (416,105) size 4x21
            text run at (416,105) width 4: " "
          RenderInline {TT} at (0,0) size 33x16
            RenderText {#text} at (420,108) size 33x16
              text run at (420,108) width 33: "within"
          RenderText {#text} at (473,105) size 86x21
            text run at (473,105) width 86: " elements "
          RenderText {#text} at (559,105) size 729x42
            text run at (559,105) width 170: "too. (with comment"
            text run at (0,126) width 423: "(no trailing space) between elements and too)"
          RenderBR {BR} at (443,142) size 0x0
          RenderInline {SPAN} at (0,0) size 362x16
            RenderText {#text} at (0,150) size 267x16
              text run at (0,150) width 152: "Word and letter "
              text run at (152,150) width 115: "spacing test "
            RenderInline {EM} at (0,0) size 15x16
              RenderText {#text} at (267,150) size 15x16
                text run at (267,150) width 15: "for"
            RenderText {#text} at (302,150) size 4x16
              text run at (302,150) width 4: " "
            RenderInline {STRONG} at (0,0) size 56x16
              RenderText {#text} at (306,150) size 56x16
                text run at (306,150) width 56: "elements"
          RenderText {#text} at (382,147) size 4x21
            text run at (382,147) width 4: " "
          RenderInline {TT} at (0,0) size 33x16
            RenderText {#text} at (386,150) size 33x16
              text run at (386,150) width 33: "within"
          RenderText {#text} at (439,147) size 759x42
            text run at (439,147) width 320: " elements too. (with monospace font"
            text run at (0,168) width 221: "from Word to elements)"
          RenderBR {BR} at (241,184) size 0x0
          RenderText {#text} at (0,189) size 295x21
            text run at (0,189) width 173: "Word and letter "
            text run at (173,189) width 122: "spacing test "
          RenderInline {SPAN} at (0,0) size 152x16
            RenderInline {EM} at (0,0) size 15x16
              RenderText {#text} at (295,192) size 15x16
                text run at (295,192) width 15: "for"
            RenderText {#text} at (330,192) size 4x16
              text run at (330,192) width 4: " "
            RenderInline {STRONG} at (0,0) size 56x16
              RenderText {#text} at (334,192) size 56x16
                text run at (334,192) width 56: "elements"
            RenderText {#text} at (410,192) size 4x16
              text run at (410,192) width 4: " "
            RenderInline {TT} at (0,0) size 33x16
              RenderText {#text} at (414,192) size 33x16
                text run at (414,192) width 33: "within"
          RenderText {#text} at (467,189) size 736x42
            text run at (467,189) width 269: " elements too. (with monospace"
            text run at (0,210) width 237: "font from for to within)"
          RenderBR {BR} at (257,226) size 0x0
          RenderText {#text} at (0,231) size 295x21
            text run at (0,231) width 173: "Word and letter "
            text run at (173,231) width 122: "spacing test "
          RenderInline {EM} at (0,0) size 19x21
            RenderText {#text} at (295,231) size 19x21
              text run at (295,231) width 19: "for"
          RenderText {#text} at (334,231) size 4x21
            text run at (334,231) width 4: " "
          RenderInline {STRONG} at (0,0) size 58x21
            RenderText {#text} at (338,231) size 58x21
              text run at (338,231) width 58: "elements"
          RenderText {#text} at (416,231) size 4x21
            text run at (416,231) width 4: " "
          RenderInline {SPAN} at (0,0) size 152x16
            RenderInline {TT} at (0,0) size 33x16
              RenderText {#text} at (420,234) size 33x16
                text run at (420,234) width 33: "within"
            RenderText {#text} at (473,234) size 99x16
              text run at (473,234) width 99: " elements too"
          RenderText {#text} at (572,231) size 734x42
            text run at (572,231) width 162: ". (with monospace"
            text run at (0,252) width 253: "font from elements to too)"
        RenderText {#text} at (0,0) size 0x0
