EDITING DELEGATE: shouldBeginEditingInDOMRange:range from 0 of DIV > BODY > HTML > #document to 3 of DIV > BODY > HTML > #document
EDITING DELEGATE: webViewDidBeginEditing:WebViewDidBeginEditingNotification
EDITING DELEGATE: webViewDidChangeSelection:WebViewDidChangeSelectionNotification
EDITING DELEGATE: shouldChangeSelectedDOMRange:range from 0 of DIV > DIV > BODY > HTML > #document to 0 of DIV > DIV > BODY > HTML > #document toDOMRange:range from 1 of #text > DIV > DIV > BODY > HTML > #document to 4 of #text > DIV > DIV > BODY > HTML > #document affinity:NSSelectionAffinityDownstream stillSelecting:FALSE
EDITING DELEGATE: webViewDidChangeSelection:WebViewDidChangeSelectionNotification
EDITING DELEGATE: shouldDeleteDOMRange:range from 1 of #text > DIV > DIV > BODY > HTML > #document to 4 of #text > DIV > DIV > BODY > HTML > #document
EDITING DELEGATE: webViewDidChangeSelection:WebViewDidChangeSelectionNotification
EDITING DELEGATE: shouldChangeSelectedDOMRange:(null) toDOMRange:range from 0 of DIV > DIV > BODY > HTML > #document to 0 of DIV > DIV > BODY > HTML > #document affinity:NSSelectionAffinityDownstream stillSelecting:FALSE
EDITING DELEGATE: webViewDidChangeSelection:WebViewDidChangeSelectionNotification
EDITING DELEGATE: webViewDidChange:WebViewDidChangeNotification
layer at (0,0) size 800x600
  RenderView at (0,0) size 800x600
layer at (0,0) size 800x600
  RenderBlock {HTML} at (0,0) size 800x600
    RenderBody {BODY} at (8,8) size 784x584
      RenderBlock {DIV} at (0,0) size 784x230 [border: (2px solid #0000FF)]
        RenderBlock {DIV} at (14,14) size 756x62
          RenderText {#text} at (0,0) size 67x32
            text run at (0,0) width 67: "Tests: "
          RenderBR {BR} at (0,0) size 0x0
          RenderText {#text} at (0,31) size 524x32
            text run at (0,31) width 524: "Smart delete when deleting the first word on a line."
        RenderBlock {DIV} at (14,92) size 756x124
          RenderText {#text} at (0,0) size 189x32
            text run at (0,0) width 189: "Expected Results: "
          RenderBR {BR} at (189,24) size 0x0
          RenderText {#text} at (0,31) size 751x63
            text run at (0,31) width 751: "The first word and the space following the first word should be deleted. It"
            text run at (0,62) width 211: "should like this this: "
          RenderBR {BR} at (211,86) size 0x0
          RenderText {#text} at (0,93) size 78x32
            text run at (0,93) width 78: "bar baz"
      RenderBlock {DIV} at (0,254) size 784x35
        RenderBlock {DIV} at (0,0) size 784x35 [border: (2px solid #FF0000)]
          RenderText {#text} at (2,2) size 78x32
            text run at (2,2) width 78: "bar baz"
caret: position 0 of child 0 {#text} of child 1 {DIV} of child 3 {DIV} of body
