EDITING DELEGATE: shouldBeginEditingInDOMRange:range from 0 of DIV > BODY > HTML > #document to 7 of DIV > BODY > HTML > #document
EDITING DELEGATE: webViewDidBeginEditing:WebViewDidBeginEditingNotification
EDITING DELEGATE: webViewDidChangeSelection:WebViewDidChangeSelectionNotification
EDITING DELEGATE: webViewDidChangeSelection:WebViewDidChangeSelectionNotification
EDITING DELEGATE: webViewDidChangeSelection:WebViewDidChangeSelectionNotification
EDITING DELEGATE: shouldDeleteDOMRange:range from 0 of #text > SPAN > DIV > BODY > HTML > #document to 1 of #text > SPAN > DIV > BODY > HTML > #document
EDITING DELEGATE: webViewDidChangeSelection:WebViewDidChangeSelectionNotification
EDITING DELEGATE: webViewDidChangeSelection:WebViewDidChangeSelectionNotification
EDITING DELEGATE: webViewDidChange:WebViewDidChangeNotification
EDITING DELEGATE: shouldDeleteDOMRange:range from 23 of #text > TD > TR > TBODY > TABLE > DIV > BODY > HTML > #document to 0 of SPAN > DIV > BODY > HTML > #document
EDITING DELEGATE: webViewDidChangeSelection:WebViewDidChangeSelectionNotification
EDITING DELEGATE: shouldChangeSelectedDOMRange:(null) toDOMRange:range from 16 of #text > TD > TR > TBODY > TABLE > DIV > BODY > HTML > #document to 16 of #text > TD > TR > TBODY > TABLE > DIV > BODY > HTML > #document affinity:NSSelectionAffinityDownstream stillSelecting:FALSE
EDITING DELEGATE: webViewDidChangeSelection:WebViewDidChangeSelectionNotification
EDITING DELEGATE: webViewDidChange:WebViewDidChangeNotification
EDITING DELEGATE: shouldDeleteDOMRange:range from 15 of #text > TD > TR > TBODY > TABLE > DIV > BODY > HTML > #document to 16 of #text > TD > TR > TBODY > TABLE > DIV > BODY > HTML > #document
EDITING DELEGATE: webViewDidChangeSelection:WebViewDidChangeSelectionNotification
EDITING DELEGATE: webViewDidChangeSelection:WebViewDidChangeSelectionNotification
EDITING DELEGATE: webViewDidChange:WebViewDidChangeNotification
layer at (0,0) size 800x600
  RenderView at (0,0) size 800x600
layer at (0,0) size 800x600
  RenderBlock {HTML} at (0,0) size 800x600
    RenderBody {BODY} at (8,8) size 784x584
      RenderBlock {DIV} at (0,0) size 784x73
        RenderBlock {DIV} at (0,0) size 784x19
          RenderText {#text} at (0,0) size 43x19
            text run at (0,0) width 43: "Before"
        RenderTable {TABLE} at (0,19) size 99x54 [border: (3px solid #AAAAAA)]
          RenderTableSection {TBODY} at (3,3) size 93x48
            RenderTableRow {TR} at (0,2) size 93x21
              RenderTableCell {TD} at (2,2) size 27x21 [r=0 c=0 rs=1 cs=1]
                RenderText {#text} at (1,1) size 25x19
                  text run at (1,1) width 25: "Foo"
              RenderTableCell {TD} at (31,2) size 60x21 [r=0 c=1 rs=1 cs=1]
                RenderText {#text} at (1,1) size 22x19
                  text run at (1,1) width 22: "baz"
            RenderTableRow {TR} at (0,25) size 93x21
              RenderTableCell {TD} at (2,25) size 27x21 [r=1 c=0 rs=1 cs=1]
                RenderText {#text} at (1,1) size 25x19
                  text run at (1,1) width 20: "bar"
                  text run at (21,1) width 5: "      "
              RenderTableCell {TD} at (31,25) size 60x21 [r=1 c=1 rs=1 cs=1]
                RenderText {#text} at (1,1) size 37x19
                  text run at (1,1) width 37: "buffal"
                RenderInline {SPAN} at (0,0) size 21x19
                  RenderText {#text} at (38,1) size 21x19
                    text run at (38,1) width 21: "fter"
        RenderBlock (anonymous) at (0,73) size 784x0
caret: position 15 of child 0 {#text} of child 3 {TD} of child 2 {TR} of child 1 {TBODY} of child 3 {TABLE} of child 0 {DIV} of body
