layer at (0,0) size 800x600
  RenderView at (0,0) size 800x600
layer at (0,0) size 800x111
  RenderBlock {HTML} at (0,0) size 800x111
    RenderBody {BODY} at (8,16) size 784x79
      RenderBlock {UL} at (0,0) size 784x42
        RenderListItem {LI} at (40,0) size 744x21 [bgcolor=#00FF00]
          RenderListMarker at (-18,0) size 7x21: bullet
          RenderText {#text} at (0,0) size 326x21
            text run at (0,0) width 326: "The background of this list item should be green"
        RenderListItem {LI} at (40,21) size 744x21 [bgcolor=#00FF00]
          RenderListMarker at (-18,0) size 7x21: bullet
          RenderText {#text} at (0,0) size 406x21
            text run at (0,0) width 406: "The background of this second list item should be also green"
      RenderBlock {P} at (0,58) size 784x21 [bgcolor=#00FF00]
        RenderText {#text} at (0,0) size 351x21
          text run at (0,0) width 351: "The background of this paragraph should be green."
