layer at (0,0) size 800x600
  RenderView at (0,0) size 800x600
layer at (0,0) size 800x37
  RenderBlock {HTML} at (0,0) size 800x37
    RenderBody {BODY} at (8,8) size 784x21
      RenderBlock {ADDRESS} at (0,0) size 784x21 [bgcolor=#00FF00]
        RenderInline {SPAN} at (0,0) size 134x21
          RenderText {#text} at (0,0) size 134x21
            text run at (0,0) width 134: "This address should "
        RenderText {#text} at (0,0) size 0x0
        RenderInline {SPAN} at (0,0) size 581x21
          RenderText {#text} at (134,0) size 581x21
            text run at (134,0) width 251: "have a green background because the "
            text run at (385,0) width 330: "selector in last rule does not apply to inner SPANs."
        RenderText {#text} at (0,0) size 0x0
