layer at (0,0) size 800x600
  RenderView at (0,0) size 800x600
layer at (0,0) size 800x82
  RenderBlock {HTML} at (0,0) size 800x82
    RenderBody {BODY} at (8,16) size 784x58
      RenderBlock {P} at (0,0) size 784x21 [bgcolor=#00FF00]
        RenderText {#text} at (0,0) size 526x21
          text run at (0,0) width 439: "This paragraph should have green background because CLASS "
          text run at (439,0) width 87: "contains \"b\""
      RenderBlock {ADDRESS} at (0,37) size 784x21 [bgcolor=#00FF00]
        RenderInline {SPAN} at (0,0) size 160x21
          RenderText {#text} at (0,0) size 160x21
            text run at (0,0) width 160: "This address should also"
        RenderText {#text} at (160,0) size 4x21
          text run at (160,0) width 4: " "
        RenderInline {SPAN} at (0,0) size 617x21
          RenderText {#text} at (164,0) size 617x21
            text run at (164,0) width 359: "have green background because the selector in the last "
            text run at (523,0) width 258: "rule does not apply to the inner SPANs."
        RenderText {#text} at (0,0) size 0x0
