layer at (0,0) size 800x600
  RenderView at (0,0) size 800x600
layer at (0,0) size 800x190
  RenderBlock {HTML} at (0,0) size 800x190
    RenderBody {BODY} at (8,16) size 784x158
      RenderBlock {P} at (0,0) size 784x42
        RenderText {#text} at (0,0) size 760x42
          text run at (0,0) width 245: "This paragraph should be unstyled. "
          text run at (245,0) width 490: "The background of the following paragraph should become green when "
          text run at (735,0) width 25: "you"
          text run at (0,21) width 45: "follow "
        RenderInline {A} at (0,0) size 54x21 [color=#0000EE]
          RenderText {#text} at (45,21) size 54x21
            text run at (45,21) width 54: "this link"
        RenderText {#text} at (99,21) size 4x21
          text run at (99,21) width 4: "."
      RenderBlock {P} at (0,58) size 784x42
        RenderText {#text} at (0,0) size 783x21
          text run at (0,0) width 299: "This paragraph should initially be unstyled. "
          text run at (299,0) width 484: "It should become green when you select the link above. When you select"
        RenderInline {A} at (0,0) size 54x21 [color=#0000EE]
          RenderText {#text} at (0,21) size 54x21
            text run at (0,21) width 54: "this link"
        RenderText {#text} at (54,21) size 688x21
          text run at (54,21) width 292: ", it should return to being unstyled and the "
          text run at (346,21) width 396: "background of the paragraph below should become green."
      RenderBlock {P} at (0,116) size 784x42
        RenderText {#text} at (0,0) size 743x42
          text run at (0,0) width 299: "This paragraph should initially be unstyled. "
          text run at (299,0) width 444: "It should become green when you select the link above. When you"
          text run at (0,21) width 45: "follow "
        RenderInline {A} at (0,0) size 54x21 [color=#0000EE]
          RenderText {#text} at (45,21) size 54x21
            text run at (45,21) width 54: "this link"
        RenderText {#text} at (99,21) size 391x21
          text run at (99,21) width 155: ", the three paragraphs "
          text run at (254,21) width 236: "should all return to being unstyled."
