layer at (0,0) size 800x600
  RenderView at (0,0) size 800x600
layer at (0,0) size 800x146
  RenderBlock {HTML} at (0,0) size 800x146
    RenderBody {BODY} at (8,8) size 784x122
      RenderBlock {DIV} at (0,0) size 784x85
        RenderTable {TABLE} at (329,0) size 126x85 [border: (1px outset #808080)]
          RenderTableSection {TBODY} at (1,1) size 124x83
            RenderTableRow {TR} at (0,2) size 124x25
              RenderTableCell {TD} at (2,2) size 68x25 [bgcolor=#00FF00] [border: (1px inset #808080)] [r=0 c=0 rs=1 cs=1]
                RenderText {#text} at (2,2) size 64x21
                  text run at (2,2) width 64: "green cell"
              RenderTableCell {TD} at (72,2) size 24x25 [border: (1px inset #808080)] [r=0 c=1 rs=1 cs=1]
                RenderText {#text} at (2,2) size 20x21
                  text run at (2,2) width 20: "1.2"
              RenderTableCell {TD} at (98,2) size 24x25 [border: (1px inset #808080)] [r=0 c=2 rs=1 cs=1]
                RenderText {#text} at (2,2) size 20x21
                  text run at (2,2) width 20: "1.3"
            RenderTableRow {TR} at (0,29) size 124x25
              RenderTableCell {TD} at (2,29) size 68x25 [bgcolor=#00FF00] [border: (1px inset #808080)] [r=1 c=0 rs=1 cs=1]
                RenderText {#text} at (2,2) size 64x21
                  text run at (2,2) width 64: "green cell"
              RenderTableCell {TD} at (72,29) size 24x25 [border: (1px inset #808080)] [r=1 c=1 rs=1 cs=1]
                RenderText {#text} at (2,2) size 20x21
                  text run at (2,2) width 20: "2.2"
              RenderTableCell {TD} at (98,29) size 24x25 [border: (1px inset #808080)] [r=1 c=2 rs=1 cs=1]
                RenderText {#text} at (2,2) size 20x21
                  text run at (2,2) width 20: "2.3"
            RenderTableRow {TR} at (0,56) size 124x25
              RenderTableCell {TD} at (2,56) size 68x25 [bgcolor=#00FF00] [border: (1px inset #808080)] [r=2 c=0 rs=1 cs=1]
                RenderText {#text} at (2,2) size 64x21
                  text run at (2,2) width 64: "green cell"
              RenderTableCell {TD} at (72,56) size 24x25 [border: (1px inset #808080)] [r=2 c=1 rs=1 cs=1]
                RenderText {#text} at (2,2) size 20x21
                  text run at (2,2) width 20: "3.2"
              RenderTableCell {TD} at (98,56) size 24x25 [border: (1px inset #808080)] [r=2 c=2 rs=1 cs=1]
                RenderText {#text} at (2,2) size 20x21
                  text run at (2,2) width 20: "3.3"
      RenderBlock {P} at (0,101) size 784x21
        RenderText {#text} at (0,0) size 238x21
          text run at (0,0) width 238: "This paragraph contains some text "
        RenderInline {SPAN} at (0,0) size 331x21 [bgcolor=#00FF00]
          RenderText {#text} at (238,0) size 331x21
            text run at (238,0) width 331: "and a span that should have a green background"
        RenderText {#text} at (0,0) size 0x0
