layer at (0,0) size 784x3840
  RenderView at (0,0) size 784x600
layer at (0,0) size 784x3840
  RenderBlock {HTML} at (0,0) size 784x3840
    RenderBody {BODY} at (8,21) size 768x3803
      RenderBlock {H1} at (0,0) size 768x42
        RenderText {#text} at (0,0) size 249x41
          text run at (0,0) width 249: "HTML Test Index"
      RenderBlock {P} at (0,63) size 768x21
        RenderText {#text} at (0,0) size 334x21
          text run at (0,0) width 334: "The HTML tests are available in several variants."
      RenderBlock {H2} at (0,103) size 768x31
        RenderText {#text} at (0,0) size 281x32
          text run at (0,0) width 281: "Tests With Navigation Aids"
      RenderBlock {P} at (0,153) size 768x42
        RenderText {#text} at (0,0) size 766x42
          text run at (0,0) width 766: "Each category of test is available using several different harnesses. The name of the harness describes how the test"
          text run at (0,21) width 757: "markup is contained within it, for example the Xlink embed case uses an XLink with the show axis set to embed."
      RenderBlock {UL} at (0,211) size 768x210
        RenderListItem {LI} at (40,0) size 728x42
          RenderListMarker at (-18,0) size 7x21: bullet
          RenderInline {A} at (0,0) size 22x21 [color=#0000EE]
            RenderText {#text} at (0,0) size 22x21
              text run at (0,0) width 22: "full"
          RenderText {#text} at (22,0) size 9x21
            text run at (22,0) width 9: ": "
          RenderInline {A} at (0,0) size 100x21 [color=#0000EE]
            RenderText {#text} at (31,0) size 100x21
              text run at (31,0) width 100: "Self Contained"
          RenderText {#text} at (131,0) size 8x21
            text run at (131,0) width 8: ", "
          RenderInline {A} at (0,0) size 127x21 [color=#0000EE]
            RenderText {#text} at (139,0) size 127x21
              text run at (139,0) width 127: "XHTML <iframe>"
          RenderText {#text} at (266,0) size 8x21
            text run at (266,0) width 8: ", "
          RenderInline {A} at (0,0) size 124x21 [color=#0000EE]
            RenderText {#text} at (274,0) size 124x21
              text run at (274,0) width 124: "XHTML <object>"
          RenderText {#text} at (398,0) size 8x21
            text run at (398,0) width 8: ", "
          RenderInline {A} at (0,0) size 123x21 [color=#0000EE]
            RenderText {#text} at (406,0) size 123x21
              text run at (406,0) width 123: "XHTML <frame>"
          RenderText {#text} at (529,0) size 8x21
            text run at (529,0) width 8: ", "
          RenderInline {A} at (0,0) size 115x21 [color=#0000EE]
            RenderText {#text} at (537,0) size 115x21
              text run at (537,0) width 115: "HTML <iframe>"
          RenderText {#text} at (652,0) size 8x21
            text run at (652,0) width 8: ", "
          RenderInline {A} at (0,0) size 709x42 [color=#0000EE]
            RenderText {#text} at (660,0) size 709x42
              text run at (660,0) width 49: "HTML"
              text run at (0,21) width 59: "<object>"
          RenderText {#text} at (59,21) size 8x21
            text run at (59,21) width 8: ", "
          RenderInline {A} at (0,0) size 111x21 [color=#0000EE]
            RenderText {#text} at (67,21) size 111x21
              text run at (67,21) width 111: "HTML <frame>"
          RenderText {#text} at (178,21) size 8x21
            text run at (178,21) width 8: ", "
          RenderInline {A} at (0,0) size 94x21 [color=#0000EE]
            RenderText {#text} at (186,21) size 94x21
              text run at (186,21) width 94: "XLink embed"
          RenderText {#text} at (280,21) size 8x21
            text run at (280,21) width 8: ", "
          RenderInline {A} at (0,0) size 90x21 [color=#0000EE]
            RenderText {#text} at (288,21) size 90x21
              text run at (288,21) width 90: "TNG Format"
        RenderListItem {LI} at (40,42) size 728x42
          RenderListMarker at (-18,0) size 7x21: bullet
          RenderInline {A} at (0,0) size 35x21 [color=#0000EE]
            RenderText {#text} at (0,0) size 35x21
              text run at (0,0) width 35: "static"
          RenderText {#text} at (35,0) size 9x21
            text run at (35,0) width 9: ": "
          RenderInline {A} at (0,0) size 100x21 [color=#0000EE]
            RenderText {#text} at (44,0) size 100x21
              text run at (44,0) width 100: "Self Contained"
          RenderText {#text} at (144,0) size 8x21
            text run at (144,0) width 8: ", "
          RenderInline {A} at (0,0) size 127x21 [color=#0000EE]
            RenderText {#text} at (152,0) size 127x21
              text run at (152,0) width 127: "XHTML <iframe>"
          RenderText {#text} at (279,0) size 8x21
            text run at (279,0) width 8: ", "
          RenderInline {A} at (0,0) size 124x21 [color=#0000EE]
            RenderText {#text} at (287,0) size 124x21
              text run at (287,0) width 124: "XHTML <object>"
          RenderText {#text} at (411,0) size 8x21
            text run at (411,0) width 8: ", "
          RenderInline {A} at (0,0) size 123x21 [color=#0000EE]
            RenderText {#text} at (419,0) size 123x21
              text run at (419,0) width 123: "XHTML <frame>"
          RenderText {#text} at (542,0) size 8x21
            text run at (542,0) width 8: ", "
          RenderInline {A} at (0,0) size 115x21 [color=#0000EE]
            RenderText {#text} at (550,0) size 115x21
              text run at (550,0) width 115: "HTML <iframe>"
          RenderText {#text} at (665,0) size 8x21
            text run at (665,0) width 8: ", "
          RenderInline {A} at (0,0) size 722x42 [color=#0000EE]
            RenderText {#text} at (673,0) size 722x42
              text run at (673,0) width 49: "HTML"
              text run at (0,21) width 59: "<object>"
          RenderText {#text} at (59,21) size 8x21
            text run at (59,21) width 8: ", "
          RenderInline {A} at (0,0) size 111x21 [color=#0000EE]
            RenderText {#text} at (67,21) size 111x21
              text run at (67,21) width 111: "HTML <frame>"
          RenderText {#text} at (178,21) size 8x21
            text run at (178,21) width 8: ", "
          RenderInline {A} at (0,0) size 94x21 [color=#0000EE]
            RenderText {#text} at (186,21) size 94x21
              text run at (186,21) width 94: "XLink embed"
          RenderText {#text} at (280,21) size 8x21
            text run at (280,21) width 8: ", "
          RenderInline {A} at (0,0) size 90x21 [color=#0000EE]
            RenderText {#text} at (288,21) size 90x21
              text run at (288,21) width 90: "TNG Format"
        RenderListItem {LI} at (40,84) size 728x42
          RenderListMarker at (-18,0) size 7x21: bullet
          RenderInline {A} at (0,0) size 99x21 [color=#0000EE]
            RenderText {#text} at (0,0) size 99x21
              text run at (0,0) width 99: "history-related"
          RenderText {#text} at (99,0) size 9x21
            text run at (99,0) width 9: ": "
          RenderInline {A} at (0,0) size 100x21 [color=#0000EE]
            RenderText {#text} at (108,0) size 100x21
              text run at (108,0) width 100: "Self Contained"
          RenderText {#text} at (208,0) size 8x21
            text run at (208,0) width 8: ", "
          RenderInline {A} at (0,0) size 127x21 [color=#0000EE]
            RenderText {#text} at (216,0) size 127x21
              text run at (216,0) width 127: "XHTML <iframe>"
          RenderText {#text} at (343,0) size 8x21
            text run at (343,0) width 8: ", "
          RenderInline {A} at (0,0) size 124x21 [color=#0000EE]
            RenderText {#text} at (351,0) size 124x21
              text run at (351,0) width 124: "XHTML <object>"
          RenderText {#text} at (475,0) size 8x21
            text run at (475,0) width 8: ", "
          RenderInline {A} at (0,0) size 123x21 [color=#0000EE]
            RenderText {#text} at (483,0) size 123x21
              text run at (483,0) width 123: "XHTML <frame>"
          RenderText {#text} at (606,0) size 8x21
            text run at (606,0) width 8: ", "
          RenderInline {A} at (0,0) size 663x42 [color=#0000EE]
            RenderText {#text} at (614,0) size 663x42
              text run at (614,0) width 49: "HTML"
              text run at (0,21) width 62: "<iframe>"
          RenderText {#text} at (62,21) size 8x21
            text run at (62,21) width 8: ", "
          RenderInline {A} at (0,0) size 112x21 [color=#0000EE]
            RenderText {#text} at (70,21) size 112x21
              text run at (70,21) width 112: "HTML <object>"
          RenderText {#text} at (182,21) size 8x21
            text run at (182,21) width 8: ", "
          RenderInline {A} at (0,0) size 111x21 [color=#0000EE]
            RenderText {#text} at (190,21) size 111x21
              text run at (190,21) width 111: "HTML <frame>"
          RenderText {#text} at (301,21) size 8x21
            text run at (301,21) width 8: ", "
          RenderInline {A} at (0,0) size 94x21 [color=#0000EE]
            RenderText {#text} at (309,21) size 94x21
              text run at (309,21) width 94: "XLink embed"
          RenderText {#text} at (403,21) size 8x21
            text run at (403,21) width 8: ", "
          RenderInline {A} at (0,0) size 90x21 [color=#0000EE]
            RenderText {#text} at (411,21) size 90x21
              text run at (411,21) width 90: "TNG Format"
        RenderListItem {LI} at (40,126) size 728x42
          RenderListMarker at (-18,0) size 7x21: bullet
          RenderInline {A} at (0,0) size 71x21 [color=#0000EE]
            RenderText {#text} at (0,0) size 71x21
              text run at (0,0) width 71: "interactive"
          RenderText {#text} at (71,0) size 9x21
            text run at (71,0) width 9: ": "
          RenderInline {A} at (0,0) size 100x21 [color=#0000EE]
            RenderText {#text} at (80,0) size 100x21
              text run at (80,0) width 100: "Self Contained"
          RenderText {#text} at (180,0) size 8x21
            text run at (180,0) width 8: ", "
          RenderInline {A} at (0,0) size 127x21 [color=#0000EE]
            RenderText {#text} at (188,0) size 127x21
              text run at (188,0) width 127: "XHTML <iframe>"
          RenderText {#text} at (315,0) size 8x21
            text run at (315,0) width 8: ", "
          RenderInline {A} at (0,0) size 124x21 [color=#0000EE]
            RenderText {#text} at (323,0) size 124x21
              text run at (323,0) width 124: "XHTML <object>"
          RenderText {#text} at (447,0) size 8x21
            text run at (447,0) width 8: ", "
          RenderInline {A} at (0,0) size 123x21 [color=#0000EE]
            RenderText {#text} at (455,0) size 123x21
              text run at (455,0) width 123: "XHTML <frame>"
          RenderText {#text} at (578,0) size 8x21
            text run at (578,0) width 8: ", "
          RenderInline {A} at (0,0) size 115x21 [color=#0000EE]
            RenderText {#text} at (586,0) size 115x21
              text run at (586,0) width 115: "HTML <iframe>"
          RenderText {#text} at (701,0) size 4x21
            text run at (701,0) width 4: ","
          RenderInline {A} at (0,0) size 112x21 [color=#0000EE]
            RenderText {#text} at (0,21) size 112x21
              text run at (0,21) width 112: "HTML <object>"
          RenderText {#text} at (112,21) size 8x21
            text run at (112,21) width 8: ", "
          RenderInline {A} at (0,0) size 111x21 [color=#0000EE]
            RenderText {#text} at (120,21) size 111x21
              text run at (120,21) width 111: "HTML <frame>"
          RenderText {#text} at (231,21) size 8x21
            text run at (231,21) width 8: ", "
          RenderInline {A} at (0,0) size 94x21 [color=#0000EE]
            RenderText {#text} at (239,21) size 94x21
              text run at (239,21) width 94: "XLink embed"
          RenderText {#text} at (333,21) size 8x21
            text run at (333,21) width 8: ", "
          RenderInline {A} at (0,0) size 90x21 [color=#0000EE]
            RenderText {#text} at (341,21) size 90x21
              text run at (341,21) width 90: "TNG Format"
        RenderListItem {LI} at (40,168) size 728x42
          RenderListMarker at (-18,0) size 7x21: bullet
          RenderInline {A} at (0,0) size 58x21 [color=#0000EE]
            RenderText {#text} at (0,0) size 58x21
              text run at (0,0) width 58: "dynamic"
          RenderText {#text} at (58,0) size 9x21
            text run at (58,0) width 9: ": "
          RenderInline {A} at (0,0) size 100x21 [color=#0000EE]
            RenderText {#text} at (67,0) size 100x21
              text run at (67,0) width 100: "Self Contained"
          RenderText {#text} at (167,0) size 8x21
            text run at (167,0) width 8: ", "
          RenderInline {A} at (0,0) size 127x21 [color=#0000EE]
            RenderText {#text} at (175,0) size 127x21
              text run at (175,0) width 127: "XHTML <iframe>"
          RenderText {#text} at (302,0) size 8x21
            text run at (302,0) width 8: ", "
          RenderInline {A} at (0,0) size 124x21 [color=#0000EE]
            RenderText {#text} at (310,0) size 124x21
              text run at (310,0) width 124: "XHTML <object>"
          RenderText {#text} at (434,0) size 8x21
            text run at (434,0) width 8: ", "
          RenderInline {A} at (0,0) size 123x21 [color=#0000EE]
            RenderText {#text} at (442,0) size 123x21
              text run at (442,0) width 123: "XHTML <frame>"
          RenderText {#text} at (565,0) size 8x21
            text run at (565,0) width 8: ", "
          RenderInline {A} at (0,0) size 115x21 [color=#0000EE]
            RenderText {#text} at (573,0) size 115x21
              text run at (573,0) width 115: "HTML <iframe>"
          RenderText {#text} at (688,0) size 4x21
            text run at (688,0) width 4: ","
          RenderInline {A} at (0,0) size 112x21 [color=#0000EE]
            RenderText {#text} at (0,21) size 112x21
              text run at (0,21) width 112: "HTML <object>"
          RenderText {#text} at (112,21) size 8x21
            text run at (112,21) width 8: ", "
          RenderInline {A} at (0,0) size 111x21 [color=#0000EE]
            RenderText {#text} at (120,21) size 111x21
              text run at (120,21) width 111: "HTML <frame>"
          RenderText {#text} at (231,21) size 8x21
            text run at (231,21) width 8: ", "
          RenderInline {A} at (0,0) size 94x21 [color=#0000EE]
            RenderText {#text} at (239,21) size 94x21
              text run at (239,21) width 94: "XLink embed"
          RenderText {#text} at (333,21) size 8x21
            text run at (333,21) width 8: ", "
          RenderInline {A} at (0,0) size 90x21 [color=#0000EE]
            RenderText {#text} at (341,21) size 90x21
              text run at (341,21) width 90: "TNG Format"
      RenderBlock {H2} at (0,440) size 768x31
        RenderText {#text} at (0,0) size 174x32
          text run at (0,0) width 174: "Unadorned Tests"
      RenderBlock {UL} at (0,490) size 768x3276
        RenderListItem {LI} at (40,0) size 728x21
          RenderListMarker at (-18,0) size 7x21: bullet
          RenderInline {A} at (0,0) size 129x21 [color=#0000EE]
            RenderText {#text} at (0,0) size 129x21
              text run at (0,0) width 129: "Groups of selectors"
          RenderText {#text} at (129,0) size 30x21
            text run at (129,0) width 30: " (#1)"
        RenderListItem {LI} at (40,21) size 728x21
          RenderListMarker at (-18,0) size 7x21: bullet
          RenderInline {A} at (0,0) size 152x21 [color=#0000EE]
            RenderText {#text} at (0,0) size 152x21
              text run at (0,0) width 152: "Type element selectors"
          RenderText {#text} at (152,0) size 30x21
            text run at (152,0) width 30: " (#2)"
        RenderListItem {LI} at (40,42) size 728x21
          RenderListMarker at (-18,0) size 7x21: bullet
          RenderInline {A} at (0,0) size 176x21 [color=#0000EE]
            RenderText {#text} at (0,0) size 176x21
              text run at (0,0) width 176: "Omitted universal selector"
          RenderText {#text} at (176,0) size 30x21
            text run at (176,0) width 30: " (#4)"
        RenderListItem {LI} at (40,63) size 728x21
          RenderListMarker at (-18,0) size 7x21: bullet
          RenderInline {A} at (0,0) size 182x21 [color=#0000EE]
            RenderText {#text} at (0,0) size 182x21
              text run at (0,0) width 182: "Attribute existence selector"
          RenderText {#text} at (182,0) size 30x21
            text run at (182,0) width 30: " (#5)"
        RenderListItem {LI} at (40,84) size 728x21
          RenderListMarker at (-18,0) size 7x21: bullet
          RenderInline {A} at (0,0) size 158x21 [color=#0000EE]
            RenderText {#text} at (0,0) size 158x21
              text run at (0,0) width 158: "Attribute value selector"
          RenderText {#text} at (158,0) size 30x21
            text run at (158,0) width 30: " (#6)"
        RenderListItem {LI} at (40,105) size 728x21
          RenderListMarker at (-18,0) size 7x21: bullet
          RenderInline {A} at (0,0) size 193x21 [color=#0000EE]
            RenderText {#text} at (0,0) size 193x21
              text run at (0,0) width 193: "Attribute multivalue selector"
          RenderText {#text} at (193,0) size 30x21
            text run at (193,0) width 30: " (#7)"
        RenderListItem {LI} at (40,126) size 728x21
          RenderListMarker at (-18,0) size 7x21: bullet
          RenderInline {A} at (0,0) size 193x21 [color=#0000EE]
            RenderText {#text} at (0,0) size 193x21
              text run at (0,0) width 193: "Attribute multivalue selector"
          RenderText {#text} at (193,0) size 39x21
            text run at (193,0) width 39: " (#7b)"
        RenderListItem {LI} at (40,147) size 728x21
          RenderListMarker at (-18,0) size 7x21: bullet
          RenderInline {A} at (0,0) size 369x21 [color=#0000EE]
            RenderText {#text} at (0,0) size 369x21
              text run at (0,0) width 369: "Attribute value selectors (hyphen-separated attributes)"
          RenderText {#text} at (369,0) size 30x21
            text run at (369,0) width 30: " (#8)"
        RenderListItem {LI} at (40,168) size 728x21
          RenderListMarker at (-18,0) size 7x21: bullet
          RenderInline {A} at (0,0) size 332x21 [color=#0000EE]
            RenderText {#text} at (0,0) size 332x21
              text run at (0,0) width 332: "Substring matching attribute selector (beginning)"
          RenderText {#text} at (332,0) size 30x21
            text run at (332,0) width 30: " (#9)"
        RenderListItem {LI} at (40,189) size 728x21
          RenderListMarker at (-18,0) size 7x21: bullet
          RenderInline {A} at (0,0) size 290x21 [color=#0000EE]
            RenderText {#text} at (0,0) size 290x21
              text run at (0,0) width 290: "Substring matching attribute selector (end)"
          RenderText {#text} at (290,0) size 38x21
            text run at (290,0) width 38: " (#10)"
        RenderListItem {LI} at (40,210) size 728x21
          RenderListMarker at (-18,0) size 7x21: bullet
          RenderInline {A} at (0,0) size 321x21 [color=#0000EE]
            RenderText {#text} at (0,0) size 321x21
              text run at (0,0) width 321: "Substring matching attribute selector (contains)"
          RenderText {#text} at (321,0) size 38x21
            text run at (321,0) width 38: " (#11)"
        RenderListItem {LI} at (40,231) size 728x21
          RenderListMarker at (-18,0) size 7x21: bullet
          RenderInline {A} at (0,0) size 153x21 [color=#0000EE]
            RenderText {#text} at (0,0) size 153x21
              text run at (0,0) width 153: "Default attribute value"
          RenderText {#text} at (153,0) size 38x21
            text run at (153,0) width 38: " (#12)"
        RenderListItem {LI} at (40,252) size 728x21
          RenderListMarker at (-18,0) size 7x21: bullet
          RenderInline {A} at (0,0) size 97x21 [color=#0000EE]
            RenderText {#text} at (0,0) size 97x21
              text run at (0,0) width 97: "Class selectors"
          RenderText {#text} at (97,0) size 38x21
            text run at (97,0) width 38: " (#13)"
        RenderListItem {LI} at (40,273) size 728x21
          RenderListMarker at (-18,0) size 7x21: bullet
          RenderInline {A} at (0,0) size 190x21 [color=#0000EE]
            RenderText {#text} at (0,0) size 190x21
              text run at (0,0) width 190: "More than one class selector"
          RenderText {#text} at (190,0) size 38x21
            text run at (190,0) width 38: " (#14)"
        RenderListItem {LI} at (40,294) size 728x21
          RenderListMarker at (-18,0) size 7x21: bullet
          RenderInline {A} at (0,0) size 79x21 [color=#0000EE]
            RenderText {#text} at (0,0) size 79x21
              text run at (0,0) width 79: "ID selectors"
          RenderText {#text} at (79,0) size 38x21
            text run at (79,0) width 38: " (#15)"
        RenderListItem {LI} at (40,315) size 728x21
          RenderListMarker at (-18,0) size 7x21: bullet
          RenderInline {A} at (0,0) size 119x21 [color=#0000EE]
            RenderText {#text} at (0,0) size 119x21
              text run at (0,0) width 119: ":link pseudo-class"
          RenderText {#text} at (119,0) size 38x21
            text run at (119,0) width 38: " (#16)"
        RenderListItem {LI} at (40,336) size 728x21
          RenderListMarker at (-18,0) size 7x21: bullet
          RenderInline {A} at (0,0) size 136x21 [color=#0000EE]
            RenderText {#text} at (0,0) size 136x21
              text run at (0,0) width 136: ":visited pseudo-class"
          RenderText {#text} at (136,0) size 38x21
            text run at (136,0) width 38: " (#17)"
        RenderListItem {LI} at (40,357) size 728x21
          RenderListMarker at (-18,0) size 7x21: bullet
          RenderInline {A} at (0,0) size 132x21 [color=#0000EE]
            RenderText {#text} at (0,0) size 132x21
              text run at (0,0) width 132: ":hover pseudo-class"
          RenderText {#text} at (132,0) size 38x21
            text run at (132,0) width 38: " (#18)"
        RenderListItem {LI} at (40,378) size 728x21
          RenderListMarker at (-18,0) size 7x21: bullet
          RenderInline {A} at (0,0) size 132x21 [color=#0000EE]
            RenderText {#text} at (0,0) size 132x21
              text run at (0,0) width 132: ":hover pseudo-class"
          RenderText {#text} at (132,0) size 47x21
            text run at (132,0) width 47: " (#18b)"
        RenderListItem {LI} at (40,399) size 728x21
          RenderListMarker at (-18,0) size 7x21: bullet
          RenderInline {A} at (0,0) size 132x21 [color=#0000EE]
            RenderText {#text} at (0,0) size 132x21
              text run at (0,0) width 132: ":active pseudo-class"
          RenderText {#text} at (132,0) size 38x21
            text run at (132,0) width 38: " (#19)"
        RenderListItem {LI} at (40,420) size 728x21
          RenderListMarker at (-18,0) size 7x21: bullet
          RenderInline {A} at (0,0) size 128x21 [color=#0000EE]
            RenderText {#text} at (0,0) size 128x21
              text run at (0,0) width 128: ":focus pseudo-class"
          RenderText {#text} at (128,0) size 38x21
            text run at (128,0) width 38: " (#20)"
        RenderListItem {LI} at (40,441) size 728x21
          RenderListMarker at (-18,0) size 7x21: bullet
          RenderInline {A} at (0,0) size 133x21 [color=#0000EE]
            RenderText {#text} at (0,0) size 133x21
              text run at (0,0) width 133: ":target pseudo-class"
          RenderText {#text} at (133,0) size 38x21
            text run at (133,0) width 38: " (#21)"
        RenderListItem {LI} at (40,462) size 728x21
          RenderListMarker at (-18,0) size 7x21: bullet
          RenderInline {A} at (0,0) size 133x21 [color=#0000EE]
            RenderText {#text} at (0,0) size 133x21
              text run at (0,0) width 133: ":target pseudo-class"
          RenderText {#text} at (133,0) size 47x21
            text run at (133,0) width 47: " (#21b)"
        RenderListItem {LI} at (40,483) size 728x21
          RenderListMarker at (-18,0) size 7x21: bullet
          RenderInline {A} at (0,0) size 133x21 [color=#0000EE]
            RenderText {#text} at (0,0) size 133x21
              text run at (0,0) width 133: ":target pseudo-class"
          RenderText {#text} at (133,0) size 45x21
            text run at (133,0) width 45: " (#21c)"
        RenderListItem {LI} at (40,504) size 728x21
          RenderListMarker at (-18,0) size 7x21: bullet
          RenderInline {A} at (0,0) size 132x21 [color=#0000EE]
            RenderText {#text} at (0,0) size 132x21
              text run at (0,0) width 132: ":lang() pseudo-class"
          RenderText {#text} at (132,0) size 38x21
            text run at (132,0) width 38: " (#22)"
        RenderListItem {LI} at (40,525) size 728x21
          RenderListMarker at (-18,0) size 7x21: bullet
          RenderInline {A} at (0,0) size 146x21 [color=#0000EE]
            RenderText {#text} at (0,0) size 146x21
              text run at (0,0) width 146: ":enabled pseudo-class"
          RenderText {#text} at (146,0) size 38x21
            text run at (146,0) width 38: " (#23)"
        RenderListItem {LI} at (40,546) size 728x21
          RenderListMarker at (-18,0) size 7x21: bullet
          RenderInline {A} at (0,0) size 149x21 [color=#0000EE]
            RenderText {#text} at (0,0) size 149x21
              text run at (0,0) width 149: ":disabled pseudo-class"
          RenderText {#text} at (149,0) size 38x21
            text run at (149,0) width 38: " (#24)"
        RenderListItem {LI} at (40,567) size 728x21
          RenderListMarker at (-18,0) size 7x21: bullet
          RenderInline {A} at (0,0) size 148x21 [color=#0000EE]
            RenderText {#text} at (0,0) size 148x21
              text run at (0,0) width 148: ":checked pseudo-class"
          RenderText {#text} at (148,0) size 38x21
            text run at (148,0) width 38: " (#25)"
        RenderListItem {LI} at (40,588) size 728x21
          RenderListMarker at (-18,0) size 7x21: bullet
          RenderInline {A} at (0,0) size 121x21 [color=#0000EE]
            RenderText {#text} at (0,0) size 121x21
              text run at (0,0) width 121: ":root pseudo-class"
          RenderText {#text} at (121,0) size 38x21
            text run at (121,0) width 38: " (#27)"
        RenderListItem {LI} at (40,609) size 728x21
          RenderListMarker at (-18,0) size 7x21: bullet
          RenderInline {A} at (0,0) size 164x21 [color=#0000EE]
            RenderText {#text} at (0,0) size 164x21
              text run at (0,0) width 164: ":nth-child() pseudo-class"
          RenderText {#text} at (164,0) size 38x21
            text run at (164,0) width 38: " (#28)"
        RenderListItem {LI} at (40,630) size 728x21
          RenderListMarker at (-18,0) size 7x21: bullet
          RenderInline {A} at (0,0) size 164x21 [color=#0000EE]
            RenderText {#text} at (0,0) size 164x21
              text run at (0,0) width 164: ":nth-child() pseudo-class"
          RenderText {#text} at (164,0) size 47x21
            text run at (164,0) width 47: " (#28b)"
        RenderListItem {LI} at (40,651) size 728x21
          RenderListMarker at (-18,0) size 7x21: bullet
          RenderInline {A} at (0,0) size 192x21 [color=#0000EE]
            RenderText {#text} at (0,0) size 192x21
              text run at (0,0) width 192: ":nth-last-child() pseudo-class"
          RenderText {#text} at (192,0) size 38x21
            text run at (192,0) width 38: " (#29)"
        RenderListItem {LI} at (40,672) size 728x21
          RenderListMarker at (-18,0) size 7x21: bullet
          RenderInline {A} at (0,0) size 192x21 [color=#0000EE]
            RenderText {#text} at (0,0) size 192x21
              text run at (0,0) width 192: ":nth-last-child() pseudo-class"
          RenderText {#text} at (192,0) size 47x21
            text run at (192,0) width 47: " (#29b)"
        RenderListItem {LI} at (40,693) size 728x21
          RenderListMarker at (-18,0) size 7x21: bullet
          RenderInline {A} at (0,0) size 178x21 [color=#0000EE]
            RenderText {#text} at (0,0) size 178x21
              text run at (0,0) width 178: ":nth-of-type() pseudo-class"
          RenderText {#text} at (178,0) size 38x21
            text run at (178,0) width 38: " (#30)"
        RenderListItem {LI} at (40,714) size 728x21
          RenderListMarker at (-18,0) size 7x21: bullet
          RenderInline {A} at (0,0) size 206x21 [color=#0000EE]
            RenderText {#text} at (0,0) size 206x21
              text run at (0,0) width 206: ":nth-last-of-type() pseudo-class"
          RenderText {#text} at (206,0) size 38x21
            text run at (206,0) width 38: " (#31)"
        RenderListItem {LI} at (40,735) size 728x21
          RenderListMarker at (-18,0) size 7x21: bullet
          RenderInline {A} at (0,0) size 158x21 [color=#0000EE]
            RenderText {#text} at (0,0) size 158x21
              text run at (0,0) width 158: ":first-child pseudo-class"
          RenderText {#text} at (158,0) size 38x21
            text run at (158,0) width 38: " (#32)"
        RenderListItem {LI} at (40,756) size 728x21
          RenderListMarker at (-18,0) size 7x21: bullet
          RenderInline {A} at (0,0) size 154x21 [color=#0000EE]
            RenderText {#text} at (0,0) size 154x21
              text run at (0,0) width 154: ":last-child pseudo-class"
          RenderText {#text} at (154,0) size 38x21
            text run at (154,0) width 38: " (#33)"
        RenderListItem {LI} at (40,777) size 728x21
          RenderListMarker at (-18,0) size 7x21: bullet
          RenderInline {A} at (0,0) size 172x21 [color=#0000EE]
            RenderText {#text} at (0,0) size 172x21
              text run at (0,0) width 172: ":first-of-type pseudo-class"
          RenderText {#text} at (172,0) size 38x21
            text run at (172,0) width 38: " (#34)"
        RenderListItem {LI} at (40,798) size 728x21
          RenderListMarker at (-18,0) size 7x21: bullet
          RenderInline {A} at (0,0) size 168x21 [color=#0000EE]
            RenderText {#text} at (0,0) size 168x21
              text run at (0,0) width 168: ":last-of-type pseudo-class"
          RenderText {#text} at (168,0) size 38x21
            text run at (168,0) width 38: " (#35)"
        RenderListItem {LI} at (40,819) size 728x21
          RenderListMarker at (-18,0) size 7x21: bullet
          RenderInline {A} at (0,0) size 160x21 [color=#0000EE]
            RenderText {#text} at (0,0) size 160x21
              text run at (0,0) width 160: ":only-child pseudo-class"
          RenderText {#text} at (160,0) size 38x21
            text run at (160,0) width 38: " (#36)"
        RenderListItem {LI} at (40,840) size 728x21
          RenderListMarker at (-18,0) size 7x21: bullet
          RenderInline {A} at (0,0) size 174x21 [color=#0000EE]
            RenderText {#text} at (0,0) size 174x21
              text run at (0,0) width 174: ":only-of-type pseudo-class"
          RenderText {#text} at (174,0) size 38x21
            text run at (174,0) width 38: " (#37)"
        RenderListItem {LI} at (40,861) size 728x21
          RenderListMarker at (-18,0) size 7x21: bullet
          RenderInline {A} at (0,0) size 175x21 [color=#0000EE]
            RenderText {#text} at (0,0) size 175x21
              text run at (0,0) width 175: "::first-line pseudo-element"
          RenderText {#text} at (175,0) size 38x21
            text run at (175,0) width 38: " (#38)"
        RenderListItem {LI} at (40,882) size 728x21
          RenderListMarker at (-18,0) size 7x21: bullet
          RenderInline {A} at (0,0) size 186x21 [color=#0000EE]
            RenderText {#text} at (0,0) size 186x21
              text run at (0,0) width 186: "::first-letter pseudo-element"
          RenderText {#text} at (186,0) size 38x21
            text run at (186,0) width 38: " (#39)"
        RenderListItem {LI} at (40,903) size 728x21
          RenderListMarker at (-18,0) size 7x21: bullet
          RenderInline {A} at (0,0) size 386x21 [color=#0000EE]
            RenderText {#text} at (0,0) size 386x21
              text run at (0,0) width 386: "::first-letter pseudo-element with ::before pseudo-element"
          RenderText {#text} at (386,0) size 46x21
            text run at (386,0) width 46: " (#39a)"
        RenderListItem {LI} at (40,924) size 728x21
          RenderListMarker at (-18,0) size 7x21: bullet
          RenderInline {A} at (0,0) size 386x21 [color=#0000EE]
            RenderText {#text} at (0,0) size 386x21
              text run at (0,0) width 386: "::first-letter pseudo-element with ::before pseudo-element"
          RenderText {#text} at (386,0) size 46x21
            text run at (386,0) width 46: " (#39a)"
        RenderListItem {LI} at (40,945) size 728x21
          RenderListMarker at (-18,0) size 7x21: bullet
          RenderInline {A} at (0,0) size 186x21 [color=#0000EE]
            RenderText {#text} at (0,0) size 186x21
              text run at (0,0) width 186: "::first-letter pseudo-element"
          RenderText {#text} at (186,0) size 47x21
            text run at (186,0) width 47: " (#39b)"
        RenderListItem {LI} at (40,966) size 728x21
          RenderListMarker at (-18,0) size 7x21: bullet
          RenderInline {A} at (0,0) size 176x21 [color=#0000EE]
            RenderText {#text} at (0,0) size 176x21
              text run at (0,0) width 176: "::selection pseudo-element"
          RenderText {#text} at (176,0) size 38x21
            text run at (176,0) width 38: " (#40)"
        RenderListItem {LI} at (40,987) size 728x21
          RenderListMarker at (-18,0) size 7x21: bullet
          RenderInline {A} at (0,0) size 162x21 [color=#0000EE]
            RenderText {#text} at (0,0) size 162x21
              text run at (0,0) width 162: "::before pseudo-element"
          RenderText {#text} at (162,0) size 38x21
            text run at (162,0) width 38: " (#41)"
        RenderListItem {LI} at (40,1008) size 728x21
          RenderListMarker at (-18,0) size 7x21: bullet
          RenderInline {A} at (0,0) size 151x21 [color=#0000EE]
            RenderText {#text} at (0,0) size 151x21
              text run at (0,0) width 151: "::after pseudo-element"
          RenderText {#text} at (151,0) size 38x21
            text run at (151,0) width 38: " (#42)"
        RenderListItem {LI} at (40,1029) size 728x21
          RenderListMarker at (-18,0) size 7x21: bullet
          RenderInline {A} at (0,0) size 161x21 [color=#0000EE]
            RenderText {#text} at (0,0) size 161x21
              text run at (0,0) width 161: "Descendant combinator"
          RenderText {#text} at (161,0) size 38x21
            text run at (161,0) width 38: " (#43)"
        RenderListItem {LI} at (40,1050) size 728x21
          RenderListMarker at (-18,0) size 7x21: bullet
          RenderInline {A} at (0,0) size 161x21 [color=#0000EE]
            RenderText {#text} at (0,0) size 161x21
              text run at (0,0) width 161: "Descendant combinator"
          RenderText {#text} at (161,0) size 47x21
            text run at (161,0) width 47: " (#43b)"
        RenderListItem {LI} at (40,1071) size 728x21
          RenderListMarker at (-18,0) size 7x21: bullet
          RenderInline {A} at (0,0) size 120x21 [color=#0000EE]
            RenderText {#text} at (0,0) size 120x21
              text run at (0,0) width 120: "Child combinator"
          RenderText {#text} at (120,0) size 38x21
            text run at (120,0) width 38: " (#44)"
        RenderListItem {LI} at (40,1092) size 728x21
          RenderListMarker at (-18,0) size 7x21: bullet
          RenderInline {A} at (0,0) size 120x21 [color=#0000EE]
            RenderText {#text} at (0,0) size 120x21
              text run at (0,0) width 120: "Child combinator"
          RenderText {#text} at (120,0) size 47x21
            text run at (120,0) width 47: " (#44b)"
        RenderListItem {LI} at (40,1113) size 728x21
          RenderListMarker at (-18,0) size 7x21: bullet
          RenderInline {A} at (0,0) size 198x21 [color=#0000EE]
            RenderText {#text} at (0,0) size 198x21
              text run at (0,0) width 198: "Child combinator and classes"
          RenderText {#text} at (198,0) size 45x21
            text run at (198,0) width 45: " (#44c)"
        RenderListItem {LI} at (40,1134) size 728x21
          RenderListMarker at (-18,0) size 7x21: bullet
          RenderInline {A} at (0,0) size 182x21 [color=#0000EE]
            RenderText {#text} at (0,0) size 182x21
              text run at (0,0) width 182: "Child combinatior and IDs"
          RenderText {#text} at (182,0) size 47x21
            text run at (182,0) width 47: " (#44d)"
        RenderListItem {LI} at (40,1155) size 728x21
          RenderListMarker at (-18,0) size 7x21: bullet
          RenderInline {A} at (0,0) size 186x21 [color=#0000EE]
            RenderText {#text} at (0,0) size 186x21
              text run at (0,0) width 186: "Direct adjacent combinator"
          RenderText {#text} at (186,0) size 38x21
            text run at (186,0) width 38: " (#45)"
        RenderListItem {LI} at (40,1176) size 728x21
          RenderListMarker at (-18,0) size 7x21: bullet
          RenderInline {A} at (0,0) size 186x21 [color=#0000EE]
            RenderText {#text} at (0,0) size 186x21
              text run at (0,0) width 186: "Direct adjacent combinator"
          RenderText {#text} at (186,0) size 47x21
            text run at (186,0) width 47: " (#45b)"
        RenderListItem {LI} at (40,1197) size 728x21
          RenderListMarker at (-18,0) size 7x21: bullet
          RenderInline {A} at (0,0) size 264x21 [color=#0000EE]
            RenderText {#text} at (0,0) size 264x21
              text run at (0,0) width 264: "Direct adjacent combinator and classes"
          RenderText {#text} at (264,0) size 45x21
            text run at (264,0) width 45: " (#45c)"
        RenderListItem {LI} at (40,1218) size 728x21
          RenderListMarker at (-18,0) size 7x21: bullet
          RenderInline {A} at (0,0) size 198x21 [color=#0000EE]
            RenderText {#text} at (0,0) size 198x21
              text run at (0,0) width 198: "Indirect adjacent combinator"
          RenderText {#text} at (198,0) size 38x21
            text run at (198,0) width 38: " (#46)"
        RenderListItem {LI} at (40,1239) size 728x21
          RenderListMarker at (-18,0) size 7x21: bullet
          RenderInline {A} at (0,0) size 198x21 [color=#0000EE]
            RenderText {#text} at (0,0) size 198x21
              text run at (0,0) width 198: "Indirect adjacent combinator"
          RenderText {#text} at (198,0) size 47x21
            text run at (198,0) width 47: " (#46b)"
        RenderListItem {LI} at (40,1260) size 728x21
          RenderListMarker at (-18,0) size 7x21: bullet
          RenderInline {A} at (0,0) size 425x21 [color=#0000EE]
            RenderText {#text} at (0,0) size 425x21
              text run at (0,0) width 425: "NEGATED substring matching attribute selector on beginning"
          RenderText {#text} at (425,0) size 38x21
            text run at (425,0) width 38: " (#54)"
        RenderListItem {LI} at (40,1281) size 728x21
          RenderListMarker at (-18,0) size 7x21: bullet
          RenderInline {A} at (0,0) size 383x21 [color=#0000EE]
            RenderText {#text} at (0,0) size 383x21
              text run at (0,0) width 383: "NEGATED substring matching attribute selector on end"
          RenderText {#text} at (383,0) size 38x21
            text run at (383,0) width 38: " (#55)"
        RenderListItem {LI} at (40,1302) size 728x21
          RenderListMarker at (-18,0) size 7x21: bullet
          RenderInline {A} at (0,0) size 404x21 [color=#0000EE]
            RenderText {#text} at (0,0) size 404x21
              text run at (0,0) width 404: "NEGATED substring matching attribute selector on middle"
          RenderText {#text} at (404,0) size 38x21
            text run at (404,0) width 38: " (#56)"
        RenderListItem {LI} at (40,1323) size 728x21
          RenderListMarker at (-18,0) size 7x21: bullet
          RenderInline {A} at (0,0) size 333x21 [color=#0000EE]
            RenderText {#text} at (0,0) size 333x21
              text run at (0,0) width 333: "Default attribute value and negation pseudo-class"
          RenderText {#text} at (333,0) size 38x21
            text run at (333,0) width 38: " (#58)"
        RenderListItem {LI} at (40,1344) size 728x21
          RenderListMarker at (-18,0) size 7x21: bullet
          RenderInline {A} at (0,0) size 171x21 [color=#0000EE]
            RenderText {#text} at (0,0) size 171x21
              text run at (0,0) width 171: "NEGATED class selector"
          RenderText {#text} at (171,0) size 38x21
            text run at (171,0) width 38: " (#59)"
        RenderListItem {LI} at (40,1365) size 728x21
          RenderListMarker at (-18,0) size 7x21: bullet
          RenderInline {A} at (0,0) size 158x21 [color=#0000EE]
            RenderText {#text} at (0,0) size 158x21
              text run at (0,0) width 158: "NEGATED ID selector"
          RenderText {#text} at (158,0) size 38x21
            text run at (158,0) width 38: " (#60)"
        RenderListItem {LI} at (40,1386) size 728x21
          RenderListMarker at (-18,0) size 7x21: bullet
          RenderInline {A} at (0,0) size 204x21 [color=#0000EE]
            RenderText {#text} at (0,0) size 204x21
              text run at (0,0) width 204: "NEGATED :link pseudo-class"
          RenderText {#text} at (204,0) size 38x21
            text run at (204,0) width 38: " (#61)"
        RenderListItem {LI} at (40,1407) size 728x21
          RenderListMarker at (-18,0) size 7x21: bullet
          RenderInline {A} at (0,0) size 221x21 [color=#0000EE]
            RenderText {#text} at (0,0) size 221x21
              text run at (0,0) width 221: "NEGATED :visited pseudo-class"
          RenderText {#text} at (221,0) size 38x21
            text run at (221,0) width 38: " (#62)"
        RenderListItem {LI} at (40,1428) size 728x21
          RenderListMarker at (-18,0) size 7x21: bullet
          RenderInline {A} at (0,0) size 217x21 [color=#0000EE]
            RenderText {#text} at (0,0) size 217x21
              text run at (0,0) width 217: "NEGATED :hover pseudo-class"
          RenderText {#text} at (217,0) size 38x21
            text run at (217,0) width 38: " (#63)"
        RenderListItem {LI} at (40,1449) size 728x21
          RenderListMarker at (-18,0) size 7x21: bullet
          RenderInline {A} at (0,0) size 217x21 [color=#0000EE]
            RenderText {#text} at (0,0) size 217x21
              text run at (0,0) width 217: "NEGATED :active pseudo-class"
          RenderText {#text} at (217,0) size 38x21
            text run at (217,0) width 38: " (#64)"
        RenderListItem {LI} at (40,1470) size 728x21
          RenderListMarker at (-18,0) size 7x21: bullet
          RenderInline {A} at (0,0) size 213x21 [color=#0000EE]
            RenderText {#text} at (0,0) size 213x21
              text run at (0,0) width 213: "NEGATED :focus pseudo-class"
          RenderText {#text} at (213,0) size 38x21
            text run at (213,0) width 38: " (#65)"
        RenderListItem {LI} at (40,1491) size 728x21
          RenderListMarker at (-18,0) size 7x21: bullet
          RenderInline {A} at (0,0) size 218x21 [color=#0000EE]
            RenderText {#text} at (0,0) size 218x21
              text run at (0,0) width 218: "NEGATED :target pseudo-class"
          RenderText {#text} at (218,0) size 38x21
            text run at (218,0) width 38: " (#66)"
        RenderListItem {LI} at (40,1512) size 728x21
          RenderListMarker at (-18,0) size 7x21: bullet
          RenderInline {A} at (0,0) size 218x21 [color=#0000EE]
            RenderText {#text} at (0,0) size 218x21
              text run at (0,0) width 218: "NEGATED :target pseudo-class"
          RenderText {#text} at (218,0) size 47x21
            text run at (218,0) width 47: " (#66b)"
        RenderListItem {LI} at (40,1533) size 728x21
          RenderListMarker at (-18,0) size 7x21: bullet
          RenderInline {A} at (0,0) size 217x21 [color=#0000EE]
            RenderText {#text} at (0,0) size 217x21
              text run at (0,0) width 217: "NEGATED :lang() pseudo-class"
          RenderText {#text} at (217,0) size 38x21
            text run at (217,0) width 38: " (#67)"
        RenderListItem {LI} at (40,1554) size 728x21
          RenderListMarker at (-18,0) size 7x21: bullet
          RenderInline {A} at (0,0) size 233x21 [color=#0000EE]
            RenderText {#text} at (0,0) size 233x21
              text run at (0,0) width 233: "NEGATED :checked pseudo-class"
          RenderText {#text} at (233,0) size 38x21
            text run at (233,0) width 38: " (#70)"
        RenderListItem {LI} at (40,1575) size 728x21
          RenderListMarker at (-18,0) size 7x21: bullet
          RenderInline {A} at (0,0) size 206x21 [color=#0000EE]
            RenderText {#text} at (0,0) size 206x21
              text run at (0,0) width 206: "NEGATED :root pseudo-class"
          RenderText {#text} at (206,0) size 38x21
            text run at (206,0) width 38: " (#72)"
        RenderListItem {LI} at (40,1596) size 728x21
          RenderListMarker at (-18,0) size 7x21: bullet
          RenderInline {A} at (0,0) size 206x21 [color=#0000EE]
            RenderText {#text} at (0,0) size 206x21
              text run at (0,0) width 206: "NEGATED :root pseudo-class"
          RenderText {#text} at (206,0) size 47x21
            text run at (206,0) width 47: " (#72b)"
        RenderListItem {LI} at (40,1617) size 728x21
          RenderListMarker at (-18,0) size 7x21: bullet
          RenderInline {A} at (0,0) size 249x21 [color=#0000EE]
            RenderText {#text} at (0,0) size 249x21
              text run at (0,0) width 249: "NEGATED :nth-child() pseudo-class"
          RenderText {#text} at (249,0) size 38x21
            text run at (249,0) width 38: " (#73)"
        RenderListItem {LI} at (40,1638) size 728x21
          RenderListMarker at (-18,0) size 7x21: bullet
          RenderInline {A} at (0,0) size 249x21 [color=#0000EE]
            RenderText {#text} at (0,0) size 249x21
              text run at (0,0) width 249: "NEGATED :nth-child() pseudo-class"
          RenderText {#text} at (249,0) size 47x21
            text run at (249,0) width 47: " (#73b)"
        RenderListItem {LI} at (40,1659) size 728x21
          RenderListMarker at (-18,0) size 7x21: bullet
          RenderInline {A} at (0,0) size 277x21 [color=#0000EE]
            RenderText {#text} at (0,0) size 277x21
              text run at (0,0) width 277: "NEGATED :nth-last-child() pseudo-class"
          RenderText {#text} at (277,0) size 38x21
            text run at (277,0) width 38: " (#74)"
        RenderListItem {LI} at (40,1680) size 728x21
          RenderListMarker at (-18,0) size 7x21: bullet
          RenderInline {A} at (0,0) size 277x21 [color=#0000EE]
            RenderText {#text} at (0,0) size 277x21
              text run at (0,0) width 277: "NEGATED :nth-last-child() pseudo-class"
          RenderText {#text} at (277,0) size 47x21
            text run at (277,0) width 47: " (#74b)"
        RenderListItem {LI} at (40,1701) size 728x21
          RenderListMarker at (-18,0) size 7x21: bullet
          RenderInline {A} at (0,0) size 263x21 [color=#0000EE]
            RenderText {#text} at (0,0) size 263x21
              text run at (0,0) width 263: "NEGATED :nth-of-type() pseudo-class"
          RenderText {#text} at (263,0) size 38x21
            text run at (263,0) width 38: " (#75)"
        RenderListItem {LI} at (40,1722) size 728x21
          RenderListMarker at (-18,0) size 7x21: bullet
          RenderInline {A} at (0,0) size 263x21 [color=#0000EE]
            RenderText {#text} at (0,0) size 263x21
              text run at (0,0) width 263: "NEGATED :nth-of-type() pseudo-class"
          RenderText {#text} at (263,0) size 47x21
            text run at (263,0) width 47: " (#75b)"
        RenderListItem {LI} at (40,1743) size 728x21
          RenderListMarker at (-18,0) size 7x21: bullet
          RenderInline {A} at (0,0) size 291x21 [color=#0000EE]
            RenderText {#text} at (0,0) size 291x21
              text run at (0,0) width 291: "NEGATED :nth-last-of-type() pseudo-class"
          RenderText {#text} at (291,0) size 38x21
            text run at (291,0) width 38: " (#76)"
        RenderListItem {LI} at (40,1764) size 728x21
          RenderListMarker at (-18,0) size 7x21: bullet
          RenderInline {A} at (0,0) size 291x21 [color=#0000EE]
            RenderText {#text} at (0,0) size 291x21
              text run at (0,0) width 291: "NEGATED :nth-last-of-type() pseudo-class"
          RenderText {#text} at (291,0) size 47x21
            text run at (291,0) width 47: " (#76b)"
        RenderListItem {LI} at (40,1785) size 728x21
          RenderListMarker at (-18,0) size 7x21: bullet
          RenderInline {A} at (0,0) size 243x21 [color=#0000EE]
            RenderText {#text} at (0,0) size 243x21
              text run at (0,0) width 243: "NEGATED :first-child pseudo-class"
          RenderText {#text} at (243,0) size 38x21
            text run at (243,0) width 38: " (#77)"
        RenderListItem {LI} at (40,1806) size 728x21
          RenderListMarker at (-18,0) size 7x21: bullet
          RenderInline {A} at (0,0) size 243x21 [color=#0000EE]
            RenderText {#text} at (0,0) size 243x21
              text run at (0,0) width 243: "NEGATED :first-child pseudo-class"
          RenderText {#text} at (243,0) size 47x21
            text run at (243,0) width 47: " (#77b)"
        RenderListItem {LI} at (40,1827) size 728x21
          RenderListMarker at (-18,0) size 7x21: bullet
          RenderInline {A} at (0,0) size 239x21 [color=#0000EE]
            RenderText {#text} at (0,0) size 239x21
              text run at (0,0) width 239: "NEGATED :last-child pseudo-class"
          RenderText {#text} at (239,0) size 38x21
            text run at (239,0) width 38: " (#78)"
        RenderListItem {LI} at (40,1848) size 728x21
          RenderListMarker at (-18,0) size 7x21: bullet
          RenderInline {A} at (0,0) size 239x21 [color=#0000EE]
            RenderText {#text} at (0,0) size 239x21
              text run at (0,0) width 239: "NEGATED :last-child pseudo-class"
          RenderText {#text} at (239,0) size 47x21
            text run at (239,0) width 47: " (#78b)"
        RenderListItem {LI} at (40,1869) size 728x21
          RenderListMarker at (-18,0) size 7x21: bullet
          RenderInline {A} at (0,0) size 257x21 [color=#0000EE]
            RenderText {#text} at (0,0) size 257x21
              text run at (0,0) width 257: "NEGATED :first-of-type pseudo-class"
          RenderText {#text} at (257,0) size 38x21
            text run at (257,0) width 38: " (#79)"
        RenderListItem {LI} at (40,1890) size 728x21
          RenderListMarker at (-18,0) size 7x21: bullet
          RenderInline {A} at (0,0) size 253x21 [color=#0000EE]
            RenderText {#text} at (0,0) size 253x21
              text run at (0,0) width 253: "NEGATED :last-of-type pseudo-class"
          RenderText {#text} at (253,0) size 38x21
            text run at (253,0) width 38: " (#80)"
        RenderListItem {LI} at (40,1911) size 728x21
          RenderListMarker at (-18,0) size 7x21: bullet
          RenderInline {A} at (0,0) size 245x21 [color=#0000EE]
            RenderText {#text} at (0,0) size 245x21
              text run at (0,0) width 245: "NEGATED :only-child pseudo-class"
          RenderText {#text} at (245,0) size 38x21
            text run at (245,0) width 38: " (#81)"
        RenderListItem {LI} at (40,1932) size 728x21
          RenderListMarker at (-18,0) size 7x21: bullet
          RenderInline {A} at (0,0) size 245x21 [color=#0000EE]
            RenderText {#text} at (0,0) size 245x21
              text run at (0,0) width 245: "NEGATED :only-child pseudo-class"
          RenderText {#text} at (245,0) size 47x21
            text run at (245,0) width 47: " (#81b)"
        RenderListItem {LI} at (40,1953) size 728x21
          RenderListMarker at (-18,0) size 7x21: bullet
          RenderInline {A} at (0,0) size 259x21 [color=#0000EE]
            RenderText {#text} at (0,0) size 259x21
              text run at (0,0) width 259: "NEGATED :only-of-type pseudo-class"
          RenderText {#text} at (259,0) size 38x21
            text run at (259,0) width 38: " (#82)"
        RenderListItem {LI} at (40,1974) size 728x21
          RenderListMarker at (-18,0) size 7x21: bullet
          RenderInline {A} at (0,0) size 259x21 [color=#0000EE]
            RenderText {#text} at (0,0) size 259x21
              text run at (0,0) width 259: "NEGATED :only-of-type pseudo-class"
          RenderText {#text} at (259,0) size 47x21
            text run at (259,0) width 47: " (#82b)"
        RenderListItem {LI} at (40,1995) size 728x21
          RenderListMarker at (-18,0) size 7x21: bullet
          RenderInline {A} at (0,0) size 362x21 [color=#0000EE]
            RenderText {#text} at (0,0) size 362x21
              text run at (0,0) width 362: "Negation pseudo-class cannot be an argument of itself"
          RenderText {#text} at (362,0) size 38x21
            text run at (362,0) width 38: " (#83)"
        RenderListItem {LI} at (40,2016) size 728x21
          RenderListMarker at (-18,0) size 7x21: bullet
          RenderInline {A} at (0,0) size 159x21 [color=#0000EE]
            RenderText {#text} at (0,0) size 159x21
              text run at (0,0) width 159: ":contains() pseudo-class"
          RenderText {#text} at (159,0) size 38x21
            text run at (159,0) width 38: " (#84)"
        RenderListItem {LI} at (40,2037) size 728x21
          RenderListMarker at (-18,0) size 7x21: bullet
          RenderInline {A} at (0,0) size 159x21 [color=#0000EE]
            RenderText {#text} at (0,0) size 159x21
              text run at (0,0) width 159: ":contains() pseudo-class"
          RenderText {#text} at (159,0) size 47x21
            text run at (159,0) width 47: " (#84b)"
        RenderListItem {LI} at (40,2058) size 728x21
          RenderListMarker at (-18,0) size 7x21: bullet
          RenderInline {A} at (0,0) size 244x21 [color=#0000EE]
            RenderText {#text} at (0,0) size 244x21
              text run at (0,0) width 244: "NEGATED :contains() pseudo-class"
          RenderText {#text} at (244,0) size 38x21
            text run at (244,0) width 38: " (#85)"
        RenderListItem {LI} at (40,2079) size 728x21
          RenderListMarker at (-18,0) size 7x21: bullet
          RenderInline {A} at (0,0) size 479x21 [color=#0000EE]
            RenderText {#text} at (0,0) size 479x21
              text run at (0,0) width 479: "Nondeterministic matching of direct and indirect adjacent combinators"
          RenderText {#text} at (479,0) size 38x21
            text run at (479,0) width 38: " (#87)"
        RenderListItem {LI} at (40,2100) size 728x21
          RenderListMarker at (-18,0) size 7x21: bullet
          RenderInline {A} at (0,0) size 479x21 [color=#0000EE]
            RenderText {#text} at (0,0) size 479x21
              text run at (0,0) width 479: "Nondeterministic matching of direct and indirect adjacent combinators"
          RenderText {#text} at (479,0) size 47x21
            text run at (479,0) width 47: " (#87b)"
        RenderListItem {LI} at (40,2121) size 728x21
          RenderListMarker at (-18,0) size 7x21: bullet
          RenderInline {A} at (0,0) size 503x21 [color=#0000EE]
            RenderText {#text} at (0,0) size 503x21
              text run at (0,0) width 503: "Nondeterministic matching of descendant and direct adjacent combinators"
          RenderText {#text} at (503,0) size 38x21
            text run at (503,0) width 38: " (#88)"
        RenderListItem {LI} at (40,2142) size 728x21
          RenderListMarker at (-18,0) size 7x21: bullet
          RenderInline {A} at (0,0) size 503x21 [color=#0000EE]
            RenderText {#text} at (0,0) size 503x21
              text run at (0,0) width 503: "Nondeterministic matching of descendant and direct adjacent combinators"
          RenderText {#text} at (503,0) size 47x21
            text run at (503,0) width 47: " (#88b)"
        RenderListItem {LI} at (40,2163) size 728x21
          RenderListMarker at (-18,0) size 7x21: bullet
          RenderInline {A} at (0,0) size 386x21 [color=#0000EE]
            RenderText {#text} at (0,0) size 386x21
              text run at (0,0) width 386: "Simple combination of descendant and child combinators"
          RenderText {#text} at (386,0) size 38x21
            text run at (386,0) width 38: " (#89)"
        RenderListItem {LI} at (40,2184) size 728x21
          RenderListMarker at (-18,0) size 7x21: bullet
          RenderInline {A} at (0,0) size 430x21 [color=#0000EE]
            RenderText {#text} at (0,0) size 430x21
              text run at (0,0) width 430: "Simple combination of direct and indirect adjacent combinators"
          RenderText {#text} at (430,0) size 38x21
            text run at (430,0) width 38: " (#90)"
        RenderListItem {LI} at (40,2205) size 728x21
          RenderListMarker at (-18,0) size 7x21: bullet
          RenderInline {A} at (0,0) size 430x21 [color=#0000EE]
            RenderText {#text} at (0,0) size 430x21
              text run at (0,0) width 430: "Simple combination of direct and indirect adjacent combinators"
          RenderText {#text} at (430,0) size 47x21
            text run at (430,0) width 47: " (#90b)"
        RenderListItem {LI} at (40,2226) size 728x21
          RenderListMarker at (-18,0) size 7x21: bullet
          RenderInline {A} at (0,0) size 305x21 [color=#0000EE]
            RenderText {#text} at (0,0) size 305x21
              text run at (0,0) width 305: "NEGATED :enabled:disabled pseudo-classes"
          RenderText {#text} at (305,0) size 46x21
            text run at (305,0) width 46: " (#144)"
        RenderListItem {LI} at (40,2247) size 728x21
          RenderListMarker at (-18,0) size 7x21: bullet
          RenderInline {A} at (0,0) size 194x21 [color=#0000EE]
            RenderText {#text} at (0,0) size 194x21
              text run at (0,0) width 194: ":empty pseudo-class and text"
          RenderText {#text} at (194,0) size 46x21
            text run at (194,0) width 46: " (#148)"
        RenderListItem {LI} at (40,2268) size 728x21
          RenderListMarker at (-18,0) size 7x21: bullet
          RenderInline {A} at (0,0) size 273x21 [color=#0000EE]
            RenderText {#text} at (0,0) size 273x21
              text run at (0,0) width 273: ":empty pseudo-class and empty elements"
          RenderText {#text} at (273,0) size 46x21
            text run at (273,0) width 46: " (#149)"
        RenderListItem {LI} at (40,2289) size 728x21
          RenderListMarker at (-18,0) size 7x21: bullet
          RenderInline {A} at (0,0) size 273x21 [color=#0000EE]
            RenderText {#text} at (0,0) size 273x21
              text run at (0,0) width 273: ":empty pseudo-class and empty elements"
          RenderText {#text} at (273,0) size 55x21
            text run at (273,0) width 55: " (#149b)"
        RenderListItem {LI} at (40,2310) size 728x21
          RenderListMarker at (-18,0) size 7x21: bullet
          RenderInline {A} at (0,0) size 243x21 [color=#0000EE]
            RenderText {#text} at (0,0) size 243x21
              text run at (0,0) width 243: ":empty pseudo-class and whitespace"
          RenderText {#text} at (243,0) size 46x21
            text run at (243,0) width 46: " (#151)"
        RenderListItem {LI} at (40,2331) size 728x21
          RenderListMarker at (-18,0) size 7x21: bullet
          RenderInline {A} at (0,0) size 227x21 [color=#0000EE]
            RenderText {#text} at (0,0) size 227x21
              text run at (0,0) width 227: ":empty pseudo-class and elements"
          RenderText {#text} at (227,0) size 46x21
            text run at (227,0) width 46: " (#152)"
        RenderListItem {LI} at (40,2352) size 728x21
          RenderListMarker at (-18,0) size 7x21: bullet
          RenderInline {A} at (0,0) size 132x21 [color=#0000EE]
            RenderText {#text} at (0,0) size 132x21
              text run at (0,0) width 132: "Syntax and parsing"
          RenderText {#text} at (132,0) size 46x21
            text run at (132,0) width 46: " (#154)"
        RenderListItem {LI} at (40,2373) size 728x21
          RenderListMarker at (-18,0) size 7x21: bullet
          RenderInline {A} at (0,0) size 132x21 [color=#0000EE]
            RenderText {#text} at (0,0) size 132x21
              text run at (0,0) width 132: "Syntax and parsing"
          RenderText {#text} at (132,0) size 46x21
            text run at (132,0) width 46: " (#155)"
        RenderListItem {LI} at (40,2394) size 728x21
          RenderListMarker at (-18,0) size 7x21: bullet
          RenderInline {A} at (0,0) size 132x21 [color=#0000EE]
            RenderText {#text} at (0,0) size 132x21
              text run at (0,0) width 132: "Syntax and parsing"
          RenderText {#text} at (132,0) size 54x21
            text run at (132,0) width 54: " (#155a)"
        RenderListItem {LI} at (40,2415) size 728x21
          RenderListMarker at (-18,0) size 7x21: bullet
          RenderInline {A} at (0,0) size 132x21 [color=#0000EE]
            RenderText {#text} at (0,0) size 132x21
              text run at (0,0) width 132: "Syntax and parsing"
          RenderText {#text} at (132,0) size 55x21
            text run at (132,0) width 55: " (#155b)"
        RenderListItem {LI} at (40,2436) size 728x21
          RenderListMarker at (-18,0) size 7x21: bullet
          RenderInline {A} at (0,0) size 132x21 [color=#0000EE]
            RenderText {#text} at (0,0) size 132x21
              text run at (0,0) width 132: "Syntax and parsing"
          RenderText {#text} at (132,0) size 53x21
            text run at (132,0) width 53: " (#155c)"
        RenderListItem {LI} at (40,2457) size 728x21
          RenderListMarker at (-18,0) size 7x21: bullet
          RenderInline {A} at (0,0) size 132x21 [color=#0000EE]
            RenderText {#text} at (0,0) size 132x21
              text run at (0,0) width 132: "Syntax and parsing"
          RenderText {#text} at (132,0) size 55x21
            text run at (132,0) width 55: " (#155d)"
        RenderListItem {LI} at (40,2478) size 728x21
          RenderListMarker at (-18,0) size 7x21: bullet
          RenderInline {A} at (0,0) size 132x21 [color=#0000EE]
            RenderText {#text} at (0,0) size 132x21
              text run at (0,0) width 132: "Syntax and parsing"
          RenderText {#text} at (132,0) size 46x21
            text run at (132,0) width 46: " (#156)"
        RenderListItem {LI} at (40,2499) size 728x21
          RenderListMarker at (-18,0) size 7x21: bullet
          RenderInline {A} at (0,0) size 132x21 [color=#0000EE]
            RenderText {#text} at (0,0) size 132x21
              text run at (0,0) width 132: "Syntax and parsing"
          RenderText {#text} at (132,0) size 55x21
            text run at (132,0) width 55: " (#156b)"
        RenderListItem {LI} at (40,2520) size 728x21
          RenderListMarker at (-18,0) size 7x21: bullet
          RenderInline {A} at (0,0) size 132x21 [color=#0000EE]
            RenderText {#text} at (0,0) size 132x21
              text run at (0,0) width 132: "Syntax and parsing"
          RenderText {#text} at (132,0) size 53x21
            text run at (132,0) width 53: " (#156c)"
        RenderListItem {LI} at (40,2541) size 728x21
          RenderListMarker at (-18,0) size 7x21: bullet
          RenderInline {A} at (0,0) size 132x21 [color=#0000EE]
            RenderText {#text} at (0,0) size 132x21
              text run at (0,0) width 132: "Syntax and parsing"
          RenderText {#text} at (132,0) size 46x21
            text run at (132,0) width 46: " (#157)"
        RenderListItem {LI} at (40,2562) size 728x21
          RenderListMarker at (-18,0) size 7x21: bullet
          RenderInline {A} at (0,0) size 132x21 [color=#0000EE]
            RenderText {#text} at (0,0) size 132x21
              text run at (0,0) width 132: "Syntax and parsing"
          RenderText {#text} at (132,0) size 46x21
            text run at (132,0) width 46: " (#158)"
        RenderListItem {LI} at (40,2583) size 728x21
          RenderListMarker at (-18,0) size 7x21: bullet
          RenderInline {A} at (0,0) size 296x21 [color=#0000EE]
            RenderText {#text} at (0,0) size 296x21
              text run at (0,0) width 296: "Syntax and parsing of new pseudo-elements"
          RenderText {#text} at (296,0) size 46x21
            text run at (296,0) width 46: " (#159)"
        RenderListItem {LI} at (40,2604) size 728x21
          RenderListMarker at (-18,0) size 7x21: bullet
          RenderInline {A} at (0,0) size 319x21 [color=#0000EE]
            RenderText {#text} at (0,0) size 319x21
              text run at (0,0) width 319: "Syntax and parsing of unknown psuedo-classes"
          RenderText {#text} at (319,0) size 46x21
            text run at (319,0) width 46: " (#160)"
        RenderListItem {LI} at (40,2625) size 728x21
          RenderListMarker at (-18,0) size 7x21: bullet
          RenderInline {A} at (0,0) size 464x21 [color=#0000EE]
            RenderText {#text} at (0,0) size 464x21
              text run at (0,0) width 464: "Syntax and parsing of unknown psuedo-classes and pseudo-elements"
          RenderText {#text} at (464,0) size 46x21
            text run at (464,0) width 46: " (#161)"
        RenderListItem {LI} at (40,2646) size 728x21
          RenderListMarker at (-18,0) size 7x21: bullet
          RenderInline {A} at (0,0) size 146x21 [color=#0000EE]
            RenderText {#text} at (0,0) size 146x21
              text run at (0,0) width 146: "Contextual ::selection"
          RenderText {#text} at (146,0) size 46x21
            text run at (146,0) width 46: " (#162)"
        RenderListItem {LI} at (40,2667) size 728x21
          RenderListMarker at (-18,0) size 7x21: bullet
          RenderInline {A} at (0,0) size 140x21 [color=#0000EE]
            RenderText {#text} at (0,0) size 140x21
              text run at (0,0) width 140: "Contextual :contains"
          RenderText {#text} at (140,0) size 46x21
            text run at (140,0) width 46: " (#163)"
        RenderListItem {LI} at (40,2688) size 728x21
          RenderListMarker at (-18,0) size 7x21: bullet
          RenderInline {A} at (0,0) size 145x21 [color=#0000EE]
            RenderText {#text} at (0,0) size 145x21
              text run at (0,0) width 145: ":focus with ::selection"
          RenderText {#text} at (145,0) size 46x21
            text run at (145,0) width 46: " (#164)"
        RenderListItem {LI} at (40,2709) size 728x21
          RenderListMarker at (-18,0) size 7x21: bullet
          RenderInline {A} at (0,0) size 149x21 [color=#0000EE]
            RenderText {#text} at (0,0) size 149x21
              text run at (0,0) width 149: ":hover with ::selection"
          RenderText {#text} at (149,0) size 46x21
            text run at (149,0) width 46: " (#165)"
        RenderListItem {LI} at (40,2730) size 728x21
          RenderListMarker at (-18,0) size 7x21: bullet
          RenderInline {A} at (0,0) size 187x21 [color=#0000EE]
            RenderText {#text} at (0,0) size 187x21
              text run at (0,0) width 187: ":first-letter with ::first-letter"
          RenderText {#text} at (187,0) size 46x21
            text run at (187,0) width 46: " (#166)"
        RenderListItem {LI} at (40,2751) size 728x21
          RenderListMarker at (-18,0) size 7x21: bullet
          RenderInline {A} at (0,0) size 187x21 [color=#0000EE]
            RenderText {#text} at (0,0) size 187x21
              text run at (0,0) width 187: ":first-letter with ::first-letter"
          RenderText {#text} at (187,0) size 54x21
            text run at (187,0) width 54: " (#166a)"
        RenderListItem {LI} at (40,2772) size 728x21
          RenderListMarker at (-18,0) size 7x21: bullet
          RenderInline {A} at (0,0) size 165x21 [color=#0000EE]
            RenderText {#text} at (0,0) size 165x21
              text run at (0,0) width 165: ":first-line with ::first-line"
          RenderText {#text} at (165,0) size 46x21
            text run at (165,0) width 46: " (#167)"
        RenderListItem {LI} at (40,2793) size 728x21
          RenderListMarker at (-18,0) size 7x21: bullet
          RenderInline {A} at (0,0) size 165x21 [color=#0000EE]
            RenderText {#text} at (0,0) size 165x21
              text run at (0,0) width 165: ":first-line with ::first-line"
          RenderText {#text} at (165,0) size 54x21
            text run at (165,0) width 54: " (#167a)"
        RenderListItem {LI} at (40,2814) size 728x21
          RenderListMarker at (-18,0) size 7x21: bullet
          RenderInline {A} at (0,0) size 139x21 [color=#0000EE]
            RenderText {#text} at (0,0) size 139x21
              text run at (0,0) width 139: ":before with ::before"
          RenderText {#text} at (139,0) size 46x21
            text run at (139,0) width 46: " (#168)"
        RenderListItem {LI} at (40,2835) size 728x21
          RenderListMarker at (-18,0) size 7x21: bullet
          RenderInline {A} at (0,0) size 139x21 [color=#0000EE]
            RenderText {#text} at (0,0) size 139x21
              text run at (0,0) width 139: ":before with ::before"
          RenderText {#text} at (139,0) size 54x21
            text run at (139,0) width 54: " (#168a)"
        RenderListItem {LI} at (40,2856) size 728x21
          RenderListMarker at (-18,0) size 7x21: bullet
          RenderInline {A} at (0,0) size 117x21 [color=#0000EE]
            RenderText {#text} at (0,0) size 117x21
              text run at (0,0) width 117: ":after with ::after"
          RenderText {#text} at (117,0) size 46x21
            text run at (117,0) width 46: " (#169)"
        RenderListItem {LI} at (40,2877) size 728x21
          RenderListMarker at (-18,0) size 7x21: bullet
          RenderInline {A} at (0,0) size 117x21 [color=#0000EE]
            RenderText {#text} at (0,0) size 117x21
              text run at (0,0) width 117: ":after with ::after"
          RenderText {#text} at (117,0) size 54x21
            text run at (117,0) width 54: " (#169a)"
        RenderListItem {LI} at (40,2898) size 728x21
          RenderListMarker at (-18,0) size 7x21: bullet
          RenderInline {A} at (0,0) size 161x21 [color=#0000EE]
            RenderText {#text} at (0,0) size 161x21
              text run at (0,0) width 161: "Long chains of selectors"
          RenderText {#text} at (161,0) size 46x21
            text run at (161,0) width 46: " (#170)"
        RenderListItem {LI} at (40,2919) size 728x21
          RenderListMarker at (-18,0) size 7x21: bullet
          RenderInline {A} at (0,0) size 161x21 [color=#0000EE]
            RenderText {#text} at (0,0) size 161x21
              text run at (0,0) width 161: "Long chains of selectors"
          RenderText {#text} at (161,0) size 54x21
            text run at (161,0) width 54: " (#170a)"
        RenderListItem {LI} at (40,2940) size 728x21
          RenderListMarker at (-18,0) size 7x21: bullet
          RenderInline {A} at (0,0) size 161x21 [color=#0000EE]
            RenderText {#text} at (0,0) size 161x21
              text run at (0,0) width 161: "Long chains of selectors"
          RenderText {#text} at (161,0) size 55x21
            text run at (161,0) width 55: " (#170b)"
        RenderListItem {LI} at (40,2961) size 728x21
          RenderListMarker at (-18,0) size 7x21: bullet
          RenderInline {A} at (0,0) size 161x21 [color=#0000EE]
            RenderText {#text} at (0,0) size 161x21
              text run at (0,0) width 161: "Long chains of selectors"
          RenderText {#text} at (161,0) size 53x21
            text run at (161,0) width 53: " (#170c)"
        RenderListItem {LI} at (40,2982) size 728x21
          RenderListMarker at (-18,0) size 7x21: bullet
          RenderInline {A} at (0,0) size 161x21 [color=#0000EE]
            RenderText {#text} at (0,0) size 161x21
              text run at (0,0) width 161: "Long chains of selectors"
          RenderText {#text} at (161,0) size 55x21
            text run at (161,0) width 55: " (#170d)"
        RenderListItem {LI} at (40,3003) size 728x21
          RenderListMarker at (-18,0) size 7x21: bullet
          RenderInline {A} at (0,0) size 189x21 [color=#0000EE]
            RenderText {#text} at (0,0) size 189x21
              text run at (0,0) width 189: "Parsing: Numbers in classes"
          RenderText {#text} at (189,0) size 54x21
            text run at (189,0) width 54: " (#175a)"
        RenderListItem {LI} at (40,3024) size 728x21
          RenderListMarker at (-18,0) size 7x21: bullet
          RenderInline {A} at (0,0) size 189x21 [color=#0000EE]
            RenderText {#text} at (0,0) size 189x21
              text run at (0,0) width 189: "Parsing: Numbers in classes"
          RenderText {#text} at (189,0) size 55x21
            text run at (189,0) width 55: " (#175b)"
        RenderListItem {LI} at (40,3045) size 728x21
          RenderListMarker at (-18,0) size 7x21: bullet
          RenderInline {A} at (0,0) size 189x21 [color=#0000EE]
            RenderText {#text} at (0,0) size 189x21
              text run at (0,0) width 189: "Parsing: Numbers in classes"
          RenderText {#text} at (189,0) size 53x21
            text run at (189,0) width 53: " (#175c)"
        RenderListItem {LI} at (40,3066) size 728x21
          RenderListMarker at (-18,0) size 7x21: bullet
          RenderInline {A} at (0,0) size 278x21 [color=#0000EE]
            RenderText {#text} at (0,0) size 278x21
              text run at (0,0) width 278: "NEGATED Dynamic handling of :empty"
          RenderText {#text} at (278,0) size 39x21
            text run at (278,0) width 39: " (#d1)"
        RenderListItem {LI} at (40,3087) size 728x21
          RenderListMarker at (-18,0) size 7x21: bullet
          RenderInline {A} at (0,0) size 278x21 [color=#0000EE]
            RenderText {#text} at (0,0) size 278x21
              text run at (0,0) width 278: "NEGATED Dynamic handling of :empty"
          RenderText {#text} at (278,0) size 48x21
            text run at (278,0) width 48: " (#d1b)"
        RenderListItem {LI} at (40,3108) size 728x21
          RenderListMarker at (-18,0) size 7x21: bullet
          RenderInline {A} at (0,0) size 230x21 [color=#0000EE]
            RenderText {#text} at (0,0) size 230x21
              text run at (0,0) width 230: "Dynamic handling of combinators"
          RenderText {#text} at (230,0) size 39x21
            text run at (230,0) width 39: " (#d2)"
        RenderListItem {LI} at (40,3129) size 728x21
          RenderListMarker at (-18,0) size 7x21: bullet
          RenderInline {A} at (0,0) size 317x21 [color=#0000EE]
            RenderText {#text} at (0,0) size 317x21
              text run at (0,0) width 317: "Dynamic updating of :first-child and :last-child"
          RenderText {#text} at (317,0) size 39x21
            text run at (317,0) width 39: " (#d4)"
        RenderListItem {LI} at (40,3150) size 728x21
          RenderListMarker at (-18,0) size 7x21: bullet
          RenderInline {A} at (0,0) size 99x21 [color=#0000EE]
            RenderText {#text} at (0,0) size 99x21
              text run at (0,0) width 99: ":indeterminate"
          RenderText {#text} at (99,0) size 39x21
            text run at (99,0) width 39: " (#d5)"
        RenderListItem {LI} at (40,3171) size 728x21
          RenderListMarker at (-18,0) size 7x21: bullet
          RenderInline {A} at (0,0) size 193x21 [color=#0000EE]
            RenderText {#text} at (0,0) size 193x21
              text run at (0,0) width 193: ":indeterminate and :checked"
          RenderText {#text} at (193,0) size 47x21
            text run at (193,0) width 47: " (#d5a)"
        RenderListItem {LI} at (40,3192) size 728x21
          RenderListMarker at (-18,0) size 7x21: bullet
          RenderInline {A} at (0,0) size 278x21 [color=#0000EE]
            RenderText {#text} at (0,0) size 278x21
              text run at (0,0) width 278: "NEGATED :indeterminate and :checked"
          RenderText {#text} at (278,0) size 48x21
            text run at (278,0) width 48: " (#d5b)"
        RenderListItem {LI} at (40,3213) size 728x21
          RenderListMarker at (-18,0) size 7x21: bullet
          RenderInline {A} at (0,0) size 193x21 [color=#0000EE]
            RenderText {#text} at (0,0) size 193x21
              text run at (0,0) width 193: ":indeterminate and :checked"
          RenderText {#text} at (193,0) size 46x21
            text run at (193,0) width 46: " (#d5c)"
        RenderListItem {LI} at (40,3234) size 728x21
          RenderListMarker at (-18,0) size 7x21: bullet
          RenderInline {A} at (0,0) size 197x21 [color=#0000EE]
            RenderText {#text} at (0,0) size 197x21
              text run at (0,0) width 197: ":indeterminate with :checked"
          RenderText {#text} at (197,0) size 48x21
            text run at (197,0) width 48: " (#d5d)"
        RenderListItem {LI} at (40,3255) size 728x21
          RenderListMarker at (-18,0) size 7x21: bullet
          RenderInline {A} at (0,0) size 282x21 [color=#0000EE]
            RenderText {#text} at (0,0) size 282x21
              text run at (0,0) width 282: "NEGATED :indeterminate with :checked"
          RenderText {#text} at (282,0) size 46x21
            text run at (282,0) width 46: " (#d5e)"
      RenderBlock {P} at (0,3782) size 768x21
        RenderText {#text} at (0,0) size 62x21
          text run at (0,0) width 62: "See also: "
        RenderInline {A} at (0,0) size 39x21 [color=#0000EE]
          RenderText {#text} at (62,0) size 39x21
            text run at (62,0) width 39: "Index"
        RenderText {#text} at (101,0) size 8x21
          text run at (101,0) width 8: ", "
        RenderInline {A} at (0,0) size 61x21 [color=#0000EE]
          RenderText {#text} at (109,0) size 61x21
            text run at (109,0) width 61: "XHTML"
        RenderText {#text} at (170,0) size 8x21
          text run at (170,0) width 8: ", "
        RenderInline {A} at (0,0) size 38x21 [color=#0000EE]
          RenderText {#text} at (178,0) size 38x21
            text run at (178,0) width 38: "XML"
