layer at (0,0) size 800x600
  RenderView at (0,0) size 800x600
layer at (0,0) size 800x53
  RenderBlock {HTML} at (0,0) size 800x53
    RenderBody {BODY} at (8,16) size 784x21
      RenderBlock {P} at (0,0) size 784x21
        RenderInline (generated) at (0,0) size 11x21 [bgcolor=#00FF00]
          RenderText {#text} at (0,0) size 11x21
            text run at (0,0) width 11: "T"
        RenderText {#text} at (11,0) size 438x21
          text run at (11,0) width 438: "he first letter of this paragraph should have a green background."
