layer at (0,0) size 800x600
  RenderView at (0,0) size 800x600
layer at (0,0) size 800x90
  RenderBlock {HTML} at (0,0) size 800x90
    RenderBody {BODY} at (8,16) size 784x58
      RenderBlock {P} at (0,0) size 784x21
        RenderText {#text} at (0,0) size 88x21
          text run at (0,0) width 88: "This test has "
        RenderInline {SPAN} at (0,0) size 63x21
          RenderInline (generated) at (0,0) size 63x21 [bgcolor=#00FF00]
            RenderText at (88,0) size 63x21
              text run at (88,0) width 63: "PASSED"
        RenderText {#text} at (151,0) size 4x21
          text run at (151,0) width 4: "."
      RenderBlock {P} at (0,37) size 784x21
        RenderText {#text} at (0,0) size 481x21
          text run at (0,0) width 481: "(If the previous line just reads \"This test has .\" then this test has failed.)"
