layer at (0,0) size 800x600
  RenderView at (0,0) size 800x600
layer at (0,0) size 800x90
  RenderBlock {HTML} at (0,0) size 800x90
    RenderBody {BODY} at (8,16) size 784x58
      RenderBlock {DIV} at (0,0) size 784x21
        RenderBlock {P} at (0,0) size 784x21 [bgcolor=#008000]
          RenderText {#text} at (0,0) size 288x21
            text run at (0,0) width 288: "This line should have a green background."
      RenderBlock {DIV} at (0,37) size 784x21
        RenderBlock {P} at (0,0) size 784x21
          RenderText {#text} at (0,0) size 327x21
            text run at (0,0) width 327: "This line should NOT have a green background."
