layer at (0,0) size 800x600
  RenderView at (0,0) size 800x600
layer at (0,0) size 800x98
  RenderBlock {HTML} at (0,0) size 800x98 [bgcolor=#666666]
    RenderBody {BODY} at (8,18) size 784x64
      RenderBlock {H3} at (0,0) size 784x25
        RenderText {#text} at (0,0) size 455x25
          text run at (0,0) width 455: "Test of unqualifed :hover selector in strict parsing mode"
      RenderBlock {P} at (0,43) size 784x21
        RenderText {#text} at (0,0) size 740x21
          text run at (0,0) width 740: "Moving the mouse anywhere over the document should result in the background color being changed to grey."
