layer at (0,0) size 800x600
  RenderView at (0,0) size 800x600
layer at (0,0) size 800x600
  RenderBlock {HTML} at (0,0) size 800x600
    RenderBody {BODY} at (8,8) size 784x576
      RenderBlock {DIV} at (0,0) size 784x21
        RenderInline (generated) at (0,0) size 11x21
          RenderText {#text} at (0,0) size 11x21
            text run at (0,0) width 11: "T"
        RenderText {#text} at (11,0) size 281x21
          text run at (11,0) width 281: "HIS TEXT SHOULD BE UPPERCASE."
      RenderBlock {P} at (0,37) size 784x21
        RenderInline (generated) at (0,0) size 292x21
          RenderText at (0,0) size 292x21
            text run at (0,0) width 292: "THIS TEXT SHOULD BE UPPERCASE."
