layer at (0,0) size 784x618
  RenderView at (0,0) size 784x600
layer at (0,0) size 784x618
  RenderBlock {HTML} at (0,0) size 784x618
    RenderBody {BODY} at (8,8) size 768x586
      RenderBlock {H1} at (0,0) size 768x124
        RenderText {#text} at (0,0) size 666x125
          text run at (0,0) width 666: "Inheritance bug for floated first-"
          text run at (0,62) width 108: "letter"
      RenderBlock {P} at (0,156) size 768x219 [bgcolor=#EEEEEE] [border: (1px solid #000000)]
        RenderInline (generated) at (0,0) size 54x95 [color=#008000] [border: (1px dashed #008000)]
          RenderText {#text} at (2,1) size 52x93
            text run at (2,1) width 52: "H"
        RenderText {#text} at (55,49) size 765x170
          text run at (55,49) width 699: "ere is the first paragraph. Here the CSS :first-line rule sets the text"
          text run at (1,94) width 270: "to a green, sans-serif font. "
          text run at (271,94) width 487: "Then, the CSS :first-letter rule sets the font size"
          text run at (1,125) width 757: "to 3em, and makes the text bold. And here's some more text to pad out the"
          text run at (1,156) width 765: "paragraph and make things look nice (or, at least, to illustrate the problem"
          text run at (1,187) width 108: "correctly)."
      RenderBlock {P} at (0,399) size 768x187 [bgcolor=#EEEEEE] [border: (1px solid #000000)]
        RenderBlock (floating) at (1,1) size 54x95 [color=#008000] [border: (1px dashed #008000)]
          RenderText {#text} at (1,1) size 52x93
            text run at (1,1) width 52: "H"
        RenderText {#text} at (55,1) size 754x186
          text run at (55,1) width 674: "ere is the second paragraph. This is just like the first except that"
          text run at (55,31) width 446: "the rule p.floated:first-letter floats the first "
          text run at (501,31) width 166: "letter to the left."
          text run at (55,62) width 696: "However, this floated element should still inherit the font properties"
          text run at (55,93) width 646: "(green and sans-serif) from the first-line: selector. It does not --"
          text run at (1,124) width 754: "instead, the font is black, and uses the serif font. .... And here's some more"
          text run at (1,155) width 69: "text ...."
