layer at (0,0) size 800x600
  RenderView at (0,0) size 800x600
layer at (0,0) size 800x600
  RenderBlock {HTML} at (0,0) size 800x600
    RenderBody {BODY} at (8,8) size 784x584
      RenderBlock {H1} at (0,0) size 784x42
        RenderInline (generated) at (0,0) size 207x41
          RenderText at (0,0) size 207x41
            text run at (0,0) width 207: "First Chapter: "
        RenderText {#text} at (207,0) size 105x41
          text run at (207,0) width 105: "TEST 1"
      RenderBlock (anonymous) at (0,63) size 784x21
        RenderText {#text} at (0,0) size 266x21
          text run at (0,0) width 266: "Should read: \"First Chapter: TEST 1\""
      RenderBlock {H2} at (0,103) size 784x31
        RenderInline (generated) at (0,0) size 99x32
          RenderText at (0,0) size 99x32
            text run at (0,0) width 99: "Chapter: "
        RenderText {#text} at (99,0) size 79x32
          text run at (99,0) width 79: "TEST 2"
      RenderBlock (anonymous) at (0,153) size 784x21
        RenderText {#text} at (0,0) size 230x21
          text run at (0,0) width 230: "Should read: \"Chapter: TEST 2\""
      RenderBlock {H3} at (0,192) size 784x25
        RenderInline (generated) at (0,0) size 118x25
          RenderText at (0,0) size 118x25
            text run at (0,0) width 118: "Chapter One: "
        RenderText {#text} at (118,0) size 65x25
          text run at (118,0) width 65: "TEST 3"
      RenderBlock (anonymous) at (0,235) size 784x21
        RenderText {#text} at (0,0) size 262x21
          text run at (0,0) width 262: "Should read: \"Chapter One: TEST 3\""
      RenderBlock {H4} at (0,277) size 784x21
        RenderInline (generated) at (0,0) size 66x21
          RenderText at (0,0) size 66x21
            text run at (0,0) width 66: "Chapter: "
        RenderText {#text} at (66,0) size 54x21
          text run at (66,0) width 54: "TEST 4"
      RenderBlock (anonymous) at (0,319) size 784x21
        RenderText {#text} at (0,0) size 230x21
          text run at (0,0) width 230: "Should read: \"Chapter: TEST 4\""
