layer at (0,0) size 800x600
  RenderView at (0,0) size 800x600
layer at (0,0) size 800x600
  RenderBlock {HTML} at (0,0) size 800x600
    RenderBody {BODY} at (8,8) size 784x582
      RenderBlock {P} at (0,0) size 784x21
        RenderInline {EM} at (0,0) size 646x21
          RenderText {#text} at (0,0) size 646x21
            text run at (0,0) width 646: "When an :after rule has multiple pieces of content, older versions of Safari display them backwards."
      RenderBlock {DIV} at (10,37) size 764x52 [border: (1px solid #000000)]
        RenderText {#text} at (11,20) size 48x21
          text run at (11,20) width 48: "Inline: "
        RenderInline (generated) at (0,0) size 514x21
          RenderText at (59,20) size 250x21
            text run at (59,20) width 250: "This should be before the green box. "
          RenderImage at (309,11) size 25x25
          RenderText at (334,20) size 239x21
            text run at (334,20) width 239: " This should be after the green box."
      RenderBlock {DIV} at (10,99) size 764x94 [border: (1px solid #000000)]
        RenderText {#text} at (11,62) size 90x21
          text run at (11,62) width 90: "Inline-block: "
        RenderBlock (generated) at (101,11) size 200x72
          RenderText at (0,0) size 171x51
            text run at (0,0) width 171: "This should be before the"
            text run at (0,30) width 75: "green box. "
          RenderImage at (75,21) size 25x25
          RenderText at (100,30) size 183x42
            text run at (100,30) width 83: " This should"
            text run at (0,51) width 152: "be after the green box."
      RenderBlock {DIV} at (10,203) size 764x115 [border: (1px solid #000000)]
        RenderBlock (anonymous) at (11,11) size 742x21
          RenderText {#text} at (0,0) size 44x21
            text run at (0,0) width 44: "Block:"
        RenderBlock (generated) at (11,32) size 200x72
          RenderText at (0,0) size 171x51
            text run at (0,0) width 171: "This should be before the"
            text run at (0,30) width 75: "green box. "
          RenderImage at (75,21) size 25x25
          RenderText at (100,30) size 183x42
            text run at (100,30) width 83: " This should"
            text run at (0,51) width 152: "be after the green box."
