layer at (0,0) size 800x600
  RenderView at (0,0) size 800x600
layer at (0,0) size 800x600
  RenderBlock {HTML} at (0,0) size 800x600
    RenderBody {BODY} at (8,8) size 784x584
      RenderBlock {P} at (0,0) size 784x21
        RenderText {#text} at (0,0) size 32x21
          text run at (0,0) width 32: "Bug "
        RenderInline {A} at (0,0) size 44x21 [color=#0000EE]
          RenderText {#text} at (32,0) size 44x21
            text run at (32,0) width 44: "23826 "
        RenderText {#text} at (76,0) size 607x21
          text run at (76,0) width 607: ": Potential bug with before/after rule while moving element from one document to another"
      RenderBlock {P} at (0,37) size 784x21
        RenderText {#text} at (0,0) size 576x21
          text run at (0,0) width 576: "This test that moving a quote element sets the before / after flag in the final document."
      RenderBlock {DIV} at (0,74) size 784x58
        RenderBlock (anonymous) at (0,0) size 784x21
          RenderInline {Q} at (0,0) size 173x21
            RenderInline (generated) at (0,0) size 9x21
              RenderText at (0,0) size 9x21
                text run at (0,0) width 9: "\""
            RenderText {#text} at (9,0) size 164x21
              text run at (9,0) width 164: "Quotes should surround"
        RenderBlock (anonymous) at (0,37) size 784x0
          RenderBlock {P} at (0,0) size 784x0
        RenderBlock (anonymous) at (0,37) size 784x21
          RenderInline {Q} at (0,0) size 66x21
            RenderText {#text} at (0,0) size 57x21
              text run at (0,0) width 57: "this text."
            RenderInline (generated) at (0,0) size 9x21
              RenderText at (57,0) size 9x21
                text run at (57,0) width 9: "\""
