layer at (0,0) size 800x600
  RenderView at (0,0) size 800x600
layer at (0,0) size 800x229
  RenderBlock {HTML} at (0,0) size 800x229
    RenderBody {BODY} at (8,8) size 784x205
      RenderBlock {DIV} at (0,0) size 784x21
        RenderText {#text} at (0,0) size 87x21
          text run at (0,0) width 87: "This is a test "
        RenderInline (generated) at (0,0) size 194x21
          RenderText at (87,0) size 194x21
            text run at (87,0) width 194: "and generated hover content"
      RenderBlock {HR} at (0,29) size 784x2 [border: (1px inset #000000)]
      RenderBlock {P} at (0,47) size 784x42
        RenderText {#text} at (0,0) size 57x21
          text run at (0,0) width 57: "Test for "
        RenderInline {I} at (0,0) size 754x42
          RenderInline {A} at (0,0) size 352x21 [color=#0000EE]
            RenderText {#text} at (57,0) size 352x21
              text run at (57,0) width 352: "http://bugzilla.opendarwin.org/show_bug.cgi?id=6431"
          RenderText {#text} at (409,0) size 754x42
            text run at (409,0) width 4: " "
            text run at (413,0) width 341: "REGRESSION: style change where :hover changes"
            text run at (0,21) width 207: "only an :after style doesn't work"
        RenderText {#text} at (207,21) size 4x21
          text run at (207,21) width 4: "."
      RenderBlock {P} at (0,105) size 784x42
        RenderText {#text} at (0,0) size 758x42
          text run at (0,0) width 547: "The line at the top of the page should read \x{201C}This is a test and generated content\x{201D} "
          text run at (547,0) width 211: "or \x{201C}This is a test and generated"
          text run at (0,21) width 288: "hover content\x{201D} depending on whether it is "
          text run at (288,21) width 59: "hovered."
      RenderBlock {P} at (0,163) size 784x42
        RenderText {#text} at (0,0) size 759x42
          text run at (0,0) width 759: "To reproduce the bug outside of DumpRenderTree, mouse over the div several times, and the style change won't"
          text run at (0,21) width 125: "update every time "
          text run at (125,21) width 90: "like it should."
caret: position 3 of child 0 {#text} of child 1 {DIV} of body
