layer at (0,0) size 800x600
  RenderView at (0,0) size 800x600
layer at (0,0) size 800x600
  RenderBlock {HTML} at (0,0) size 800x600
    RenderBody {BODY} at (8,8) size 784x584
      RenderBlock {H1} at (0,0) size 784x42
        RenderText {#text} at (0,0) size 90x41
          text run at (0,0) width 90: "Blocks"
      RenderBlock {DIV} at (0,63) size 784x21
        RenderInline (generated) at (0,0) size 38x21
          RenderText at (0,0) size 38x21
            text run at (0,0) width 38: "Test: "
        RenderText {#text} at (38,0) size 50x21
          text run at (38,0) width 50: "content"
      RenderBlock {DIV} at (0,84) size 784x21
        RenderBlock (generated) at (0,0) size 34x21
          RenderText at (0,0) size 34x21
            text run at (0,0) width 34: "Test:"
        RenderText {#text} at (34,0) size 50x21
          text run at (34,0) width 50: "content"
      RenderBlock {DIV} at (0,105) size 784x26
        RenderTable at (0,0) size 34x21
          RenderTableSection (anonymous) at (0,0) size 34x21
            RenderTableRow (anonymous) at (0,0) size 34x21
              RenderTableCell (anonymous) at (0,0) size 34x21 [r=0 c=0 rs=1 cs=1]
                RenderText at (0,0) size 34x21
                  text run at (0,0) width 34: "Test:"
        RenderText {#text} at (34,5) size 50x21
          text run at (34,5) width 50: "content"
      RenderBlock {H1} at (0,152) size 784x42
        RenderText {#text} at (0,0) size 92x41
          text run at (0,0) width 92: "Inlines"
      RenderBlock (anonymous) at (0,215) size 784x68
        RenderInline {SPAN} at (0,0) size 88x21
          RenderInline (generated) at (0,0) size 38x21
            RenderText at (0,0) size 38x21
              text run at (0,0) width 38: "Test: "
          RenderText {#text} at (38,0) size 50x21
            text run at (38,0) width 50: "content"
        RenderBR {BR} at (88,16) size 0x0
        RenderInline {SPAN} at (0,0) size 84x21
          RenderBlock (generated) at (0,21) size 34x21
            RenderText at (0,0) size 34x21
              text run at (0,0) width 34: "Test:"
          RenderText {#text} at (34,21) size 50x21
            text run at (34,21) width 50: "content"
        RenderBR {BR} at (84,37) size 0x0
        RenderInline {SPAN} at (0,0) size 84x21
          RenderTable at (0,42) size 34x21
            RenderTableSection (anonymous) at (0,0) size 34x21
              RenderTableRow (anonymous) at (0,0) size 34x21
                RenderTableCell (anonymous) at (0,0) size 34x21 [r=0 c=0 rs=1 cs=1]
                  RenderText at (0,0) size 34x21
                    text run at (0,0) width 34: "Test:"
          RenderText {#text} at (34,47) size 50x21
            text run at (34,47) width 50: "content"
        RenderBR {BR} at (84,63) size 0x0
