layer at (0,0) size 784x678
  RenderView at (0,0) size 784x600
layer at (0,0) size 784x636
  RenderBlock {HTML} at (0,0) size 784x636
    RenderBody {BODY} at (8,8) size 768x612
      RenderBlock {P} at (0,0) size 768x19
        RenderText {#text} at (0,0) size 141x19
          text run at (0,0) width 141: "This is to test a fix for "
        RenderInline {A} at (0,0) size 68x19 [color=#0000EE]
          RenderText {#text} at (141,0) size 68x19
            text run at (141,0) width 68: "bug 26660"
        RenderText {#text} at (209,0) size 4x19
          text run at (209,0) width 4: "."
      RenderBlock {P} at (0,628) size 768x0
layer at (8,102) size 252x59
  RenderBlock {DIV} at (0,94) size 252x59 [border: (1px solid #008000)]
    RenderText {#text} at (1,1) size 250x57
      text run at (1,1) width 244: "Straight \x{916}\x{94B}\x{91C}\x{947}\x{902} \x{92C}\x{941}\x{927}\x{935}\x{93E}\x{930}"
      text run at (1,20) width 250: "\x{915}\x{940} \x{938}\x{941}\x{92C}\x{939} \x{939}\x{94B}\x{928}\x{947} \x{935}\x{93E}\x{932}\x{93E}"
      text run at (1,39) width 139: "\x{92A}\x{942}\x{930}\x{94D}\x{923} 123 abc"
layer at (8,236) size 252x78
  RenderBlock {DIV} at (0,228) size 252x78 [border: (1px solid #008000)]
    RenderText {#text} at (1,1) size 229x76
      text run at (1,1) width 168: "Now rotated \x{916}\x{94B}\x{91C}\x{947}\x{902}"
      text run at (1,20) width 212: "\x{92C}\x{941}\x{927}\x{935}\x{93E}\x{930} \x{915}\x{940} \x{938}\x{941}\x{92C}\x{939}"
      text run at (1,39) width 229: "\x{939}\x{94B}\x{928}\x{947} \x{935}\x{93E}\x{932}\x{93E} \x{92A}\x{942}\x{930}\x{94D}\x{923}"
      text run at (1,58) width 50: "123 abc"
layer at (8,389) size 252x78
  RenderBlock {DIV} at (0,381) size 252x78 [border: (1px solid #008000)]
    RenderText {#text} at (1,1) size 229x76
      text run at (1,1) width 168: "Now rotated \x{916}\x{94B}\x{91C}\x{947}\x{902}"
      text run at (1,20) width 212: "\x{92C}\x{941}\x{927}\x{935}\x{93E}\x{930} \x{915}\x{940} \x{938}\x{941}\x{92C}\x{939}"
      text run at (1,39) width 229: "\x{939}\x{94B}\x{928}\x{947} \x{935}\x{93E}\x{932}\x{93E} \x{92A}\x{942}\x{930}\x{94D}\x{923}"
      text run at (1,58) width 50: "123 abc"
layer at (8,542) size 252x78
  RenderBlock {DIV} at (0,534) size 252x78 [border: (1px solid #008000)]
    RenderText {#text} at (1,1) size 229x76
      text run at (1,1) width 168: "Now rotated \x{916}\x{94B}\x{91C}\x{947}\x{902}"
      text run at (1,20) width 212: "\x{92C}\x{941}\x{927}\x{935}\x{93E}\x{930} \x{915}\x{940} \x{938}\x{941}\x{92C}\x{939}"
      text run at (1,39) width 229: "\x{939}\x{94B}\x{928}\x{947} \x{935}\x{93E}\x{932}\x{93E} \x{92A}\x{942}\x{930}\x{94D}\x{923}"
      text run at (1,58) width 50: "123 abc"
