layer at (0,0) size 784x1747
  RenderView at (0,0) size 784x600
layer at (0,0) size 784x1747
  RenderBlock {HTML} at (0,0) size 784x1747
    RenderBody {BODY} at (8,16) size 768x1715
      RenderBlock {DIV} at (0,0) size 768x832
        RenderBlock {P} at (0,0) size 768x19
          RenderText {#text} at (681,0) size 87x19
            text run at (681,0) width 87: "Right To Left"
        RenderBlock {P} at (0,35) size 768x19
          RenderText {#text} at (442,0) size 326x19
            text run at (442,0) width 4 RTL: "."
            text run at (446,0) width 322: "Well-formed pair of unicode bidi control characters"
        RenderBlock {DIV} at (0,70) size 768x19
          RenderText {#text} at (755,0) size 13x19
            text run at (755,0) width 0 RTL: "\x{202C}"
            text run at (755,0) width 5 RTL: "!"
            text run at (760,0) width 8: "\x{202B}b"
        RenderBlock {DIV} at (0,89) size 768x19
          RenderText {#text} at (755,0) size 13x19
            text run at (755,0) width 0 RTL: "\x{202C}"
            text run at (755,0) width 13: "\x{202A}b!"
        RenderBlock {P} at (0,124) size 768x19
          RenderText {#text} at (508,0) size 260x19
            text run at (508,0) width 4 RTL: "."
            text run at (512,0) width 256: "Unpaired unicode bidi control characters"
        RenderBlock {DIV} at (0,159) size 768x19
          RenderText {#text} at (755,0) size 13x19
            text run at (755,0) width 5 RTL: "!"
            text run at (760,0) width 8: "\x{202B}b"
        RenderBlock {DIV} at (0,178) size 768x19
          RenderText {#text} at (755,0) size 13x19
            text run at (755,0) width 13: "\x{202A}b!"
        RenderBlock {P} at (0,213) size 768x19
          RenderText {#text} at (434,0) size 334x19
            text run at (434,0) width 4 RTL: "."
            text run at (438,0) width 330: "Empty content inside unicode bidi control characters"
        RenderBlock {DIV} at (0,248) size 768x19
          RenderText {#text} at (768,0) size 0x19
            text run at (768,0) width 0 RTL: "\x{202C}\x{202C}"
        RenderBlock {DIV} at (0,267) size 768x19
          RenderText {#text} at (768,0) size 0x19
            text run at (768,0) width 0: "\x{202A}"
            text run at (768,0) width 0 RTL: "\x{202A}"
        RenderBlock {DIV} at (0,286) size 768x19
          RenderText {#text} at (768,0) size 0x19
            text run at (768,0) width 0 RTL: "\x{202B}"
            text run at (768,0) width 0 RTL: "\x{202B}"
        RenderBlock {P} at (0,321) size 768x19
          RenderText {#text} at (488,0) size 280x19
            text run at (488,0) width 4 RTL: "."
            text run at (492,0) width 276: "String inside unicode bidi control characters"
        RenderBlock {DIV} at (0,356) size 768x19
          RenderText {#text} at (746,0) size 22x19
            text run at (746,0) width 0 RTL: "\x{202C}"
            text run at (746,0) width 22: "\x{202C}abc"
        RenderBlock {DIV} at (0,375) size 768x19
          RenderText {#text} at (746,0) size 22x19
            text run at (746,0) width 22: "\x{202A}abc"
            text run at (768,0) width 0 RTL: "\x{202A}"
        RenderBlock {DIV} at (0,394) size 768x19
          RenderText {#text} at (746,0) size 22x19
            text run at (746,0) width 22: "\x{202B}abc"
            text run at (768,0) width 0 RTL: "\x{202B}"
        RenderBlock {P} at (0,429) size 768x19
          RenderText {#text} at (481,0) size 287x19
            text run at (481,0) width 4 RTL: "."
            text run at (485,0) width 283: "String around unicode bidi control characters"
        RenderBlock {DIV} at (0,464) size 768x19
          RenderText {#text} at (726,0) size 42x19
            text run at (726,0) width 0 RTL: "\x{202C}"
            text run at (726,0) width 42: "def\x{202C}abc"
        RenderBlock {DIV} at (0,483) size 768x19
          RenderText {#text} at (726,0) size 42x19
            text run at (726,0) width 42: "\x{202C}abc\x{202C}def"
        RenderBlock {DIV} at (0,502) size 768x19
          RenderText {#text} at (703,0) size 65x19
            text run at (703,0) width 65: "xyz\x{202C}abc\x{202C}def"
        RenderBlock {P} at (0,537) size 768x19
          RenderText {#text} at (523,0) size 245x19
            text run at (523,0) width 4 RTL: "."
            text run at (527,0) width 241: "Nested unicode bidi control characters"
        RenderBlock {DIV} at (0,572) size 768x19
          RenderText {#text} at (755,0) size 13x19
            text run at (755,0) width 0: "\x{202A}"
            text run at (755,0) width 0 RTL: "\x{202C}"
            text run at (755,0) width 13: "\x{202A}b!"
        RenderBlock {DIV} at (0,591) size 768x19
          RenderText {#text} at (755,0) size 13x19
            text run at (755,0) width 0 RTL: "\x{202C}"
            text run at (755,0) width 5 RTL: "!"
            text run at (760,0) width 8: "\x{202B}b"
            text run at (768,0) width 0 RTL: "\x{202B}"
        RenderBlock {DIV} at (0,610) size 768x19
          RenderText {#text} at (755,0) size 13x19
            text run at (755,0) width 5 RTL: "!\x{202C}"
            text run at (760,0) width 8: "\x{202C}\x{202C}b"
        RenderBlock {DIV} at (0,629) size 768x19
          RenderText {#text} at (748,0) size 20x19
            text run at (748,0) width 0 RTL: "\x{202C}"
            text run at (748,0) width 8: "1"
            text run at (756,0) width 5 RTL: "!"
            text run at (761,0) width 7: "\x{202B}c"
            text run at (768,0) width 0 RTL: "\x{202C}"
        RenderBlock {P} at (0,664) size 768x19
          RenderText {#text} at (493,0) size 275x19
            text run at (493,0) width 4 RTL: "."
            text run at (497,0) width 271: "Start with different directionality characters"
        RenderBlock {DIV} at (0,699) size 768x19
          RenderText {#text} at (744,0) size 24x19
            text run at (744,0) width 0 RTL: "\x{202B}"
            text run at (744,0) width 0 RTL: "\x{202C}"
            text run at (744,0) width 8: "\x{202A}1"
            text run at (752,0) width 0 RTL: "\x{202C}"
            text run at (752,0) width 16: "12"
        RenderBlock {DIV} at (0,718) size 768x19
          RenderText {#text} at (752,0) size 16x19
            text run at (752,0) width 0 RTL: "\x{202A}"
            text run at (752,0) width 0 RTL: "\x{202C}"
            text run at (752,0) width 16: "12"
        RenderBlock {DIV} at (0,737) size 768x19
          RenderText {#text} at (750,0) size 18x19
            text run at (750,0) width 0 RTL: "\x{202A}"
            text run at (750,0) width 0 RTL: "\x{202C}"
            text run at (750,0) width 18: "\x{660}\x{661}"
        RenderBlock {DIV} at (0,756) size 768x19
          RenderText {#text} at (748,0) size 20x19
            text run at (748,0) width 0 RTL: "\x{202A}"
            text run at (748,0) width 20 RTL: "\x{683}\x{684}\x{202C}"
        RenderBlock {DIV} at (0,775) size 768x19
          RenderText {#text} at (768,0) size 0x19
            text run at (768,0) width 0 RTL: "\x{202A}"
            text run at (768,0) width 0 RTL: "\x{1}\x{202C}"
        RenderBlock {DIV} at (0,794) size 768x19
          RenderText {#text} at (746,0) size 22x19
            text run at (746,0) width 22: "abc\x{202C}"
            text run at (768,0) width 0 RTL: "\x{202A}"
        RenderBlock {DIV} at (0,813) size 768x19
          RenderText {#text} at (748,0) size 20x19
            text run at (748,0) width 0 RTL: "\x{202A}"
            text run at (748,0) width 20 RTL: "\x{5D0}\x{5D1}\x{202C}"
      RenderBlock {DIV} at (0,848) size 768x832
        RenderBlock {P} at (0,0) size 768x19
          RenderText {#text} at (0,0) size 87x19
            text run at (0,0) width 87: "Left To Right"
        RenderBlock {P} at (0,35) size 768x19
          RenderText {#text} at (0,0) size 326x19
            text run at (0,0) width 326: "Well-formed pair of unicode bidi control characters."
        RenderBlock {DIV} at (0,70) size 768x19
          RenderText {#text} at (0,0) size 13x19
            text run at (0,0) width 5 RTL: "!"
            text run at (5,0) width 8: "\x{202B}b"
            text run at (13,0) width 0: "\x{202C}"
        RenderBlock {DIV} at (0,89) size 768x19
          RenderText {#text} at (0,0) size 13x19
            text run at (0,0) width 13: "\x{202A}b!"
            text run at (13,0) width 0: "\x{202C}"
        RenderBlock {P} at (0,124) size 768x19
          RenderText {#text} at (0,0) size 260x19
            text run at (0,0) width 260: "Unpaired unicode bidi control characters."
        RenderBlock {DIV} at (0,159) size 768x19
          RenderText {#text} at (0,0) size 13x19
            text run at (0,0) width 13: "\x{202B}b!"
        RenderBlock {DIV} at (0,178) size 768x19
          RenderText {#text} at (0,0) size 13x19
            text run at (0,0) width 13: "\x{202A}b!"
        RenderBlock {P} at (0,213) size 768x19
          RenderText {#text} at (0,0) size 334x19
            text run at (0,0) width 334: "Empty content inside unicode bidi control characters."
        RenderBlock {DIV} at (0,248) size 768x19
          RenderText {#text} at (0,0) size 0x19
            text run at (0,0) width 0: "\x{202C}\x{202C}"
        RenderBlock {DIV} at (0,267) size 768x19
          RenderText {#text} at (0,0) size 0x19
            text run at (0,0) width 0: "\x{202A}"
            text run at (0,0) width 0: "\x{202A}"
        RenderBlock {DIV} at (0,286) size 768x19
          RenderText {#text} at (0,0) size 0x19
            text run at (0,0) width 0: "\x{202B}"
            text run at (0,0) width 0 RTL: "\x{202B}"
        RenderBlock {P} at (0,321) size 768x19
          RenderText {#text} at (0,0) size 280x19
            text run at (0,0) width 280: "String inside unicode bidi control characters."
        RenderBlock {DIV} at (0,356) size 768x19
          RenderText {#text} at (0,0) size 22x19
            text run at (0,0) width 22: "\x{202C}abc\x{202C}"
        RenderBlock {DIV} at (0,375) size 768x19
          RenderText {#text} at (0,0) size 22x19
            text run at (0,0) width 22: "\x{202A}abc"
            text run at (22,0) width 0: "\x{202A}"
        RenderBlock {DIV} at (0,394) size 768x19
          RenderText {#text} at (0,0) size 22x19
            text run at (0,0) width 22: "\x{202B}abc"
            text run at (22,0) width 0: "\x{202B}"
        RenderBlock {P} at (0,429) size 768x19
          RenderText {#text} at (0,0) size 287x19
            text run at (0,0) width 287: "String around unicode bidi control characters."
        RenderBlock {DIV} at (0,464) size 768x19
          RenderText {#text} at (0,0) size 42x19
            text run at (0,0) width 42: "def\x{202C}abc\x{202C}"
        RenderBlock {DIV} at (0,483) size 768x19
          RenderText {#text} at (0,0) size 42x19
            text run at (0,0) width 42: "\x{202C}abc\x{202C}def"
        RenderBlock {DIV} at (0,502) size 768x19
          RenderText {#text} at (0,0) size 65x19
            text run at (0,0) width 65: "xyz\x{202C}abc\x{202C}def"
        RenderBlock {P} at (0,537) size 768x19
          RenderText {#text} at (0,0) size 245x19
            text run at (0,0) width 245: "Nested unicode bidi control characters."
        RenderBlock {DIV} at (0,572) size 768x19
          RenderText {#text} at (0,0) size 13x19
            text run at (0,0) width 0: "\x{202A}"
            text run at (0,0) width 13: "\x{202A}b!"
            text run at (13,0) width 0: "\x{202C}"
        RenderBlock {DIV} at (0,591) size 768x19
          RenderText {#text} at (0,0) size 13x19
            text run at (0,0) width 5 RTL: "!"
            text run at (5,0) width 8: "\x{202B}b"
            text run at (13,0) width 0: "\x{202C}"
            text run at (13,0) width 0 RTL: "\x{202B}"
        RenderBlock {DIV} at (0,610) size 768x19
          RenderText {#text} at (0,0) size 13x19
            text run at (0,0) width 13: "\x{202C}\x{202C}b!\x{202C}"
        RenderBlock {DIV} at (0,629) size 768x19
          RenderText {#text} at (0,0) size 20x19
            text run at (0,0) width 8: "\x{202C}1"
            text run at (8,0) width 5 RTL: "!"
            text run at (13,0) width 7: "\x{202B}c"
            text run at (20,0) width 0: "\x{202C}"
        RenderBlock {P} at (0,664) size 768x19
          RenderText {#text} at (0,0) size 275x19
            text run at (0,0) width 275: "Start with different directionality characters."
        RenderBlock {DIV} at (0,699) size 768x19
          RenderText {#text} at (0,0) size 24x19
            text run at (0,0) width 16: "12\x{202C}"
            text run at (16,0) width 8: "\x{202A}1"
            text run at (24,0) width 0: "\x{202C}"
            text run at (24,0) width 0: "\x{202B}"
        RenderBlock {DIV} at (0,718) size 768x19
          RenderText {#text} at (0,0) size 16x19
            text run at (0,0) width 16: "12\x{202C}"
            text run at (16,0) width 0: "\x{202A}"
        RenderBlock {DIV} at (0,737) size 768x19
          RenderText {#text} at (0,0) size 18x19
            text run at (0,0) width 18: "\x{660}\x{661}"
            text run at (18,0) width 0: "\x{202C}"
            text run at (18,0) width 0: "\x{202A}"
        RenderBlock {DIV} at (0,756) size 768x19
          RenderText {#text} at (0,0) size 20x19
            text run at (0,0) width 20 RTL: "\x{683}\x{684}"
            text run at (20,0) width 0: "\x{202C}"
            text run at (20,0) width 0: "\x{202A}"
        RenderBlock {DIV} at (0,775) size 768x19
          RenderText {#text} at (0,0) size 0x19
            text run at (0,0) width 0: "\x{1}\x{202C}"
            text run at (0,0) width 0: "\x{202A}"
        RenderBlock {DIV} at (0,794) size 768x19
          RenderText {#text} at (0,0) size 22x19
            text run at (0,0) width 22: "abc\x{202C}"
            text run at (22,0) width 0: "\x{202A}"
        RenderBlock {DIV} at (0,813) size 768x19
          RenderText {#text} at (0,0) size 20x19
            text run at (0,0) width 20 RTL: "\x{5D0}\x{5D1}"
            text run at (20,0) width 0: "\x{202C}"
            text run at (20,0) width 0: "\x{202A}"
      RenderBlock {UL} at (0,1696) size 768x19
        RenderListItem {LI} at (40,0) size 728x19
          RenderListMarker at (-18,0) size 7x19: bullet
          RenderText {#text} at (0,0) size 705x19
            text run at (0,0) width 705: "test id=test: the right-most character of rendering result of <PDF>abc<PDF> in RTL block should be c: Success"
selection start: position 3 of child 0 {#text} of child 20 {DIV} of child 1 {DIV} of body
selection end:   position 4 of child 0 {#text} of child 20 {DIV} of child 1 {DIV} of body
