layer at (0,0) size 800x600
  RenderView at (0,0) size 800x600
layer at (0,0) size 800x600
  RenderBlock {HTML} at (0,0) size 800x600
    RenderBody {BODY} at (8,8) size 784x584
      RenderBlock {P} at (0,0) size 784x21
        RenderText {#text} at (0,0) size 543x21
          text run at (0,0) width 543: "This tests for a bug where text copied with Select All + Copy would lose its color."
      RenderBlock {DIV} at (0,37) size 784x84
        RenderBlock (anonymous) at (0,0) size 784x21
          RenderInline {FONT} at (0,0) size 159x21 [color=#FF0000]
            RenderText {#text} at (0,0) size 159x21
              text run at (0,0) width 159: "This text should be red."
        RenderBlock {DIV} at (0,21) size 784x21
          RenderInline {FONT} at (0,0) size 159x21 [color=#FF0000]
            RenderText {#text} at (0,0) size 159x21
              text run at (0,0) width 159: "This text should be red."
        RenderBlock {DIV} at (0,42) size 784x42
          RenderBlock (anonymous) at (0,0) size 784x21
            RenderInline {FONT} at (0,0) size 159x21 [color=#FF0000]
              RenderText {#text} at (0,0) size 159x21
                text run at (0,0) width 159: "This text should be red."
          RenderBlock {DIV} at (0,21) size 784x21
            RenderInline {FONT} at (0,0) size 159x21 [color=#FF0000]
              RenderText {#text} at (0,0) size 159x21
                text run at (0,0) width 159: "This text should be red."
          RenderBlock (anonymous) at (0,42) size 784x0
caret: position 24 of child 0 {#text} of child 0 {FONT} of child 1 {DIV} of child 2 {DIV} of child 2 {DIV} of body
