EDITING DELEGATE: shouldBeginEditingInDOMRange:range from 0 of DIV > BODY > HTML > #document to 1 of DIV > BODY > HTML > #document
EDITING DELEGATE: webViewDidBeginEditing:WebViewDidBeginEditingNotification
EDITING DELEGATE: webViewDidChangeSelection:WebViewDidChangeSelectionNotification
EDITING DELEGATE: webViewDidChangeSelection:WebViewDidChangeSelectionNotification
EDITING DELEGATE: webViewDidChangeSelection:WebViewDidChangeSelectionNotification
EDITING DELEGATE: webViewDidChangeSelection:WebViewDidChangeSelectionNotification
EDITING DELEGATE: shouldChangeSelectedDOMRange:(null) toDOMRange:range from 0 of DIV > DIV > BODY > HTML > #document to 0 of DIV > DIV > BODY > HTML > #document affinity:NSSelectionAffinityDownstream stillSelecting:FALSE
EDITING DELEGATE: webViewDidChangeSelection:WebViewDidChangeSelectionNotification
EDITING DELEGATE: webViewDidChange:WebViewDidChangeNotification
layer at (0,0) size 800x600
  RenderView at (0,0) size 800x600
layer at (0,0) size 800x600
  RenderBlock {HTML} at (0,0) size 800x600
    RenderBody {BODY} at (8,8) size 784x584
      RenderBlock {P} at (0,0) size 784x63
        RenderText {#text} at (0,0) size 781x63
          text run at (0,0) width 316: "This tests a change made with the fix for 8145. "
          text run at (316,0) width 465: "The paragraph separator inserted to prevent nesting blocks from the"
          text run at (0,21) width 733: "fragment to paste inside the block where the paste occured was not being inserted when the fragment had an"
          text run at (0,42) width 211: "interchange newline at the end."
      RenderBlock {DIV} at (0,79) size 784x65 [border: (1px solid #000000)]
        RenderBlock {DIV} at (1,1) size 782x21
          RenderText {#text} at (0,0) size 5x21
            text run at (0,0) width 5: "f"
          RenderText {#text} at (5,0) size 24x21
            text run at (5,0) width 24: "bar"
        RenderBlock (anonymous) at (1,22) size 782x21
          RenderText {#text} at (0,0) size 24x21
            text run at (0,0) width 24: "baz"
        RenderBlock {DIV} at (1,43) size 782x21
          RenderText {#text} at (0,0) size 16x21
            text run at (0,0) width 16: "oo"
caret: position 0 of child 0 {#text} of child 2 {DIV} of child 2 {DIV} of body
