EDITING DELEGATE: shouldBeginEditingInDOMRange:range from 0 of DIV > BODY > HTML > #document to 5 of DIV > BODY > HTML > #document
EDITING DELEGATE: webViewDidBeginEditing:WebViewDidBeginEditingNotification
EDITING DELEGATE: webViewDidChangeSelection:WebViewDidChangeSelectionNotification
EDITING DELEGATE: webViewDidChangeSelection:WebViewDidChangeSelectionNotification
EDITING DELEGATE: webViewDidChangeSelection:WebViewDidChangeSelectionNotification
EDITING DELEGATE: shouldInsertNode:#document-fragment replacingDOMRange:range from 0 of #text > B > SPAN > DIV > BODY > HTML > #document to 4 of #text > B > SPAN > DIV > BODY > HTML > #document givenAction:WebViewInsertActionPasted
EDITING DELEGATE: webViewDidChangeSelection:WebViewDidChangeSelectionNotification
EDITING DELEGATE: shouldChangeSelectedDOMRange:(null) toDOMRange:range from 4 of #text > B > SPAN > DIV > BODY > HTML > #document to 4 of #text > B > SPAN > DIV > BODY > HTML > #document affinity:NSSelectionAffinityDownstream stillSelecting:FALSE
EDITING DELEGATE: webViewDidChangeSelection:WebViewDidChangeSelectionNotification
EDITING DELEGATE: webViewDidChange:WebViewDidChangeNotification
layer at (0,0) size 800x600
  RenderView at (0,0) size 800x600
layer at (0,0) size 800x600
  RenderBlock {HTML} at (0,0) size 800x600
    RenderBody {BODY} at (8,8) size 784x584
      RenderBlock (anonymous) at (0,0) size 784x63
        RenderText {#text} at (0,0) size 209x21
          text run at (0,0) width 209: "This is a testcase for the fix for "
        RenderInline {A} at (0,0) size 365x21 [color=#0000EE]
          RenderText {#text} at (209,0) size 365x21
            text run at (209,0) width 365: "http://bugzilla.opendarwin.org/show_bug.cgi?id=7904"
        RenderText {#text} at (574,0) size 773x63
          text run at (574,0) width 8: ". "
          text run at (582,0) width 186: "ReplaceSelectionCommand"
          text run at (0,21) width 521: "used to guess whether or not nodes in the fragment to be pasted were blocks. "
          text run at (521,21) width 157: "It now knows for sure. "
          text run at (678,21) width 95: "Before the fix,"
          text run at (0,42) width 638: "ReplaceSelectionCommand blew away content of the div below after copy/pasting it over itself."
      RenderBlock {HR} at (0,71) size 784x2 [border: (1px inset #000000)]
      RenderBlock {DIV} at (0,81) size 784x42
        RenderBlock {SPAN} at (0,0) size 784x21
          RenderInline {B} at (0,0) size 137x21
            RenderText {#text} at (0,0) size 137x21
              text run at (0,0) width 137: "This is a paragraph."
        RenderBlock {SPAN} at (0,21) size 784x21
          RenderInline {B} at (0,0) size 30x21
            RenderText {#text} at (0,0) size 30x21
              text run at (0,0) width 30: "This"
          RenderInline {B} at (0,0) size 152x21
            RenderText {#text} at (30,0) size 152x21
              text run at (30,0) width 152: " is another paragraph."
caret: position 4 of child 0 {#text} of child 0 {B} of child 2 {SPAN} of child 5 {DIV} of body
