EDITING DELEGATE: shouldBeginEditingInDOMRange:range from 0 of DIV > BODY > HTML > #document to 1 of DIV > BODY > HTML > #document
EDITING DELEGATE: webViewDidBeginEditing:WebViewDidBeginEditingNotification
EDITING DELEGATE: webViewDidChangeSelection:WebViewDidChangeSelectionNotification
EDITING DELEGATE: webViewDidChangeSelection:WebViewDidChangeSelectionNotification
EDITING DELEGATE: webViewDidChangeSelection:WebViewDidChangeSelectionNotification
EDITING DELEGATE: webViewDidChangeSelection:WebViewDidChangeSelectionNotification
EDITING DELEGATE: webViewDidChange:WebViewDidChangeNotification
layer at (0,0) size 800x600
  RenderView at (0,0) size 800x600
layer at (0,0) size 800x600
  RenderBlock {HTML} at (0,0) size 800x600
    RenderBody {BODY} at (8,8) size 784x584
      RenderBlock {P} at (0,0) size 784x63
        RenderText {#text} at (0,0) size 783x63
          text run at (0,0) width 731: "There is an interchange newline at the end of the incoming fragment, so the last bit of pasted content and the"
          text run at (0,21) width 574: "content after the position where the paste occured should be in separate paragraphs. "
          text run at (574,21) width 209: "The last bit of pasted content is"
          text run at (0,42) width 643: "a div wrapped in a span, which breaks the old code in paste that handled interchange newlines."
      RenderBlock {DIV} at (0,79) size 784x63
        RenderBlock (anonymous) at (0,0) size 784x21
          RenderText {#text} at (0,0) size 8x21
            text run at (0,0) width 8: "x"
          RenderInline {SPAN} at (0,0) size 21x21
            RenderText {#text} at (8,0) size 21x21
              text run at (8,0) width 21: "foo"
        RenderBlock (anonymous) at (0,21) size 784x21
          RenderBlock {DIV} at (0,0) size 784x21
            RenderText {#text} at (0,0) size 24x21
              text run at (0,0) width 24: "bar"
        RenderBlock (anonymous) at (0,42) size 784x21
          RenderInline {SPAN} at (0,0) size 0x0
          RenderText {#text} at (0,0) size 8x21
            text run at (0,0) width 8: "x"
caret: position 0 of child 2 {#text} of child 2 {DIV} of body
