EDITING DELEGATE: shouldBeginEditingInDOMRange:range from 0 of DIV > BODY > HTML > #document to 2 of DIV > BODY > HTML > #document
EDITING DELEGATE: webViewDidBeginEditing:WebViewDidBeginEditingNotification
EDITING DELEGATE: webViewDidChangeSelection:WebViewDidChangeSelectionNotification
EDITING DELEGATE: webViewDidChangeSelection:WebViewDidChangeSelectionNotification
EDITING DELEGATE: webViewDidChangeSelection:WebViewDidChangeSelectionNotification
EDITING DELEGATE: webViewDidChangeSelection:WebViewDidChangeSelectionNotification
EDITING DELEGATE: webViewDidChangeSelection:WebViewDidChangeSelectionNotification
EDITING DELEGATE: webViewDidChangeSelection:WebViewDidChangeSelectionNotification
EDITING DELEGATE: webViewDidChangeSelection:WebViewDidChangeSelectionNotification
EDITING DELEGATE: webViewDidChangeSelection:WebViewDidChangeSelectionNotification
EDITING DELEGATE: shouldChangeSelectedDOMRange:range from 0 of #text > DIV > BODY > HTML > #document to 4 of #text > DIV > DIV > BODY > HTML > #document toDOMRange:range from 4 of #text > DIV > DIV > BODY > HTML > #document to 4 of #text > DIV > DIV > BODY > HTML > #document affinity:NSSelectionAffinityDownstream stillSelecting:FALSE
EDITING DELEGATE: webViewDidChangeSelection:WebViewDidChangeSelectionNotification
EDITING DELEGATE: webViewDidChange:WebViewDidChangeNotification
layer at (0,0) size 800x600
  RenderView at (0,0) size 800x600
layer at (0,0) size 800x600
  RenderBlock {HTML} at (0,0) size 800x600
    RenderBody {BODY} at (8,8) size 784x584
      RenderBlock {P} at (0,0) size 784x63
        RenderText {#text} at (0,0) size 780x63
          text run at (0,0) width 780: "This is a test for the merge that paste does of the last paragraph of the incoming fragment with content after the end"
          text run at (0,21) width 226: "of the selection being pasted into. "
          text run at (226,21) width 535: "A fragment that ends in with paragraph surrounded by a blue border is pasted"
          text run at (0,42) width 458: "into a selection ending in a paragraph surrounded by a red border. "
          text run at (458,42) width 187: "The red border should win."
      RenderBlock {P} at (0,79) size 784x21
        RenderInline {B} at (0,0) size 587x21
          RenderText {#text} at (0,0) size 587x21
            text run at (0,0) width 587: "The second paragraph should be surrounded by a red border before and after the test."
      RenderBlock {DIV} at (0,116) size 784x44
        RenderBlock (anonymous) at (0,0) size 784x21
          RenderText {#text} at (0,0) size 36x21
            text run at (0,0) width 36: "First "
          RenderText {#text} at (36,0) size 73x21
            text run at (36,0) width 73: "paragraph"
        RenderBlock {DIV} at (0,21) size 784x23 [border: (1px solid #FF0000)]
          RenderText {#text} at (1,1) size 30x21
            text run at (1,1) width 30: "This"
          RenderText {#text} at (31,1) size 297x21
            text run at (31,1) width 297: " text should be surrounded by a red border."
caret: position 4 of child 0 {#text} of child 2 {DIV} of child 3 {DIV} of body
