EDITING DELEGATE: shouldBeginEditingInDOMRange:range from 0 of DIV > BODY > HTML > #document to 1 of DIV > BODY > HTML > #document
EDITING DELEGATE: webViewDidBeginEditing:WebViewDidBeginEditingNotification
EDITING DELEGATE: webViewDidChangeSelection:WebViewDidChangeSelectionNotification
EDITING DELEGATE: webViewDidChangeSelection:WebViewDidChangeSelectionNotification
EDITING DELEGATE: webViewDidChangeSelection:WebViewDidChangeSelectionNotification
EDITING DELEGATE: shouldChangeSelectedDOMRange:range from 0 of #text > DIV > BODY > HTML > #document to 0 of #text > DIV > BODY > HTML > #document toDOMRange:range from 1 of #text > TD > TR > TBODY > TABLE > DIV > BODY > HTML > #document to 1 of #text > TD > TR > TBODY > TABLE > DIV > BODY > HTML > #document affinity:NSSelectionAffinityDownstream stillSelecting:FALSE
EDITING DELEGATE: webViewDidChangeSelection:WebViewDidChangeSelectionNotification
EDITING DELEGATE: webViewDidChange:WebViewDidChangeNotification
EDITING DELEGATE: shouldEndEditingInDOMRange:range from 0 of DIV > BODY > HTML > #document to 3 of DIV > BODY > HTML > #document
EDITING DELEGATE: webViewDidEndEditing:WebViewDidEndEditingNotification
EDITING DELEGATE: shouldBeginEditingInDOMRange:range from 0 of DIV > BODY > HTML > #document to 1 of DIV > BODY > HTML > #document
EDITING DELEGATE: webViewDidBeginEditing:WebViewDidBeginEditingNotification
EDITING DELEGATE: webViewDidChangeSelection:WebViewDidChangeSelectionNotification
EDITING DELEGATE: webViewDidChangeSelection:WebViewDidChangeSelectionNotification
EDITING DELEGATE: webViewDidChangeSelection:WebViewDidChangeSelectionNotification
EDITING DELEGATE: webViewDidChangeSelection:WebViewDidChangeSelectionNotification
EDITING DELEGATE: shouldChangeSelectedDOMRange:(null) toDOMRange:range from 3 of #text > DIV > TD > TR > TBODY > TABLE > DIV > BODY > HTML > #document to 3 of #text > DIV > TD > TR > TBODY > TABLE > DIV > BODY > HTML > #document affinity:NSSelectionAffinityDownstream stillSelecting:FALSE
EDITING DELEGATE: webViewDidChangeSelection:WebViewDidChangeSelectionNotification
EDITING DELEGATE: webViewDidChange:WebViewDidChangeNotification
layer at (0,0) size 800x600
  RenderView at (0,0) size 800x600
layer at (0,0) size 800x600
  RenderBlock {HTML} at (0,0) size 800x600
    RenderBody {BODY} at (8,8) size 784x584
      RenderBlock {P} at (0,0) size 784x21
        RenderText {#text} at (0,0) size 565x21
          text run at (0,0) width 565: "This tests pasting a table into a position that would normally result in an end merge."
      RenderBlock {DIV} at (0,37) size 784x73
        RenderBlock (anonymous) at (0,0) size 784x21
          RenderText {#text} at (0,0) size 8x21
            text run at (0,0) width 8: "x"
        RenderTable {TABLE} at (0,21) size 32x31 [border: (1px outset #808080)]
          RenderTableSection {TBODY} at (1,1) size 30x29
            RenderTableRow {TR} at (0,2) size 30x25
              RenderTableCell {TD} at (2,2) size 12x25 [border: (1px inset #808080)] [r=0 c=0 rs=1 cs=1]
                RenderText {#text} at (2,2) size 8x21
                  text run at (2,2) width 8: "1"
              RenderTableCell {TD} at (16,2) size 12x25 [border: (1px inset #808080)] [r=0 c=1 rs=1 cs=1]
                RenderText {#text} at (2,2) size 8x21
                  text run at (2,2) width 8: "2"
        RenderBlock (anonymous) at (0,52) size 784x21
          RenderText {#text} at (0,0) size 8x21
            text run at (0,0) width 8: "x"
      RenderBlock {P} at (0,126) size 784x42
        RenderText {#text} at (0,0) size 762x42
          text run at (0,0) width 258: "This tests pasting text into a table cell. "
          text run at (258,0) width 504: "The last bit of content in the incoming fragment should be merged with the"
          text run at (0,21) width 314: "paragraph after the position being pasted into."
      RenderBlock {DIV} at (0,184) size 784x52
        RenderTable {TABLE} at (0,0) size 111x52 [border: (1px outset #808080)]
          RenderTableSection {TBODY} at (1,1) size 109x50
            RenderTableRow {TR} at (0,2) size 109x46
              RenderTableCell {TD} at (2,2) size 56x46 [border: (1px inset #808080)] [r=0 c=0 rs=1 cs=1]
                RenderBlock {DIV} at (2,2) size 52x21
                  RenderText {#text} at (0,0) size 31x21
                    text run at (0,0) width 31: "Item"
                  RenderText {#text} at (31,0) size 21x21
                    text run at (31,0) width 21: "foo"
                RenderBlock {DIV} at (2,23) size 52x21
                  RenderText {#text} at (0,0) size 24x21
                    text run at (0,0) width 24: "bar"
                  RenderText {#text} at (24,0) size 12x21
                    text run at (24,0) width 12: " 1"
              RenderTableCell {TD} at (60,12) size 47x25 [border: (1px inset #808080)] [r=0 c=1 rs=1 cs=1]
                RenderText {#text} at (2,2) size 43x21
                  text run at (2,2) width 43: "Item 2"
caret: position 3 of child 0 {#text} of child 1 {DIV} of child 0 {TD} of child 0 {TR} of child 0 {TBODY} of child 0 {TABLE} of child 10 {DIV} of body
