EDITING DELEGATE: shouldBeginEditingInDOMRange:range from 0 of DIV > BODY > HTML > #document to 1 of DIV > BODY > HTML > #document
EDITING DELEGATE: webViewDidBeginEditing:WebViewDidBeginEditingNotification
EDITING DELEGATE: shouldChangeSelectedDOMRange:(null) toDOMRange:range from 0 of DIV > BODY > HTML > #document to 0 of DIV > BODY > HTML > #document affinity:NSSelectionAffinityDownstream stillSelecting:FALSE
EDITING DELEGATE: webViewDidChangeSelection:WebViewDidChangeSelectionNotification
EDITING DELEGATE: webViewDidChangeSelection:WebViewDidChangeSelectionNotification
EDITING DELEGATE: webViewDidChangeSelection:WebViewDidChangeSelectionNotification
EDITING DELEGATE: shouldChangeSelectedDOMRange:range from 3 of #text > SPAN > DIV > BODY > HTML > #document to 3 of #text > SPAN > DIV > BODY > HTML > #document toDOMRange:range from 3 of #text > SPAN > DIV > BODY > HTML > #document to 3 of #text > SPAN > DIV > BODY > HTML > #document affinity:NSSelectionAffinityDownstream stillSelecting:FALSE
EDITING DELEGATE: webViewDidChangeSelection:WebViewDidChangeSelectionNotification
EDITING DELEGATE: webViewDidChange:WebViewDidChangeNotification
layer at (0,0) size 800x600
  RenderView at (0,0) size 800x600
layer at (0,0) size 800x600
  RenderBlock {HTML} at (0,0) size 800x600
    RenderBody {BODY} at (8,8) size 784x584
      RenderBlock {P} at (0,0) size 784x42
        RenderText {#text} at (0,0) size 765x42
          text run at (0,0) width 765: "This tests one of the cases where it is necessary for paste to merge the last paragraph in the fragment being pasted"
          text run at (0,21) width 411: "with the content after the position where the paste will occur."
      RenderBlock {DIV} at (0,58) size 784x63
        RenderBlock (anonymous) at (0,0) size 784x21
          RenderInline {SPAN} at (0,0) size 5x21
            RenderText {#text} at (0,0) size 5x21
              text run at (0,0) width 5: "f"
        RenderBlock (anonymous) at (0,21) size 784x0
        RenderBlock (anonymous) at (0,21) size 784x42
          RenderInline {SPAN} at (0,0) size 40x42
            RenderText {#text} at (0,0) size 24x21
              text run at (0,0) width 24: "bar"
            RenderBR {BR} at (24,16) size 0x0
            RenderText {#text} at (0,21) size 24x21
              text run at (0,21) width 24: "baz"
            RenderText {#text} at (24,21) size 16x21
              text run at (24,21) width 16: "oo"
caret: position 3 of child 3 {#text} of child 0 {SPAN} of child 2 {DIV} of body
