EDITING DELEGATE: shouldBeginEditingInDOMRange:range from 0 of DIV > BODY > HTML > #document to 3 of DIV > BODY > HTML > #document
EDITING DELEGATE: webViewDidBeginEditing:WebViewDidBeginEditingNotification
EDITING DELEGATE: webViewDidChangeSelection:WebViewDidChangeSelectionNotification
EDITING DELEGATE: webViewDidChangeSelection:WebViewDidChangeSelectionNotification
EDITING DELEGATE: webViewDidChangeSelection:WebViewDidChangeSelectionNotification
EDITING DELEGATE: webViewDidChangeSelection:WebViewDidChangeSelectionNotification
EDITING DELEGATE: webViewDidChangeSelection:WebViewDidChangeSelectionNotification
EDITING DELEGATE: webViewDidChangeSelection:WebViewDidChangeSelectionNotification
EDITING DELEGATE: webViewDidChangeSelection:WebViewDidChangeSelectionNotification
EDITING DELEGATE: webViewDidChangeSelection:WebViewDidChangeSelectionNotification
EDITING DELEGATE: webViewDidChangeSelection:WebViewDidChangeSelectionNotification
EDITING DELEGATE: webViewDidChangeSelection:WebViewDidChangeSelectionNotification
EDITING DELEGATE: webViewDidChangeSelection:WebViewDidChangeSelectionNotification
EDITING DELEGATE: webViewDidChangeSelection:WebViewDidChangeSelectionNotification
EDITING DELEGATE: webViewDidChangeSelection:WebViewDidChangeSelectionNotification
EDITING DELEGATE: shouldInsertText:Bar replacingDOMRange:range from 4 of #text > SPAN > DIV > BODY > HTML > #document to 4 of #text > SPAN > DIV > BODY > HTML > #document givenAction:WebViewInsertActionPasted
EDITING DELEGATE: webViewDidChangeSelection:WebViewDidChangeSelectionNotification
EDITING DELEGATE: shouldChangeSelectedDOMRange:range from 4 of #text > SPAN > DIV > BODY > HTML > #document to 7 of #text > SPAN > DIV > BODY > HTML > #document toDOMRange:range from 7 of #text > SPAN > DIV > BODY > HTML > #document to 7 of #text > SPAN > DIV > BODY > HTML > #document affinity:NSSelectionAffinityDownstream stillSelecting:FALSE
EDITING DELEGATE: webViewDidChangeSelection:WebViewDidChangeSelectionNotification
EDITING DELEGATE: webViewDidChange:WebViewDidChangeNotification
layer at (0,0) size 800x600
  RenderView at (0,0) size 800x600
layer at (0,0) size 800x600
  RenderBlock {HTML} at (0,0) size 800x600
    RenderBody {BODY} at (8,8) size 784x584
      RenderBlock {DIV} at (0,0) size 784x339 [border: (2px solid #0000FF)]
        RenderBlock {DIV} at (14,14) size 756x124
          RenderText {#text} at (0,0) size 67x32
            text run at (0,0) width 67: "Tests: "
          RenderBR {BR} at (0,0) size 0x0
          RenderText {#text} at (0,31) size 172x32
            text run at (0,31) width 172: "Fix for this bug: "
          RenderInline {A} at (0,0) size 581x32 [color=#0000EE]
            RenderText {#text} at (172,31) size 581x32
              text run at (172,31) width 581: "<http://bugzilla.opendarwin.org/show_bug.cgi?id=3429>"
          RenderText {#text} at (0,62) size 694x63
            text run at (0,62) width 694: "Text transformed with text-transform does not copy with transform"
            text run at (0,93) width 76: "applied"
        RenderBlock {DIV} at (14,154) size 756x171
          RenderBlock (anonymous) at (0,0) size 756x62
            RenderText {#text} at (0,0) size 189x32
              text run at (0,0) width 189: "Expected Results: "
            RenderBR {BR} at (189,24) size 0x0
            RenderText {#text} at (0,31) size 212x32
              text run at (0,31) width 212: "Should see the string"
          RenderBlock {PRE} at (0,86) size 756x30
            RenderText {#text} at (0,0) size 174x29
              text run at (0,0) width 174: "Foo Bar baz Bar"
          RenderBlock (anonymous) at (0,140) size 756x31
            RenderText {#text} at (0,0) size 158x32
              text run at (0,0) width 158: "(case sensitive)."
      RenderBlock {DIV} at (0,363) size 784x35 [border: (2px solid #FF0000)]
        RenderInline {SPAN} at (0,0) size 165x32
          RenderInline {SPAN} at (0,0) size 84x32
            RenderText {#text} at (2,2) size 84x32
              text run at (2,2) width 84: "Foo Bar"
          RenderText {#text} at (86,2) size 81x32
            text run at (86,2) width 81: " bazBar"
        RenderText {#text} at (0,0) size 0x0
caret: position 7 of child 1 {#text} of child 1 {SPAN} of child 3 {DIV} of body
