EDITING DELEGATE: shouldBeginEditingInDOMRange:range from 0 of DIV > BODY > HTML > #document to 3 of DIV > BODY > HTML > #document
EDITING DELEGATE: webViewDidBeginEditing:WebViewDidBeginEditingNotification
EDITING DELEGATE: webViewDidChangeSelection:WebViewDidChangeSelectionNotification
EDITING DELEGATE: shouldChangeSelectedDOMRange:range from 0 of DIV > DIV > BODY > HTML > #document to 0 of DIV > DIV > BODY > HTML > #document toDOMRange:range from 1 of #text > DIV > DIV > BODY > HTML > #document to 5 of #text > DIV > DIV > BODY > HTML > #document affinity:NSSelectionAffinityDownstream stillSelecting:FALSE
EDITING DELEGATE: webViewDidChangeSelection:WebViewDidChangeSelectionNotification
EDITING DELEGATE: webViewDidChangeSelection:WebViewDidChangeSelectionNotification
EDITING DELEGATE: shouldInsertNode:#document-fragment replacingDOMRange:range from 5 of #text > DIV > DIV > BODY > HTML > #document to 5 of #text > DIV > DIV > BODY > HTML > #document givenAction:WebViewInsertActionPasted
EDITING DELEGATE: shouldChangeSelectedDOMRange:range from 5 of #text > DIV > DIV > BODY > HTML > #document to 5 of #text > DIV > DIV > BODY > HTML > #document toDOMRange:range from 5 of #text > DIV > DIV > BODY > HTML > #document to 5 of #text > DIV > DIV > BODY > HTML > #document affinity:NSSelectionAffinityDownstream stillSelecting:FALSE
EDITING DELEGATE: webViewDidChangeSelection:WebViewDidChangeSelectionNotification
EDITING DELEGATE: webViewDidChange:WebViewDidChangeNotification
layer at (0,0) size 800x600
  RenderView at (0,0) size 800x600
layer at (0,0) size 800x600
  RenderBlock {HTML} at (0,0) size 800x600
    RenderBody {BODY} at (8,8) size 784x584
      RenderBlock {DIV} at (0,0) size 784x230 [border: (2px solid #0000FF)]
        RenderBlock {DIV} at (14,14) size 756x62
          RenderText {#text} at (0,0) size 67x32
            text run at (0,0) width 67: "Tests: "
          RenderBR {BR} at (0,0) size 0x0
          RenderText {#text} at (0,31) size 597x32
            text run at (0,31) width 597: "Smart paste when pasting after a word at the end of a line."
        RenderBlock {DIV} at (14,92) size 756x124
          RenderText {#text} at (0,0) size 189x32
            text run at (0,0) width 189: "Expected Results: "
          RenderBR {BR} at (189,24) size 0x0
          RenderText {#text} at (0,31) size 698x63
            text run at (0,31) width 698: "A space should be added between the preexisting word and the word"
            text run at (0,62) width 375: "that's pasted. It should like this this: "
          RenderBR {BR} at (375,86) size 0x0
          RenderText {#text} at (0,93) size 78x32
            text run at (0,93) width 78: "test test"
      RenderBlock {DIV} at (0,254) size 784x35
        RenderBlock {DIV} at (0,0) size 784x35 [border: (2px solid #FF0000)]
          RenderText {#text} at (2,2) size 36x32
            text run at (2,2) width 36: "test"
          RenderText {#text} at (38,2) size 42x32
            text run at (38,2) width 42: " test"
        RenderBlock (anonymous) at (0,35) size 784x0
          RenderText {#text} at (0,0) size 0x0
caret: position 5 of child 1 {#text} of child 1 {DIV} of child 3 {DIV} of body
