layer at (0,0) size 784x600
  RenderView at (0,0) size 784x600
layer at (0,0) size 784x600
  RenderBlock {HTML} at (0,0) size 784x600
    RenderBody {BODY} at (8,8) size 768x584
      RenderBlock (anonymous) at (0,0) size 768x19
        RenderText {#text} at (0,0) size 312x19
          text run at (0,0) width 312: "The body should always have a vertical scrollbar."
      RenderBlock (anonymous) at (0,219) size 768x68
        RenderText {#text} at (206,49) size 4x19
          text run at (206,49) width 4: " "
        RenderText {#text} at (0,0) size 0x0
layer at (8,27) size 300x100 clip at (8,27) size 284x100 scrollHeight 342
  RenderBlock {DIV} at (0,19) size 300x100
    RenderText {#text} at (0,0) size 50x19
      text run at (0,0) width 50: "Y scroll"
    RenderBR {BR} at (50,15) size 0x0
    RenderText {#text} at (0,19) size 50x19
      text run at (0,19) width 50: "Y scroll"
    RenderBR {BR} at (50,34) size 0x0
    RenderText {#text} at (0,38) size 50x19
      text run at (0,38) width 50: "Y scroll"
    RenderBR {BR} at (50,53) size 0x0
    RenderText {#text} at (0,57) size 50x19
      text run at (0,57) width 50: "Y scroll"
    RenderBR {BR} at (50,72) size 0x0
    RenderText {#text} at (0,76) size 50x19
      text run at (0,76) width 50: "Y scroll"
    RenderBR {BR} at (50,91) size 0x0
    RenderText {#text} at (0,95) size 50x19
      text run at (0,95) width 50: "Y scroll"
    RenderBR {BR} at (50,110) size 0x0
    RenderText {#text} at (0,114) size 50x19
      text run at (0,114) width 50: "Y scroll"
    RenderBR {BR} at (50,129) size 0x0
    RenderText {#text} at (0,133) size 50x19
      text run at (0,133) width 50: "Y scroll"
    RenderBR {BR} at (50,148) size 0x0
    RenderText {#text} at (0,152) size 50x19
      text run at (0,152) width 50: "Y scroll"
    RenderBR {BR} at (50,167) size 0x0
    RenderText {#text} at (0,171) size 50x19
      text run at (0,171) width 50: "Y scroll"
    RenderBR {BR} at (50,186) size 0x0
    RenderText {#text} at (0,190) size 50x19
      text run at (0,190) width 50: "Y scroll"
    RenderBR {BR} at (50,205) size 0x0
    RenderText {#text} at (0,209) size 50x19
      text run at (0,209) width 50: "Y scroll"
    RenderBR {BR} at (50,224) size 0x0
    RenderText {#text} at (0,228) size 50x19
      text run at (0,228) width 50: "Y scroll"
    RenderBR {BR} at (50,243) size 0x0
    RenderText {#text} at (0,247) size 50x19
      text run at (0,247) width 50: "Y scroll"
    RenderBR {BR} at (50,262) size 0x0
    RenderText {#text} at (0,266) size 50x19
      text run at (0,266) width 50: "Y scroll"
    RenderBR {BR} at (50,281) size 0x0
    RenderText {#text} at (0,285) size 50x19
      text run at (0,285) width 50: "Y scroll"
    RenderBR {BR} at (50,300) size 0x0
    RenderText {#text} at (0,304) size 50x19
      text run at (0,304) width 50: "Y scroll"
    RenderBR {BR} at (50,319) size 0x0
    RenderText {#text} at (0,323) size 50x19
      text run at (0,323) width 50: "Y scroll"
    RenderBR {BR} at (50,338) size 0x0
layer at (8,127) size 300x100 clip at (8,127) size 300x84 scrollWidth 1184
  RenderBlock {DIV} at (0,119) size 300x100
    RenderText {#text} at (0,0) size 1184x19
      text run at (0,0) width 486: "X scroll X scroll X scroll X scroll X scroll X scroll X scroll X scroll X scroll "
      text run at (486,0) width 324: "X scroll X scroll X scroll X scroll X scroll X scroll "
      text run at (810,0) width 374: "X scroll X scroll X scroll X scroll X scroll X scroll X scroll"
layer at (10,245) size 202x44 clip at (11,246) size 184x42
  RenderTextControl {TEXTAREA} at (2,18) size 202x44 [bgcolor=#FFFFFF] [border: (1px solid #000000)]
    RenderBlock {DIV} at (3,3) size 180x19
      RenderText {#text} at (0,0) size 118x19
        text run at (0,0) width 118: "Textarea y-scroll"
layer at (220,229) size 202x60 clip at (221,230) size 200x42
  RenderTextControl {TEXTAREA} at (212,2) size 202x60 [bgcolor=#FFFFFF] [border: (1px solid #000000)]
    RenderBlock {DIV} at (3,3) size 196x19
      RenderText {#text} at (0,0) size 118x19
        text run at (0,0) width 118: "Textarea x-scroll"
