layer at (0,0) size 800x600
  RenderView at (0,0) size 800x600
layer at (0,0) size 800x600
  RenderBlock {HTML} at (0,0) size 800x600
    RenderBody {BODY} at (8,8) size 784x584
      RenderBlock {P} at (0,0) size 784x18
        RenderText {#text} at (0,0) size 422x18
          text run at (0,0) width 422: "Test appearances of input-speech-button in <input type='number'>."
      RenderBlock {DIV} at (0,34) size 784x0
      RenderBlock {DIV} at (0,34) size 784x310
        RenderTable {TABLE} at (0,0) size 616x310
          RenderTableSection {TBODY} at (0,0) size 616x310
            RenderTableRow {TR} at (0,2) size 616x306
              RenderTableCell {TD} at (2,2) size 156x306 [r=0 c=0 rs=1 cs=1]
                RenderBlock {DIV} at (1,1) size 154x304
                  RenderTextControl {INPUT} at (0,0) size 100x16 [bgcolor=#FFFFFF] [border: (2px inset #000000)]
                    RenderBlock {DIV} at (80,2) size 0x12
                    RenderBlock {DIV} at (84,1) size 13x15
                  RenderBR {BR} at (100,11) size 0x0
                  RenderTextControl {INPUT} at (0,16) size 100x16 [bgcolor=#FFFFFF] [border: (2px inset #000000)]
                    RenderBlock {DIV} at (70,3) size 10x10
                    RenderBlock {DIV} at (80,2) size 0x12
                    RenderBlock {DIV} at (84,1) size 13x15
                  RenderBR {BR} at (100,27) size 0x0
                  RenderTextControl {INPUT} at (0,32) size 102x17 [bgcolor=#FFFFFF] [border: (2px inset #000000)]
                    RenderBlock {DIV} at (82,2) size 0x13
                    RenderBlock {DIV} at (86,1) size 13x15
                  RenderBR {BR} at (102,44) size 0x0
                  RenderTextControl {INPUT} at (0,49) size 102x17 [bgcolor=#FFFFFF] [border: (2px inset #000000)]
                    RenderBlock {DIV} at (71,3) size 11x11
                    RenderBlock {DIV} at (82,2) size 0x13
                    RenderBlock {DIV} at (86,1) size 13x15
                  RenderBR {BR} at (102,61) size 0x0
                  RenderTextControl {INPUT} at (0,66) size 104x18 [bgcolor=#FFFFFF] [border: (2px inset #000000)]
                    RenderBlock {DIV} at (84,2) size 0x14
                    RenderBlock {DIV} at (88,2) size 13x15
                  RenderBR {BR} at (104,79) size 0x0
                  RenderTextControl {INPUT} at (0,84) size 104x18 [bgcolor=#FFFFFF] [border: (2px inset #000000)]
                    RenderBlock {DIV} at (72,3) size 12x12
                    RenderBlock {DIV} at (84,2) size 0x14
                    RenderBlock {DIV} at (88,2) size 13x15
                  RenderBR {BR} at (104,97) size 0x0
                  RenderTextControl {INPUT} at (2,104) size 125x19 [bgcolor=#FFFFFF] [border: (2px inset #000000)]
                    RenderBlock {DIV} at (105,2) size 0x15
                    RenderBlock {DIV} at (109,2) size 13x15
                  RenderBR {BR} at (129,118) size 0x0
                  RenderTextControl {INPUT} at (2,127) size 125x19 [bgcolor=#FFFFFF] [border: (2px inset #000000)]
                    RenderBlock {DIV} at (91,2) size 14x14
                    RenderBlock {DIV} at (105,2) size 0x15
                    RenderBlock {DIV} at (109,2) size 13x15
                  RenderBR {BR} at (129,141) size 0x0
                  RenderTextControl {INPUT} at (2,150) size 127x21 [bgcolor=#FFFFFF] [border: (2px inset #000000)]
                    RenderBlock {DIV} at (107,2) size 0x17
                    RenderBlock {DIV} at (111,3) size 13x15
                  RenderBR {BR} at (131,165) size 0x0
                  RenderTextControl {INPUT} at (2,175) size 127x21 [bgcolor=#FFFFFF] [border: (2px inset #000000)]
                    RenderBlock {DIV} at (92,3) size 15x15
                    RenderBlock {DIV} at (107,2) size 0x17
                    RenderBlock {DIV} at (111,3) size 13x15
                  RenderBR {BR} at (131,190) size 0x0
                  RenderTextControl {INPUT} at (2,200) size 148x22 [bgcolor=#FFFFFF] [border: (2px inset #000000)]
                    RenderBlock {DIV} at (126,2) size 0x18
                    RenderBlock {DIV} at (130,0) size 15x22
                  RenderBR {BR} at (152,216) size 0x0
                  RenderTextControl {INPUT} at (2,226) size 148x22 [bgcolor=#FFFFFF] [border: (2px inset #000000)]
                    RenderBlock {DIV} at (110,3) size 16x16
                    RenderBlock {DIV} at (126,2) size 0x18
                    RenderBlock {DIV} at (130,0) size 15x22
                  RenderBR {BR} at (152,242) size 0x0
                  RenderTextControl {INPUT} at (2,252) size 150x23 [bgcolor=#FFFFFF] [border: (2px inset #000000)]
                    RenderBlock {DIV} at (128,2) size 0x19
                    RenderBlock {DIV} at (132,1) size 15x22
                  RenderBR {BR} at (154,269) size 0x0
                  RenderTextControl {INPUT} at (2,279) size 150x23 [bgcolor=#FFFFFF] [border: (2px inset #000000)]
                    RenderBlock {DIV} at (111,3) size 17x17
                    RenderBlock {DIV} at (128,2) size 0x19
                    RenderBlock {DIV} at (132,1) size 15x22
                  RenderBR {BR} at (154,296) size 0x0
              RenderTableCell {TD} at (160,5) size 203x300 [r=0 c=1 rs=1 cs=1]
                RenderBlock {DIV} at (1,1) size 201x298
                  RenderTextControl {INPUT} at (2,2) size 170x24 [bgcolor=#FFFFFF] [border: (2px inset #000000)]
                    RenderBlock {DIV} at (148,2) size 0x20
                    RenderBlock {DIV} at (152,1) size 15x22
                  RenderBR {BR} at (174,20) size 0x0
                  RenderTextControl {INPUT} at (2,30) size 170x24 [bgcolor=#FFFFFF] [border: (2px inset #000000)]
                    RenderBlock {DIV} at (130,3) size 18x18
                    RenderBlock {DIV} at (148,2) size 0x20
                    RenderBlock {DIV} at (152,1) size 15x22
                  RenderBR {BR} at (174,48) size 0x0
                  RenderTextControl {INPUT} at (2,58) size 172x24 [bgcolor=#FFFFFF] [border: (2px inset #000000)]
                    RenderBlock {DIV} at (150,2) size 0x20
                    RenderBlock {DIV} at (154,1) size 15x22
                  RenderBR {BR} at (176,76) size 0x0
                  RenderTextControl {INPUT} at (2,86) size 172x24 [bgcolor=#FFFFFF] [border: (2px inset #000000)]
                    RenderBlock {DIV} at (130,2) size 20x20
                    RenderBlock {DIV} at (150,2) size 0x20
                    RenderBlock {DIV} at (154,1) size 15x22
                  RenderBR {BR} at (176,104) size 0x0
                  RenderTextControl {INPUT} at (2,114) size 174x26 [bgcolor=#FFFFFF] [border: (2px inset #000000)]
                    RenderBlock {DIV} at (152,2) size 0x22
                    RenderBlock {DIV} at (156,2) size 15x22
                  RenderBR {BR} at (178,133) size 0x0
                  RenderTextControl {INPUT} at (2,144) size 174x26 [bgcolor=#FFFFFF] [border: (2px inset #000000)]
                    RenderBlock {DIV} at (131,2) size 21x21
                    RenderBlock {DIV} at (152,2) size 0x22
                    RenderBlock {DIV} at (156,2) size 15x22
                  RenderBR {BR} at (178,163) size 0x0
                  RenderTextControl {INPUT} at (2,174) size 195x27 [bgcolor=#FFFFFF] [border: (2px inset #000000)]
                    RenderBlock {DIV} at (169,2) size 0x23
                    RenderBlock {DIV} at (173,0) size 19x27
                  RenderBR {BR} at (199,194) size 0x0
                  RenderTextControl {INPUT} at (2,205) size 195x27 [bgcolor=#FFFFFF] [border: (2px inset #000000)]
                    RenderBlock {DIV} at (147,2) size 22x22
                    RenderBlock {DIV} at (169,2) size 0x23
                    RenderBlock {DIV} at (173,0) size 19x27
                  RenderBR {BR} at (199,225) size 0x0
                  RenderTextControl {INPUT} at (2,236) size 197x28 [bgcolor=#FFFFFF] [border: (2px inset #000000)]
                    RenderBlock {DIV} at (171,2) size 0x24
                    RenderBlock {DIV} at (175,1) size 19x27
                  RenderBR {BR} at (201,257) size 0x0
                  RenderTextControl {INPUT} at (2,268) size 197x28 [bgcolor=#FFFFFF] [border: (2px inset #000000)]
                    RenderBlock {DIV} at (148,2) size 23x23
                    RenderBlock {DIV} at (171,2) size 0x24
                    RenderBlock {DIV} at (175,1) size 19x27
                  RenderBR {BR} at (201,289) size 0x0
              RenderTableCell {TD} at (365,14) size 249x282 [r=0 c=2 rs=1 cs=1]
                RenderBlock {DIV} at (1,1) size 247x280
                  RenderTextControl {INPUT} at (2,2) size 218x29 [bgcolor=#FFFFFF] [border: (2px inset #000000)]
                    RenderBlock {DIV} at (192,2) size 0x25
                    RenderBlock {DIV} at (196,1) size 19x27
                  RenderBR {BR} at (222,24) size 0x0
                  RenderTextControl {INPUT} at (2,35) size 218x29 [bgcolor=#FFFFFF] [border: (2px inset #000000)]
                    RenderBlock {DIV} at (167,2) size 25x25
                    RenderBlock {DIV} at (192,2) size 0x25
                    RenderBlock {DIV} at (196,1) size 19x27
                  RenderBR {BR} at (222,57) size 0x0
                  RenderTextControl {INPUT} at (2,68) size 220x30 [bgcolor=#FFFFFF] [border: (2px inset #000000)]
                    RenderBlock {DIV} at (194,2) size 0x26
                    RenderBlock {DIV} at (198,2) size 19x27
                  RenderBR {BR} at (224,91) size 0x0
                  RenderTextControl {INPUT} at (2,102) size 220x30 [bgcolor=#FFFFFF] [border: (2px inset #000000)]
                    RenderBlock {DIV} at (168,2) size 26x26
                    RenderBlock {DIV} at (194,2) size 0x26
                    RenderBlock {DIV} at (198,2) size 19x27
                  RenderBR {BR} at (224,125) size 0x0
                  RenderTextControl {INPUT} at (2,136) size 241x32 [bgcolor=#FFFFFF] [border: (2px inset #000000)]
                    RenderBlock {DIV} at (215,2) size 0x28
                    RenderBlock {DIV} at (219,3) size 19x27
                  RenderBR {BR} at (245,160) size 0x0
                  RenderTextControl {INPUT} at (2,172) size 241x32 [bgcolor=#FFFFFF] [border: (2px inset #000000)]
                    RenderBlock {DIV} at (188,2) size 27x27
                    RenderBlock {DIV} at (215,2) size 0x28
                    RenderBlock {DIV} at (219,3) size 19x27
                  RenderBR {BR} at (245,196) size 0x0
                  RenderTextControl {INPUT} at (2,208) size 243x33 [bgcolor=#FFFFFF] [border: (2px inset #000000)]
                    RenderBlock {DIV} at (217,2) size 0x29
                    RenderBlock {DIV} at (221,3) size 19x27
                  RenderBR {BR} at (247,233) size 0x0
                  RenderTextControl {INPUT} at (2,245) size 243x33 [bgcolor=#FFFFFF] [border: (2px inset #000000)]
                    RenderBlock {DIV} at (189,2) size 28x28
                    RenderBlock {DIV} at (217,2) size 0x29
                    RenderBlock {DIV} at (221,3) size 19x27
                  RenderBR {BR} at (247,270) size 0x0
layer at (14,48) size 76x10 scrollWidth 172
  RenderBlock {DIV} at (3,3) size 76x10
    RenderText {#text} at (1,0) size 170x10
      text run at (1,0) width 170: "12,345,678,901,234,600,000,000,000,000"
layer at (14,64) size 66x10 scrollWidth 172
  RenderBlock {DIV} at (3,3) size 66x10
    RenderText {#text} at (1,0) size 170x10
      text run at (1,0) width 170: "12,345,678,901,234,600,000,000,000,000"
layer at (14,80) size 78x11 scrollWidth 193
  RenderBlock {DIV} at (3,3) size 78x11
    RenderText {#text} at (1,0) size 191x11
      text run at (1,0) width 191: "12,345,678,901,234,600,000,000,000,000"
layer at (14,97) size 67x11 scrollWidth 193
  RenderBlock {DIV} at (3,3) size 67x11
    RenderText {#text} at (1,0) size 191x11
      text run at (1,0) width 191: "12,345,678,901,234,600,000,000,000,000"
layer at (14,114) size 80x12 scrollWidth 214
  RenderBlock {DIV} at (3,3) size 80x12
    RenderText {#text} at (1,0) size 212x12
      text run at (1,0) width 212: "12,345,678,901,234,600,000,000,000,000"
layer at (14,132) size 68x12 scrollWidth 214
  RenderBlock {DIV} at (3,3) size 68x12
    RenderText {#text} at (1,0) size 212x12
      text run at (1,0) width 212: "12,345,678,901,234,600,000,000,000,000"
layer at (16,152) size 101x13 scrollWidth 236
  RenderBlock {DIV} at (3,3) size 101x13
    RenderText {#text} at (1,0) size 234x13
      text run at (1,0) width 234: "12,345,678,901,234,600,000,000,000,000"
layer at (16,175) size 87x13 scrollWidth 236
  RenderBlock {DIV} at (3,3) size 87x13
    RenderText {#text} at (1,0) size 234x13
      text run at (1,0) width 234: "12,345,678,901,234,600,000,000,000,000"
layer at (16,198) size 103x15 scrollWidth 257
  RenderBlock {DIV} at (3,3) size 103x15
    RenderText {#text} at (1,0) size 255x15
      text run at (1,0) width 255: "12,345,678,901,234,600,000,000,000,000"
layer at (16,223) size 88x15 scrollWidth 257
  RenderBlock {DIV} at (3,3) size 88x15
    RenderText {#text} at (1,0) size 255x15
      text run at (1,0) width 255: "12,345,678,901,234,600,000,000,000,000"
layer at (16,248) size 122x16 scrollWidth 278
  RenderBlock {DIV} at (3,3) size 122x16
    RenderText {#text} at (1,0) size 276x16
      text run at (1,0) width 276: "12,345,678,901,234,600,000,000,000,000"
layer at (16,274) size 106x16 scrollWidth 278
  RenderBlock {DIV} at (3,3) size 106x16
    RenderText {#text} at (1,0) size 276x16
      text run at (1,0) width 276: "12,345,678,901,234,600,000,000,000,000"
layer at (16,300) size 124x17 scrollWidth 299
  RenderBlock {DIV} at (3,3) size 124x17
    RenderText {#text} at (1,0) size 297x17
      text run at (1,0) width 297: "12,345,678,901,234,600,000,000,000,000"
layer at (16,327) size 107x17 scrollWidth 299
  RenderBlock {DIV} at (3,3) size 107x17
    RenderText {#text} at (1,0) size 297x17
      text run at (1,0) width 297: "12,345,678,901,234,600,000,000,000,000"
layer at (174,53) size 144x18 scrollWidth 320
  RenderBlock {DIV} at (3,3) size 144x18
    RenderText {#text} at (1,0) size 318x18
      text run at (1,0) width 318: "12,345,678,901,234,600,000,000,000,000"
layer at (174,81) size 126x18 scrollWidth 320
  RenderBlock {DIV} at (3,3) size 126x18
    RenderText {#text} at (1,0) size 318x18
      text run at (1,0) width 318: "12,345,678,901,234,600,000,000,000,000"
layer at (174,109) size 146x18 scrollWidth 341
  RenderBlock {DIV} at (3,3) size 146x18
    RenderText {#text} at (1,0) size 339x18
      text run at (1,0) width 339: "12,345,678,901,234,600,000,000,000,000"
layer at (174,137) size 126x18 scrollWidth 341
  RenderBlock {DIV} at (3,3) size 126x18
    RenderText {#text} at (1,0) size 339x18
      text run at (1,0) width 339: "12,345,678,901,234,600,000,000,000,000"
layer at (174,165) size 148x20 scrollWidth 363
  RenderBlock {DIV} at (3,3) size 148x20
    RenderText {#text} at (1,0) size 361x20
      text run at (1,0) width 361: "12,345,678,901,234,600,000,000,000,000"
layer at (174,195) size 127x20 scrollWidth 363
  RenderBlock {DIV} at (3,3) size 127x20
    RenderText {#text} at (1,0) size 361x20
      text run at (1,0) width 361: "12,345,678,901,234,600,000,000,000,000"
layer at (174,225) size 165x21 scrollWidth 384
  RenderBlock {DIV} at (3,3) size 165x21
    RenderText {#text} at (1,0) size 382x21
      text run at (1,0) width 382: "12,345,678,901,234,600,000,000,000,000"
layer at (174,256) size 143x21 scrollWidth 384
  RenderBlock {DIV} at (3,3) size 143x21
    RenderText {#text} at (1,0) size 382x21
      text run at (1,0) width 382: "12,345,678,901,234,600,000,000,000,000"
layer at (174,287) size 167x22 scrollWidth 405
  RenderBlock {DIV} at (3,3) size 167x22
    RenderText {#text} at (1,0) size 403x22
      text run at (1,0) width 403: "12,345,678,901,234,600,000,000,000,000"
layer at (174,319) size 144x22 scrollWidth 405
  RenderBlock {DIV} at (3,3) size 144x22
    RenderText {#text} at (1,0) size 403x22
      text run at (1,0) width 403: "12,345,678,901,234,600,000,000,000,000"
layer at (379,62) size 188x23 scrollWidth 426
  RenderBlock {DIV} at (3,3) size 188x23
    RenderText {#text} at (1,0) size 424x23
      text run at (1,0) width 424: "12,345,678,901,234,600,000,000,000,000"
layer at (379,95) size 163x23 scrollWidth 426
  RenderBlock {DIV} at (3,3) size 163x23
    RenderText {#text} at (1,0) size 424x23
      text run at (1,0) width 424: "12,345,678,901,234,600,000,000,000,000"
layer at (379,128) size 190x24 scrollWidth 447
  RenderBlock {DIV} at (3,3) size 190x24
    RenderText {#text} at (1,0) size 445x24
      text run at (1,0) width 445: "12,345,678,901,234,600,000,000,000,000"
layer at (379,162) size 164x24 scrollWidth 447
  RenderBlock {DIV} at (3,3) size 164x24
    RenderText {#text} at (1,0) size 445x24
      text run at (1,0) width 445: "12,345,678,901,234,600,000,000,000,000"
layer at (379,196) size 211x26 scrollWidth 469
  RenderBlock {DIV} at (3,3) size 211x26
    RenderText {#text} at (1,0) size 467x26
      text run at (1,0) width 467: "12,345,678,901,234,600,000,000,000,000"
layer at (379,232) size 184x26 scrollWidth 469
  RenderBlock {DIV} at (3,3) size 184x26
    RenderText {#text} at (1,0) size 467x26
      text run at (1,0) width 467: "12,345,678,901,234,600,000,000,000,000"
layer at (379,268) size 213x27 scrollWidth 490
  RenderBlock {DIV} at (3,3) size 213x27
    RenderText {#text} at (1,0) size 488x27
      text run at (1,0) width 488: "12,345,678,901,234,600,000,000,000,000"
layer at (379,305) size 185x27 scrollWidth 490
  RenderBlock {DIV} at (3,3) size 185x27
    RenderText {#text} at (1,0) size 488x27
      text run at (1,0) width 488: "12,345,678,901,234,600,000,000,000,000"
