layer at (0,0) size 784x1523
  RenderView at (0,0) size 784x600
layer at (0,0) size 784x1523
  RenderBlock {HTML} at (0,0) size 784x1523
    RenderBody {BODY} at (8,8) size 768x1507
      RenderTable {TABLE} at (0,0) size 612x361 [border: (1px outset #808080)]
        RenderTableSection {TBODY} at (1,1) size 610x359
          RenderTableRow {TR} at (0,2) size 610x33
            RenderTableCell {TH} at (2,2) size 606x33 [border: (1px inset #808080)] [r=0 c=0 rs=1 cs=6]
              RenderText {#text} at (227,6) size 152x21
                text run at (227,6) width 152: "text-align not specified"
          RenderTableRow {TR} at (0,37) size 610x33
            RenderTableCell {TH} at (2,54) size 102x33 [border: (1px inset #808080)] [r=1 c=0 rs=2 cs=2]
              RenderText {#text} at (49,6) size 4x21
                text run at (49,6) width 4: " "
            RenderTableCell {TH} at (106,37) size 502x33 [border: (1px inset #808080)] [r=1 c=2 rs=1 cs=4]
              RenderText {#text} at (177,6) size 148x21
                text run at (177,6) width 148: "-webkit-writing-mode"
          RenderTableRow {TR} at (0,72) size 610x33
            RenderTableCell {TH} at (106,72) size 124x33 [border: (1px inset #808080)] [r=2 c=2 rs=1 cs=1]
              RenderText {#text} at (18,6) size 88x21
                text run at (18,6) width 88: "horizontal-tb"
            RenderTableCell {TH} at (232,72) size 124x33 [border: (1px inset #808080)] [r=2 c=3 rs=1 cs=1]
              RenderText {#text} at (18,6) size 88x21
                text run at (18,6) width 88: "horizontal-bt"
            RenderTableCell {TH} at (358,72) size 124x33 [border: (1px inset #808080)] [r=2 c=4 rs=1 cs=1]
              RenderText {#text} at (29,6) size 66x21
                text run at (29,6) width 66: "vertical-lr"
            RenderTableCell {TH} at (484,72) size 124x33 [border: (1px inset #808080)] [r=2 c=5 rs=1 cs=1]
              RenderText {#text} at (29,6) size 66x21
                text run at (29,6) width 66: "vertical-rl"
          RenderTableRow {TR} at (0,107) size 610x124
            RenderTableCell {TH} at (2,215) size 72x33 [border: (1px inset #808080)] [r=3 c=0 rs=4 cs=1]
              RenderText {#text} at (6,6) size 60x21
                text run at (6,6) width 60: "direction"
            RenderTableCell {TH} at (76,152) size 28x33 [border: (1px inset #808080)] [r=3 c=1 rs=1 cs=1]
              RenderText {#text} at (6,6) size 16x21
                text run at (6,6) width 16: "ltr"
            RenderTableCell {TD} at (106,107) size 124x124 [border: (1px solid #000000)] [r=3 c=2 rs=1 cs=1]
              RenderBlock {DIV} at (2,2) size 120x120
                RenderDetails {DETAILS} at (0,0) size 120x21
                  RenderBlock (anonymous) at (0,0) size 120x21
                    RenderSummary {SUMMARY} at (0,0) size 120x21
                      RenderDetailsMarker at (0,0) size 10x21: right
                      RenderText {#text} at (17,0) size 64x21
                        text run at (17,0) width 64: "summary"
                  RenderBlock (anonymous) at (0,21) size 120x0
                RenderDetails {DETAILS} at (0,21) size 120x21
                  RenderBlock (anonymous) at (0,0) size 120x21
                    RenderSummary {SUMMARY} at (0,0) size 120x21
                      RenderDetailsMarker at (0,0) size 10x21: down
                      RenderText {#text} at (17,0) size 64x21
                        text run at (17,0) width 64: "summary"
                  RenderBlock (anonymous) at (0,21) size 120x0
            RenderTableCell {TD} at (232,107) size 124x124 [border: (1px solid #000000)] [r=3 c=3 rs=1 cs=1]
              RenderBlock {DIV} at (2,2) size 120x120
                RenderDetails {DETAILS} at (0,0) size 120x21
                  RenderBlock (anonymous) at (0,0) size 120x21
                    RenderSummary {SUMMARY} at (0,0) size 120x21
                      RenderDetailsMarker at (0,0) size 10x21: right
                      RenderText {#text} at (17,0) size 64x21
                        text run at (17,0) width 64: "summary"
                  RenderBlock (anonymous) at (0,21) size 120x0
                RenderDetails {DETAILS} at (0,21) size 120x21
                  RenderBlock (anonymous) at (0,0) size 120x21
                    RenderSummary {SUMMARY} at (0,0) size 120x21
                      RenderDetailsMarker at (0,0) size 10x21: up
                      RenderText {#text} at (17,0) size 64x21
                        text run at (17,0) width 64: "summary"
                  RenderBlock (anonymous) at (0,21) size 120x0
            RenderTableCell {TD} at (358,107) size 124x124 [border: (1px solid #000000)] [r=3 c=4 rs=1 cs=1]
              RenderBlock {DIV} at (2,2) size 120x120
                RenderDetails {DETAILS} at (0,0) size 21x120
                  RenderBlock (anonymous) at (0,0) size 21x120
                    RenderSummary {SUMMARY} at (0,0) size 21x120
                      RenderDetailsMarker at (0,0) size 21x10: down
                      RenderText {#text} at (0,17) size 21x64
                        text run at (0,17) width 64: "summary"
                  RenderBlock (anonymous) at (21,0) size 0x120
                RenderDetails {DETAILS} at (21,0) size 21x120
                  RenderBlock (anonymous) at (0,0) size 21x120
                    RenderSummary {SUMMARY} at (0,0) size 21x120
                      RenderDetailsMarker at (0,0) size 21x10: right
                      RenderText {#text} at (0,17) size 21x64
                        text run at (0,17) width 64: "summary"
                  RenderBlock (anonymous) at (21,0) size 0x120
            RenderTableCell {TD} at (484,107) size 124x124 [border: (1px solid #000000)] [r=3 c=5 rs=1 cs=1]
              RenderBlock {DIV} at (2,2) size 120x120
                RenderDetails {DETAILS} at (0,0) size 21x120
                  RenderBlock (anonymous) at (0,0) size 21x120
                    RenderSummary {SUMMARY} at (0,0) size 21x120
                      RenderDetailsMarker at (0,0) size 21x10: down
                      RenderText {#text} at (0,17) size 21x64
                        text run at (0,17) width 64: "summary"
                  RenderBlock (anonymous) at (21,0) size 0x120
                RenderDetails {DETAILS} at (21,0) size 21x120
                  RenderBlock (anonymous) at (0,0) size 21x120
                    RenderSummary {SUMMARY} at (0,0) size 21x120
                      RenderDetailsMarker at (0,0) size 21x10: left
                      RenderText {#text} at (0,17) size 21x64
                        text run at (0,17) width 64: "summary"
                  RenderBlock (anonymous) at (21,0) size 0x120
          RenderTableRow {TR} at (0,233) size 610x124
            RenderTableCell {TH} at (76,278) size 28x33 [border: (1px inset #808080)] [r=4 c=1 rs=1 cs=1]
              RenderText {#text} at (6,6) size 16x21
                text run at (6,6) width 16: "rtl"
            RenderTableCell {TD} at (106,233) size 124x124 [border: (1px solid #000000)] [r=4 c=2 rs=1 cs=1]
              RenderBlock {DIV} at (2,2) size 120x120
                RenderDetails {DETAILS} at (0,0) size 120x21
                  RenderBlock (anonymous) at (0,0) size 120x21
                    RenderSummary {SUMMARY} at (0,0) size 120x21
                      RenderDetailsMarker at (110,0) size 10x21: left
                      RenderText {#text} at (39,0) size 64x21
                        text run at (39,0) width 64: "summary"
                  RenderBlock (anonymous) at (0,21) size 120x0
                RenderDetails {DETAILS} at (0,21) size 120x21
                  RenderBlock (anonymous) at (0,0) size 120x21
                    RenderSummary {SUMMARY} at (0,0) size 120x21
                      RenderDetailsMarker at (110,0) size 10x21: down
                      RenderText {#text} at (39,0) size 64x21
                        text run at (39,0) width 64: "summary"
                  RenderBlock (anonymous) at (0,21) size 120x0
            RenderTableCell {TD} at (232,233) size 124x124 [border: (1px solid #000000)] [r=4 c=3 rs=1 cs=1]
              RenderBlock {DIV} at (2,2) size 120x120
                RenderDetails {DETAILS} at (0,0) size 120x21
                  RenderBlock (anonymous) at (0,0) size 120x21
                    RenderSummary {SUMMARY} at (0,0) size 120x21
                      RenderDetailsMarker at (110,0) size 10x21: left
                      RenderText {#text} at (39,0) size 64x21
                        text run at (39,0) width 64: "summary"
                  RenderBlock (anonymous) at (0,21) size 120x0
                RenderDetails {DETAILS} at (0,21) size 120x21
                  RenderBlock (anonymous) at (0,0) size 120x21
                    RenderSummary {SUMMARY} at (0,0) size 120x21
                      RenderDetailsMarker at (110,0) size 10x21: up
                      RenderText {#text} at (39,0) size 64x21
                        text run at (39,0) width 64: "summary"
                  RenderBlock (anonymous) at (0,21) size 120x0
            RenderTableCell {TD} at (358,233) size 124x124 [border: (1px solid #000000)] [r=4 c=4 rs=1 cs=1]
              RenderBlock {DIV} at (2,2) size 120x120
                RenderDetails {DETAILS} at (0,0) size 21x120
                  RenderBlock (anonymous) at (0,0) size 21x120
                    RenderSummary {SUMMARY} at (0,0) size 21x120
                      RenderDetailsMarker at (0,110) size 21x10: up
                      RenderText {#text} at (0,39) size 21x64
                        text run at (0,39) width 64: "summary"
                  RenderBlock (anonymous) at (21,0) size 0x120
                RenderDetails {DETAILS} at (21,0) size 21x120
                  RenderBlock (anonymous) at (0,0) size 21x120
                    RenderSummary {SUMMARY} at (0,0) size 21x120
                      RenderDetailsMarker at (0,110) size 21x10: right
                      RenderText {#text} at (0,39) size 21x64
                        text run at (0,39) width 64: "summary"
                  RenderBlock (anonymous) at (21,0) size 0x120
            RenderTableCell {TD} at (484,233) size 124x124 [border: (1px solid #000000)] [r=4 c=5 rs=1 cs=1]
              RenderBlock {DIV} at (2,2) size 120x120
                RenderDetails {DETAILS} at (0,0) size 21x120
                  RenderBlock (anonymous) at (0,0) size 21x120
                    RenderSummary {SUMMARY} at (0,0) size 21x120
                      RenderDetailsMarker at (0,110) size 21x10: up
                      RenderText {#text} at (0,39) size 21x64
                        text run at (0,39) width 64: "summary"
                  RenderBlock (anonymous) at (21,0) size 0x120
                RenderDetails {DETAILS} at (21,0) size 21x120
                  RenderBlock (anonymous) at (0,0) size 21x120
                    RenderSummary {SUMMARY} at (0,0) size 21x120
                      RenderDetailsMarker at (0,110) size 21x10: left
                      RenderText {#text} at (0,39) size 21x64
                        text run at (0,39) width 64: "summary"
                  RenderBlock (anonymous) at (21,0) size 0x120
      RenderBlock (anonymous) at (0,361) size 768x21
        RenderBR {BR} at (0,0) size 0x21
      RenderTable {TABLE} at (0,382) size 612x361 [border: (1px outset #808080)]
        RenderTableSection {TBODY} at (1,1) size 610x359
          RenderTableRow {TR} at (0,2) size 610x33
            RenderTableCell {TH} at (2,2) size 606x33 [border: (1px inset #808080)] [r=0 c=0 rs=1 cs=6]
              RenderText {#text} at (256,6) size 94x21
                text run at (256,6) width 94: "text-align: left"
          RenderTableRow {TR} at (0,37) size 610x33
            RenderTableCell {TH} at (2,54) size 102x33 [border: (1px inset #808080)] [r=1 c=0 rs=2 cs=2]
              RenderText {#text} at (49,6) size 4x21
                text run at (49,6) width 4: " "
            RenderTableCell {TH} at (106,37) size 502x33 [border: (1px inset #808080)] [r=1 c=2 rs=1 cs=4]
              RenderText {#text} at (177,6) size 148x21
                text run at (177,6) width 148: "-webkit-writing-mode"
          RenderTableRow {TR} at (0,72) size 610x33
            RenderTableCell {TH} at (106,72) size 124x33 [border: (1px inset #808080)] [r=2 c=2 rs=1 cs=1]
              RenderText {#text} at (18,6) size 88x21
                text run at (18,6) width 88: "horizontal-tb"
            RenderTableCell {TH} at (232,72) size 124x33 [border: (1px inset #808080)] [r=2 c=3 rs=1 cs=1]
              RenderText {#text} at (18,6) size 88x21
                text run at (18,6) width 88: "horizontal-bt"
            RenderTableCell {TH} at (358,72) size 124x33 [border: (1px inset #808080)] [r=2 c=4 rs=1 cs=1]
              RenderText {#text} at (29,6) size 66x21
                text run at (29,6) width 66: "vertical-lr"
            RenderTableCell {TH} at (484,72) size 124x33 [border: (1px inset #808080)] [r=2 c=5 rs=1 cs=1]
              RenderText {#text} at (29,6) size 66x21
                text run at (29,6) width 66: "vertical-rl"
          RenderTableRow {TR} at (0,107) size 610x124
            RenderTableCell {TH} at (2,215) size 72x33 [border: (1px inset #808080)] [r=3 c=0 rs=4 cs=1]
              RenderText {#text} at (6,6) size 60x21
                text run at (6,6) width 60: "direction"
            RenderTableCell {TH} at (76,152) size 28x33 [border: (1px inset #808080)] [r=3 c=1 rs=1 cs=1]
              RenderText {#text} at (6,6) size 16x21
                text run at (6,6) width 16: "ltr"
            RenderTableCell {TD} at (106,107) size 124x124 [border: (1px solid #000000)] [r=3 c=2 rs=1 cs=1]
              RenderBlock {DIV} at (2,2) size 120x120
                RenderDetails {DETAILS} at (0,0) size 120x21
                  RenderBlock (anonymous) at (0,0) size 120x21
                    RenderSummary {SUMMARY} at (0,0) size 120x21
                      RenderDetailsMarker at (0,0) size 10x21: right
                      RenderText {#text} at (17,0) size 64x21
                        text run at (17,0) width 64: "summary"
                  RenderBlock (anonymous) at (0,21) size 120x0
                RenderDetails {DETAILS} at (0,21) size 120x21
                  RenderBlock (anonymous) at (0,0) size 120x21
                    RenderSummary {SUMMARY} at (0,0) size 120x21
                      RenderDetailsMarker at (0,0) size 10x21: down
                      RenderText {#text} at (17,0) size 64x21
                        text run at (17,0) width 64: "summary"
                  RenderBlock (anonymous) at (0,21) size 120x0
            RenderTableCell {TD} at (232,107) size 124x124 [border: (1px solid #000000)] [r=3 c=3 rs=1 cs=1]
              RenderBlock {DIV} at (2,2) size 120x120
                RenderDetails {DETAILS} at (0,0) size 120x21
                  RenderBlock (anonymous) at (0,0) size 120x21
                    RenderSummary {SUMMARY} at (0,0) size 120x21
                      RenderDetailsMarker at (0,0) size 10x21: right
                      RenderText {#text} at (17,0) size 64x21
                        text run at (17,0) width 64: "summary"
                  RenderBlock (anonymous) at (0,21) size 120x0
                RenderDetails {DETAILS} at (0,21) size 120x21
                  RenderBlock (anonymous) at (0,0) size 120x21
                    RenderSummary {SUMMARY} at (0,0) size 120x21
                      RenderDetailsMarker at (0,0) size 10x21: up
                      RenderText {#text} at (17,0) size 64x21
                        text run at (17,0) width 64: "summary"
                  RenderBlock (anonymous) at (0,21) size 120x0
            RenderTableCell {TD} at (358,107) size 124x124 [border: (1px solid #000000)] [r=3 c=4 rs=1 cs=1]
              RenderBlock {DIV} at (2,2) size 120x120
                RenderDetails {DETAILS} at (0,0) size 21x120
                  RenderBlock (anonymous) at (0,0) size 21x120
                    RenderSummary {SUMMARY} at (0,0) size 21x120
                      RenderDetailsMarker at (0,0) size 21x10: down
                      RenderText {#text} at (0,17) size 21x64
                        text run at (0,17) width 64: "summary"
                  RenderBlock (anonymous) at (21,0) size 0x120
                RenderDetails {DETAILS} at (21,0) size 21x120
                  RenderBlock (anonymous) at (0,0) size 21x120
                    RenderSummary {SUMMARY} at (0,0) size 21x120
                      RenderDetailsMarker at (0,0) size 21x10: right
                      RenderText {#text} at (0,17) size 21x64
                        text run at (0,17) width 64: "summary"
                  RenderBlock (anonymous) at (21,0) size 0x120
            RenderTableCell {TD} at (484,107) size 124x124 [border: (1px solid #000000)] [r=3 c=5 rs=1 cs=1]
              RenderBlock {DIV} at (2,2) size 120x120
                RenderDetails {DETAILS} at (0,0) size 21x120
                  RenderBlock (anonymous) at (0,0) size 21x120
                    RenderSummary {SUMMARY} at (0,0) size 21x120
                      RenderDetailsMarker at (0,0) size 21x10: down
                      RenderText {#text} at (0,17) size 21x64
                        text run at (0,17) width 64: "summary"
                  RenderBlock (anonymous) at (21,0) size 0x120
                RenderDetails {DETAILS} at (21,0) size 21x120
                  RenderBlock (anonymous) at (0,0) size 21x120
                    RenderSummary {SUMMARY} at (0,0) size 21x120
                      RenderDetailsMarker at (0,0) size 21x10: left
                      RenderText {#text} at (0,17) size 21x64
                        text run at (0,17) width 64: "summary"
                  RenderBlock (anonymous) at (21,0) size 0x120
          RenderTableRow {TR} at (0,233) size 610x124
            RenderTableCell {TH} at (76,278) size 28x33 [border: (1px inset #808080)] [r=4 c=1 rs=1 cs=1]
              RenderText {#text} at (6,6) size 16x21
                text run at (6,6) width 16: "rtl"
            RenderTableCell {TD} at (106,233) size 124x124 [border: (1px solid #000000)] [r=4 c=2 rs=1 cs=1]
              RenderBlock {DIV} at (2,2) size 120x120
                RenderDetails {DETAILS} at (0,0) size 120x21
                  RenderBlock (anonymous) at (0,0) size 120x21
                    RenderSummary {SUMMARY} at (0,0) size 120x21
                      RenderDetailsMarker at (71,0) size 10x21: left
                      RenderText {#text} at (0,0) size 64x21
                        text run at (0,0) width 64: "summary"
                  RenderBlock (anonymous) at (0,21) size 120x0
                RenderDetails {DETAILS} at (0,21) size 120x21
                  RenderBlock (anonymous) at (0,0) size 120x21
                    RenderSummary {SUMMARY} at (0,0) size 120x21
                      RenderDetailsMarker at (71,0) size 10x21: down
                      RenderText {#text} at (0,0) size 64x21
                        text run at (0,0) width 64: "summary"
                  RenderBlock (anonymous) at (0,21) size 120x0
            RenderTableCell {TD} at (232,233) size 124x124 [border: (1px solid #000000)] [r=4 c=3 rs=1 cs=1]
              RenderBlock {DIV} at (2,2) size 120x120
                RenderDetails {DETAILS} at (0,0) size 120x21
                  RenderBlock (anonymous) at (0,0) size 120x21
                    RenderSummary {SUMMARY} at (0,0) size 120x21
                      RenderDetailsMarker at (71,0) size 10x21: left
                      RenderText {#text} at (0,0) size 64x21
                        text run at (0,0) width 64: "summary"
                  RenderBlock (anonymous) at (0,21) size 120x0
                RenderDetails {DETAILS} at (0,21) size 120x21
                  RenderBlock (anonymous) at (0,0) size 120x21
                    RenderSummary {SUMMARY} at (0,0) size 120x21
                      RenderDetailsMarker at (71,0) size 10x21: up
                      RenderText {#text} at (0,0) size 64x21
                        text run at (0,0) width 64: "summary"
                  RenderBlock (anonymous) at (0,21) size 120x0
            RenderTableCell {TD} at (358,233) size 124x124 [border: (1px solid #000000)] [r=4 c=4 rs=1 cs=1]
              RenderBlock {DIV} at (2,2) size 120x120
                RenderDetails {DETAILS} at (0,0) size 21x120
                  RenderBlock (anonymous) at (0,0) size 21x120
                    RenderSummary {SUMMARY} at (0,0) size 21x120
                      RenderDetailsMarker at (0,71) size 21x10: up
                      RenderText {#text} at (0,0) size 21x64
                        text run at (0,0) width 64: "summary"
                  RenderBlock (anonymous) at (21,0) size 0x120
                RenderDetails {DETAILS} at (21,0) size 21x120
                  RenderBlock (anonymous) at (0,0) size 21x120
                    RenderSummary {SUMMARY} at (0,0) size 21x120
                      RenderDetailsMarker at (0,71) size 21x10: right
                      RenderText {#text} at (0,0) size 21x64
                        text run at (0,0) width 64: "summary"
                  RenderBlock (anonymous) at (21,0) size 0x120
            RenderTableCell {TD} at (484,233) size 124x124 [border: (1px solid #000000)] [r=4 c=5 rs=1 cs=1]
              RenderBlock {DIV} at (2,2) size 120x120
                RenderDetails {DETAILS} at (0,0) size 21x120
                  RenderBlock (anonymous) at (0,0) size 21x120
                    RenderSummary {SUMMARY} at (0,0) size 21x120
                      RenderDetailsMarker at (0,71) size 21x10: up
                      RenderText {#text} at (0,0) size 21x64
                        text run at (0,0) width 64: "summary"
                  RenderBlock (anonymous) at (21,0) size 0x120
                RenderDetails {DETAILS} at (21,0) size 21x120
                  RenderBlock (anonymous) at (0,0) size 21x120
                    RenderSummary {SUMMARY} at (0,0) size 21x120
                      RenderDetailsMarker at (0,71) size 21x10: left
                      RenderText {#text} at (0,0) size 21x64
                        text run at (0,0) width 64: "summary"
                  RenderBlock (anonymous) at (21,0) size 0x120
      RenderBlock (anonymous) at (0,743) size 768x21
        RenderBR {BR} at (0,0) size 0x21
      RenderTable {TABLE} at (0,764) size 612x361 [border: (1px outset #808080)]
        RenderTableSection {TBODY} at (1,1) size 610x359
          RenderTableRow {TR} at (0,2) size 610x33
            RenderTableCell {TH} at (2,2) size 606x33 [border: (1px inset #808080)] [r=0 c=0 rs=1 cs=6]
              RenderText {#text} at (246,6) size 114x21
                text run at (246,6) width 114: "text-align: center"
          RenderTableRow {TR} at (0,37) size 610x33
            RenderTableCell {TH} at (2,54) size 102x33 [border: (1px inset #808080)] [r=1 c=0 rs=2 cs=2]
              RenderText {#text} at (49,6) size 4x21
                text run at (49,6) width 4: " "
            RenderTableCell {TH} at (106,37) size 502x33 [border: (1px inset #808080)] [r=1 c=2 rs=1 cs=4]
              RenderText {#text} at (177,6) size 148x21
                text run at (177,6) width 148: "-webkit-writing-mode"
          RenderTableRow {TR} at (0,72) size 610x33
            RenderTableCell {TH} at (106,72) size 124x33 [border: (1px inset #808080)] [r=2 c=2 rs=1 cs=1]
              RenderText {#text} at (18,6) size 88x21
                text run at (18,6) width 88: "horizontal-tb"
            RenderTableCell {TH} at (232,72) size 124x33 [border: (1px inset #808080)] [r=2 c=3 rs=1 cs=1]
              RenderText {#text} at (18,6) size 88x21
                text run at (18,6) width 88: "horizontal-bt"
            RenderTableCell {TH} at (358,72) size 124x33 [border: (1px inset #808080)] [r=2 c=4 rs=1 cs=1]
              RenderText {#text} at (29,6) size 66x21
                text run at (29,6) width 66: "vertical-lr"
            RenderTableCell {TH} at (484,72) size 124x33 [border: (1px inset #808080)] [r=2 c=5 rs=1 cs=1]
              RenderText {#text} at (29,6) size 66x21
                text run at (29,6) width 66: "vertical-rl"
          RenderTableRow {TR} at (0,107) size 610x124
            RenderTableCell {TH} at (2,215) size 72x33 [border: (1px inset #808080)] [r=3 c=0 rs=4 cs=1]
              RenderText {#text} at (6,6) size 60x21
                text run at (6,6) width 60: "direction"
            RenderTableCell {TH} at (76,152) size 28x33 [border: (1px inset #808080)] [r=3 c=1 rs=1 cs=1]
              RenderText {#text} at (6,6) size 16x21
                text run at (6,6) width 16: "ltr"
            RenderTableCell {TD} at (106,107) size 124x124 [border: (1px solid #000000)] [r=3 c=2 rs=1 cs=1]
              RenderBlock {DIV} at (2,2) size 120x120
                RenderDetails {DETAILS} at (0,0) size 120x21
                  RenderBlock (anonymous) at (0,0) size 120x21
                    RenderSummary {SUMMARY} at (0,0) size 120x21
                      RenderDetailsMarker at (20,0) size 10x21: right
                      RenderText {#text} at (36,0) size 65x21
                        text run at (36,0) width 65: "summary"
                  RenderBlock (anonymous) at (0,21) size 120x0
                RenderDetails {DETAILS} at (0,21) size 120x21
                  RenderBlock (anonymous) at (0,0) size 120x21
                    RenderSummary {SUMMARY} at (0,0) size 120x21
                      RenderDetailsMarker at (20,0) size 10x21: down
                      RenderText {#text} at (36,0) size 65x21
                        text run at (36,0) width 65: "summary"
                  RenderBlock (anonymous) at (0,21) size 120x0
            RenderTableCell {TD} at (232,107) size 124x124 [border: (1px solid #000000)] [r=3 c=3 rs=1 cs=1]
              RenderBlock {DIV} at (2,2) size 120x120
                RenderDetails {DETAILS} at (0,0) size 120x21
                  RenderBlock (anonymous) at (0,0) size 120x21
                    RenderSummary {SUMMARY} at (0,0) size 120x21
                      RenderDetailsMarker at (20,0) size 10x21: right
                      RenderText {#text} at (36,0) size 65x21
                        text run at (36,0) width 65: "summary"
                  RenderBlock (anonymous) at (0,21) size 120x0
                RenderDetails {DETAILS} at (0,21) size 120x21
                  RenderBlock (anonymous) at (0,0) size 120x21
                    RenderSummary {SUMMARY} at (0,0) size 120x21
                      RenderDetailsMarker at (20,0) size 10x21: up
                      RenderText {#text} at (36,0) size 65x21
                        text run at (36,0) width 65: "summary"
                  RenderBlock (anonymous) at (0,21) size 120x0
            RenderTableCell {TD} at (358,107) size 124x124 [border: (1px solid #000000)] [r=3 c=4 rs=1 cs=1]
              RenderBlock {DIV} at (2,2) size 120x120
                RenderDetails {DETAILS} at (0,0) size 21x120
                  RenderBlock (anonymous) at (0,0) size 21x120
                    RenderSummary {SUMMARY} at (0,0) size 21x120
                      RenderDetailsMarker at (0,20) size 21x10: down
                      RenderText {#text} at (0,36) size 21x65
                        text run at (0,36) width 64: "summary"
                  RenderBlock (anonymous) at (21,0) size 0x120
                RenderDetails {DETAILS} at (21,0) size 21x120
                  RenderBlock (anonymous) at (0,0) size 21x120
                    RenderSummary {SUMMARY} at (0,0) size 21x120
                      RenderDetailsMarker at (0,20) size 21x10: right
                      RenderText {#text} at (0,36) size 21x65
                        text run at (0,36) width 64: "summary"
                  RenderBlock (anonymous) at (21,0) size 0x120
            RenderTableCell {TD} at (484,107) size 124x124 [border: (1px solid #000000)] [r=3 c=5 rs=1 cs=1]
              RenderBlock {DIV} at (2,2) size 120x120
                RenderDetails {DETAILS} at (0,0) size 21x120
                  RenderBlock (anonymous) at (0,0) size 21x120
                    RenderSummary {SUMMARY} at (0,0) size 21x120
                      RenderDetailsMarker at (0,20) size 21x10: down
                      RenderText {#text} at (0,36) size 21x65
                        text run at (0,36) width 64: "summary"
                  RenderBlock (anonymous) at (21,0) size 0x120
                RenderDetails {DETAILS} at (21,0) size 21x120
                  RenderBlock (anonymous) at (0,0) size 21x120
                    RenderSummary {SUMMARY} at (0,0) size 21x120
                      RenderDetailsMarker at (0,20) size 21x10: left
                      RenderText {#text} at (0,36) size 21x65
                        text run at (0,36) width 64: "summary"
                  RenderBlock (anonymous) at (21,0) size 0x120
          RenderTableRow {TR} at (0,233) size 610x124
            RenderTableCell {TH} at (76,278) size 28x33 [border: (1px inset #808080)] [r=4 c=1 rs=1 cs=1]
              RenderText {#text} at (6,6) size 16x21
                text run at (6,6) width 16: "rtl"
            RenderTableCell {TD} at (106,233) size 124x124 [border: (1px solid #000000)] [r=4 c=2 rs=1 cs=1]
              RenderBlock {DIV} at (2,2) size 120x120
                RenderDetails {DETAILS} at (0,0) size 120x21
                  RenderBlock (anonymous) at (0,0) size 120x21
                    RenderSummary {SUMMARY} at (0,0) size 120x21
                      RenderDetailsMarker at (91,0) size 10x21: left
                      RenderText {#text} at (19,0) size 65x21
                        text run at (19,0) width 65: "summary"
                  RenderBlock (anonymous) at (0,21) size 120x0
                RenderDetails {DETAILS} at (0,21) size 120x21
                  RenderBlock (anonymous) at (0,0) size 120x21
                    RenderSummary {SUMMARY} at (0,0) size 120x21
                      RenderDetailsMarker at (91,0) size 10x21: down
                      RenderText {#text} at (19,0) size 65x21
                        text run at (19,0) width 65: "summary"
                  RenderBlock (anonymous) at (0,21) size 120x0
            RenderTableCell {TD} at (232,233) size 124x124 [border: (1px solid #000000)] [r=4 c=3 rs=1 cs=1]
              RenderBlock {DIV} at (2,2) size 120x120
                RenderDetails {DETAILS} at (0,0) size 120x21
                  RenderBlock (anonymous) at (0,0) size 120x21
                    RenderSummary {SUMMARY} at (0,0) size 120x21
                      RenderDetailsMarker at (91,0) size 10x21: left
                      RenderText {#text} at (19,0) size 65x21
                        text run at (19,0) width 65: "summary"
                  RenderBlock (anonymous) at (0,21) size 120x0
                RenderDetails {DETAILS} at (0,21) size 120x21
                  RenderBlock (anonymous) at (0,0) size 120x21
                    RenderSummary {SUMMARY} at (0,0) size 120x21
                      RenderDetailsMarker at (91,0) size 10x21: up
                      RenderText {#text} at (19,0) size 65x21
                        text run at (19,0) width 65: "summary"
                  RenderBlock (anonymous) at (0,21) size 120x0
            RenderTableCell {TD} at (358,233) size 124x124 [border: (1px solid #000000)] [r=4 c=4 rs=1 cs=1]
              RenderBlock {DIV} at (2,2) size 120x120
                RenderDetails {DETAILS} at (0,0) size 21x120
                  RenderBlock (anonymous) at (0,0) size 21x120
                    RenderSummary {SUMMARY} at (0,0) size 21x120
                      RenderDetailsMarker at (0,91) size 21x10: up
                      RenderText {#text} at (0,19) size 21x65
                        text run at (0,19) width 64: "summary"
                  RenderBlock (anonymous) at (21,0) size 0x120
                RenderDetails {DETAILS} at (21,0) size 21x120
                  RenderBlock (anonymous) at (0,0) size 21x120
                    RenderSummary {SUMMARY} at (0,0) size 21x120
                      RenderDetailsMarker at (0,91) size 21x10: right
                      RenderText {#text} at (0,19) size 21x65
                        text run at (0,19) width 64: "summary"
                  RenderBlock (anonymous) at (21,0) size 0x120
            RenderTableCell {TD} at (484,233) size 124x124 [border: (1px solid #000000)] [r=4 c=5 rs=1 cs=1]
              RenderBlock {DIV} at (2,2) size 120x120
                RenderDetails {DETAILS} at (0,0) size 21x120
                  RenderBlock (anonymous) at (0,0) size 21x120
                    RenderSummary {SUMMARY} at (0,0) size 21x120
                      RenderDetailsMarker at (0,91) size 21x10: up
                      RenderText {#text} at (0,19) size 21x65
                        text run at (0,19) width 64: "summary"
                  RenderBlock (anonymous) at (21,0) size 0x120
                RenderDetails {DETAILS} at (21,0) size 21x120
                  RenderBlock (anonymous) at (0,0) size 21x120
                    RenderSummary {SUMMARY} at (0,0) size 21x120
                      RenderDetailsMarker at (0,91) size 21x10: left
                      RenderText {#text} at (0,19) size 21x65
                        text run at (0,19) width 64: "summary"
                  RenderBlock (anonymous) at (21,0) size 0x120
      RenderBlock (anonymous) at (0,1125) size 768x21
        RenderBR {BR} at (0,0) size 0x21
      RenderTable {TABLE} at (0,1146) size 612x361 [border: (1px outset #808080)]
        RenderTableSection {TBODY} at (1,1) size 610x359
          RenderTableRow {TR} at (0,2) size 610x33
            RenderTableCell {TH} at (2,2) size 606x33 [border: (1px inset #808080)] [r=0 c=0 rs=1 cs=6]
              RenderText {#text} at (250,6) size 106x21
                text run at (250,6) width 106: "text-align: right"
          RenderTableRow {TR} at (0,37) size 610x33
            RenderTableCell {TH} at (2,54) size 102x33 [border: (1px inset #808080)] [r=1 c=0 rs=2 cs=2]
              RenderText {#text} at (49,6) size 4x21
                text run at (49,6) width 4: " "
            RenderTableCell {TH} at (106,37) size 502x33 [border: (1px inset #808080)] [r=1 c=2 rs=1 cs=4]
              RenderText {#text} at (177,6) size 148x21
                text run at (177,6) width 148: "-webkit-writing-mode"
          RenderTableRow {TR} at (0,72) size 610x33
            RenderTableCell {TH} at (106,72) size 124x33 [border: (1px inset #808080)] [r=2 c=2 rs=1 cs=1]
              RenderText {#text} at (18,6) size 88x21
                text run at (18,6) width 88: "horizontal-tb"
            RenderTableCell {TH} at (232,72) size 124x33 [border: (1px inset #808080)] [r=2 c=3 rs=1 cs=1]
              RenderText {#text} at (18,6) size 88x21
                text run at (18,6) width 88: "horizontal-bt"
            RenderTableCell {TH} at (358,72) size 124x33 [border: (1px inset #808080)] [r=2 c=4 rs=1 cs=1]
              RenderText {#text} at (29,6) size 66x21
                text run at (29,6) width 66: "vertical-lr"
            RenderTableCell {TH} at (484,72) size 124x33 [border: (1px inset #808080)] [r=2 c=5 rs=1 cs=1]
              RenderText {#text} at (29,6) size 66x21
                text run at (29,6) width 66: "vertical-rl"
          RenderTableRow {TR} at (0,107) size 610x124
            RenderTableCell {TH} at (2,215) size 72x33 [border: (1px inset #808080)] [r=3 c=0 rs=4 cs=1]
              RenderText {#text} at (6,6) size 60x21
                text run at (6,6) width 60: "direction"
            RenderTableCell {TH} at (76,152) size 28x33 [border: (1px inset #808080)] [r=3 c=1 rs=1 cs=1]
              RenderText {#text} at (6,6) size 16x21
                text run at (6,6) width 16: "ltr"
            RenderTableCell {TD} at (106,107) size 124x124 [border: (1px solid #000000)] [r=3 c=2 rs=1 cs=1]
              RenderBlock {DIV} at (2,2) size 120x120
                RenderDetails {DETAILS} at (0,0) size 120x21
                  RenderBlock (anonymous) at (0,0) size 120x21
                    RenderSummary {SUMMARY} at (0,0) size 120x21
                      RenderDetailsMarker at (39,0) size 10x21: right
                      RenderText {#text} at (56,0) size 64x21
                        text run at (56,0) width 64: "summary"
                  RenderBlock (anonymous) at (0,21) size 120x0
                RenderDetails {DETAILS} at (0,21) size 120x21
                  RenderBlock (anonymous) at (0,0) size 120x21
                    RenderSummary {SUMMARY} at (0,0) size 120x21
                      RenderDetailsMarker at (39,0) size 10x21: down
                      RenderText {#text} at (56,0) size 64x21
                        text run at (56,0) width 64: "summary"
                  RenderBlock (anonymous) at (0,21) size 120x0
            RenderTableCell {TD} at (232,107) size 124x124 [border: (1px solid #000000)] [r=3 c=3 rs=1 cs=1]
              RenderBlock {DIV} at (2,2) size 120x120
                RenderDetails {DETAILS} at (0,0) size 120x21
                  RenderBlock (anonymous) at (0,0) size 120x21
                    RenderSummary {SUMMARY} at (0,0) size 120x21
                      RenderDetailsMarker at (39,0) size 10x21: right
                      RenderText {#text} at (56,0) size 64x21
                        text run at (56,0) width 64: "summary"
                  RenderBlock (anonymous) at (0,21) size 120x0
                RenderDetails {DETAILS} at (0,21) size 120x21
                  RenderBlock (anonymous) at (0,0) size 120x21
                    RenderSummary {SUMMARY} at (0,0) size 120x21
                      RenderDetailsMarker at (39,0) size 10x21: up
                      RenderText {#text} at (56,0) size 64x21
                        text run at (56,0) width 64: "summary"
                  RenderBlock (anonymous) at (0,21) size 120x0
            RenderTableCell {TD} at (358,107) size 124x124 [border: (1px solid #000000)] [r=3 c=4 rs=1 cs=1]
              RenderBlock {DIV} at (2,2) size 120x120
                RenderDetails {DETAILS} at (0,0) size 21x120
                  RenderBlock (anonymous) at (0,0) size 21x120
                    RenderSummary {SUMMARY} at (0,0) size 21x120
                      RenderDetailsMarker at (0,39) size 21x10: down
                      RenderText {#text} at (0,56) size 21x64
                        text run at (0,56) width 64: "summary"
                  RenderBlock (anonymous) at (21,0) size 0x120
                RenderDetails {DETAILS} at (21,0) size 21x120
                  RenderBlock (anonymous) at (0,0) size 21x120
                    RenderSummary {SUMMARY} at (0,0) size 21x120
                      RenderDetailsMarker at (0,39) size 21x10: right
                      RenderText {#text} at (0,56) size 21x64
                        text run at (0,56) width 64: "summary"
                  RenderBlock (anonymous) at (21,0) size 0x120
            RenderTableCell {TD} at (484,107) size 124x124 [border: (1px solid #000000)] [r=3 c=5 rs=1 cs=1]
              RenderBlock {DIV} at (2,2) size 120x120
                RenderDetails {DETAILS} at (0,0) size 21x120
                  RenderBlock (anonymous) at (0,0) size 21x120
                    RenderSummary {SUMMARY} at (0,0) size 21x120
                      RenderDetailsMarker at (0,39) size 21x10: down
                      RenderText {#text} at (0,56) size 21x64
                        text run at (0,56) width 64: "summary"
                  RenderBlock (anonymous) at (21,0) size 0x120
                RenderDetails {DETAILS} at (21,0) size 21x120
                  RenderBlock (anonymous) at (0,0) size 21x120
                    RenderSummary {SUMMARY} at (0,0) size 21x120
                      RenderDetailsMarker at (0,39) size 21x10: left
                      RenderText {#text} at (0,56) size 21x64
                        text run at (0,56) width 64: "summary"
                  RenderBlock (anonymous) at (21,0) size 0x120
          RenderTableRow {TR} at (0,233) size 610x124
            RenderTableCell {TH} at (76,278) size 28x33 [border: (1px inset #808080)] [r=4 c=1 rs=1 cs=1]
              RenderText {#text} at (6,6) size 16x21
                text run at (6,6) width 16: "rtl"
            RenderTableCell {TD} at (106,233) size 124x124 [border: (1px solid #000000)] [r=4 c=2 rs=1 cs=1]
              RenderBlock {DIV} at (2,2) size 120x120
                RenderDetails {DETAILS} at (0,0) size 120x21
                  RenderBlock (anonymous) at (0,0) size 120x21
                    RenderSummary {SUMMARY} at (0,0) size 120x21
                      RenderDetailsMarker at (110,0) size 10x21: left
                      RenderText {#text} at (39,0) size 64x21
                        text run at (39,0) width 64: "summary"
                  RenderBlock (anonymous) at (0,21) size 120x0
                RenderDetails {DETAILS} at (0,21) size 120x21
                  RenderBlock (anonymous) at (0,0) size 120x21
                    RenderSummary {SUMMARY} at (0,0) size 120x21
                      RenderDetailsMarker at (110,0) size 10x21: down
                      RenderText {#text} at (39,0) size 64x21
                        text run at (39,0) width 64: "summary"
                  RenderBlock (anonymous) at (0,21) size 120x0
            RenderTableCell {TD} at (232,233) size 124x124 [border: (1px solid #000000)] [r=4 c=3 rs=1 cs=1]
              RenderBlock {DIV} at (2,2) size 120x120
                RenderDetails {DETAILS} at (0,0) size 120x21
                  RenderBlock (anonymous) at (0,0) size 120x21
                    RenderSummary {SUMMARY} at (0,0) size 120x21
                      RenderDetailsMarker at (110,0) size 10x21: left
                      RenderText {#text} at (39,0) size 64x21
                        text run at (39,0) width 64: "summary"
                  RenderBlock (anonymous) at (0,21) size 120x0
                RenderDetails {DETAILS} at (0,21) size 120x21
                  RenderBlock (anonymous) at (0,0) size 120x21
                    RenderSummary {SUMMARY} at (0,0) size 120x21
                      RenderDetailsMarker at (110,0) size 10x21: up
                      RenderText {#text} at (39,0) size 64x21
                        text run at (39,0) width 64: "summary"
                  RenderBlock (anonymous) at (0,21) size 120x0
            RenderTableCell {TD} at (358,233) size 124x124 [border: (1px solid #000000)] [r=4 c=4 rs=1 cs=1]
              RenderBlock {DIV} at (2,2) size 120x120
                RenderDetails {DETAILS} at (0,0) size 21x120
                  RenderBlock (anonymous) at (0,0) size 21x120
                    RenderSummary {SUMMARY} at (0,0) size 21x120
                      RenderDetailsMarker at (0,110) size 21x10: up
                      RenderText {#text} at (0,39) size 21x64
                        text run at (0,39) width 64: "summary"
                  RenderBlock (anonymous) at (21,0) size 0x120
                RenderDetails {DETAILS} at (21,0) size 21x120
                  RenderBlock (anonymous) at (0,0) size 21x120
                    RenderSummary {SUMMARY} at (0,0) size 21x120
                      RenderDetailsMarker at (0,110) size 21x10: right
                      RenderText {#text} at (0,39) size 21x64
                        text run at (0,39) width 64: "summary"
                  RenderBlock (anonymous) at (21,0) size 0x120
            RenderTableCell {TD} at (484,233) size 124x124 [border: (1px solid #000000)] [r=4 c=5 rs=1 cs=1]
              RenderBlock {DIV} at (2,2) size 120x120
                RenderDetails {DETAILS} at (0,0) size 21x120
                  RenderBlock (anonymous) at (0,0) size 21x120
                    RenderSummary {SUMMARY} at (0,0) size 21x120
                      RenderDetailsMarker at (0,110) size 21x10: up
                      RenderText {#text} at (0,39) size 21x64
                        text run at (0,39) width 64: "summary"
                  RenderBlock (anonymous) at (21,0) size 0x120
                RenderDetails {DETAILS} at (21,0) size 21x120
                  RenderBlock (anonymous) at (0,0) size 21x120
                    RenderSummary {SUMMARY} at (0,0) size 21x120
                      RenderDetailsMarker at (0,110) size 21x10: left
                      RenderText {#text} at (0,39) size 21x64
                        text run at (0,39) width 64: "summary"
                  RenderBlock (anonymous) at (21,0) size 0x120
