layer at (0,0) size 800x600
  RenderView at (0,0) size 800x600
layer at (0,0) size 800x600
  RenderBlock {HTML} at (0,0) size 800x600
    RenderBody {BODY} at (8,8) size 784x584
      RenderDetails {DETAILS} at (0,0) size 784x21
        RenderBlock (anonymous) at (0,0) size 784x21
          RenderSummary {SUMMARY} at (0,0) size 784x21
            RenderDetailsMarker at (0,0) size 10x21: right
            RenderText {#text} at (17,0) size 64x21
              text run at (17,0) width 64: "summary"
        RenderBlock (anonymous) at (0,21) size 784x0
