layer at (0,0) size 800x600
  RenderView at (0,0) size 800x600
layer at (0,0) size 800x600
  RenderBlock {HTML} at (0,0) size 800x600
    RenderBody {BODY} at (8,8) size 784x584
      RenderDetails {DETAILS} at (0,0) size 784x21
        RenderBlock (anonymous) at (0,0) size 784x21
          RenderBlock (anonymous) at (0,0) size 784x21
            RenderDetailsMarker at (0,0) size 10x21: down
            RenderText at (17,0) size 46x21
              text run at (17,0) width 46: "Details"
        RenderBlock (anonymous) at (0,21) size 784x0
