layer at (0,0) size 1560x1010
  RenderView at (0,0) size 784x584
layer at (0,0) size 784x1010
  RenderBlock {HTML} at (0,0) size 784x1010
    RenderBody {BODY} at (8,8) size 768x994
      RenderBlock {HR} at (0,358) size 768x2 [border: (1px inset #000000)]
      RenderBlock {HR} at (0,676) size 768x2 [border: (1px inset #000000)]
layer at (8,8) size 768x350
  RenderBlock {DIV} at (0,0) size 768x350
    RenderTable {TABLE} at (0,0) size 376x1233 [border: (1px outset #808080)]
      RenderTableSection {TBODY} at (1,1) size 374x1231
        RenderTableRow {TR} at (0,0) size 374x1231
          RenderTableCell {TD} at (0,44) size 140x1187 [border: (1px inset #808080)] [r=0 c=0 rs=1 cs=1]
            RenderText {#text} at (11,11) size 105x38
              text run at (11,11) width 105: "This cell has lots"
              text run at (11,30) width 44: "of text."
            RenderBR {BR} at (55,45) size 0x0
            RenderText {#text} at (11,49) size 105x38
              text run at (11,49) width 105: "This cell has lots"
              text run at (11,68) width 44: "of text."
            RenderBR {BR} at (55,83) size 0x0
            RenderText {#text} at (11,87) size 105x38
              text run at (11,87) width 105: "This cell has lots"
              text run at (11,106) width 44: "of text."
            RenderBR {BR} at (55,121) size 0x0
            RenderText {#text} at (11,125) size 105x38
              text run at (11,125) width 105: "This cell has lots"
              text run at (11,144) width 44: "of text."
            RenderBR {BR} at (55,159) size 0x0
            RenderText {#text} at (11,163) size 105x38
              text run at (11,163) width 105: "This cell has lots"
              text run at (11,182) width 44: "of text."
            RenderBR {BR} at (55,197) size 0x0
            RenderText {#text} at (11,201) size 105x38
              text run at (11,201) width 105: "This cell has lots"
              text run at (11,220) width 44: "of text."
            RenderBR {BR} at (55,235) size 0x0
            RenderText {#text} at (11,239) size 105x38
              text run at (11,239) width 105: "This cell has lots"
              text run at (11,258) width 44: "of text."
            RenderBR {BR} at (55,273) size 0x0
            RenderText {#text} at (11,277) size 105x47
              text run at (11,277) width 105: "This cell has lots"
              text run at (11,305) width 44: "of text."
            RenderBR {BR} at (55,320) size 0x0
            RenderText {#text} at (11,324) size 105x38
              text run at (11,324) width 105: "This cell has lots"
              text run at (11,343) width 44: "of text."
            RenderBR {BR} at (55,358) size 0x0
            RenderText {#text} at (11,362) size 105x38
              text run at (11,362) width 105: "This cell has lots"
              text run at (11,381) width 44: "of text."
            RenderBR {BR} at (55,396) size 0x0
            RenderText {#text} at (11,400) size 105x38
              text run at (11,400) width 105: "This cell has lots"
              text run at (11,419) width 44: "of text."
            RenderBR {BR} at (55,434) size 0x0
            RenderText {#text} at (11,438) size 105x38
              text run at (11,438) width 105: "This cell has lots"
              text run at (11,457) width 44: "of text."
            RenderBR {BR} at (55,472) size 0x0
            RenderText {#text} at (11,476) size 105x38
              text run at (11,476) width 105: "This cell has lots"
              text run at (11,495) width 44: "of text."
            RenderBR {BR} at (55,510) size 0x0
            RenderText {#text} at (11,514) size 105x38
              text run at (11,514) width 105: "This cell has lots"
              text run at (11,533) width 44: "of text."
            RenderBR {BR} at (55,548) size 0x0
            RenderText {#text} at (11,552) size 105x38
              text run at (11,552) width 105: "This cell has lots"
              text run at (11,571) width 44: "of text."
            RenderBR {BR} at (55,586) size 0x0
            RenderText {#text} at (11,590) size 105x38
              text run at (11,590) width 105: "This cell has lots"
              text run at (11,609) width 44: "of text."
            RenderBR {BR} at (55,624) size 0x0
            RenderText {#text} at (11,628) size 105x46
              text run at (11,628) width 105: "This cell has lots"
              text run at (11,655) width 44: "of text."
            RenderBR {BR} at (55,670) size 0x0
            RenderText {#text} at (11,674) size 105x38
              text run at (11,674) width 105: "This cell has lots"
              text run at (11,693) width 44: "of text."
            RenderBR {BR} at (55,708) size 0x0
            RenderText {#text} at (11,712) size 105x38
              text run at (11,712) width 105: "This cell has lots"
              text run at (11,731) width 44: "of text."
            RenderBR {BR} at (55,746) size 0x0
            RenderText {#text} at (11,750) size 105x38
              text run at (11,750) width 105: "This cell has lots"
              text run at (11,769) width 44: "of text."
            RenderBR {BR} at (55,784) size 0x0
            RenderText {#text} at (11,788) size 105x38
              text run at (11,788) width 105: "This cell has lots"
              text run at (11,807) width 44: "of text."
            RenderBR {BR} at (55,822) size 0x0
            RenderText {#text} at (11,826) size 105x38
              text run at (11,826) width 105: "This cell has lots"
              text run at (11,845) width 44: "of text."
            RenderBR {BR} at (55,860) size 0x0
            RenderText {#text} at (11,864) size 105x38
              text run at (11,864) width 105: "This cell has lots"
              text run at (11,883) width 44: "of text."
            RenderBR {BR} at (55,898) size 0x0
            RenderText {#text} at (11,902) size 105x38
              text run at (11,902) width 105: "This cell has lots"
              text run at (11,921) width 44: "of text."
            RenderBR {BR} at (55,936) size 0x0
            RenderText {#text} at (11,940) size 105x38
              text run at (11,940) width 105: "This cell has lots"
              text run at (11,959) width 44: "of text."
            RenderBR {BR} at (55,974) size 0x0
            RenderText {#text} at (11,978) size 105x46
              text run at (11,978) width 105: "This cell has lots"
              text run at (11,1005) width 44: "of text."
            RenderBR {BR} at (55,1020) size 0x0
            RenderText {#text} at (11,1024) size 105x38
              text run at (11,1024) width 105: "This cell has lots"
              text run at (11,1043) width 44: "of text."
            RenderBR {BR} at (55,1058) size 0x0
            RenderText {#text} at (11,1062) size 105x38
              text run at (11,1062) width 105: "This cell has lots"
              text run at (11,1081) width 44: "of text."
            RenderBR {BR} at (55,1096) size 0x0
            RenderText {#text} at (11,1100) size 105x38
              text run at (11,1100) width 105: "This cell has lots"
              text run at (11,1119) width 44: "of text."
            RenderBR {BR} at (55,1134) size 0x0
            RenderText {#text} at (11,1138) size 105x38
              text run at (11,1138) width 105: "This cell has lots"
              text run at (11,1157) width 44: "of text."
            RenderBR {BR} at (55,1172) size 0x0
          RenderTableCell {TD} at (140,0) size 234x170 [border: (1px inset #808080)] [r=0 c=1 rs=1 cs=1]
            RenderInline {SPAN} at (0,0) size 145x146
              RenderText {#text} at (11,12) size 145x146
                text run at (11,12) width 145: "Other"
                text run at (11,86) width 108: "cell."
layer at (8,376) size 768x300
  RenderBlock {DIV} at (0,368) size 768x300
    RenderTable {TABLE} at (0,0) size 376x1197 [border: (1px outset #808080)]
      RenderTableSection {TBODY} at (1,1) size 374x1195
        RenderTableRow {TR} at (0,0) size 374x1195
          RenderTableCell {TD} at (0,0) size 140x1195 [border: (1px inset #808080)] [r=0 c=0 rs=1 cs=1]
            RenderText {#text} at (11,11) size 105x38
              text run at (11,11) width 105: "This cell has lots"
              text run at (11,30) width 44: "of text."
            RenderBR {BR} at (55,45) size 0x0
            RenderText {#text} at (11,49) size 105x38
              text run at (11,49) width 105: "This cell has lots"
              text run at (11,68) width 44: "of text."
            RenderBR {BR} at (55,83) size 0x0
            RenderText {#text} at (11,87) size 105x38
              text run at (11,87) width 105: "This cell has lots"
              text run at (11,106) width 44: "of text."
            RenderBR {BR} at (55,121) size 0x0
            RenderText {#text} at (11,125) size 105x38
              text run at (11,125) width 105: "This cell has lots"
              text run at (11,144) width 44: "of text."
            RenderBR {BR} at (55,159) size 0x0
            RenderText {#text} at (11,163) size 105x38
              text run at (11,163) width 105: "This cell has lots"
              text run at (11,182) width 44: "of text."
            RenderBR {BR} at (55,197) size 0x0
            RenderText {#text} at (11,201) size 105x38
              text run at (11,201) width 105: "This cell has lots"
              text run at (11,220) width 44: "of text."
            RenderBR {BR} at (55,235) size 0x0
            RenderText {#text} at (11,239) size 105x38
              text run at (11,239) width 105: "This cell has lots"
              text run at (11,258) width 44: "of text."
            RenderBR {BR} at (55,273) size 0x0
            RenderText {#text} at (11,277) size 105x41
              text run at (11,277) width 105: "This cell has lots"
              text run at (11,299) width 44: "of text."
            RenderBR {BR} at (55,314) size 0x0
            RenderText {#text} at (11,318) size 105x38
              text run at (11,318) width 105: "This cell has lots"
              text run at (11,337) width 44: "of text."
            RenderBR {BR} at (55,352) size 0x0
            RenderText {#text} at (11,356) size 105x38
              text run at (11,356) width 105: "This cell has lots"
              text run at (11,375) width 44: "of text."
            RenderBR {BR} at (55,390) size 0x0
            RenderText {#text} at (11,394) size 105x38
              text run at (11,394) width 105: "This cell has lots"
              text run at (11,413) width 44: "of text."
            RenderBR {BR} at (55,428) size 0x0
            RenderText {#text} at (11,432) size 105x38
              text run at (11,432) width 105: "This cell has lots"
              text run at (11,451) width 44: "of text."
            RenderBR {BR} at (55,466) size 0x0
            RenderText {#text} at (11,470) size 105x38
              text run at (11,470) width 105: "This cell has lots"
              text run at (11,489) width 44: "of text."
            RenderBR {BR} at (55,504) size 0x0
            RenderText {#text} at (11,508) size 105x38
              text run at (11,508) width 105: "This cell has lots"
              text run at (11,527) width 44: "of text."
            RenderBR {BR} at (55,542) size 0x0
            RenderText {#text} at (11,546) size 105x38
              text run at (11,546) width 105: "This cell has lots"
              text run at (11,565) width 44: "of text."
            RenderBR {BR} at (55,580) size 0x0
            RenderText {#text} at (11,599) size 105x38
              text run at (11,599) width 105: "This cell has lots"
              text run at (11,618) width 44: "of text."
            RenderBR {BR} at (55,633) size 0x0
            RenderText {#text} at (11,637) size 105x38
              text run at (11,637) width 105: "This cell has lots"
              text run at (11,656) width 44: "of text."
            RenderBR {BR} at (55,671) size 0x0
            RenderText {#text} at (11,675) size 105x38
              text run at (11,675) width 105: "This cell has lots"
              text run at (11,694) width 44: "of text."
            RenderBR {BR} at (55,709) size 0x0
            RenderText {#text} at (11,713) size 105x38
              text run at (11,713) width 105: "This cell has lots"
              text run at (11,732) width 44: "of text."
            RenderBR {BR} at (55,747) size 0x0
            RenderText {#text} at (11,751) size 105x38
              text run at (11,751) width 105: "This cell has lots"
              text run at (11,770) width 44: "of text."
            RenderBR {BR} at (55,785) size 0x0
            RenderText {#text} at (11,789) size 105x38
              text run at (11,789) width 105: "This cell has lots"
              text run at (11,808) width 44: "of text."
            RenderBR {BR} at (55,823) size 0x0
            RenderText {#text} at (11,827) size 105x38
              text run at (11,827) width 105: "This cell has lots"
              text run at (11,846) width 44: "of text."
            RenderBR {BR} at (55,861) size 0x0
            RenderText {#text} at (11,865) size 105x53
              text run at (11,865) width 105: "This cell has lots"
              text run at (11,899) width 44: "of text."
            RenderBR {BR} at (55,914) size 0x0
            RenderText {#text} at (11,918) size 105x38
              text run at (11,918) width 105: "This cell has lots"
              text run at (11,937) width 44: "of text."
            RenderBR {BR} at (55,952) size 0x0
            RenderText {#text} at (11,956) size 105x38
              text run at (11,956) width 105: "This cell has lots"
              text run at (11,975) width 44: "of text."
            RenderBR {BR} at (55,990) size 0x0
            RenderText {#text} at (11,994) size 105x38
              text run at (11,994) width 105: "This cell has lots"
              text run at (11,1013) width 44: "of text."
            RenderBR {BR} at (55,1028) size 0x0
            RenderText {#text} at (11,1032) size 105x38
              text run at (11,1032) width 105: "This cell has lots"
              text run at (11,1051) width 44: "of text."
            RenderBR {BR} at (55,1066) size 0x0
            RenderText {#text} at (11,1070) size 105x38
              text run at (11,1070) width 105: "This cell has lots"
              text run at (11,1089) width 44: "of text."
            RenderBR {BR} at (55,1104) size 0x0
            RenderText {#text} at (11,1108) size 105x38
              text run at (11,1108) width 105: "This cell has lots"
              text run at (11,1127) width 44: "of text."
            RenderBR {BR} at (55,1142) size 0x0
            RenderText {#text} at (11,1146) size 105x38
              text run at (11,1146) width 105: "This cell has lots"
              text run at (11,1165) width 44: "of text."
            RenderBR {BR} at (55,1180) size 0x0
          RenderTableCell {TD} at (140,512) size 234x170 [border: (1px inset #808080)] [r=0 c=1 rs=1 cs=1]
            RenderInline {SPAN} at (0,0) size 145x147
              RenderText {#text} at (11,12) size 145x147
                text run at (11,12) width 145: "Other"
                text run at (11,87) width 108: "cell."
layer at (8,702) size 768x300
  RenderBlock {DIV} at (0,694) size 768x300
    RenderTable {TABLE} at (0,0) size 376x1197 [border: (1px outset #808080)]
      RenderTableSection {TBODY} at (1,1) size 374x1195
        RenderTableRow {TR} at (0,0) size 374x1195
          RenderTableCell {TD} at (0,0) size 140x1195 [border: (1px inset #808080)] [r=0 c=0 rs=1 cs=1]
            RenderText {#text} at (11,11) size 105x38
              text run at (11,11) width 105: "This cell has lots"
              text run at (11,30) width 44: "of text."
            RenderBR {BR} at (55,45) size 0x0
            RenderText {#text} at (11,49) size 105x38
              text run at (11,49) width 105: "This cell has lots"
              text run at (11,68) width 44: "of text."
            RenderBR {BR} at (55,83) size 0x0
            RenderText {#text} at (11,87) size 105x38
              text run at (11,87) width 105: "This cell has lots"
              text run at (11,106) width 44: "of text."
            RenderBR {BR} at (55,121) size 0x0
            RenderText {#text} at (11,125) size 105x38
              text run at (11,125) width 105: "This cell has lots"
              text run at (11,144) width 44: "of text."
            RenderBR {BR} at (55,159) size 0x0
            RenderText {#text} at (11,163) size 105x38
              text run at (11,163) width 105: "This cell has lots"
              text run at (11,182) width 44: "of text."
            RenderBR {BR} at (55,197) size 0x0
            RenderText {#text} at (11,201) size 105x38
              text run at (11,201) width 105: "This cell has lots"
              text run at (11,220) width 44: "of text."
            RenderBR {BR} at (55,235) size 0x0
            RenderText {#text} at (11,239) size 105x38
              text run at (11,239) width 105: "This cell has lots"
              text run at (11,258) width 44: "of text."
            RenderBR {BR} at (55,273) size 0x0
            RenderText {#text} at (11,277) size 105x41
              text run at (11,277) width 105: "This cell has lots"
              text run at (11,299) width 44: "of text."
            RenderBR {BR} at (55,314) size 0x0
            RenderText {#text} at (11,318) size 105x38
              text run at (11,318) width 105: "This cell has lots"
              text run at (11,337) width 44: "of text."
            RenderBR {BR} at (55,352) size 0x0
            RenderText {#text} at (11,356) size 105x38
              text run at (11,356) width 105: "This cell has lots"
              text run at (11,375) width 44: "of text."
            RenderBR {BR} at (55,390) size 0x0
            RenderText {#text} at (11,394) size 105x38
              text run at (11,394) width 105: "This cell has lots"
              text run at (11,413) width 44: "of text."
            RenderBR {BR} at (55,428) size 0x0
            RenderText {#text} at (11,432) size 105x38
              text run at (11,432) width 105: "This cell has lots"
              text run at (11,451) width 44: "of text."
            RenderBR {BR} at (55,466) size 0x0
            RenderText {#text} at (11,470) size 105x38
              text run at (11,470) width 105: "This cell has lots"
              text run at (11,489) width 44: "of text."
            RenderBR {BR} at (55,504) size 0x0
            RenderText {#text} at (11,508) size 105x38
              text run at (11,508) width 105: "This cell has lots"
              text run at (11,527) width 44: "of text."
            RenderBR {BR} at (55,542) size 0x0
            RenderText {#text} at (11,546) size 105x38
              text run at (11,546) width 105: "This cell has lots"
              text run at (11,565) width 44: "of text."
            RenderBR {BR} at (55,580) size 0x0
            RenderText {#text} at (11,599) size 105x38
              text run at (11,599) width 105: "This cell has lots"
              text run at (11,618) width 44: "of text."
            RenderBR {BR} at (55,633) size 0x0
            RenderText {#text} at (11,637) size 105x38
              text run at (11,637) width 105: "This cell has lots"
              text run at (11,656) width 44: "of text."
            RenderBR {BR} at (55,671) size 0x0
            RenderText {#text} at (11,675) size 105x38
              text run at (11,675) width 105: "This cell has lots"
              text run at (11,694) width 44: "of text."
            RenderBR {BR} at (55,709) size 0x0
            RenderText {#text} at (11,713) size 105x38
              text run at (11,713) width 105: "This cell has lots"
              text run at (11,732) width 44: "of text."
            RenderBR {BR} at (55,747) size 0x0
            RenderText {#text} at (11,751) size 105x38
              text run at (11,751) width 105: "This cell has lots"
              text run at (11,770) width 44: "of text."
            RenderBR {BR} at (55,785) size 0x0
            RenderText {#text} at (11,789) size 105x38
              text run at (11,789) width 105: "This cell has lots"
              text run at (11,808) width 44: "of text."
            RenderBR {BR} at (55,823) size 0x0
            RenderText {#text} at (11,827) size 105x38
              text run at (11,827) width 105: "This cell has lots"
              text run at (11,846) width 44: "of text."
            RenderBR {BR} at (55,861) size 0x0
            RenderText {#text} at (11,865) size 105x53
              text run at (11,865) width 105: "This cell has lots"
              text run at (11,899) width 44: "of text."
            RenderBR {BR} at (55,914) size 0x0
            RenderText {#text} at (11,918) size 105x38
              text run at (11,918) width 105: "This cell has lots"
              text run at (11,937) width 44: "of text."
            RenderBR {BR} at (55,952) size 0x0
            RenderText {#text} at (11,956) size 105x38
              text run at (11,956) width 105: "This cell has lots"
              text run at (11,975) width 44: "of text."
            RenderBR {BR} at (55,990) size 0x0
            RenderText {#text} at (11,994) size 105x38
              text run at (11,994) width 105: "This cell has lots"
              text run at (11,1013) width 44: "of text."
            RenderBR {BR} at (55,1028) size 0x0
            RenderText {#text} at (11,1032) size 105x38
              text run at (11,1032) width 105: "This cell has lots"
              text run at (11,1051) width 44: "of text."
            RenderBR {BR} at (55,1066) size 0x0
            RenderText {#text} at (11,1070) size 105x38
              text run at (11,1070) width 105: "This cell has lots"
              text run at (11,1089) width 44: "of text."
            RenderBR {BR} at (55,1104) size 0x0
            RenderText {#text} at (11,1108) size 105x38
              text run at (11,1108) width 105: "This cell has lots"
              text run at (11,1127) width 44: "of text."
            RenderBR {BR} at (55,1142) size 0x0
            RenderText {#text} at (11,1146) size 105x38
              text run at (11,1146) width 105: "This cell has lots"
              text run at (11,1165) width 44: "of text."
            RenderBR {BR} at (55,1180) size 0x0
          RenderTableCell {TD} at (140,1025) size 234x170 [border: (1px inset #808080)] [r=0 c=1 rs=1 cs=1]
            RenderInline {SPAN} at (0,0) size 145x146
              RenderText {#text} at (11,12) size 145x146
                text run at (11,12) width 145: "Other"
                text run at (11,86) width 108: "cell."
