layer at (0,0) size 784x1938
  RenderView at (0,0) size 784x600
layer at (0,0) size 784x1938
  RenderBlock {HTML} at (0,0) size 784x1938
    RenderBody {BODY} at (0,0) size 784x1938 [bgcolor=#53799F]
      RenderBlock {CENTER} at (0,0) size 784x1938
        RenderBlock (anonymous) at (0,0) size 784x19
          RenderBR {BR} at (392,0) size 0x19
        RenderTable {TABLE} at (20,19) size 744x1900 [border: (1px solid #000000)]
          RenderTableSection {TBODY} at (1,1) size 742x1898
            RenderTableRow {TR} at (0,0) size 742x21
              RenderTableCell {TD} at (0,0) size 742x21 [bgcolor=#3F5694] [border: (1px solid #000000)] [r=0 c=0 rs=1 cs=1]
                RenderText {#text} at (352,1) size 38x19
                  text run at (352,1) width 38: "News"
            RenderTableRow {TR} at (0,21) size 742x40
              RenderTableCell {TD} at (0,21) size 742x40 [border: (1px solid #000000)] [r=1 c=0 rs=1 cs=1]
                RenderInline {B} at (0,0) size 98x19
                  RenderText {#text} at (322,1) size 98x19
                    text run at (322,1) width 98: "11. M\x{E4}rz 2002"
                RenderBR {BR} at (419,16) size 1x0
                RenderText {#text} at (57,20) size 628x19
                  text run at (57,20) width 493: "nun gibt es auch eine kommerzielle Version vom PopUp-Manager, mehr Info "
                  text run at (549,20) width 136: "unter komerz. Scripte"
            RenderTableRow {TR} at (0,61) size 742x40
              RenderTableCell {TD} at (0,61) size 742x40 [border: (1px solid #000000)] [r=2 c=0 rs=1 cs=1]
                RenderInline {B} at (0,0) size 94x19
                  RenderText {#text} at (324,1) size 94x19
                    text run at (324,1) width 94: "09.M\x{E4}rz 2002"
                  RenderBR {BR} at (417,16) size 1x0
                RenderText {#text} at (168,20) size 406x19
                  text run at (168,20) width 406: "neues Script ist online, PopUp-Manager, mehr Info unter Scripte"
            RenderTableRow {TR} at (0,101) size 742x40
              RenderTableCell {TD} at (0,101) size 742x40 [border: (1px solid #000000)] [r=3 c=0 rs=1 cs=1]
                RenderText {#text} at (307,1) size 128x19
                  text run at (307,1) width 128: "17. November 2001"
                RenderBR {BR} at (434,16) size 1x0
                RenderText {#text} at (288,20) size 166x19
                  text run at (288,20) width 166: "Endlich wieder Online! :-)"
            RenderTableRow {TR} at (0,141) size 742x173
              RenderTableCell {TD} at (0,141) size 742x173 [border: (1px solid #000000)] [r=4 c=0 rs=1 cs=1]
                RenderText {#text} at (275,1) size 192x19
                  text run at (275,1) width 192: "23. Oktober 2001 (21:00 Uhr)"
                RenderBR {BR} at (466,16) size 1x0
                RenderText {#text} at (316,20) size 110x19
                  text run at (316,20) width 110: "Es ist vollbracht! "
                RenderBR {BR} at (426,35) size 0x0
                RenderText {#text} at (211,39) size 320x19
                  text run at (211,39) width 320: "Ich habe nun den .htaccess-BUG bei den Scripten:"
                RenderBR {BR} at (530,54) size 1x0
                RenderText {#text} at (109,58) size 524x19
                  text run at (109,58) width 524: "The Real Topsites, Sponsor Manager, Download Manager und Password Manager"
                RenderBR {BR} at (632,73) size 1x0
                RenderText {#text} at (127,77) size 488x19
                  text run at (127,77) width 429: "abgeschafft, brauchte 2 Tage daf\x{FC}r, dabei lag der Fehler vor meiner "
                  text run at (555,77) width 60: "Nase ! :-)"
                RenderBR {BR} at (614,92) size 1x0
                RenderText {#text} at (9,96) size 724x76
                  text run at (9,96) width 376: "F\x{FC}r Euch hei\x{DF}t es, wenn Ihr eines der Scripte benutzt, ladet "
                  text run at (385,96) width 348: "Euch die admin.cgi runter und vereinbart unbedingt ein"
                  text run at (10,115) width 111: "neues Password! "
                  text run at (120,115) width 454: "Au\x{DF}erdem wurde bei der Toplist die Sache mit dem Button Load/Klick "
                  text run at (573,115) width 159: "um programmiert, f\x{FC}r die"
                  text run at (14,134) width 307: "Leute die den Button Load/Klick Modus haben, "
                  text run at (321,134) width 407: "Ihr m\x{FC}st Euch auch die topsites.cgi laden und im Admin Bereich"
                  text run at (194,153) width 37: "unter "
                  text run at (230,153) width 318: "Modus unten die URL zu Eurem Button angeben!"
            RenderTableRow {TR} at (0,314) size 742x40
              RenderTableCell {TD} at (0,314) size 742x40 [border: (1px solid #000000)] [r=5 c=0 rs=1 cs=1]
                RenderText {#text} at (315,1) size 112x19
                  text run at (315,1) width 112: "22. Oktober 2001"
                RenderBR {BR} at (427,16) size 0x0
                RenderText {#text} at (133,20) size 476x19
                  text run at (133,20) width 429: "Download-Bereich ist vorrerst geschlo\x{DF}en, kommen Sie bitte sp\x{E4}ter "
                  text run at (562,20) width 47: "wieder."
            RenderTableRow {TR} at (0,354) size 742x59
              RenderTableCell {TD} at (0,354) size 742x59 [border: (1px solid #000000)] [r=6 c=0 rs=1 cs=1]
                RenderText {#text} at (275,1) size 192x19
                  text run at (275,1) width 192: "21. Oktober 2001 (22:45 Uhr)"
                RenderBR {BR} at (466,16) size 1x0
                RenderText {#text} at (3,20) size 736x38
                  text run at (3,20) width 411: "OK, sorry f\x{FC}r die Unannehmlichkeiten, aber Ihr m\x{FC}sst Euch nun "
                  text run at (413,20) width 326: "noch mal die Scripte runter laden und die admin.cgi"
                  text run at (81,39) width 140: "erneuern, hier kommt "
                  text run at (220,39) width 441: "noch das Password-Manager-Script dazu, sollte jetzt alles sicher sein! "
                RenderBR {BR} at (0,0) size 0x0
            RenderTableRow {TR} at (0,413) size 742x116
              RenderTableCell {TD} at (0,413) size 742x116 [border: (1px solid #000000)] [r=7 c=0 rs=1 cs=1]
                RenderText {#text} at (275,1) size 192x19
                  text run at (275,1) width 192: "21. Oktober 2001 (20:50 Uhr)"
                RenderBR {BR} at (466,16) size 1x0
                RenderText {#text} at (178,20) size 386x19
                  text run at (178,20) width 386: "An alle Leute die follgende Scripte von G5-Scripts benutzen:"
                RenderBR {BR} at (563,35) size 1x0
                RenderText {#text} at (188,39) size 366x19
                  text run at (188,39) width 366: "The Real Topsites, Download Counter, Sponsor Manager"
                RenderBR {BR} at (553,54) size 1x0
                RenderText {#text} at (34,58) size 674x19
                  text run at (34,58) width 467: "bitte noch ein mal runter laden und die admin.cgi erneuern, beim Sponsor "
                  text run at (500,58) width 208: "Manager kommt noch eine Datei"
                RenderBR {BR} at (707,73) size 1x0
                RenderText {#text} at (313,77) size 116x19
                  text run at (313,77) width 116: "'variable.pl' dazu!!"
                RenderBR {BR} at (429,92) size 0x0
                RenderText {#text} at (84,96) size 574x19
                  text run at (84,96) width 472: "Der Grund : man hat festgestellt das .htaccess Password Schutz doch nicht "
                  text run at (556,96) width 102: "das sicherste ist!"
            RenderTableRow {TR} at (0,529) size 742x189
              RenderTableCell {TD} at (0,529) size 742x189 [border: (1px solid #000000)] [r=8 c=0 rs=1 cs=1]
                RenderBlock {P} at (1,1) size 740x133
                  RenderText {#text} at (314,0) size 112x19
                    text run at (314,0) width 112: "13. Oktober 2001"
                  RenderBR {BR} at (426,15) size 0x0
                  RenderText {#text} at (89,19) size 562x19
                    text run at (89,19) width 483: "Ich habe es nun endlich geschafft das Gateway bei der Toplist mit IP-Sperre "
                    text run at (572,19) width 79: "zu versehen,"
                  RenderBR {BR} at (651,34) size 0x0
                  RenderText {#text} at (10,38) size 720x19
                    text run at (10,38) width 442: "dabei war der Fehler den ich vorher nicht verstand eine simple Sache, "
                    text run at (452,38) width 278: "h\x{E4}tte ich doch ein wenig mehr nachgedacht!"
                  RenderBR {BR} at (730,53) size 0x0
                  RenderText {#text} at (12,57) size 716x76
                    text run at (12,57) width 430: "Des weiteren habe ich noch die Datensicherung umgeschrieben, f\x{FC}r "
                    text run at (442,57) width 286: "alle die Listen deren Hits ab und zu mal auf 0"
                    text run at (23,76) width 140: "gesetzt werden, sollte "
                    text run at (162,76) width 457: "jetzt nicht mehr passieren und ich habe noch den Mail Versand aus dem "
                    text run at (618,76) width 99: "Admin-Bereich"
                    text run at (26,95) width 350: "umgeschrieben und zwar wurde fr\x{FC}her der Text immer "
                    text run at (375,95) width 339: "zusammen gequetscht, die Enters wurden so zu sagen"
                    text run at (288,114) width 92: "ignoriert, jetzt "
                    text run at (379,114) width 73: "nicht mehr!"
                RenderBlock {P} at (1,150) size 740x38
                  RenderText {#text} at (8,0) size 724x38
                    text run at (8,0) width 373: ">> F\x{FC}r alle die das Script vor dem 11.10.01 runter geladen "
                    text run at (381,0) width 351: "haben, Ihr solltet es Euch noch mal runter laden und die"
                    text run at (142,19) width 120: "folgenden Dateien "
                    text run at (262,19) width 336: "durch die neuen ersetzen: topsites.cgi und admin.cgi ."
            RenderTableRow {TR} at (0,718) size 742x40
              RenderTableCell {TD} at (0,718) size 742x40 [border: (1px solid #000000)] [r=9 c=0 rs=1 cs=1]
                RenderText {#text} at (315,1) size 112x19
                  text run at (315,1) width 112: "11. Oktober 2001"
                RenderBR {BR} at (427,16) size 0x0
                RenderText {#text} at (129,20) size 484x19
                  text run at (129,20) width 484: "neues Script ist online, .htaccess-Password-Manager, mehr Info unter Scripte"
            RenderTableRow {TR} at (0,758) size 742x40
              RenderTableCell {TD} at (0,758) size 742x40 [border: (1px solid #000000)] [r=10 c=0 rs=1 cs=1]
                RenderText {#text} at (307,1) size 128x19
                  text run at (307,1) width 128: "08. September 2001"
                RenderBR {BR} at (434,16) size 1x0
                RenderText {#text} at (204,20) size 334x19
                  text run at (204,20) width 334: "Eine neu Version des Download Counters ist online!"
            RenderTableRow {TR} at (0,798) size 742x59
              RenderTableCell {TD} at (0,798) size 742x59 [border: (1px solid #000000)] [r=11 c=0 rs=1 cs=1]
                RenderText {#text} at (318,1) size 106x19
                  text run at (318,1) width 106: "11. August 2001"
                RenderBR {BR} at (424,16) size 0x0
                RenderText {#text} at (37,20) size 668x19
                  text run at (37,20) width 446: "Ich habe so eben eine random.cgi f\x{FC}r den Topsites Script geschrieben. "
                  text run at (482,20) width 223: "Die random.cgi f\x{FC}hrt den Besucher"
                RenderBR {BR} at (704,35) size 1x0
                RenderText {#text} at (260,39) size 222x19
                  text run at (260,39) width 222: "auf eine zuf\x{E4}llig ausgew\x{E4}hlte Seite."
            RenderTableRow {TR} at (0,857) size 742x59
              RenderTableCell {TD} at (0,857) size 742x59 [border: (1px solid #000000)] [r=12 c=0 rs=1 cs=1]
                RenderText {#text} at (318,1) size 106x19
                  text run at (318,1) width 106: "08. August 2001"
                RenderBR {BR} at (424,16) size 0x0
                RenderText {#text} at (102,20) size 538x19
                  text run at (102,20) width 464: "Ich schreibe gerade eine neue Version von dem Download Counter, bitte "
                  text run at (566,20) width 74: "schreibt mir"
                RenderBR {BR} at (640,35) size 0x0
                RenderText {#text} at (193,39) size 356x19
                  text run at (193,39) width 356: "ins Forum was Ihr da alles haben wollt, wer das benutzt!"
            RenderTableRow {TR} at (0,916) size 742x59
              RenderTableCell {TD} at (0,916) size 742x59 [border: (1px solid #000000)] [r=13 c=0 rs=1 cs=1]
                RenderText {#text} at (330,1) size 82x19
                  text run at (330,1) width 82: "09. Juli 2001"
                RenderBR {BR} at (412,16) size 0x0
                RenderText {#text} at (21,20) size 700x38
                  text run at (21,20) width 451: "eine kleiner Bug in der Topsites.cgi wurde behoben! Wer m\x{F6}chte kann "
                  text run at (472,20) width 249: "sich die jetzige Zip runter laden und die"
                  text run at (189,39) width 169: "topsites.cgi auktualisieren, "
                  text run at (358,39) width 195: "mu\x{DF} aber nicht unbedingt sein!"
            RenderTableRow {TR} at (0,975) size 742x59
              RenderTableCell {TD} at (0,975) size 742x59 [border: (1px solid #000000)] [r=14 c=0 rs=1 cs=1]
                RenderText {#text} at (330,1) size 82x19
                  text run at (330,1) width 82: "01. Juli 2001"
                RenderBR {BR} at (412,16) size 0x0
                RenderText {#text} at (89,20) size 564x19
                  text run at (89,20) width 499: "Jetzt haben wir einen Support Forum, postet Eure Fragen da rein und versuche "
                  text run at (588,20) width 65: "Sie alle zu"
                RenderBR {BR} at (653,35) size 0x0
                RenderText {#text} at (62,39) size 618x19
                  text run at (62,39) width 394: "beantworten! Au\x{DF}erdem k\x{F6}nnt Ihr dort auch Eure Vorschl\x{E4}ge "
                  text run at (455,39) width 225: "zu den einzelnen Scripten abgeben!"
            RenderTableRow {TR} at (0,1034) size 742x59
              RenderTableCell {TD} at (0,1034) size 742x59 [border: (1px solid #000000)] [r=15 c=0 rs=1 cs=1]
                RenderText {#text} at (330,1) size 82x19
                  text run at (330,1) width 82: "01. Juli 2001"
                RenderBR {BR} at (412,16) size 0x0
                RenderText {#text} at (115,20) size 512x19
                  text run at (115,20) width 487: "Und wieder eine neue Version von The Real Topsites ist online, die Version "
                  text run at (601,20) width 26: "3.4!"
                RenderBR {BR} at (626,35) size 1x0
                RenderText {#text} at (151,39) size 440x19
                  text run at (151,39) width 440: "Es gibt einige neue Funktionen und es wurde auch einiges verbessert!"
            RenderTableRow {TR} at (0,1093) size 742x59
              RenderTableCell {TD} at (0,1093) size 742x59 [border: (1px solid #000000)] [r=16 c=0 rs=1 cs=1]
                RenderText {#text} at (328,1) size 86x19
                  text run at (328,1) width 86: "20. Juni 2001"
                RenderBR {BR} at (414,16) size 0x0
                RenderText {#text} at (131,20) size 480x19
                  text run at (131,20) width 449: "unser Hoster hat ein paar kleine Probleme also sollte irgend was an der "
                  text run at (580,20) width 31: "Seite"
                RenderBR {BR} at (611,35) size 0x0
                RenderText {#text} at (247,39) size 248x19
                  text run at (247,39) width 248: "nicht gehen, einfach wieder versuchen!"
            RenderTableRow {TR} at (0,1152) size 742x97
              RenderTableCell {TD} at (0,1152) size 742x97 [border: (1px solid #000000)] [r=17 c=0 rs=1 cs=1]
                RenderText {#text} at (328,1) size 86x19
                  text run at (328,1) width 86: "09. Juni 2001"
                RenderBR {BR} at (414,16) size 0x0
                RenderText {#text} at (92,20) size 558x19
                  text run at (92,20) width 448: "Die neue Version (3.3) von The Real Topsites ist online, es gibt einige "
                  text run at (540,20) width 110: "neue Funktionen "
                RenderBR {BR} at (650,35) size 0x0
                RenderText {#text} at (253,39) size 236x19
                  text run at (253,39) width 236: "und es wurde auch einiges ver\x{E4}ndert!"
                RenderBR {BR} at (488,54) size 1x0
                RenderText {#text} at (241,58) size 260x19
                  text run at (241,58) width 260: "Mehr Info unter \"Perl Scripte\" im Men\x{FC}. "
                RenderBR {BR} at (501,73) size 0x0
                RenderText {#text} at (158,77) size 426x19
                  text run at (158,77) width 426: "P.S. den Umstieg auf die Version3.3 kann ich Euch nur empfehlen!"
            RenderTableRow {TR} at (0,1249) size 742x78
              RenderTableCell {TD} at (0,1249) size 742x78 [border: (1px solid #000000)] [r=18 c=0 rs=1 cs=1]
                RenderText {#text} at (328,1) size 86x19
                  text run at (328,1) width 86: "04. Juni 2001"
                RenderBR {BR} at (414,16) size 0x0
                RenderText {#text} at (141,20) size 460x19
                  text run at (141,20) width 460: "Ein kleiner Bug bei Topsites Script wurde gefunden und sofort behoben!"
                RenderBR {BR} at (600,35) size 1x0
                RenderText {#text} at (148,39) size 446x19
                  text run at (148,39) width 446: "Bug: es wurde immer wieder die selbe Site Of The Moment angezeigt!"
                RenderBR {BR} at (594,54) size 0x0
                RenderText {#text} at (151,58) size 440x19
                  text run at (151,58) width 435: "Ladet Euch die jetzige Version runter und ersetzt nur die topsites.cgi "
                  text run at (585,58) width 6: "!"
            RenderTableRow {TR} at (0,1327) size 742x59
              RenderTableCell {TD} at (0,1327) size 742x59 [border: (1px solid #000000)] [r=19 c=0 rs=1 cs=1]
                RenderText {#text} at (328,1) size 86x19
                  text run at (328,1) width 86: "01. Juni 2001"
                RenderBR {BR} at (414,16) size 0x0
                RenderText {#text} at (218,20) size 306x19
                  text run at (218,20) width 306: "Ein neues Script ist online! G5-ICQ Newsletter. "
                RenderBR {BR} at (524,35) size 0x0
                RenderText {#text} at (243,39) size 256x19
                  text run at (243,39) width 256: "Mehr Info unter \"Perl Scripte\" im Men\x{FC}."
            RenderTableRow {TR} at (0,1386) size 742x59
              RenderTableCell {TD} at (0,1386) size 742x59 [border: (1px solid #000000)] [r=20 c=0 rs=1 cs=1]
                RenderText {#text} at (328,1) size 86x19
                  text run at (328,1) width 86: "31. Mai 2001"
                RenderBR {BR} at (413,16) size 1x0
                RenderText {#text} at (163,20) size 416x19
                  text run at (163,20) width 416: "Ich habe einen ICQ-Newsletter Script installiert, unter dem Men\x{FC}."
                RenderBR {BR} at (578,35) size 1x0
                RenderText {#text} at (183,39) size 376x19
                  text run at (183,39) width 376: "Tragt Euch ein, dann seit Ihr immer auf dem neusten Stand!"
            RenderTableRow {TR} at (0,1445) size 742x40
              RenderTableCell {TD} at (0,1445) size 742x40 [border: (1px solid #000000)] [r=21 c=0 rs=1 cs=1]
                RenderText {#text} at (328,1) size 86x19
                  text run at (328,1) width 86: "26. Mai 2001"
                RenderBR {BR} at (413,16) size 1x0
                RenderText {#text} at (264,20) size 214x19
                  text run at (264,20) width 214: "The Real Topsites v3.0 ist online!"
            RenderTableRow {TR} at (0,1485) size 742x59
              RenderTableCell {TD} at (0,1485) size 742x59 [border: (1px solid #000000)] [r=22 c=0 rs=1 cs=1]
                RenderText {#text} at (328,1) size 86x19
                  text run at (328,1) width 86: "25. Mai 2001"
                RenderBR {BR} at (413,16) size 1x0
                RenderText {#text} at (209,20) size 324x19
                  text run at (209,20) width 324: "Ein neues Script ist online! G5-Download Counter."
                RenderBR {BR} at (533,35) size 0x0
                RenderText {#text} at (243,39) size 256x19
                  text run at (243,39) width 256: "Mehr Info unter \"Perl Scripte\" im Men\x{FC}."
            RenderTableRow {TR} at (0,1544) size 742x97
              RenderTableCell {TD} at (0,1544) size 742x97 [border: (1px solid #000000)] [r=23 c=0 rs=1 cs=1]
                RenderText {#text} at (328,1) size 86x19
                  text run at (328,1) width 86: "24. Mai 2001"
                RenderBR {BR} at (413,16) size 1x0
                RenderText {#text} at (122,20) size 498x19
                  text run at (122,20) width 424: "Ich habe es mir sehr lange \x{FC}berlegt, die Entscheidung war wirklich "
                  text run at (546,20) width 74: "nicht leicht!"
                RenderBR {BR} at (620,35) size 0x0
                RenderText {#text} at (95,39) size 552x19
                  text run at (95,39) width 403: "Ich habe mich entschieden den Script \"The Real Topsites\" zum "
                  text run at (498,39) width 149: "Download freizugeben."
                RenderBR {BR} at (647,54) size 0x0
                RenderText {#text} at (226,58) size 290x19
                  text run at (226,58) width 290: "Ihr k\x{F6}nnt es Euch jetzt kostenlos runter laden!"
                RenderBR {BR} at (515,73) size 1x0
                RenderText {#text} at (317,77) size 108x19
                  text run at (317,77) width 108: "Viel Spa\x{DF} damit!"
            RenderTableRow {TR} at (0,1641) size 742x59
              RenderTableCell {TD} at (0,1641) size 742x59 [border: (1px solid #000000)] [r=24 c=0 rs=1 cs=1]
                RenderText {#text} at (328,1) size 86x19
                  text run at (328,1) width 86: "13. Mai 2001"
                RenderBR {BR} at (413,16) size 1x0
                RenderText {#text} at (7,20) size 728x38
                  text run at (7,20) width 466: "Es gab nur eine kleine Ver\x{E4}nderung bei G5-Sponsor-Manager, man kann "
                  text run at (473,20) width 262: "den Script jetzt auch via Java aufrufen, so"
                  text run at (69,39) width 169: "das Euer Server jetzt nicht "
                  text run at (238,39) width 364: "unbedingt SSI unterst\x{FC}tzen mu\x{DF} um den Script ausf\x{FC}hren "
                  text run at (602,39) width 71: "zu k\x{F6}nnen!"
            RenderTableRow {TR} at (0,1700) size 742x59
              RenderTableCell {TD} at (0,1700) size 742x59 [border: (1px solid #000000)] [r=25 c=0 rs=1 cs=1]
                RenderText {#text} at (324,1) size 94x19
                  text run at (324,1) width 94: "22. April 2001"
                RenderBR {BR} at (417,16) size 1x0
                RenderText {#text} at (213,20) size 316x19
                  text run at (213,20) width 316: "Ein neues Script ist online! G5-Sponsor-Manager."
                RenderBR {BR} at (528,35) size 1x0
                RenderText {#text} at (243,39) size 256x19
                  text run at (243,39) width 256: "Mehr Info unter \"Perl Scripte\" im Men\x{FC}."
            RenderTableRow {TR} at (0,1759) size 742x78
              RenderTableCell {TD} at (0,1759) size 742x78 [border: (1px solid #000000)] [r=26 c=0 rs=1 cs=1]
                RenderText {#text} at (324,1) size 94x19
                  text run at (324,1) width 94: "20. April 2001"
                RenderBR {BR} at (417,16) size 1x0
                RenderText {#text} at (197,20) size 348x19
                  text run at (197,20) width 348: "Auf einige Anfragen habe ich eine Demonstration von "
                RenderBR {BR} at (544,35) size 1x0
                RenderText {#text} at (210,39) size 322x19
                  text run at (210,39) width 322: "\"The Real Topsites\" (Toplist Script) ver\x{F6}ffentlicht!"
                RenderBR {BR} at (531,54) size 1x0
                RenderText {#text} at (243,58) size 256x19
                  text run at (243,58) width 256: "Mehr Info unter \"Perl Scripte\" im Men\x{FC}."
            RenderTableRow {TR} at (0,1837) size 742x40
              RenderTableCell {TD} at (0,1837) size 742x40 [border: (1px solid #000000)] [r=27 c=0 rs=1 cs=1]
                RenderText {#text} at (324,1) size 94x19
                  text run at (324,1) width 94: "13. M\x{E4}rz 2001"
                RenderBR {BR} at (417,16) size 1x0
                RenderText {#text} at (228,20) size 286x19
                  text run at (228,20) width 286: "An diesem Tag ging die G5-Script.de online!"
            RenderTableRow {TR} at (0,1877) size 742x21
              RenderTableCell {TD} at (0,1877) size 742x21 [border: (1px solid #000000)] [r=28 c=0 rs=1 cs=1]
                RenderText {#text} at (369,1) size 4x19
                  text run at (369,1) width 4: " "
        RenderBlock (anonymous) at (0,1919) size 784x19
          RenderBR {BR} at (392,0) size 0x19
