layer at (0,0) size 902x584
  RenderView at (0,0) size 800x584
layer at (0,0) size 800x584
  RenderBlock {HTML} at (0,0) size 800x584
    RenderBody {BODY} at (8,8) size 784x560
      RenderBlock {FORM} at (0,0) size 784x33
        RenderTable {TABLE} at (0,0) size 894x33 [bgcolor=#FFE030] [border: (1px outset #808080)]
          RenderTableSection {TBODY} at (1,1) size 892x31
            RenderTableRow {TR} at (0,0) size 892x31
              RenderTableCell {TD} at (0,0) size 892x31 [border: (1px inset #808080)] [r=0 c=0 rs=1 cs=1]
                RenderInline {NOBR} at (0,0) size 890x19
                  RenderTextControl {INPUT} at (3,3) size 284x25 [bgcolor=#FFFFFF] [border: (2px inset #000000)]
                  RenderText {#text} at (289,6) size 13x19
                    text run at (289,6) width 13: " - "
                  RenderTextControl {INPUT} at (304,3) size 284x25 [bgcolor=#FFFFFF] [border: (2px inset #000000)]
                  RenderText {#text} at (590,6) size 13x19
                    text run at (590,6) width 13: " - "
                  RenderTextControl {INPUT} at (605,3) size 284x25 [bgcolor=#FFFFFF] [border: (2px inset #000000)]
                RenderText {#text} at (0,0) size 0x0
            RenderTableRow {TR} at (0,31) size 892x0
layer at (15,15) size 278x19
  RenderBlock {DIV} at (3,3) size 278x19
layer at (316,15) size 278x19
  RenderBlock {DIV} at (3,3) size 278x19
layer at (617,15) size 278x19
  RenderBlock {DIV} at (3,3) size 278x19
