layer at (0,0) size 784x659
  RenderView at (0,0) size 784x600
layer at (0,0) size 784x659
  RenderBlock {HTML} at (0,0) size 784x659
    RenderBody {BODY} at (8,8) size 768x643
      RenderBlock (anonymous) at (0,0) size 768x19
        RenderText {#text} at (0,0) size 285x19
          text run at (0,0) width 285: "border=\"0\" cellspacing=\"0\" cellpadding=\"0\""
      RenderTable {TABLE} at (0,19) size 768x48 [bgcolor=#DDDD33]
        RenderTableSection {TBODY} at (0,0) size 768x48
          RenderTableRow {TR} at (0,0) size 768x48
            RenderTableCell {TD} at (0,24) size 12x0 [r=0 c=0 rs=1 cs=1]
            RenderTableCell {TD} at (12,0) size 744x48 [r=0 c=1 rs=1 cs=1]
            RenderTableCell {TD} at (756,24) size 12x0 [r=0 c=2 rs=1 cs=1]
      RenderBlock (anonymous) at (0,67) size 768x19
        RenderText {#text} at (0,0) size 209x19
          text run at (0,0) width 209: "cellspacing=\"0\" cellpadding=\"0\""
      RenderTable {TABLE} at (0,86) size 768x48 [bgcolor=#CCCCFF]
        RenderTableSection {TBODY} at (0,0) size 768x48
          RenderTableRow {TR} at (0,0) size 768x48
            RenderTableCell {TD} at (0,24) size 12x0 [r=0 c=0 rs=1 cs=1]
            RenderTableCell {TD} at (12,0) size 744x48 [r=0 c=1 rs=1 cs=1]
            RenderTableCell {TD} at (756,24) size 12x0 [r=0 c=2 rs=1 cs=1]
      RenderBlock (anonymous) at (0,134) size 768x19
        RenderText {#text} at (0,0) size 104x19
          text run at (0,0) width 104: "cellpadding=\"0\""
      RenderTable {TABLE} at (0,153) size 768x52 [bgcolor=#FF9999]
        RenderTableSection {TBODY} at (0,0) size 768x52
          RenderTableRow {TR} at (0,2) size 768x48
            RenderTableCell {TD} at (2,26) size 12x0 [r=0 c=0 rs=1 cs=1]
            RenderTableCell {TD} at (16,2) size 736x48 [r=0 c=1 rs=1 cs=1]
            RenderTableCell {TD} at (754,26) size 12x0 [r=0 c=2 rs=1 cs=1]
      RenderBlock (anonymous) at (0,205) size 768x19
        RenderText {#text} at (0,0) size 180x19
          text run at (0,0) width 180: "border=\"0\" cellpadding=\"0\""
      RenderTable {TABLE} at (0,224) size 768x52 [bgcolor=#AAEEBB]
        RenderTableSection {TBODY} at (0,0) size 768x52
          RenderTableRow {TR} at (0,2) size 768x48
            RenderTableCell {TD} at (2,26) size 12x0 [r=0 c=0 rs=1 cs=1]
            RenderTableCell {TD} at (16,2) size 736x48 [r=0 c=1 rs=1 cs=1]
            RenderTableCell {TD} at (754,26) size 12x0 [r=0 c=2 rs=1 cs=1]
      RenderBlock (anonymous) at (0,276) size 768x19
        RenderInline {FONT} at (0,0) size 29x19 [color=#0000FF]
          RenderText {#text} at (0,0) size 29x19
            text run at (0,0) width 29: "right"
        RenderText {#text} at (29,0) size 76x19
          text run at (29,0) width 76: " border=\"0\""
      RenderTable {TABLE} at (0,295) size 768x54 [bgcolor=#FFCCEE]
        RenderTableSection {TBODY} at (0,0) size 768x54
          RenderTableRow {TR} at (0,2) size 768x50
            RenderTableCell {TD} at (2,26) size 14x2 [r=0 c=0 rs=1 cs=1]
            RenderTableCell {TD} at (18,2) size 732x50 [r=0 c=1 rs=1 cs=1]
            RenderTableCell {TD} at (752,26) size 14x2 [r=0 c=2 rs=1 cs=1]
      RenderBlock (anonymous) at (0,349) size 768x19
        RenderInline {FONT} at (0,0) size 29x19 [color=#0000FF]
          RenderText {#text} at (0,0) size 29x19
            text run at (0,0) width 29: "right"
        RenderText {#text} at (29,0) size 108x19
          text run at (29,0) width 108: " cellpadding=\"1\""
      RenderTable {TABLE} at (0,368) size 768x54 [bgcolor=#66DDFF]
        RenderTableSection {TBODY} at (0,0) size 768x54
          RenderTableRow {TR} at (0,2) size 768x50
            RenderTableCell {TD} at (2,26) size 14x2 [r=0 c=0 rs=1 cs=1]
            RenderTableCell {TD} at (18,2) size 732x50 [r=0 c=1 rs=1 cs=1]
            RenderTableCell {TD} at (752,26) size 14x2 [r=0 c=2 rs=1 cs=1]
      RenderBlock (anonymous) at (0,422) size 768x19
        RenderInline {FONT} at (0,0) size 29x19 [color=#0000FF]
          RenderText {#text} at (0,0) size 29x19
            text run at (0,0) width 29: "right"
        RenderText {#text} at (29,0) size 289x19
          text run at (29,0) width 289: " border=\"1\" cellspacing=\"0\" cellpadding=\"0\""
      RenderTable {TABLE} at (0,441) size 768x52 [bgcolor=#EEEEEE] [border: (1px outset #808080)]
        RenderTableSection {TBODY} at (1,1) size 766x50
          RenderTableRow {TR} at (0,0) size 766x50
            RenderTableCell {TD} at (0,24) size 14x2 [border: (1px inset #808080)] [r=0 c=0 rs=1 cs=1]
            RenderTableCell {TD} at (14,0) size 738x50 [border: (1px inset #808080)] [r=0 c=1 rs=1 cs=1]
            RenderTableCell {TD} at (752,24) size 14x2 [border: (1px inset #808080)] [r=0 c=2 rs=1 cs=1]
      RenderBlock (anonymous) at (0,493) size 768x19
        RenderInline {FONT} at (0,0) size 29x19 [color=#0000FF]
          RenderText {#text} at (0,0) size 29x19
            text run at (0,0) width 29: "right"
        RenderText {#text} at (29,0) size 181x19
          text run at (29,0) width 181: " border=\"1\" cellspacing=\"0\""
      RenderTable {TABLE} at (0,512) size 768x54 [bgcolor=#FFCC66] [border: (1px outset #808080)]
        RenderTableSection {TBODY} at (1,1) size 766x52
          RenderTableRow {TR} at (0,0) size 766x52
            RenderTableCell {TD} at (0,24) size 16x4 [border: (1px inset #808080)] [r=0 c=0 rs=1 cs=1]
            RenderTableCell {TD} at (16,0) size 734x52 [border: (1px inset #808080)] [r=0 c=1 rs=1 cs=1]
            RenderTableCell {TD} at (750,24) size 16x4 [border: (1px inset #808080)] [r=0 c=2 rs=1 cs=1]
      RenderBlock (anonymous) at (0,566) size 768x19
        RenderInline {FONT} at (0,0) size 29x19 [color=#0000FF]
          RenderText {#text} at (0,0) size 29x19
            text run at (0,0) width 29: "right"
        RenderText {#text} at (29,0) size 76x19
          text run at (29,0) width 76: " border=\"1\""
      RenderTable {TABLE} at (0,585) size 768x58 [bgcolor=#CCFF33] [border: (1px outset #808080)]
        RenderTableSection {TBODY} at (1,1) size 766x56
          RenderTableRow {TR} at (0,2) size 766x52
            RenderTableCell {TD} at (2,26) size 16x4 [border: (1px inset #808080)] [r=0 c=0 rs=1 cs=1]
            RenderTableCell {TD} at (20,2) size 726x52 [border: (1px inset #808080)] [r=0 c=1 rs=1 cs=1]
            RenderTableCell {TD} at (748,26) size 16x4 [border: (1px inset #808080)] [r=0 c=2 rs=1 cs=1]
layer at (20,29) size 744x44 clip at (21,30) size 742x42
  RenderTextControl {TEXTAREA} at (0,2) size 744x44 [bgcolor=#FFFFFF] [border: (1px solid #000000)]
    RenderBlock {DIV} at (3,3) size 738x19
      RenderText {#text} at (0,0) size 25x19
        text run at (0,0) width 25: "test"
layer at (20,96) size 744x44 clip at (21,97) size 742x42
  RenderTextControl {TEXTAREA} at (0,2) size 744x44 [bgcolor=#FFFFFF] [border: (1px solid #000000)]
    RenderBlock {DIV} at (3,3) size 738x19
      RenderText {#text} at (0,0) size 25x19
        text run at (0,0) width 25: "test"
layer at (24,165) size 736x44 clip at (25,166) size 734x42
  RenderTextControl {TEXTAREA} at (0,2) size 736x44 [bgcolor=#FFFFFF] [border: (1px solid #000000)]
    RenderBlock {DIV} at (3,3) size 730x19
      RenderText {#text} at (0,0) size 25x19
        text run at (0,0) width 25: "test"
layer at (24,236) size 736x44 clip at (25,237) size 734x42
  RenderTextControl {TEXTAREA} at (0,2) size 736x44 [bgcolor=#FFFFFF] [border: (1px solid #000000)]
    RenderBlock {DIV} at (3,3) size 730x19
      RenderText {#text} at (0,0) size 25x19
        text run at (0,0) width 25: "test"
layer at (27,308) size 730x44 clip at (28,309) size 728x42
  RenderTextControl {TEXTAREA} at (1,3) size 730x44 [bgcolor=#FFFFFF] [border: (1px solid #000000)]
    RenderBlock {DIV} at (3,3) size 724x19
      RenderText {#text} at (0,0) size 25x19
        text run at (0,0) width 25: "test"
layer at (27,381) size 730x44 clip at (28,382) size 728x42
  RenderTextControl {TEXTAREA} at (1,3) size 730x44 [bgcolor=#FFFFFF] [border: (1px solid #000000)]
    RenderBlock {DIV} at (3,3) size 724x19
      RenderText {#text} at (0,0) size 25x19
        text run at (0,0) width 25: "test"
layer at (24,453) size 736x44 clip at (25,454) size 734x42
  RenderTextControl {TEXTAREA} at (1,3) size 736x44 [bgcolor=#FFFFFF] [border: (1px solid #000000)]
    RenderBlock {DIV} at (3,3) size 730x19
      RenderText {#text} at (0,0) size 25x19
        text run at (0,0) width 25: "test"
layer at (27,525) size 730x44 clip at (28,526) size 728x42
  RenderTextControl {TEXTAREA} at (2,4) size 730x44 [bgcolor=#FFFFFF] [border: (1px solid #000000)]
    RenderBlock {DIV} at (3,3) size 724x19
      RenderText {#text} at (0,0) size 25x19
        text run at (0,0) width 25: "test"
layer at (31,600) size 722x44 clip at (32,601) size 720x42
  RenderTextControl {TEXTAREA} at (2,4) size 722x44 [bgcolor=#FFFFFF] [border: (1px solid #000000)]
    RenderBlock {DIV} at (3,3) size 716x19
      RenderText {#text} at (0,0) size 25x19
        text run at (0,0) width 25: "test"
