layer at (0,0) size 784x646
  RenderView at (0,0) size 784x600
layer at (0,0) size 784x646
  RenderBlock {HTML} at (0,0) size 784x646
    RenderBody {BODY} at (8,8) size 768x630 [bgcolor=#FFFFFF]
      RenderTable {TABLE} at (0,0) size 308x54 [border: (1px outset #808080)]
        RenderTableCol {COLGROUP} at (0,0) size 0x0
          RenderTableCol {COL} at (0,0) size 0x0
          RenderTableCol {COL} at (0,0) size 0x0
        RenderTableSection {TBODY} at (1,1) size 306x52
          RenderTableRow {TR} at (0,2) size 306x23
          RenderTableRow {TR} at (0,27) size 306x23
      RenderTable {TABLE} at (0,54) size 308x54 [border: (1px outset #808080)]
        RenderTableCol {COLGROUP} at (0,0) size 0x0
          RenderTableCol {COL} at (0,0) size 0x0
          RenderTableCol {COL} at (0,0) size 0x0
        RenderTableSection {TBODY} at (1,1) size 306x52
          RenderTableRow {TR} at (0,2) size 306x23
          RenderTableRow {TR} at (0,27) size 306x23
      RenderTable {TABLE} at (0,108) size 300x54 [border: (1px outset #808080)]
        RenderTableSection {TBODY} at (1,1) size 298x52
          RenderTableRow {TR} at (0,2) size 298x23
          RenderTableRow {TR} at (0,27) size 298x23
      RenderTable {TABLE} at (0,162) size 300x54 [border: (1px outset #808080)]
        RenderTableSection {TBODY} at (1,1) size 298x52
          RenderTableRow {TR} at (0,2) size 298x23
          RenderTableRow {TR} at (0,27) size 298x23
      RenderTable {TABLE} at (0,216) size 300x67 [border: (1px outset #808080)]
        RenderTableSection {TBODY} at (1,1) size 298x65
          RenderTableRow {TR} at (0,2) size 298x36
          RenderTableRow {TR} at (0,40) size 298x23
      RenderTable {TABLE} at (0,283) size 300x67 [border: (1px outset #808080)]
        RenderTableSection {TBODY} at (1,1) size 298x65
          RenderTableRow {TR} at (0,2) size 298x36
          RenderTableRow {TR} at (0,40) size 298x23
      RenderTable {TABLE} at (0,350) size 300x96 [border: (1px outset #808080)]
        RenderTableSection {TBODY} at (1,1) size 298x94
          RenderTableRow {TR} at (0,2) size 298x47
          RenderTableRow {TR} at (0,51) size 298x41
      RenderTable {TABLE} at (0,538) size 300x92 [border: (1px outset #808080)]
        RenderTableSection {TBODY} at (1,1) size 298x90
          RenderTableRow {TR} at (0,2) size 298x61
          RenderTableRow {TR} at (0,65) size 298x23
layer at (11,11) size 200x23 clip at (12,12) size 198x21
  RenderTableCell {TD} at (2,2) size 200x23 [bgcolor=#0000FF] [border: (1px inset #808080)] [r=0 c=0 rs=1 cs=1]
    RenderText {#text} at (2,2) size 4x19
      text run at (2,2) width 4: " "
layer at (213,11) size 100x23 clip at (214,12) size 98x21
  RenderTableCell {TD} at (204,2) size 100x23 [bgcolor=#0000FF] [border: (1px inset #808080)] [r=0 c=1 rs=1 cs=1]
    RenderText {#text} at (2,2) size 4x19
      text run at (2,2) width 4: " "
layer at (11,36) size 200x23 clip at (12,37) size 198x21
  RenderTableCell {TD} at (2,27) size 200x23 [bgcolor=#0000FF] [border: (1px inset #808080)] [r=1 c=0 rs=1 cs=1]
    RenderText {#text} at (2,2) size 4x19
      text run at (2,2) width 4: " "
layer at (213,36) size 100x23 clip at (214,37) size 98x21
  RenderTableCell {TD} at (204,27) size 100x23 [bgcolor=#0000FF] [border: (1px inset #808080)] [r=1 c=1 rs=1 cs=1]
    RenderText {#text} at (2,2) size 4x19
      text run at (2,2) width 4: " "
layer at (11,65) size 200x23 clip at (12,66) size 198x21
  RenderTableCell {TD} at (2,2) size 200x23 [bgcolor=#0000FF] [border: (1px inset #808080)] [r=0 c=0 rs=1 cs=1]
    RenderText {#text} at (2,2) size 4x19
      text run at (2,2) width 4: " "
layer at (213,65) size 100x23 clip at (214,66) size 98x21
  RenderTableCell {TD} at (204,2) size 100x23 [bgcolor=#0000FF] [border: (1px inset #808080)] [r=0 c=1 rs=1 cs=1]
    RenderText {#text} at (2,2) size 4x19
      text run at (2,2) width 4: " "
layer at (11,90) size 200x23 clip at (12,91) size 198x21
  RenderTableCell {TD} at (2,27) size 200x23 [bgcolor=#0000FF] [border: (1px inset #808080)] [r=1 c=0 rs=1 cs=1]
    RenderText {#text} at (2,2) size 4x19
      text run at (2,2) width 4: " "
layer at (213,90) size 100x23 clip at (214,91) size 98x21
  RenderTableCell {TD} at (204,27) size 100x23 [bgcolor=#0000FF] [border: (1px inset #808080)] [r=1 c=1 rs=1 cs=1]
    RenderText {#text} at (2,2) size 4x19
      text run at (2,2) width 4: " "
layer at (11,119) size 233x23 clip at (12,120) size 231x21
  RenderTableCell {TD} at (2,2) size 233x23 [bgcolor=#0000FF] [border: (1px inset #808080)] [r=0 c=0 rs=1 cs=1]
    RenderText {#text} at (2,2) size 4x19
      text run at (2,2) width 4: " "
layer at (246,119) size 59x23 clip at (247,120) size 57x21
  RenderTableCell {TD} at (237,2) size 59x23 [bgcolor=#0000FF] [border: (1px inset #808080)] [r=0 c=1 rs=1 cs=1]
    RenderText {#text} at (2,2) size 4x19
      text run at (2,2) width 4: " "
layer at (11,144) size 233x23 clip at (12,145) size 231x21
  RenderTableCell {TD} at (2,27) size 233x23 [bgcolor=#0000FF] [border: (1px inset #808080)] [r=1 c=0 rs=1 cs=1]
    RenderText {#text} at (2,2) size 4x19
      text run at (2,2) width 4: " "
layer at (246,144) size 59x23 clip at (247,145) size 57x21
  RenderTableCell {TD} at (237,27) size 59x23 [bgcolor=#0000FF] [border: (1px inset #808080)] [r=1 c=1 rs=1 cs=1]
    RenderText {#text} at (2,2) size 4x19
      text run at (2,2) width 4: " "
layer at (11,173) size 150x23 clip at (12,174) size 148x21
  RenderTableCell {TD} at (2,2) size 150x23 [bgcolor=#0000FF] [border: (1px inset #808080)] [r=0 c=0 rs=1 cs=1]
    RenderText {#text} at (2,2) size 4x19
      text run at (2,2) width 4: " "
layer at (163,173) size 142x23 clip at (164,174) size 140x21
  RenderTableCell {TD} at (154,2) size 142x23 [bgcolor=#0000FF] [border: (1px inset #808080)] [r=0 c=1 rs=1 cs=1]
    RenderText {#text} at (2,2) size 4x19
      text run at (2,2) width 4: " "
layer at (11,198) size 150x23 clip at (12,199) size 148x21
  RenderTableCell {TD} at (2,27) size 150x23 [bgcolor=#0000FF] [border: (1px inset #808080)] [r=1 c=0 rs=1 cs=1]
    RenderText {#text} at (2,2) size 4x19
      text run at (2,2) width 4: " "
layer at (163,198) size 142x23 clip at (164,199) size 140x21
  RenderTableCell {TD} at (154,27) size 142x23 [bgcolor=#0000FF] [border: (1px inset #808080)] [r=1 c=1 rs=1 cs=1]
    RenderText {#text} at (2,2) size 4x19
      text run at (2,2) width 4: " "
layer at (11,227) size 150x36 clip at (12,228) size 148x34 scrollWidth 201
  RenderTableCell {TD} at (2,2) size 150x36 [bgcolor=#0000FF] [border: (1px inset #808080)] [r=0 c=0 rs=1 cs=1]
    RenderBlock {FORM} at (2,2) size 146x32
      RenderButton {BUTTON} at (0,2) size 200x28 [bgcolor=#C0C0C0] [border: (2px outset #C0C0C0)]
        RenderBlock (anonymous) at (8,4) size 184x19
          RenderText {#text} at (70,0) size 44x19
            text run at (70,0) width 44: "button"
layer at (163,227) size 142x36 clip at (164,228) size 140x34
  RenderTableCell {TD} at (154,8) size 142x23 [bgcolor=#0000FF] [border: (1px inset #808080)] [r=0 c=1 rs=1 cs=1]
    RenderText {#text} at (2,2) size 4x19
      text run at (2,2) width 4: " "
layer at (11,265) size 150x23 clip at (12,266) size 148x21
  RenderTableCell {TD} at (2,40) size 150x23 [bgcolor=#0000FF] [border: (1px inset #808080)] [r=1 c=0 rs=1 cs=1]
    RenderText {#text} at (2,2) size 4x19
      text run at (2,2) width 4: " "
layer at (163,265) size 142x23 clip at (164,266) size 140x21
  RenderTableCell {TD} at (154,40) size 142x23 [bgcolor=#0000FF] [border: (1px inset #808080)] [r=1 c=1 rs=1 cs=1]
    RenderText {#text} at (2,2) size 4x19
      text run at (2,2) width 4: " "
layer at (11,294) size 280x36 clip at (12,295) size 278x34
  RenderTableCell {TD} at (2,2) size 280x36 [bgcolor=#0000FF] [border: (1px inset #808080)] [r=0 c=0 rs=1 cs=1]
    RenderBlock {FORM} at (2,2) size 276x32
      RenderButton {BUTTON} at (0,2) size 200x28 [bgcolor=#C0C0C0] [border: (2px outset #C0C0C0)]
        RenderBlock (anonymous) at (8,4) size 184x19
          RenderText {#text} at (70,0) size 44x19
            text run at (70,0) width 44: "button"
layer at (293,294) size 12x36 clip at (294,295) size 10x34
  RenderTableCell {TD} at (284,8) size 12x23 [bgcolor=#0000FF] [border: (1px inset #808080)] [r=0 c=1 rs=1 cs=1]
    RenderText {#text} at (2,2) size 4x19
      text run at (2,2) width 4: " "
layer at (11,332) size 280x23 clip at (12,333) size 278x21
  RenderTableCell {TD} at (2,40) size 280x23 [bgcolor=#0000FF] [border: (1px inset #808080)] [r=1 c=0 rs=1 cs=1]
    RenderText {#text} at (2,2) size 4x19
      text run at (2,2) width 4: " "
layer at (293,332) size 12x23 clip at (294,333) size 10x21
  RenderTableCell {TD} at (284,40) size 12x23 [bgcolor=#0000FF] [border: (1px inset #808080)] [r=1 c=1 rs=1 cs=1]
    RenderText {#text} at (2,2) size 4x19
      text run at (2,2) width 4: " "
layer at (11,361) size 150x47 clip at (12,362) size 148x45 scrollWidth 216
  RenderTableCell {TD} at (2,2) size 150x47 [bgcolor=#0000FF] [border: (1px inset #808080)] [r=0 c=0 rs=1 cs=1]
    RenderBlock {DIV} at (11,11) size 206x25 [border: (3px solid #000000)]
      RenderText {#text} at (3,3) size 20x19
        text run at (3,3) width 20: "div"
layer at (163,361) size 142x47 clip at (164,362) size 140x45
  RenderTableCell {TD} at (154,5) size 142x41 [bgcolor=#0000FF] [border: (1px inset #808080)] [r=0 c=1 rs=1 cs=1]
    RenderText {#text} at (11,11) size 4x19
      text run at (11,11) width 4: " "
layer at (11,410) size 150x41 clip at (12,411) size 148x39
  RenderTableCell {TD} at (2,51) size 150x41 [bgcolor=#0000FF] [border: (1px inset #808080)] [r=1 c=0 rs=1 cs=1]
    RenderText {#text} at (11,11) size 4x19
      text run at (11,11) width 4: " "
layer at (163,410) size 142x41 clip at (164,411) size 140x39
  RenderTableCell {TD} at (154,51) size 142x41 [bgcolor=#0000FF] [border: (1px inset #808080)] [r=1 c=1 rs=1 cs=1]
    RenderText {#text} at (11,11) size 4x19
      text run at (11,11) width 4: " "
layer at (8,454) size 300x92 clip at (9,455) size 298x90
  RenderTable {TABLE} at (0,446) size 300x92 [border: (1px outset #808080)]
    RenderTableSection {TBODY} at (1,1) size 298x90
      RenderTableRow {TR} at (0,2) size 298x61
      RenderTableRow {TR} at (0,65) size 298x23
layer at (11,457) size 150x61 clip at (12,458) size 148x59 scrollWidth 207
  RenderTableCell {TD} at (2,2) size 150x61 [bgcolor=#0000FF] [border: (1px inset #808080)] [r=0 c=0 rs=1 cs=1]
    RenderBlock {P} at (2,18) size 206x25 [border: (3px solid #000000)]
      RenderText {#text} at (3,3) size 27x19
        text run at (3,3) width 27: "para"
layer at (163,457) size 142x61 clip at (164,458) size 140x59
  RenderTableCell {TD} at (154,21) size 142x23 [bgcolor=#0000FF] [border: (1px inset #808080)] [r=0 c=1 rs=1 cs=1]
    RenderText {#text} at (2,2) size 4x19
      text run at (2,2) width 4: " "
layer at (11,520) size 150x23 clip at (12,521) size 148x21
  RenderTableCell {TD} at (2,65) size 150x23 [bgcolor=#0000FF] [border: (1px inset #808080)] [r=1 c=0 rs=1 cs=1]
    RenderText {#text} at (2,2) size 4x19
      text run at (2,2) width 4: " "
layer at (163,520) size 142x23 clip at (164,521) size 140x21
  RenderTableCell {TD} at (154,65) size 142x23 [bgcolor=#0000FF] [border: (1px inset #808080)] [r=1 c=1 rs=1 cs=1]
    RenderText {#text} at (2,2) size 4x19
      text run at (2,2) width 4: " "
layer at (11,549) size 254x61 clip at (12,550) size 252x59
  RenderTableCell {TD} at (2,2) size 254x61 [bgcolor=#0000FF] [border: (1px inset #808080)] [r=0 c=0 rs=1 cs=1]
    RenderBlock {P} at (2,18) size 206x25 [border: (3px solid #000000)]
      RenderText {#text} at (3,3) size 27x19
        text run at (3,3) width 27: "para"
layer at (267,549) size 38x61 clip at (268,550) size 36x59
  RenderTableCell {TD} at (258,21) size 38x23 [bgcolor=#0000FF] [border: (1px inset #808080)] [r=0 c=1 rs=1 cs=1]
    RenderText {#text} at (2,2) size 4x19
      text run at (2,2) width 4: " "
layer at (11,612) size 254x23 clip at (12,613) size 252x21
  RenderTableCell {TD} at (2,65) size 254x23 [bgcolor=#0000FF] [border: (1px inset #808080)] [r=1 c=0 rs=1 cs=1]
    RenderText {#text} at (2,2) size 4x19
      text run at (2,2) width 4: " "
layer at (267,612) size 38x23 clip at (268,613) size 36x21
  RenderTableCell {TD} at (258,65) size 38x23 [bgcolor=#0000FF] [border: (1px inset #808080)] [r=1 c=1 rs=1 cs=1]
    RenderText {#text} at (2,2) size 4x19
      text run at (2,2) width 4: " "
