layer at (0,0) size 1082x584
  RenderView at (0,0) size 800x584
layer at (0,0) size 800x584
  RenderBlock {HTML} at (0,0) size 800x584
    RenderBody {BODY} at (8,8) size 784x568
      RenderTable {TABLE} at (0,0) size 1074x145 [border: (2px solid #0000FF)]
        RenderTableSection {TBODY} at (2,2) size 1070x141
          RenderTableRow {TR} at (0,2) size 1070x137
            RenderTableCell {TD} at (2,2) size 290x137 [border: (1px solid #C0C0C0)] [r=0 c=0 rs=1 cs=1]
              RenderTable {TABLE} at (2,2) size 286x133 [border: (2px solid #008000)]
                RenderTableSection {TBODY} at (2,2) size 282x129
                  RenderTableRow {TR} at (0,2) size 282x76
                    RenderTableCell {TD} at (2,2) size 278x76 [border: (1px solid #C0C0C0)] [r=0 c=0 rs=1 cs=1]
                      RenderTable {TABLE} at (2,2) size 210x41 [border: (2px solid #FF0000)]
                        RenderTableSection {TBODY} at (2,2) size 206x37
                          RenderTableRow {TR} at (0,2) size 206x33
                            RenderTableCell {TD} at (2,2) size 202x33 [border: (1px solid #C0C0C0)] [r=0 c=0 rs=1 cs=1]
                              RenderTextControl {INPUT} at (4,4) size 194x25 [bgcolor=#FFFFFF] [border: (2px inset #000000)]
                              RenderText {#text} at (0,0) size 0x0
                      RenderTable {TABLE} at (2,43) size 274x31 [border: (2px solid #FF0000)]
                        RenderTableSection {TBODY} at (2,2) size 270x27
                          RenderTableRow {TR} at (0,2) size 270x23
                            RenderTableCell {TD} at (2,2) size 266x23 [border: (1px solid #C0C0C0)] [r=0 c=0 rs=1 cs=1]
                              RenderText {#text} at (2,2) size 248x19
                                text run at (2,2) width 248: "THIS TABLE NEEDS TO BE HERE"
                  RenderTableRow {TR} at (0,80) size 282x47
                    RenderTableCell {TD} at (2,80) size 278x47 [border: (1px solid #C0C0C0)] [r=1 c=0 rs=1 cs=1]
                      RenderTable {TABLE} at (2,2) size 274x43 [border: (2px solid #FF0000)]
                        RenderTableSection {TBODY} at (2,2) size 270x39
                          RenderTableRow {TR} at (0,2) size 270x35
                            RenderTableCell {TD} at (2,2) size 266x35 [border: (1px solid #C0C0C0)] [r=0 c=0 rs=1 cs=1]
                              RenderMenuList {SELECT} at (4,4) size 258x27 [bgcolor=#FFFFFF] [border: (1px solid #000000)]
                                RenderBlock (anonymous) at (1,1) size 256x25
                                  RenderText at (3,3) size 230x19
                                    text run at (3,3) width 230: "USE THIS JAVASCRIPT HERE"
                              RenderText {#text} at (0,0) size 0x0
            RenderTableCell {TD} at (294,2) size 774x42 [border: (1px solid #C0C0C0)] [r=0 c=1 rs=1 cs=1]
              RenderText {#text} at (2,2) size 770x38
                text run at (2,2) width 770: "KEEPoTHEoTEXToHEREoASoLONGoASoPOSSIBLEooKEEPoTHEoTEXToHEREoASoLONGoASoPOSSIBLE"
                text run at (2,21) width 618: "THIS SIMULATES THE PROBLEM ON THE WWW.MAPBLAST.COM/ \"CREATE MAP\""
layer at (31,31) size 188x19 scrollWidth 199
  RenderBlock {DIV} at (3,3) size 188x19
    RenderText {#text} at (1,0) size 197x19
      text run at (1,0) width 197: "THIS NEEDS THIS VALUE"
