EDITING DELEGATE: shouldBeginEditingInDOMRange:range from 0 of DIV > BODY > HTML > #document to 2 of DIV > BODY > HTML > #document
EDITING DELEGATE: webViewDidBeginEditing:WebViewDidBeginEditingNotification
EDITING DELEGATE: webViewDidChangeSelection:WebViewDidChangeSelectionNotification
EDITING DELEGATE: webViewDidChangeSelection:WebViewDidChangeSelectionNotification
EDITING DELEGATE: webViewDidChangeSelection:WebViewDidChangeSelectionNotification
EDITING DELEGATE: webViewDidChangeSelection:WebViewDidChangeSelectionNotification
EDITING DELEGATE: webViewDidChangeSelection:WebViewDidChangeSelectionNotification
EDITING DELEGATE: shouldChangeSelectedDOMRange:(null) toDOMRange:range from 0 of DIV > DIV > BODY > HTML > #document to 0 of DIV > DIV > BODY > HTML > #document affinity:NSSelectionAffinityDownstream stillSelecting:FALSE
EDITING DELEGATE: webViewDidChangeSelection:WebViewDidChangeSelectionNotification
EDITING DELEGATE: webViewDidChange:WebViewDidChangeNotification
layer at (0,0) size 800x600
  RenderView at (0,0) size 800x600
layer at (0,0) size 800x600
  RenderBlock {HTML} at (0,0) size 800x600
    RenderBody {BODY} at (8,8) size 784x584
      RenderBlock {P} at (0,0) size 784x36
        RenderText {#text} at (0,0) size 737x36
          text run at (0,0) width 448: "This demonstrates a bug in interchange newline handling during paste. "
          text run at (448,0) width 289: "The selection being pasted into spans multiple"
          text run at (0,18) width 488: "blocks, which breaks the old code in paste that handled interchange newlines."
      RenderBlock {DIV} at (0,52) size 784x54
        RenderBlock {DIV} at (0,0) size 784x18
          RenderText {#text} at (0,0) size 5x18
            text run at (0,0) width 5: "f"
          RenderText {#text} at (5,0) size 20x18
            text run at (5,0) width 20: "bar"
        RenderBlock (anonymous) at (0,18) size 784x18
          RenderText {#text} at (0,0) size 22x18
            text run at (0,0) width 22: "baz"
        RenderBlock {DIV} at (0,36) size 784x18
          RenderText {#text} at (0,0) size 12x18
            text run at (0,0) width 12: "ar"
caret: position 0 of child 0 {#text} of child 2 {DIV} of child 2 {DIV} of body
