EDITING DELEGATE: shouldBeginEditingInDOMRange:range from 0 of DIV > BODY > HTML > #document to 1 of DIV > BODY > HTML > #document
EDITING DELEGATE: webViewDidBeginEditing:WebViewDidBeginEditingNotification
EDITING DELEGATE: webViewDidChangeSelection:WebViewDidChangeSelectionNotification
EDITING DELEGATE: webViewDidChangeSelection:WebViewDidChangeSelectionNotification
EDITING DELEGATE: webViewDidChangeSelection:WebViewDidChangeSelectionNotification
EDITING DELEGATE: shouldChangeSelectedDOMRange:range from 0 of #text > DIV > BODY > HTML > #document to 0 of #text > DIV > BODY > HTML > #document toDOMRange:range from 6 of #text > DIV > LI > UL > DIV > BODY > HTML > #document to 6 of #text > DIV > LI > UL > DIV > BODY > HTML > #document affinity:NSSelectionAffinityDownstream stillSelecting:FALSE
EDITING DELEGATE: webViewDidChangeSelection:WebViewDidChangeSelectionNotification
EDITING DELEGATE: webViewDidChange:WebViewDidChangeNotification
EDITING DELEGATE: shouldEndEditingInDOMRange:range from 0 of DIV > BODY > HTML > #document to 3 of DIV > BODY > HTML > #document
EDITING DELEGATE: webViewDidEndEditing:WebViewDidEndEditingNotification
EDITING DELEGATE: shouldBeginEditingInDOMRange:range from 0 of DIV > BODY > HTML > #document to 1 of DIV > BODY > HTML > #document
EDITING DELEGATE: webViewDidBeginEditing:WebViewDidBeginEditingNotification
EDITING DELEGATE: webViewDidChangeSelection:WebViewDidChangeSelectionNotification
EDITING DELEGATE: webViewDidChangeSelection:WebViewDidChangeSelectionNotification
EDITING DELEGATE: webViewDidChangeSelection:WebViewDidChangeSelectionNotification
EDITING DELEGATE: webViewDidChangeSelection:WebViewDidChangeSelectionNotification
EDITING DELEGATE: shouldChangeSelectedDOMRange:(null) toDOMRange:range from 3 of #text > DIV > LI > UL > DIV > BODY > HTML > #document to 3 of #text > DIV > LI > UL > DIV > BODY > HTML > #document affinity:NSSelectionAffinityDownstream stillSelecting:FALSE
EDITING DELEGATE: webViewDidChangeSelection:WebViewDidChangeSelectionNotification
EDITING DELEGATE: webViewDidChange:WebViewDidChangeNotification
layer at (0,0) size 800x600
  RenderView at (0,0) size 800x600
layer at (0,0) size 800x600
  RenderBlock {HTML} at (0,0) size 800x600
    RenderBody {BODY} at (8,8) size 784x576
      RenderBlock {P} at (0,0) size 784x18
        RenderText {#text} at (0,0) size 512x18
          text run at (0,0) width 512: "This tests pasting a list into a position that would normally result in an end merge."
      RenderBlock {DIV} at (0,34) size 784x86
        RenderBlock (anonymous) at (0,0) size 784x18
          RenderText {#text} at (0,0) size 8x18
            text run at (0,0) width 8: "x"
        RenderBlock {UL} at (0,34) size 784x18
          RenderListItem {LI} at (40,0) size 744x18
            RenderBlock {DIV} at (0,0) size 744x18
              RenderListMarker at (-17,0) size 7x18: bullet
              RenderText {#text} at (0,0) size 40x18
                text run at (0,0) width 40: "Item 1"
        RenderBlock (anonymous) at (0,68) size 784x18
          RenderText {#text} at (0,0) size 8x18
            text run at (0,0) width 8: "x"
      RenderBlock {P} at (0,136) size 784x36
        RenderText {#text} at (0,0) size 772x36
          text run at (0,0) width 235: "This tests pasting text into a list item. "
          text run at (235,0) width 537: "The last bit of content in the incoming fragment should be merged with the paragraph"
          text run at (0,18) width 220: "after the position being pasted into."
      RenderBlock {DIV} at (0,188) size 784x36
        RenderBlock {UL} at (0,0) size 784x36
          RenderListItem {LI} at (40,0) size 744x36
            RenderBlock {DIV} at (0,0) size 744x18
              RenderListMarker at (-17,0) size 7x18: bullet
              RenderText {#text} at (0,0) size 28x18
                text run at (0,0) width 28: "Item"
              RenderText {#text} at (28,0) size 21x18
                text run at (28,0) width 21: "foo"
            RenderBlock {DIV} at (0,18) size 744x18
              RenderText {#text} at (0,0) size 20x18
                text run at (0,0) width 20: "bar"
              RenderText {#text} at (20,0) size 12x18
                text run at (20,0) width 12: " 1"
caret: position 3 of child 0 {#text} of child 1 {DIV} of child 0 {LI} of child 0 {UL} of child 10 {DIV} of body
