EDITING DELEGATE: shouldBeginEditingInDOMRange:range from 0 of DIV > BODY > HTML > #document to 1 of DIV > BODY > HTML > #document
EDITING DELEGATE: webViewDidBeginEditing:WebViewDidBeginEditingNotification
EDITING DELEGATE: webViewDidChangeSelection:WebViewDidChangeSelectionNotification
EDITING DELEGATE: webViewDidChangeSelection:WebViewDidChangeSelectionNotification
EDITING DELEGATE: webViewDidChangeSelection:WebViewDidChangeSelectionNotification
EDITING DELEGATE: shouldChangeSelectedDOMRange:range from 3 of #text > DIV > BODY > HTML > #document to 3 of #text > DIV > BODY > HTML > #document toDOMRange:range from 3 of #text > DIV > BODY > HTML > #document to 3 of #text > DIV > BODY > HTML > #document affinity:NSSelectionAffinityDownstream stillSelecting:FALSE
EDITING DELEGATE: webViewDidChangeSelection:WebViewDidChangeSelectionNotification
EDITING DELEGATE: webViewDidChange:WebViewDidChangeNotification
layer at (0,0) size 800x600
  RenderView at (0,0) size 800x600
layer at (0,0) size 800x600
  RenderBlock {HTML} at (0,0) size 800x600
    RenderBody {BODY} at (8,8) size 784x584
      RenderBlock {P} at (0,0) size 784x18
        RenderText {#text} at (0,0) size 545x18
          text run at (0,0) width 336: "Tests for a case where paste's end merge was failing. "
          text run at (336,0) width 209: "You should see xfoo\\nbar\\nbazx."
      RenderBlock {DIV} at (0,34) size 784x54
        RenderBlock (anonymous) at (0,0) size 784x18
          RenderText {#text} at (0,0) size 8x18
            text run at (0,0) width 8: "x"
          RenderText {#text} at (8,0) size 21x18
            text run at (8,0) width 21: "foo"
        RenderBlock {DIV} at (0,18) size 784x18
          RenderText {#text} at (0,0) size 20x18
            text run at (0,0) width 20: "bar"
        RenderBlock (anonymous) at (0,36) size 784x18
          RenderText {#text} at (0,0) size 22x18
            text run at (0,0) width 22: "baz"
          RenderText {#text} at (22,0) size 8x18
            text run at (22,0) width 8: "x"
caret: position 3 of child 3 {#text} of child 2 {DIV} of body
