EDITING DELEGATE: shouldBeginEditingInDOMRange:range from 0 of DIV > BODY > HTML > #document to 1 of DIV > BODY > HTML > #document
EDITING DELEGATE: webViewDidBeginEditing:WebViewDidBeginEditingNotification
EDITING DELEGATE: webViewDidChangeSelection:WebViewDidChangeSelectionNotification
EDITING DELEGATE: webViewDidChangeSelection:WebViewDidChangeSelectionNotification
EDITING DELEGATE: webViewDidChangeSelection:WebViewDidChangeSelectionNotification
EDITING DELEGATE: webViewDidChangeSelection:WebViewDidChangeSelectionNotification
EDITING DELEGATE: webViewDidChangeSelection:WebViewDidChangeSelectionNotification
EDITING DELEGATE: webViewDidChangeSelection:WebViewDidChangeSelectionNotification
EDITING DELEGATE: shouldChangeSelectedDOMRange:(null) toDOMRange:range from 3 of #text > DIV > DIV > BODY > HTML > #document to 3 of #text > DIV > DIV > BODY > HTML > #document affinity:NSSelectionAffinityDownstream stillSelecting:FALSE
EDITING DELEGATE: webViewDidChangeSelection:WebViewDidChangeSelectionNotification
EDITING DELEGATE: webViewDidChange:WebViewDidChangeNotification
layer at (0,0) size 800x600
  RenderView at (0,0) size 800x600
layer at (0,0) size 800x600
  RenderBlock {HTML} at (0,0) size 800x600
    RenderBody {BODY} at (8,8) size 784x584
      RenderBlock {P} at (0,0) size 784x18
        RenderText {#text} at (0,0) size 549x18
          text run at (0,0) width 549: "The last paragraph of the incoming fragment should be in the same paragraph as 'three'."
      RenderBlock {DIV} at (0,34) size 784x36
        RenderBlock (anonymous) at (0,0) size 784x18
          RenderText {#text} at (0,0) size 27x18
            text run at (0,0) width 23: "one"
            text run at (23,0) width 4: " "
        RenderBlock {DIV} at (0,18) size 784x18
          RenderText {#text} at (0,0) size 24x18
            text run at (0,0) width 24: "two"
          RenderText {#text} at (24,0) size 31x18
            text run at (24,0) width 31: "three"
caret: position 3 of child 0 {#text} of child 1 {DIV} of child 2 {DIV} of body
