layer at (0,0) size 784x1383
  RenderView at (0,0) size 784x600
layer at (0,0) size 784x1383
  RenderBlock {HTML} at (0,0) size 784x1383
    RenderBody {BODY} at (8,16) size 768x1351
layer at (8,16) size 760x419
  RenderBlock {DIV} at (0,0) size 760x419 [border: (5px solid #800000)]
    RenderBlock (anonymous multi-column span) at (5,24) size 750x28 [color=#FFFFFF]
      RenderBlock {H2} at (0,0) size 750x28 [color=#000000] [bgcolor=#EEEEEE]
        RenderText {#text} at (0,0) size 276x28
          text run at (0,0) width 276: "This is a spanning element."
layer at (13,87) size 750x343
  RenderBlock (anonymous multi-column) at (5,71) size 750x343
    RenderBlock {SPAN} at (0,0) size 367x209 [color=#FFFFFF] [bgcolor=#000000]
      RenderText {#text} at (0,0) size 362x209
        text run at (0,0) width 354: "Lorem ipsum dolor sit amet, consectetuer adipiscing elit."
        text run at (0,19) width 351: "Nulla varius enim ac mi. Curabitur sollicitudin felis quis"
        text run at (0,38) width 325: "lectus. Quisque adipiscing rhoncus sem. Proin nulla"
        text run at (0,57) width 358: "purus, vulputate vel, varius ut, euismod et, nisi. Sed vitae"
        text run at (0,76) width 343: "felis vel orci sagittis aliquam. Cras convallis adipiscing"
        text run at (0,95) width 340: "sem. Nam nonummy enim. Nullam bibendum lobortis"
        text run at (0,114) width 344: "neque. Vestibulum velit orci, tempus euismod, pretium"
        text run at (0,133) width 343: "quis, interdum vitae, nulla. Phasellus eget ante et tortor"
        text run at (0,152) width 343: "condimentum vestibulum. Suspendisse hendrerit quam"
        text run at (0,171) width 362: "nec felis. Sed varius turpis vitae pede. Lorem ipsum dolor"
        text run at (0,190) width 229: "sit amet, consectetuer adipiscing elit."
    RenderBlock (anonymous) at (0,225) size 367x441
      RenderText {#text} at (0,0) size 362x213
        text run at (0,0) width 354: "Lorem ipsum dolor sit amet, consectetuer adipiscing elit."
        text run at (0,19) width 351: "Nulla varius enim ac mi. Curabitur sollicitudin felis quis"
        text run at (0,38) width 325: "lectus. Quisque adipiscing rhoncus sem. Proin nulla"
        text run at (0,57) width 358: "purus, vulputate vel, varius ut, euismod et, nisi. Sed vitae"
        text run at (0,76) width 343: "felis vel orci sagittis aliquam. Cras convallis adipiscing"
        text run at (0,95) width 340: "sem. Nam nonummy enim. Nullam bibendum lobortis"
        text run at (0,118) width 344: "neque. Vestibulum velit orci, tempus euismod, pretium"
        text run at (0,137) width 343: "quis, interdum vitae, nulla. Phasellus eget ante et tortor"
        text run at (0,156) width 343: "condimentum vestibulum. Suspendisse hendrerit quam"
        text run at (0,175) width 362: "nec felis. Sed varius turpis vitae pede. Lorem ipsum dolor"
        text run at (0,194) width 233: "sit amet, consectetuer adipiscing elit. "
      RenderInline {SPAN} at (0,0) size 42x19
        RenderText {#text} at (233,194) size 42x19
          text run at (233,194) width 42: "Lorem"
      RenderText {#text} at (275,194) size 363x247
        text run at (275,194) width 79: " ipsum dolor"
        text run at (0,213) width 363: "sit amet, consectetuer adipiscing elit. Nulla varius enim ac"
        text run at (0,232) width 318: "mi. Curabitur sollicitudin felis quis lectus. Quisque"
        text run at (0,251) width 356: "adipiscing rhoncus sem. Proin nulla purus, vulputate vel,"
        text run at (0,270) width 354: "varius ut, euismod et, nisi. Sed vitae felis vel orci sagittis"
        text run at (0,289) width 351: "aliquam. Cras convallis adipiscing sem. Nam nonummy"
        text run at (0,308) width 358: "enim. Nullam bibendum lobortis neque. Vestibulum velit"
        text run at (0,327) width 361: "orci, tempus euismod, pretium quis, interdum vitae, nulla."
        text run at (0,346) width 339: "Phasellus eget ante et tortor condimentum vestibulum."
        text run at (0,365) width 345: "Suspendisse hendrerit quam nec felis. Sed varius turpis"
        text run at (0,384) width 331: "vitae pede. Lorem ipsum dolor sit amet, consectetuer"
        text run at (0,403) width 95: "adipiscing elit. "
        text run at (95,403) width 259: "Lorem ipsum dolor sit amet, consectetuer"
        text run at (0,422) width 249: "adipiscing elit. Nulla varius enim ac mi."
layer at (8,451) size 760x419
  RenderBlock {DIV} at (0,435) size 760x419 [border: (5px solid #800000)]
    RenderBlock (anonymous multi-column span) at (5,367) size 750x28 [color=#FFFFFF]
      RenderBlock {H2} at (0,0) size 750x28 [color=#000000] [bgcolor=#EEEEEE]
        RenderText {#text} at (0,0) size 276x28
          text run at (0,0) width 276: "This is a spanning element."
layer at (13,456) size 750x343
  RenderBlock (anonymous multi-column) at (5,5) size 750x343
    RenderBlock (anonymous) at (0,0) size 367x609
      RenderText {#text} at (0,0) size 363x609
        text run at (0,0) width 354: "Lorem ipsum dolor sit amet, consectetuer adipiscing elit."
        text run at (0,19) width 351: "Nulla varius enim ac mi. Curabitur sollicitudin felis quis"
        text run at (0,38) width 325: "lectus. Quisque adipiscing rhoncus sem. Proin nulla"
        text run at (0,57) width 358: "purus, vulputate vel, varius ut, euismod et, nisi. Sed vitae"
        text run at (0,76) width 343: "felis vel orci sagittis aliquam. Cras convallis adipiscing"
        text run at (0,95) width 340: "sem. Nam nonummy enim. Nullam bibendum lobortis"
        text run at (0,114) width 344: "neque. Vestibulum velit orci, tempus euismod, pretium"
        text run at (0,133) width 343: "quis, interdum vitae, nulla. Phasellus eget ante et tortor"
        text run at (0,152) width 343: "condimentum vestibulum. Suspendisse hendrerit quam"
        text run at (0,171) width 362: "nec felis. Sed varius turpis vitae pede. Lorem ipsum dolor"
        text run at (0,190) width 233: "sit amet, consectetuer adipiscing elit. "
        text run at (233,190) width 121: "Lorem ipsum dolor"
        text run at (0,209) width 363: "sit amet, consectetuer adipiscing elit. Nulla varius enim ac"
        text run at (0,228) width 318: "mi. Curabitur sollicitudin felis quis lectus. Quisque"
        text run at (0,247) width 356: "adipiscing rhoncus sem. Proin nulla purus, vulputate vel,"
        text run at (0,266) width 354: "varius ut, euismod et, nisi. Sed vitae felis vel orci sagittis"
        text run at (0,285) width 351: "aliquam. Cras convallis adipiscing sem. Nam nonummy"
        text run at (0,304) width 358: "enim. Nullam bibendum lobortis neque. Vestibulum velit"
        text run at (0,323) width 361: "orci, tempus euismod, pretium quis, interdum vitae, nulla."
        text run at (0,343) width 339: "Phasellus eget ante et tortor condimentum vestibulum."
        text run at (0,362) width 345: "Suspendisse hendrerit quam nec felis. Sed varius turpis"
        text run at (0,381) width 331: "vitae pede. Lorem ipsum dolor sit amet, consectetuer"
        text run at (0,400) width 95: "adipiscing elit. "
        text run at (95,400) width 259: "Lorem ipsum dolor sit amet, consectetuer"
        text run at (0,419) width 313: "adipiscing elit. Nulla varius enim ac mi. Curabitur"
        text run at (0,438) width 352: "sollicitudin felis quis lectus. Quisque adipiscing rhoncus"
        text run at (0,457) width 353: "sem. Proin nulla purus, vulputate vel, varius ut, euismod"
        text run at (0,476) width 326: "et, nisi. Sed vitae felis vel orci sagittis aliquam. Cras"
        text run at (0,495) width 350: "convallis adipiscing sem. Nam nonummy enim. Nullam"
        text run at (0,514) width 349: "bibendum lobortis neque. Vestibulum velit orci, tempus"
        text run at (0,533) width 343: "euismod, pretium quis, interdum vitae, nulla. Phasellus"
        text run at (0,552) width 357: "eget ante et tortor condimentum vestibulum. Suspendisse"
        text run at (0,571) width 336: "hendrerit quam nec felis. Sed varius turpis vitae pede."
        text run at (0,590) width 354: "Lorem ipsum dolor sit amet, consectetuer adipiscing elit."
    RenderBlock {SPAN} at (0,625) size 367x38 [color=#FFFFFF] [bgcolor=#000000]
      RenderText {#text} at (0,0) size 354x38
        text run at (0,0) width 354: "Lorem ipsum dolor sit amet, consectetuer adipiscing elit."
        text run at (0,19) width 154: "Nulla varius enim ac mi."
layer at (8,886) size 760x481
  RenderBlock {DIV} at (0,870) size 760x481 [border: (5px solid #800000)]
    RenderBlock (anonymous multi-column span) at (5,183) size 750x28 [color=#FFFFFF]
      RenderBlock {H2} at (0,0) size 750x28 [color=#000000] [bgcolor=#EEEEEE]
        RenderText {#text} at (0,0) size 276x28
          text run at (0,0) width 276: "This is a spanning element."
layer at (13,907) size 750x143
  RenderBlock (anonymous multi-column) at (5,21) size 750x143
    RenderBlock {P} at (0,0) size 367x219
      RenderText {#text} at (0,0) size 362x219
        text run at (0,0) width 354: "Lorem ipsum dolor sit amet, consectetuer adipiscing elit."
        text run at (0,19) width 351: "Nulla varius enim ac mi. Curabitur sollicitudin felis quis"
        text run at (0,38) width 325: "lectus. Quisque adipiscing rhoncus sem. Proin nulla"
        text run at (0,57) width 358: "purus, vulputate vel, varius ut, euismod et, nisi. Sed vitae"
        text run at (0,76) width 343: "felis vel orci sagittis aliquam. Cras convallis adipiscing"
        text run at (0,95) width 340: "sem. Nam nonummy enim. Nullam bibendum lobortis"
        text run at (0,114) width 344: "neque. Vestibulum velit orci, tempus euismod, pretium"
        text run at (0,143) width 343: "quis, interdum vitae, nulla. Phasellus eget ante et tortor"
        text run at (0,162) width 343: "condimentum vestibulum. Suspendisse hendrerit quam"
        text run at (0,181) width 362: "nec felis. Sed varius turpis vitae pede. Lorem ipsum dolor"
        text run at (0,200) width 229: "sit amet, consectetuer adipiscing elit."
    RenderBlock {SPAN} at (0,235) size 367x38 [color=#FFFFFF] [bgcolor=#000000]
      RenderBlock (anonymous) at (0,0) size 367x38
        RenderText {#text} at (0,0) size 354x38
          text run at (0,0) width 354: "Lorem ipsum dolor sit amet, consectetuer adipiscing elit."
          text run at (0,19) width 154: "Nulla varius enim ac mi."
layer at (13,1116) size 750x230
  RenderBlock (anonymous multi-column) at (5,230) size 750x230
    RenderBlock {SPAN} at (0,0) size 367x209 [color=#FFFFFF] [bgcolor=#000000]
      RenderBlock {P} at (0,0) size 367x209
        RenderText {#text} at (0,0) size 362x209
          text run at (0,0) width 354: "Lorem ipsum dolor sit amet, consectetuer adipiscing elit."
          text run at (0,19) width 351: "Nulla varius enim ac mi. Curabitur sollicitudin felis quis"
          text run at (0,38) width 325: "lectus. Quisque adipiscing rhoncus sem. Proin nulla"
          text run at (0,57) width 358: "purus, vulputate vel, varius ut, euismod et, nisi. Sed vitae"
          text run at (0,76) width 343: "felis vel orci sagittis aliquam. Cras convallis adipiscing"
          text run at (0,95) width 340: "sem. Nam nonummy enim. Nullam bibendum lobortis"
          text run at (0,114) width 344: "neque. Vestibulum velit orci, tempus euismod, pretium"
          text run at (0,133) width 343: "quis, interdum vitae, nulla. Phasellus eget ante et tortor"
          text run at (0,152) width 343: "condimentum vestibulum. Suspendisse hendrerit quam"
          text run at (0,171) width 362: "nec felis. Sed varius turpis vitae pede. Lorem ipsum dolor"
          text run at (0,190) width 229: "sit amet, consectetuer adipiscing elit."
    RenderBlock (anonymous) at (0,230) size 367x209
      RenderText {#text} at (0,0) size 362x209
        text run at (0,0) width 354: "Lorem ipsum dolor sit amet, consectetuer adipiscing elit."
        text run at (0,19) width 351: "Nulla varius enim ac mi. Curabitur sollicitudin felis quis"
        text run at (0,38) width 325: "lectus. Quisque adipiscing rhoncus sem. Proin nulla"
        text run at (0,57) width 358: "purus, vulputate vel, varius ut, euismod et, nisi. Sed vitae"
        text run at (0,76) width 343: "felis vel orci sagittis aliquam. Cras convallis adipiscing"
        text run at (0,95) width 340: "sem. Nam nonummy enim. Nullam bibendum lobortis"
        text run at (0,114) width 344: "neque. Vestibulum velit orci, tempus euismod, pretium"
        text run at (0,133) width 343: "quis, interdum vitae, nulla. Phasellus eget ante et tortor"
        text run at (0,152) width 343: "condimentum vestibulum. Suspendisse hendrerit quam"
        text run at (0,171) width 362: "nec felis. Sed varius turpis vitae pede. Lorem ipsum dolor"
        text run at (0,190) width 229: "sit amet, consectetuer adipiscing elit."
    RenderBlock {P} at (0,455) size 367x0
