layer at (0,0) size 784x2684
  RenderView at (0,0) size 784x600
layer at (0,0) size 784x2684
  RenderBlock {HTML} at (0,0) size 784x2684
    RenderBody {BODY} at (8,16) size 768x2652
layer at (8,16) size 760x399
  RenderBlock {DIV} at (0,0) size 760x399 [border: (5px solid #800000)]
    RenderBlock (anonymous multi-column span) at (5,24) size 750x28
      RenderBlock {H2} at (0,0) size 750x28 [bgcolor=#EEEEEE]
        RenderText {#text} at (0,0) size 276x28
          text run at (0,0) width 276: "This is a spanning element."
layer at (13,87) size 750x323
  RenderBlock (anonymous multi-column) at (5,71) size 750x323
    RenderText {#text} at (0,0) size 363x646
      text run at (0,0) width 354: "Lorem ipsum dolor sit amet, consectetuer adipiscing elit."
      text run at (0,19) width 351: "Nulla varius enim ac mi. Curabitur sollicitudin felis quis"
      text run at (0,38) width 325: "lectus. Quisque adipiscing rhoncus sem. Proin nulla"
      text run at (0,57) width 358: "purus, vulputate vel, varius ut, euismod et, nisi. Sed vitae"
      text run at (0,76) width 343: "felis vel orci sagittis aliquam. Cras convallis adipiscing"
      text run at (0,95) width 340: "sem. Nam nonummy enim. Nullam bibendum lobortis"
      text run at (0,114) width 344: "neque. Vestibulum velit orci, tempus euismod, pretium"
      text run at (0,133) width 343: "quis, interdum vitae, nulla. Phasellus eget ante et tortor"
      text run at (0,152) width 343: "condimentum vestibulum. Suspendisse hendrerit quam"
      text run at (0,171) width 362: "nec felis. Sed varius turpis vitae pede. Lorem ipsum dolor"
      text run at (0,190) width 233: "sit amet, consectetuer adipiscing elit. "
      text run at (233,190) width 121: "Lorem ipsum dolor"
      text run at (0,209) width 363: "sit amet, consectetuer adipiscing elit. Nulla varius enim ac"
      text run at (0,228) width 318: "mi. Curabitur sollicitudin felis quis lectus. Quisque"
      text run at (0,247) width 356: "adipiscing rhoncus sem. Proin nulla purus, vulputate vel,"
      text run at (0,266) width 354: "varius ut, euismod et, nisi. Sed vitae felis vel orci sagittis"
      text run at (0,285) width 351: "aliquam. Cras convallis adipiscing sem. Nam nonummy"
      text run at (0,304) width 358: "enim. Nullam bibendum lobortis neque. Vestibulum velit"
      text run at (0,323) width 361: "orci, tempus euismod, pretium quis, interdum vitae, nulla."
      text run at (0,342) width 339: "Phasellus eget ante et tortor condimentum vestibulum."
      text run at (0,361) width 345: "Suspendisse hendrerit quam nec felis. Sed varius turpis"
      text run at (0,380) width 331: "vitae pede. Lorem ipsum dolor sit amet, consectetuer"
      text run at (0,399) width 95: "adipiscing elit. "
      text run at (95,399) width 259: "Lorem ipsum dolor sit amet, consectetuer"
      text run at (0,418) width 313: "adipiscing elit. Nulla varius enim ac mi. Curabitur"
      text run at (0,437) width 352: "sollicitudin felis quis lectus. Quisque adipiscing rhoncus"
      text run at (0,456) width 353: "sem. Proin nulla purus, vulputate vel, varius ut, euismod"
      text run at (0,475) width 326: "et, nisi. Sed vitae felis vel orci sagittis aliquam. Cras"
      text run at (0,494) width 350: "convallis adipiscing sem. Nam nonummy enim. Nullam"
      text run at (0,513) width 349: "bibendum lobortis neque. Vestibulum velit orci, tempus"
      text run at (0,532) width 343: "euismod, pretium quis, interdum vitae, nulla. Phasellus"
      text run at (0,551) width 357: "eget ante et tortor condimentum vestibulum. Suspendisse"
      text run at (0,570) width 336: "hendrerit quam nec felis. Sed varius turpis vitae pede."
      text run at (0,589) width 354: "Lorem ipsum dolor sit amet, consectetuer adipiscing elit."
      text run at (0,608) width 354: "Lorem ipsum dolor sit amet, consectetuer adipiscing elit."
      text run at (0,627) width 154: "Nulla varius enim ac mi."
layer at (8,431) size 760x399
  RenderBlock {DIV} at (0,415) size 760x399 [border: (5px solid #800000)]
    RenderBlock (anonymous multi-column span) at (5,347) size 750x28
      RenderBlock {H2} at (0,0) size 750x28 [bgcolor=#EEEEEE]
        RenderText {#text} at (0,0) size 276x28
          text run at (0,0) width 276: "This is a spanning element."
layer at (13,436) size 750x323
  RenderBlock (anonymous multi-column) at (5,5) size 750x323
    RenderText {#text} at (0,0) size 363x646
      text run at (0,0) width 354: "Lorem ipsum dolor sit amet, consectetuer adipiscing elit."
      text run at (0,19) width 351: "Nulla varius enim ac mi. Curabitur sollicitudin felis quis"
      text run at (0,38) width 325: "lectus. Quisque adipiscing rhoncus sem. Proin nulla"
      text run at (0,57) width 358: "purus, vulputate vel, varius ut, euismod et, nisi. Sed vitae"
      text run at (0,76) width 343: "felis vel orci sagittis aliquam. Cras convallis adipiscing"
      text run at (0,95) width 340: "sem. Nam nonummy enim. Nullam bibendum lobortis"
      text run at (0,114) width 344: "neque. Vestibulum velit orci, tempus euismod, pretium"
      text run at (0,133) width 343: "quis, interdum vitae, nulla. Phasellus eget ante et tortor"
      text run at (0,152) width 343: "condimentum vestibulum. Suspendisse hendrerit quam"
      text run at (0,171) width 362: "nec felis. Sed varius turpis vitae pede. Lorem ipsum dolor"
      text run at (0,190) width 233: "sit amet, consectetuer adipiscing elit. "
      text run at (233,190) width 121: "Lorem ipsum dolor"
      text run at (0,209) width 363: "sit amet, consectetuer adipiscing elit. Nulla varius enim ac"
      text run at (0,228) width 318: "mi. Curabitur sollicitudin felis quis lectus. Quisque"
      text run at (0,247) width 356: "adipiscing rhoncus sem. Proin nulla purus, vulputate vel,"
      text run at (0,266) width 354: "varius ut, euismod et, nisi. Sed vitae felis vel orci sagittis"
      text run at (0,285) width 351: "aliquam. Cras convallis adipiscing sem. Nam nonummy"
      text run at (0,304) width 358: "enim. Nullam bibendum lobortis neque. Vestibulum velit"
      text run at (0,323) width 361: "orci, tempus euismod, pretium quis, interdum vitae, nulla."
      text run at (0,342) width 339: "Phasellus eget ante et tortor condimentum vestibulum."
      text run at (0,361) width 345: "Suspendisse hendrerit quam nec felis. Sed varius turpis"
      text run at (0,380) width 331: "vitae pede. Lorem ipsum dolor sit amet, consectetuer"
      text run at (0,399) width 95: "adipiscing elit. "
      text run at (95,399) width 259: "Lorem ipsum dolor sit amet, consectetuer"
      text run at (0,418) width 313: "adipiscing elit. Nulla varius enim ac mi. Curabitur"
      text run at (0,437) width 352: "sollicitudin felis quis lectus. Quisque adipiscing rhoncus"
      text run at (0,456) width 353: "sem. Proin nulla purus, vulputate vel, varius ut, euismod"
      text run at (0,475) width 326: "et, nisi. Sed vitae felis vel orci sagittis aliquam. Cras"
      text run at (0,494) width 350: "convallis adipiscing sem. Nam nonummy enim. Nullam"
      text run at (0,513) width 349: "bibendum lobortis neque. Vestibulum velit orci, tempus"
      text run at (0,532) width 343: "euismod, pretium quis, interdum vitae, nulla. Phasellus"
      text run at (0,551) width 357: "eget ante et tortor condimentum vestibulum. Suspendisse"
      text run at (0,570) width 336: "hendrerit quam nec felis. Sed varius turpis vitae pede."
      text run at (0,589) width 354: "Lorem ipsum dolor sit amet, consectetuer adipiscing elit."
      text run at (0,608) width 354: "Lorem ipsum dolor sit amet, consectetuer adipiscing elit."
      text run at (0,627) width 154: "Nulla varius enim ac mi."
layer at (8,846) size 760x451
  RenderBlock {DIV} at (0,830) size 760x451 [border: (5px solid #800000)]
    RenderBlock (anonymous multi-column span) at (5,174) size 750x28
      RenderBlock {H2} at (0,0) size 750x28 [bgcolor=#EEEEEE]
        RenderText {#text} at (0,0) size 276x28
          text run at (0,0) width 276: "This is a spanning element."
layer at (13,867) size 750x134
  RenderBlock (anonymous multi-column) at (5,21) size 750x134
    RenderBlock {P} at (0,0) size 367x248
      RenderText {#text} at (0,0) size 363x248
        text run at (0,0) width 354: "Lorem ipsum dolor sit amet, consectetuer adipiscing elit."
        text run at (0,19) width 351: "Nulla varius enim ac mi. Curabitur sollicitudin felis quis"
        text run at (0,38) width 325: "lectus. Quisque adipiscing rhoncus sem. Proin nulla"
        text run at (0,57) width 358: "purus, vulputate vel, varius ut, euismod et, nisi. Sed vitae"
        text run at (0,76) width 343: "felis vel orci sagittis aliquam. Cras convallis adipiscing"
        text run at (0,95) width 340: "sem. Nam nonummy enim. Nullam bibendum lobortis"
        text run at (0,114) width 344: "neque. Vestibulum velit orci, tempus euismod, pretium"
        text run at (0,134) width 343: "quis, interdum vitae, nulla. Phasellus eget ante et tortor"
        text run at (0,153) width 343: "condimentum vestibulum. Suspendisse hendrerit quam"
        text run at (0,172) width 362: "nec felis. Sed varius turpis vitae pede. Lorem ipsum dolor"
        text run at (0,191) width 233: "sit amet, consectetuer adipiscing elit. "
        text run at (233,191) width 121: "Lorem ipsum dolor"
        text run at (0,210) width 363: "sit amet, consectetuer adipiscing elit. Nulla varius enim ac"
        text run at (0,229) width 20: "mi."
layer at (13,1067) size 750x209
  RenderBlock (anonymous multi-column) at (5,221) size 750x209
    RenderBlock {P} at (0,0) size 367x418
      RenderText {#text} at (0,0) size 363x418
        text run at (0,0) width 354: "Lorem ipsum dolor sit amet, consectetuer adipiscing elit."
        text run at (0,19) width 351: "Nulla varius enim ac mi. Curabitur sollicitudin felis quis"
        text run at (0,38) width 325: "lectus. Quisque adipiscing rhoncus sem. Proin nulla"
        text run at (0,57) width 358: "purus, vulputate vel, varius ut, euismod et, nisi. Sed vitae"
        text run at (0,76) width 343: "felis vel orci sagittis aliquam. Cras convallis adipiscing"
        text run at (0,95) width 340: "sem. Nam nonummy enim. Nullam bibendum lobortis"
        text run at (0,114) width 344: "neque. Vestibulum velit orci, tempus euismod, pretium"
        text run at (0,133) width 343: "quis, interdum vitae, nulla. Phasellus eget ante et tortor"
        text run at (0,152) width 343: "condimentum vestibulum. Suspendisse hendrerit quam"
        text run at (0,171) width 362: "nec felis. Sed varius turpis vitae pede. Lorem ipsum dolor"
        text run at (0,190) width 233: "sit amet, consectetuer adipiscing elit. "
        text run at (233,190) width 121: "Lorem ipsum dolor"
        text run at (0,209) width 363: "sit amet, consectetuer adipiscing elit. Nulla varius enim ac"
        text run at (0,228) width 318: "mi. Curabitur sollicitudin felis quis lectus. Quisque"
        text run at (0,247) width 356: "adipiscing rhoncus sem. Proin nulla purus, vulputate vel,"
        text run at (0,266) width 354: "varius ut, euismod et, nisi. Sed vitae felis vel orci sagittis"
        text run at (0,285) width 351: "aliquam. Cras convallis adipiscing sem. Nam nonummy"
        text run at (0,304) width 358: "enim. Nullam bibendum lobortis neque. Vestibulum velit"
        text run at (0,323) width 361: "orci, tempus euismod, pretium quis, interdum vitae, nulla."
        text run at (0,342) width 339: "Phasellus eget ante et tortor condimentum vestibulum."
        text run at (0,361) width 345: "Suspendisse hendrerit quam nec felis. Sed varius turpis"
        text run at (0,380) width 331: "vitae pede. Lorem ipsum dolor sit amet, consectetuer"
        text run at (0,399) width 91: "adipiscing elit."
layer at (8,1313) size 760x435
  RenderBlock {DIV} at (0,1297) size 760x435 [border: (5px solid #800000)]
    RenderBlock (anonymous multi-column span) at (5,158) size 750x28
      RenderBlock {H2} at (0,0) size 750x28 [bgcolor=#EEEEEE]
        RenderText {#text} at (0,0) size 276x28
          text run at (0,0) width 276: "This is a spanning element."
layer at (13,1318) size 750x134
  RenderBlock (anonymous multi-column) at (5,5) size 750x134
    RenderBlock (anonymous) at (0,0) size 367x248
      RenderText {#text} at (0,0) size 363x248
        text run at (0,0) width 354: "Lorem ipsum dolor sit amet, consectetuer adipiscing elit."
        text run at (0,19) width 351: "Nulla varius enim ac mi. Curabitur sollicitudin felis quis"
        text run at (0,38) width 325: "lectus. Quisque adipiscing rhoncus sem. Proin nulla"
        text run at (0,57) width 358: "purus, vulputate vel, varius ut, euismod et, nisi. Sed vitae"
        text run at (0,76) width 343: "felis vel orci sagittis aliquam. Cras convallis adipiscing"
        text run at (0,95) width 340: "sem. Nam nonummy enim. Nullam bibendum lobortis"
        text run at (0,114) width 344: "neque. Vestibulum velit orci, tempus euismod, pretium"
        text run at (0,134) width 343: "quis, interdum vitae, nulla. Phasellus eget ante et tortor"
        text run at (0,153) width 343: "condimentum vestibulum. Suspendisse hendrerit quam"
        text run at (0,172) width 362: "nec felis. Sed varius turpis vitae pede. Lorem ipsum dolor"
        text run at (0,191) width 233: "sit amet, consectetuer adipiscing elit. "
        text run at (233,191) width 121: "Lorem ipsum dolor"
        text run at (0,210) width 363: "sit amet, consectetuer adipiscing elit. Nulla varius enim ac"
        text run at (0,229) width 20: "mi."
layer at (13,1518) size 750x209
  RenderBlock (anonymous multi-column) at (5,205) size 750x209
    RenderBlock (anonymous) at (0,0) size 367x209
      RenderInline {SPAN} at (0,0) size 42x19
        RenderText {#text} at (0,0) size 42x19
          text run at (0,0) width 42: "Lorem"
      RenderText {#text} at (42,0) size 362x209
        text run at (42,0) width 312: " ipsum dolor sit amet, consectetuer adipiscing elit."
        text run at (0,19) width 351: "Nulla varius enim ac mi. Curabitur sollicitudin felis quis"
        text run at (0,38) width 325: "lectus. Quisque adipiscing rhoncus sem. Proin nulla"
        text run at (0,57) width 358: "purus, vulputate vel, varius ut, euismod et, nisi. Sed vitae"
        text run at (0,76) width 343: "felis vel orci sagittis aliquam. Cras convallis adipiscing"
        text run at (0,95) width 340: "sem. Nam nonummy enim. Nullam bibendum lobortis"
        text run at (0,114) width 344: "neque. Vestibulum velit orci, tempus euismod, pretium"
        text run at (0,133) width 343: "quis, interdum vitae, nulla. Phasellus eget ante et tortor"
        text run at (0,152) width 343: "condimentum vestibulum. Suspendisse hendrerit quam"
        text run at (0,171) width 362: "nec felis. Sed varius turpis vitae pede. Lorem ipsum dolor"
        text run at (0,190) width 229: "sit amet, consectetuer adipiscing elit."
    RenderBlock {P} at (0,209) size 367x209
      RenderText {#text} at (0,0) size 362x209
        text run at (0,0) width 354: "Lorem ipsum dolor sit amet, consectetuer adipiscing elit."
        text run at (0,19) width 351: "Nulla varius enim ac mi. Curabitur sollicitudin felis quis"
        text run at (0,38) width 325: "lectus. Quisque adipiscing rhoncus sem. Proin nulla"
        text run at (0,57) width 358: "purus, vulputate vel, varius ut, euismod et, nisi. Sed vitae"
        text run at (0,76) width 343: "felis vel orci sagittis aliquam. Cras convallis adipiscing"
        text run at (0,95) width 340: "sem. Nam nonummy enim. Nullam bibendum lobortis"
        text run at (0,114) width 344: "neque. Vestibulum velit orci, tempus euismod, pretium"
        text run at (0,133) width 343: "quis, interdum vitae, nulla. Phasellus eget ante et tortor"
        text run at (0,152) width 343: "condimentum vestibulum. Suspendisse hendrerit quam"
        text run at (0,171) width 362: "nec felis. Sed varius turpis vitae pede. Lorem ipsum dolor"
        text run at (0,190) width 229: "sit amet, consectetuer adipiscing elit."
layer at (8,1764) size 760x435
  RenderBlock {DIV} at (0,1748) size 760x435 [border: (5px solid #800000)]
    RenderBlock (anonymous multi-column span) at (5,252) size 750x28
      RenderBlock {H2} at (0,0) size 750x28 [bgcolor=#EEEEEE]
        RenderText {#text} at (0,0) size 276x28
          text run at (0,0) width 276: "This is a spanning element."
layer at (13,1769) size 750x228
  RenderBlock (anonymous multi-column) at (5,5) size 750x228
    RenderBlock (anonymous) at (0,0) size 367x209
      RenderInline {SPAN} at (0,0) size 362x209
        RenderText {#text} at (0,0) size 362x209
          text run at (0,0) width 354: "Lorem ipsum dolor sit amet, consectetuer adipiscing elit."
          text run at (0,19) width 351: "Nulla varius enim ac mi. Curabitur sollicitudin felis quis"
          text run at (0,38) width 325: "lectus. Quisque adipiscing rhoncus sem. Proin nulla"
          text run at (0,57) width 358: "purus, vulputate vel, varius ut, euismod et, nisi. Sed vitae"
          text run at (0,76) width 343: "felis vel orci sagittis aliquam. Cras convallis adipiscing"
          text run at (0,95) width 340: "sem. Nam nonummy enim. Nullam bibendum lobortis"
          text run at (0,114) width 344: "neque. Vestibulum velit orci, tempus euismod, pretium"
          text run at (0,133) width 343: "quis, interdum vitae, nulla. Phasellus eget ante et tortor"
          text run at (0,152) width 343: "condimentum vestibulum. Suspendisse hendrerit quam"
          text run at (0,171) width 362: "nec felis. Sed varius turpis vitae pede. Lorem ipsum dolor"
          text run at (0,190) width 229: "sit amet, consectetuer adipiscing elit."
    RenderBlock (anonymous) at (0,209) size 367x38
      RenderBlock {SPAN} at (0,0) size 367x38
        RenderText {#text} at (0,0) size 354x38
          text run at (0,0) width 354: "Lorem ipsum dolor sit amet, consectetuer adipiscing elit."
          text run at (0,19) width 154: "Nulla varius enim ac mi."
    RenderBlock (anonymous) at (0,247) size 367x209
      RenderInline {SPAN} at (0,0) size 42x19
        RenderText {#text} at (0,0) size 42x19
          text run at (0,0) width 42: "Lorem"
      RenderText {#text} at (42,0) size 362x209
        text run at (42,0) width 312: " ipsum dolor sit amet, consectetuer adipiscing elit."
        text run at (0,19) width 351: "Nulla varius enim ac mi. Curabitur sollicitudin felis quis"
        text run at (0,38) width 325: "lectus. Quisque adipiscing rhoncus sem. Proin nulla"
        text run at (0,57) width 358: "purus, vulputate vel, varius ut, euismod et, nisi. Sed vitae"
        text run at (0,76) width 343: "felis vel orci sagittis aliquam. Cras convallis adipiscing"
        text run at (0,95) width 340: "sem. Nam nonummy enim. Nullam bibendum lobortis"
        text run at (0,114) width 344: "neque. Vestibulum velit orci, tempus euismod, pretium"
        text run at (0,133) width 343: "quis, interdum vitae, nulla. Phasellus eget ante et tortor"
        text run at (0,152) width 343: "condimentum vestibulum. Suspendisse hendrerit quam"
        text run at (0,171) width 362: "nec felis. Sed varius turpis vitae pede. Lorem ipsum dolor"
        text run at (0,190) width 229: "sit amet, consectetuer adipiscing elit."
layer at (13,2063) size 750x115
  RenderBlock (anonymous multi-column) at (5,299) size 750x115
    RenderBlock {P} at (0,0) size 367x210
      RenderText {#text} at (0,0) size 362x210
        text run at (0,0) width 354: "Lorem ipsum dolor sit amet, consectetuer adipiscing elit."
        text run at (0,19) width 351: "Nulla varius enim ac mi. Curabitur sollicitudin felis quis"
        text run at (0,38) width 325: "lectus. Quisque adipiscing rhoncus sem. Proin nulla"
        text run at (0,57) width 358: "purus, vulputate vel, varius ut, euismod et, nisi. Sed vitae"
        text run at (0,76) width 343: "felis vel orci sagittis aliquam. Cras convallis adipiscing"
        text run at (0,95) width 340: "sem. Nam nonummy enim. Nullam bibendum lobortis"
        text run at (0,115) width 344: "neque. Vestibulum velit orci, tempus euismod, pretium"
        text run at (0,134) width 343: "quis, interdum vitae, nulla. Phasellus eget ante et tortor"
        text run at (0,153) width 343: "condimentum vestibulum. Suspendisse hendrerit quam"
        text run at (0,172) width 362: "nec felis. Sed varius turpis vitae pede. Lorem ipsum dolor"
        text run at (0,191) width 229: "sit amet, consectetuer adipiscing elit."
layer at (8,2215) size 760x453
  RenderBlock {DIV} at (0,2199) size 760x453 [border: (5px solid #800000)]
    RenderBlock (anonymous multi-column span) at (5,287) size 750x28
      RenderBlock {H2} at (0,0) size 750x28 [bgcolor=#EEEEEE]
        RenderText {#text} at (0,0) size 276x28
          text run at (0,0) width 276: "This is a spanning element."
layer at (13,2236) size 750x247
  RenderBlock (anonymous multi-column) at (5,21) size 750x247
    RenderBlock {P} at (0,0) size 367x209
      RenderText {#text} at (0,0) size 362x209
        text run at (0,0) width 354: "Lorem ipsum dolor sit amet, consectetuer adipiscing elit."
        text run at (0,19) width 351: "Nulla varius enim ac mi. Curabitur sollicitudin felis quis"
        text run at (0,38) width 325: "lectus. Quisque adipiscing rhoncus sem. Proin nulla"
        text run at (0,57) width 358: "purus, vulputate vel, varius ut, euismod et, nisi. Sed vitae"
        text run at (0,76) width 343: "felis vel orci sagittis aliquam. Cras convallis adipiscing"
        text run at (0,95) width 340: "sem. Nam nonummy enim. Nullam bibendum lobortis"
        text run at (0,114) width 344: "neque. Vestibulum velit orci, tempus euismod, pretium"
        text run at (0,133) width 343: "quis, interdum vitae, nulla. Phasellus eget ante et tortor"
        text run at (0,152) width 343: "condimentum vestibulum. Suspendisse hendrerit quam"
        text run at (0,171) width 362: "nec felis. Sed varius turpis vitae pede. Lorem ipsum dolor"
        text run at (0,190) width 229: "sit amet, consectetuer adipiscing elit."
    RenderBlock {P} at (0,225) size 367x41
      RenderText {#text} at (0,0) size 354x41
        text run at (0,0) width 354: "Lorem ipsum dolor sit amet, consectetuer adipiscing elit."
        text run at (0,22) width 154: "Nulla varius enim ac mi."
    RenderBlock {P} at (0,282) size 367x209
      RenderText {#text} at (0,0) size 362x209
        text run at (0,0) width 354: "Lorem ipsum dolor sit amet, consectetuer adipiscing elit."
        text run at (0,19) width 351: "Nulla varius enim ac mi. Curabitur sollicitudin felis quis"
        text run at (0,38) width 325: "lectus. Quisque adipiscing rhoncus sem. Proin nulla"
        text run at (0,57) width 358: "purus, vulputate vel, varius ut, euismod et, nisi. Sed vitae"
        text run at (0,76) width 343: "felis vel orci sagittis aliquam. Cras convallis adipiscing"
        text run at (0,95) width 340: "sem. Nam nonummy enim. Nullam bibendum lobortis"
        text run at (0,114) width 344: "neque. Vestibulum velit orci, tempus euismod, pretium"
        text run at (0,133) width 343: "quis, interdum vitae, nulla. Phasellus eget ante et tortor"
        text run at (0,152) width 343: "condimentum vestibulum. Suspendisse hendrerit quam"
        text run at (0,171) width 362: "nec felis. Sed varius turpis vitae pede. Lorem ipsum dolor"
        text run at (0,190) width 229: "sit amet, consectetuer adipiscing elit."
layer at (13,2549) size 750x114
  RenderBlock (anonymous multi-column) at (5,334) size 750x114
    RenderBlock (anonymous) at (0,0) size 367x19
      RenderInline {SPAN} at (0,0) size 354x19
        RenderText {#text} at (0,0) size 354x19
          text run at (0,0) width 354: "Lorem ipsum dolor sit amet, consectetuer adipiscing elit."
    RenderBlock (anonymous) at (0,19) size 367x19
      RenderBlock {SPAN} at (0,0) size 367x19
        RenderText {#text} at (0,0) size 154x19
          text run at (0,0) width 154: "Nulla varius enim ac mi."
    RenderBlock (anonymous) at (0,38) size 367x190
      RenderInline {SPAN} at (0,0) size 362x190
        RenderText {#text} at (0,0) size 362x190
          text run at (0,0) width 362: "Curabitur sollicitudin felis quis lectus. Quisque adipiscing"
          text run at (0,19) width 350: "rhoncus sem. Proin nulla purus, vulputate vel, varius ut,"
          text run at (0,38) width 350: "euismod et, nisi. Sed vitae felis vel orci sagittis aliquam."
          text run at (0,57) width 332: "Cras convallis adipiscing sem. Nam nonummy enim."
          text run at (0,76) width 351: "Nullam bibendum lobortis neque. Vestibulum velit orci,"
          text run at (0,95) width 329: "tempus euismod, pretium quis, interdum vitae, nulla."
          text run at (0,114) width 339: "Phasellus eget ante et tortor condimentum vestibulum."
          text run at (0,133) width 345: "Suspendisse hendrerit quam nec felis. Sed varius turpis"
          text run at (0,152) width 331: "vitae pede. Lorem ipsum dolor sit amet, consectetuer"
          text run at (0,171) width 91: "adipiscing elit."
      RenderText {#text} at (0,0) size 0x0
