layer at (0,0) size 784x1596
  RenderView at (0,0) size 784x600
layer at (0,0) size 784x1596
  RenderBlock {HTML} at (0,0) size 784x1596
    RenderBody {BODY} at (8,16) size 768x1564
layer at (8,16) size 760x504
  RenderBlock {DIV} at (0,0) size 760x504 [border: (5px solid #800000)]
    RenderBlock (anonymous multi-column span) at (5,233) size 750x28
      RenderBlock {H2} at (0,0) size 750x28 [bgcolor=#EEEEEE]
        RenderText {#text} at (0,0) size 193x28
          text run at (0,0) width 193: "This is a first span."
    RenderBlock (anonymous multi-column span) at (5,318) size 750x28
      RenderBlock {H2} at (0,0) size 750x28 [bgcolor=#EEEEEE]
        RenderText {#text} at (0,0) size 219x28
          text run at (0,0) width 219: "This is a second span."
layer at (13,21) size 750x209
  RenderBlock (anonymous multi-column) at (5,5) size 750x209
    RenderText {#text} at (0,0) size 363x418
      text run at (0,0) width 354: "Lorem ipsum dolor sit amet, consectetuer adipiscing elit."
      text run at (0,19) width 351: "Nulla varius enim ac mi. Curabitur sollicitudin felis quis"
      text run at (0,38) width 325: "lectus. Quisque adipiscing rhoncus sem. Proin nulla"
      text run at (0,57) width 358: "purus, vulputate vel, varius ut, euismod et, nisi. Sed vitae"
      text run at (0,76) width 343: "felis vel orci sagittis aliquam. Cras convallis adipiscing"
      text run at (0,95) width 340: "sem. Nam nonummy enim. Nullam bibendum lobortis"
      text run at (0,114) width 344: "neque. Vestibulum velit orci, tempus euismod, pretium"
      text run at (0,133) width 343: "quis, interdum vitae, nulla. Phasellus eget ante et tortor"
      text run at (0,152) width 343: "condimentum vestibulum. Suspendisse hendrerit quam"
      text run at (0,171) width 362: "nec felis. Sed varius turpis vitae pede. Lorem ipsum dolor"
      text run at (0,190) width 233: "sit amet, consectetuer adipiscing elit. "
      text run at (233,190) width 121: "Lorem ipsum dolor"
      text run at (0,209) width 363: "sit amet, consectetuer adipiscing elit. Nulla varius enim ac"
      text run at (0,228) width 318: "mi. Curabitur sollicitudin felis quis lectus. Quisque"
      text run at (0,247) width 356: "adipiscing rhoncus sem. Proin nulla purus, vulputate vel,"
      text run at (0,266) width 354: "varius ut, euismod et, nisi. Sed vitae felis vel orci sagittis"
      text run at (0,285) width 351: "aliquam. Cras convallis adipiscing sem. Nam nonummy"
      text run at (0,304) width 358: "enim. Nullam bibendum lobortis neque. Vestibulum velit"
      text run at (0,323) width 361: "orci, tempus euismod, pretium quis, interdum vitae, nulla."
      text run at (0,342) width 339: "Phasellus eget ante et tortor condimentum vestibulum."
      text run at (0,361) width 345: "Suspendisse hendrerit quam nec felis. Sed varius turpis"
      text run at (0,380) width 331: "vitae pede. Lorem ipsum dolor sit amet, consectetuer"
      text run at (0,399) width 91: "adipiscing elit."
layer at (13,296) size 750x19
  RenderBlock (anonymous multi-column) at (5,280) size 750x19
    RenderText {#text} at (0,0) size 308x38
      text run at (0,0) width 308: "This text should be sitting between two spanning"
      text run at (0,19) width 59: "elements."
layer at (13,381) size 750x134
  RenderBlock (anonymous multi-column) at (5,365) size 750x134
    RenderText {#text} at (0,0) size 363x248
      text run at (0,0) width 354: "Lorem ipsum dolor sit amet, consectetuer adipiscing elit."
      text run at (0,19) width 351: "Nulla varius enim ac mi. Curabitur sollicitudin felis quis"
      text run at (0,38) width 325: "lectus. Quisque adipiscing rhoncus sem. Proin nulla"
      text run at (0,57) width 358: "purus, vulputate vel, varius ut, euismod et, nisi. Sed vitae"
      text run at (0,76) width 343: "felis vel orci sagittis aliquam. Cras convallis adipiscing"
      text run at (0,95) width 340: "sem. Nam nonummy enim. Nullam bibendum lobortis"
      text run at (0,114) width 344: "neque. Vestibulum velit orci, tempus euismod, pretium"
      text run at (0,134) width 343: "quis, interdum vitae, nulla. Phasellus eget ante et tortor"
      text run at (0,153) width 343: "condimentum vestibulum. Suspendisse hendrerit quam"
      text run at (0,172) width 362: "nec felis. Sed varius turpis vitae pede. Lorem ipsum dolor"
      text run at (0,191) width 233: "sit amet, consectetuer adipiscing elit. "
      text run at (233,191) width 121: "Lorem ipsum dolor"
      text run at (0,210) width 363: "sit amet, consectetuer adipiscing elit. Nulla varius enim ac"
      text run at (0,229) width 20: "mi."
layer at (8,536) size 760x522
  RenderBlock {DIV} at (0,520) size 760x522 [border: (5px solid #800000)]
    RenderBlock (anonymous multi-column span) at (5,155) size 750x28
      RenderBlock {H2} at (0,0) size 750x28 [bgcolor=#EEEEEE]
        RenderText {#text} at (0,0) size 193x28
          text run at (0,0) width 193: "This is a first span."
    RenderBlock (anonymous multi-column span) at (5,336) size 750x28
      RenderBlock {H2} at (0,0) size 750x28 [bgcolor=#EEEEEE]
        RenderText {#text} at (0,0) size 219x28
          text run at (0,0) width 219: "This is a second span."
layer at (13,557) size 750x115
  RenderBlock (anonymous multi-column) at (5,21) size 750x115
    RenderBlock {P} at (0,0) size 367x210
      RenderText {#text} at (0,0) size 362x210
        text run at (0,0) width 354: "Lorem ipsum dolor sit amet, consectetuer adipiscing elit."
        text run at (0,19) width 351: "Nulla varius enim ac mi. Curabitur sollicitudin felis quis"
        text run at (0,38) width 325: "lectus. Quisque adipiscing rhoncus sem. Proin nulla"
        text run at (0,57) width 358: "purus, vulputate vel, varius ut, euismod et, nisi. Sed vitae"
        text run at (0,76) width 343: "felis vel orci sagittis aliquam. Cras convallis adipiscing"
        text run at (0,95) width 340: "sem. Nam nonummy enim. Nullam bibendum lobortis"
        text run at (0,115) width 344: "neque. Vestibulum velit orci, tempus euismod, pretium"
        text run at (0,134) width 343: "quis, interdum vitae, nulla. Phasellus eget ante et tortor"
        text run at (0,153) width 343: "condimentum vestibulum. Suspendisse hendrerit quam"
        text run at (0,172) width 362: "nec felis. Sed varius turpis vitae pede. Lorem ipsum dolor"
        text run at (0,191) width 229: "sit amet, consectetuer adipiscing elit."
layer at (13,738) size 750x115
  RenderBlock (anonymous multi-column) at (5,202) size 750x115
    RenderBlock {P} at (0,0) size 367x210
      RenderText {#text} at (0,0) size 362x210
        text run at (0,0) width 354: "Lorem ipsum dolor sit amet, consectetuer adipiscing elit."
        text run at (0,19) width 351: "Nulla varius enim ac mi. Curabitur sollicitudin felis quis"
        text run at (0,38) width 325: "lectus. Quisque adipiscing rhoncus sem. Proin nulla"
        text run at (0,57) width 358: "purus, vulputate vel, varius ut, euismod et, nisi. Sed vitae"
        text run at (0,76) width 343: "felis vel orci sagittis aliquam. Cras convallis adipiscing"
        text run at (0,95) width 340: "sem. Nam nonummy enim. Nullam bibendum lobortis"
        text run at (0,115) width 344: "neque. Vestibulum velit orci, tempus euismod, pretium"
        text run at (0,134) width 343: "quis, interdum vitae, nulla. Phasellus eget ante et tortor"
        text run at (0,153) width 343: "condimentum vestibulum. Suspendisse hendrerit quam"
        text run at (0,172) width 362: "nec felis. Sed varius turpis vitae pede. Lorem ipsum dolor"
        text run at (0,191) width 229: "sit amet, consectetuer adipiscing elit."
layer at (13,919) size 750x134
  RenderBlock (anonymous multi-column) at (5,383) size 750x134
    RenderText {#text} at (0,0) size 363x248
      text run at (0,0) width 354: "Lorem ipsum dolor sit amet, consectetuer adipiscing elit."
      text run at (0,19) width 351: "Nulla varius enim ac mi. Curabitur sollicitudin felis quis"
      text run at (0,38) width 325: "lectus. Quisque adipiscing rhoncus sem. Proin nulla"
      text run at (0,57) width 358: "purus, vulputate vel, varius ut, euismod et, nisi. Sed vitae"
      text run at (0,76) width 343: "felis vel orci sagittis aliquam. Cras convallis adipiscing"
      text run at (0,95) width 340: "sem. Nam nonummy enim. Nullam bibendum lobortis"
      text run at (0,114) width 344: "neque. Vestibulum velit orci, tempus euismod, pretium"
      text run at (0,134) width 343: "quis, interdum vitae, nulla. Phasellus eget ante et tortor"
      text run at (0,153) width 343: "condimentum vestibulum. Suspendisse hendrerit quam"
      text run at (0,172) width 362: "nec felis. Sed varius turpis vitae pede. Lorem ipsum dolor"
      text run at (0,191) width 233: "sit amet, consectetuer adipiscing elit. "
      text run at (233,191) width 121: "Lorem ipsum dolor"
      text run at (0,210) width 363: "sit amet, consectetuer adipiscing elit. Nulla varius enim ac"
      text run at (0,229) width 20: "mi."
layer at (8,1074) size 760x506
  RenderBlock {DIV} at (0,1058) size 760x506 [border: (5px solid #800000)]
    RenderBlock (anonymous multi-column span) at (5,139) size 750x28
      RenderBlock {H2} at (0,0) size 750x28 [bgcolor=#EEEEEE]
        RenderText {#text} at (0,0) size 193x28
          text run at (0,0) width 193: "This is a first span."
    RenderBlock (anonymous multi-column span) at (5,320) size 750x28
      RenderBlock {H2} at (0,0) size 750x28 [bgcolor=#EEEEEE]
        RenderText {#text} at (0,0) size 219x28
          text run at (0,0) width 219: "This is a second span."
layer at (13,1079) size 750x115
  RenderBlock (anonymous multi-column) at (5,5) size 750x115
    RenderBlock (anonymous) at (0,0) size 367x0
      RenderInline {SPAN} at (0,0) size 0x0
        RenderText {#text} at (0,0) size 0x0
    RenderBlock (anonymous) at (0,0) size 367x210
      RenderBlock {SPAN} at (0,0) size 367x210
        RenderText {#text} at (0,0) size 362x210
          text run at (0,0) width 354: "Lorem ipsum dolor sit amet, consectetuer adipiscing elit."
          text run at (0,19) width 351: "Nulla varius enim ac mi. Curabitur sollicitudin felis quis"
          text run at (0,38) width 325: "lectus. Quisque adipiscing rhoncus sem. Proin nulla"
          text run at (0,57) width 358: "purus, vulputate vel, varius ut, euismod et, nisi. Sed vitae"
          text run at (0,76) width 343: "felis vel orci sagittis aliquam. Cras convallis adipiscing"
          text run at (0,95) width 340: "sem. Nam nonummy enim. Nullam bibendum lobortis"
          text run at (0,115) width 344: "neque. Vestibulum velit orci, tempus euismod, pretium"
          text run at (0,134) width 343: "quis, interdum vitae, nulla. Phasellus eget ante et tortor"
          text run at (0,153) width 343: "condimentum vestibulum. Suspendisse hendrerit quam"
          text run at (0,172) width 362: "nec felis. Sed varius turpis vitae pede. Lorem ipsum dolor"
          text run at (0,191) width 229: "sit amet, consectetuer adipiscing elit."
    RenderBlock (anonymous) at (0,210) size 367x0
      RenderInline {SPAN} at (0,0) size 0x0
      RenderText {#text} at (0,0) size 0x0
layer at (13,1260) size 750x115
  RenderBlock (anonymous multi-column) at (5,186) size 750x115
    RenderBlock {P} at (0,0) size 367x210
      RenderText {#text} at (0,0) size 362x210
        text run at (0,0) width 354: "Lorem ipsum dolor sit amet, consectetuer adipiscing elit."
        text run at (0,19) width 351: "Nulla varius enim ac mi. Curabitur sollicitudin felis quis"
        text run at (0,38) width 325: "lectus. Quisque adipiscing rhoncus sem. Proin nulla"
        text run at (0,57) width 358: "purus, vulputate vel, varius ut, euismod et, nisi. Sed vitae"
        text run at (0,76) width 343: "felis vel orci sagittis aliquam. Cras convallis adipiscing"
        text run at (0,95) width 340: "sem. Nam nonummy enim. Nullam bibendum lobortis"
        text run at (0,115) width 344: "neque. Vestibulum velit orci, tempus euismod, pretium"
        text run at (0,134) width 343: "quis, interdum vitae, nulla. Phasellus eget ante et tortor"
        text run at (0,153) width 343: "condimentum vestibulum. Suspendisse hendrerit quam"
        text run at (0,172) width 362: "nec felis. Sed varius turpis vitae pede. Lorem ipsum dolor"
        text run at (0,191) width 229: "sit amet, consectetuer adipiscing elit."
layer at (13,1441) size 750x134
  RenderBlock (anonymous multi-column) at (5,367) size 750x134
    RenderText {#text} at (0,0) size 363x248
      text run at (0,0) width 354: "Lorem ipsum dolor sit amet, consectetuer adipiscing elit."
      text run at (0,19) width 351: "Nulla varius enim ac mi. Curabitur sollicitudin felis quis"
      text run at (0,38) width 325: "lectus. Quisque adipiscing rhoncus sem. Proin nulla"
      text run at (0,57) width 358: "purus, vulputate vel, varius ut, euismod et, nisi. Sed vitae"
      text run at (0,76) width 343: "felis vel orci sagittis aliquam. Cras convallis adipiscing"
      text run at (0,95) width 340: "sem. Nam nonummy enim. Nullam bibendum lobortis"
      text run at (0,114) width 344: "neque. Vestibulum velit orci, tempus euismod, pretium"
      text run at (0,134) width 343: "quis, interdum vitae, nulla. Phasellus eget ante et tortor"
      text run at (0,153) width 343: "condimentum vestibulum. Suspendisse hendrerit quam"
      text run at (0,172) width 362: "nec felis. Sed varius turpis vitae pede. Lorem ipsum dolor"
      text run at (0,191) width 233: "sit amet, consectetuer adipiscing elit. "
      text run at (233,191) width 121: "Lorem ipsum dolor"
      text run at (0,210) width 363: "sit amet, consectetuer adipiscing elit. Nulla varius enim ac"
      text run at (0,229) width 20: "mi."
