layer at (0,0) size 784x1689
  RenderView at (0,0) size 784x600
layer at (0,0) size 784x1689
  RenderBlock {HTML} at (0,0) size 784x1689
    RenderBody {BODY} at (8,21) size 768x1652
      RenderBlock {H1} at (0,0) size 768x42
        RenderText {#text} at (0,0) size 290x41
          text run at (0,0) width 290: "Table Border Models"
      RenderBlock {P} at (0,63) size 768x21
        RenderText {#text} at (0,0) size 125x21
          text run at (0,0) width 125: "This tests tests the "
        RenderInline {A} at (0,0) size 223x21 [color=#0000EE]
          RenderText {#text} at (125,0) size 223x21
            text run at (125,0) width 223: "CSS2 spec rules on table borders"
        RenderText {#text} at (348,0) size 194x21
          text run at (348,0) width 8: ". "
          text run at (356,0) width 186: "The styles applied here are:"
      RenderBlock {PRE} at (0,100) size 768x192
        RenderText {#text} at (0,0) size 592x192
          text run at (0,0) width 295: "TABLE\x{9}{ margin: 1em; border: medium solid blue; }"
          text run at (295,0) width 0: " "
          text run at (0,16) width 255: "TD\x{9}{ border: thin solid green; padding: 5px; }"
          text run at (255,16) width 0: " "
          text run at (0,32) width 283: "TH { border: medium solid purple; padding: 5px; }"
          text run at (283,32) width 0: " "
          text run at (0,48) width 283: "TABLE.one, TABLE.two { border-spacing: 1em; }"
          text run at (283,48) width 0: " "
          text run at (0,64) width 235: "TABLE.one { border-collapse: collapse; }"
          text run at (235,64) width 0: " "
          text run at (0,80) width 236: "TABLE.two { border-collapse: separate; }"
          text run at (236,80) width 0: " "
          text run at (0,96) width 393: "TABLE.three { border-collapse: separate; border-spacing: 0 0.5em; }"
          text run at (393,96) width 0: " "
          text run at (0,112) width 386: "TABLE.four { border-collapse: separate; border-spacing: 0.5em 0; }"
          text run at (386,112) width 0: " "
          text run at (0,128) width 237: "TABLE.five { border-collapse: separate; }"
          text run at (237,128) width 0: " "
          text run at (0,144) width 355: "TABLE.five, TABLE.five TD, TABLE.five TH { border: none; }"
          text run at (355,144) width 0: " "
          text run at (0,160) width 592: "TABLE.five TR, TABLE.five COL, TABLE.five COLGROUP, TABLE.five TBODY, TABLE.five THEAD"
          text run at (592,160) width 0: " "
          text run at (0,176) width 167: "\x{9}{ border: medium solid red; }"
          text run at (167,176) width 0: " "
      RenderTable {TABLE} at (16,308) size 736x229 [border: (1px solid #0000FF)]
        RenderTableSection {TBODY} at (1,1) size 733x226
          RenderTableRow {TR} at (0,0) size 733x34
            RenderTableCell {TH} at (0,0) size 244x34 [border: (2px solid #800080)] [r=0 c=0 rs=1 cs=1]
              RenderText {#text} at (81,7) size 83x21
                text run at (81,7) width 83: "Header One"
            RenderTableCell {TH} at (244,0) size 233x34 [border: (2px solid #800080)] [r=0 c=1 rs=1 cs=1]
              RenderText {#text} at (74,7) size 86x21
                text run at (74,7) width 86: "Header Two"
            RenderTableCell {TH} at (477,0) size 256x34 [border: (2px solid #800080)] [r=0 c=2 rs=1 cs=1]
              RenderText {#text} at (81,7) size 95x21
                text run at (81,7) width 95: "Header Three"
          RenderTableRow {TR} at (0,34) size 733x96
            RenderTableCell {TD} at (0,55) size 244x54 [border: (2px solid #008000)] [r=1 c=0 rs=1 cs=1]
              RenderText {#text} at (7,7) size 190x42
                text run at (7,7) width 190: "This table uses the collapsed"
                text run at (7,28) width 102: "borders model."
            RenderTableCell {TD} at (244,55) size 233x54 [border: (2px solid #008000)] [r=1 c=1 rs=1 cs=1]
              RenderText {#text} at (6,7) size 217x42
                text run at (6,7) width 217: "This means that elements within"
                text run at (6,28) width 215: "the cell have no border-spacing."
            RenderTableCell {TD} at (477,34) size 256x96 [border: (2px solid #008000)] [r=1 c=2 rs=1 cs=1]
              RenderText {#text} at (6,7) size 228x84
                text run at (6,7) width 228: "Since it has collapsed borders, the"
                text run at (6,28) width 190: "borders on the header cells, "
                text run at (196,28) width 37: "on all"
                text run at (6,49) width 199: "sides, should be medium solid"
                text run at (6,70) width 49: "purple."
          RenderTableRow {TR} at (0,130) size 733x96
            RenderTableCell {TD} at (0,130) size 244x96 [border: (1px solid #008000)] [r=2 c=0 rs=1 cs=1]
              RenderText {#text} at (7,6) size 196x84
                text run at (7,6) width 192: "The border of the table itself"
                text run at (7,27) width 196: "should be medium solid blue,"
                text run at (7,48) width 47: "except "
                text run at (54,48) width 125: "where header cells"
                text run at (7,69) width 137: "override the border."
            RenderTableCell {TD} at (244,130) size 233x96 [border: (1px solid #008000)] [r=2 c=1 rs=1 cs=1]
              RenderText {#text} at (6,6) size 216x84
                text run at (6,6) width 179: "The borders that I haven't"
                text run at (6,27) width 216: "already mentioned (all the other"
                text run at (6,48) width 57: "internal "
                text run at (63,48) width 135: "ones) should be thin"
                text run at (6,69) width 77: "solid green."
            RenderTableCell {TD} at (477,130) size 256x96 [border: (1px solid #008000)] [r=2 c=2 rs=1 cs=1]
              RenderText {#text} at (6,6) size 202x63
                text run at (6,6) width 196: "This table should have a 1em"
                text run at (6,27) width 172: "margin around all edges. "
                text run at (178,27) width 30: "This"
                text run at (6,48) width 53: "margin "
                text run at (59,48) width 146: "is measured from the "
              RenderInline {EM} at (0,0) size 43x21
                RenderText {#text} at (205,48) size 43x21
                  text run at (205,48) width 43: "middle"
              RenderText {#text} at (6,69) size 87x21
                text run at (6,69) width 87: "of its border."
      RenderTable {TABLE} at (16,553) size 736x257 [border: (3px solid #0000FF)]
        RenderTableSection {TBODY} at (3,3) size 730x251
          RenderTableRow {TR} at (0,16) size 730x37
            RenderTableCell {TH} at (16,16) size 162x37 [border: (3px solid #800080)] [r=0 c=0 rs=1 cs=1]
              RenderText {#text} at (40,8) size 82x21
                text run at (40,8) width 82: "Header One"
            RenderTableCell {TH} at (194,16) size 191x37 [border: (3px solid #800080)] [r=0 c=1 rs=1 cs=1]
              RenderText {#text} at (53,8) size 85x21
                text run at (53,8) width 85: "Header Two"
            RenderTableCell {TH} at (401,16) size 313x37 [border: (3px solid #800080)] [r=0 c=2 rs=1 cs=1]
              RenderText {#text} at (109,8) size 95x21
                text run at (109,8) width 95: "Header Three"
          RenderTableRow {TR} at (0,69) size 730x75
            RenderTableCell {TD} at (16,69) size 162x75 [border: (1px solid #008000)] [r=1 c=0 rs=1 cs=1]
              RenderText {#text} at (6,6) size 124x63
                text run at (6,6) width 124: "This table uses the"
                text run at (6,27) width 123: "separated borders"
                text run at (6,48) width 45: "model."
            RenderTableCell {TD} at (194,69) size 191x75 [border: (1px solid #008000)] [r=1 c=1 rs=1 cs=1]
              RenderText {#text} at (6,6) size 170x63
                text run at (6,6) width 170: "This means that elements"
                text run at (6,27) width 130: "within the cell have"
                text run at (6,48) width 156: "border-spacing of 1em."
            RenderTableCell {TD} at (401,79) size 313x54 [border: (1px solid #008000)] [r=1 c=2 rs=1 cs=1]
              RenderText {#text} at (6,6) size 298x42
                text run at (6,6) width 221: "The borders on the header cells, "
                text run at (227,6) width 77: "on all sides,"
                text run at (6,27) width 212: "should be medium solid purple."
          RenderTableRow {TR} at (0,160) size 730x75
            RenderTableCell {TD} at (16,160) size 162x75 [border: (1px solid #008000)] [r=2 c=0 rs=1 cs=1]
              RenderText {#text} at (6,6) size 137x63
                text run at (6,6) width 120: "The border of the"
                text run at (6,27) width 137: "table itself should be"
                text run at (6,48) width 127: "medium solid blue."
            RenderTableCell {TD} at (194,170) size 191x54 [border: (1px solid #008000)] [r=2 c=1 rs=1 cs=1]
              RenderText {#text} at (6,6) size 177x42
                text run at (6,6) width 173: "The borders of other cells"
                text run at (6,27) width 177: "should be thin solid green."
            RenderTableCell {TD} at (401,160) size 313x75 [border: (1px solid #008000)] [r=2 c=2 rs=1 cs=1]
              RenderText {#text} at (6,6) size 286x63
                text run at (6,6) width 249: "This table should have a 1em margin"
                text run at (6,27) width 119: "around all edges. "
                text run at (125,27) width 87: "This margin "
                text run at (212,27) width 80: "is measured"
                text run at (6,48) width 62: "from the "
              RenderInline {EM} at (0,0) size 68x21
                RenderText {#text} at (68,48) size 68x21
                  text run at (68,48) width 68: "outer edge"
              RenderText {#text} at (136,48) size 91x21
                text run at (136,48) width 91: " of its border."
      RenderTable {TABLE} at (16,826) size 736x309 [border: (3px solid #0000FF)]
        RenderTableSection {TBODY} at (3,3) size 730x303
          RenderTableRow {TR} at (0,8) size 730x37
            RenderTableCell {TH} at (0,8) size 189x37 [border: (3px solid #800080)] [r=0 c=0 rs=1 cs=1]
              RenderText {#text} at (53,8) size 83x21
                text run at (53,8) width 83: "Header One"
            RenderTableCell {TH} at (189,8) size 265x37 [border: (3px solid #800080)] [r=0 c=1 rs=1 cs=1]
              RenderText {#text} at (90,8) size 85x21
                text run at (90,8) width 85: "Header Two"
            RenderTableCell {TH} at (454,8) size 276x37 [border: (3px solid #800080)] [r=0 c=2 rs=1 cs=1]
              RenderText {#text} at (90,8) size 96x21
                text run at (90,8) width 96: "Header Three"
          RenderTableRow {TR} at (0,53) size 730x117
            RenderTableCell {TD} at (0,84) size 189x54 [border: (1px solid #008000)] [r=1 c=0 rs=1 cs=1]
              RenderText {#text} at (6,6) size 172x42
                text run at (6,6) width 124: "This table uses the"
                text run at (6,27) width 172: "separated borders model."
            RenderTableCell {TD} at (189,53) size 265x117 [border: (1px solid #008000)] [r=1 c=1 rs=1 cs=1]
              RenderText {#text} at (6,6) size 251x105
                text run at (6,6) width 196: "Elements within the cell have"
                text run at (6,27) width 251: "horizontal border-spacing (i.e., width"
                text run at (6,48) width 17: "of "
                text run at (23,48) width 202: "vertical lines) of 0 and vertical"
                text run at (6,69) width 198: "border-spacing (i.e., height of"
                text run at (6,90) width 173: "horizontal lines) of 0.5em."
            RenderTableCell {TD} at (454,84) size 276x54 [border: (1px solid #008000)] [r=1 c=2 rs=1 cs=1]
              RenderText {#text} at (6,6) size 258x42
                text run at (6,6) width 221: "The borders on the header cells, "
                text run at (227,6) width 37: "on all"
                text run at (6,27) width 252: "sides, should be medium solid purple."
          RenderTableRow {TR} at (0,178) size 730x117
            RenderTableCell {TD} at (0,178) size 189x117 [border: (1px solid #008000)] [r=2 c=0 rs=1 cs=1]
              RenderText {#text} at (6,6) size 173x105
                text run at (6,6) width 157: "The border of the table"
                text run at (6,27) width 159: "itself should be medium"
                text run at (6,48) width 72: "solid blue. "
                text run at (78,48) width 101: "The borders of"
                text run at (6,69) width 168: "other cells should be thin"
                text run at (6,90) width 77: "solid green."
            RenderTableCell {TD} at (189,188) size 265x96 [border: (1px solid #008000)] [r=2 c=1 rs=1 cs=1]
              RenderText {#text} at (6,6) size 249x63
                text run at (6,6) width 249: "This table should have a 1em margin"
                text run at (6,27) width 119: "around all edges. "
                text run at (125,27) width 87: "This margin "
                text run at (212,27) width 10: "is"
                text run at (6,48) width 132: "measured from the "
              RenderInline {EM} at (0,0) size 68x21
                RenderText {#text} at (138,48) size 68x21
                  text run at (138,48) width 68: "outer edge"
              RenderText {#text} at (206,48) size 236x42
                text run at (206,48) width 36: " of its"
                text run at (6,69) width 51: "border."
            RenderTableCell {TD} at (454,178) size 276x117 [border: (1px solid #008000)] [r=2 c=2 rs=1 cs=1]
              RenderText {#text} at (6,6) size 262x105
                text run at (6,6) width 262: "The table should not be wider than the"
                text run at (6,27) width 186: "room available for it unless "
                text run at (192,27) width 68: "that space"
                text run at (6,48) width 91: "is very small. "
                text run at (97,48) width 154: "Because of its margins,"
                text run at (6,69) width 110: "the width of the "
                text run at (116,69) width 129: "table should be less"
                text run at (6,90) width 79: "than 100%."
      RenderTable {TABLE} at (16,1151) size 736x256 [border: (3px solid #0000FF)]
        RenderTableSection {TBODY} at (3,3) size 730x250
          RenderTableRow {TR} at (0,0) size 730x37
            RenderTableCell {TH} at (8,0) size 201x37 [border: (3px solid #800080)] [r=0 c=0 rs=1 cs=1]
              RenderText {#text} at (59,8) size 83x21
                text run at (59,8) width 83: "Header One"
            RenderTableCell {TH} at (217,0) size 204x37 [border: (3px solid #800080)] [r=0 c=1 rs=1 cs=1]
              RenderText {#text} at (59,8) size 86x21
                text run at (59,8) width 86: "Header Two"
            RenderTableCell {TH} at (429,0) size 293x37 [border: (3px solid #800080)] [r=0 c=2 rs=1 cs=1]
              RenderText {#text} at (99,8) size 95x21
                text run at (99,8) width 95: "Header Three"
          RenderTableRow {TR} at (0,37) size 730x96
            RenderTableCell {TD} at (8,58) size 201x54 [border: (1px solid #008000)] [r=1 c=0 rs=1 cs=1]
              RenderText {#text} at (6,6) size 172x42
                text run at (6,6) width 124: "This table uses the"
                text run at (6,27) width 172: "separated borders model."
            RenderTableCell {TD} at (217,37) size 204x96 [border: (1px solid #008000)] [r=1 c=1 rs=1 cs=1]
              RenderText {#text} at (6,6) size 190x84
                text run at (6,6) width 160: "Elements within the cell"
                text run at (6,27) width 161: "have horizontal border-"
                text run at (6,48) width 142: "spacing of 0.5em and"
                text run at (6,69) width 54: "vertical "
                text run at (60,69) width 136: "border-spacing of 0."
            RenderTableCell {TD} at (429,58) size 293x54 [border: (1px solid #008000)] [r=1 c=2 rs=1 cs=1]
              RenderText {#text} at (6,6) size 258x42
                text run at (6,6) width 221: "The borders on the header cells, "
                text run at (227,6) width 37: "on all"
                text run at (6,27) width 252: "sides, should be medium solid purple."
          RenderTableRow {TR} at (0,133) size 730x117
            RenderTableCell {TD} at (8,133) size 201x117 [border: (1px solid #008000)] [r=2 c=0 rs=1 cs=1]
              RenderText {#text} at (6,6) size 173x105
                text run at (6,6) width 157: "The border of the table"
                text run at (6,27) width 159: "itself should be medium"
                text run at (6,48) width 72: "solid blue. "
                text run at (78,48) width 101: "The borders of"
                text run at (6,69) width 168: "other cells should be thin"
                text run at (6,90) width 77: "solid green."
            RenderTableCell {TD} at (217,133) size 204x117 [border: (1px solid #008000)] [r=2 c=1 rs=1 cs=1]
              RenderText {#text} at (6,6) size 164x84
                text run at (6,6) width 164: "This table should have a"
                text run at (6,27) width 155: "1em margin around all"
                text run at (6,48) width 45: "edges. "
                text run at (51,48) width 87: "This margin "
                text run at (138,48) width 10: "is"
                text run at (6,69) width 132: "measured from the "
              RenderInline {EM} at (0,0) size 166x42
                RenderText {#text} at (138,69) size 166x42
                  text run at (138,69) width 34: "outer"
                  text run at (6,90) width 30: "edge"
              RenderText {#text} at (36,90) size 91x21
                text run at (36,90) width 91: " of its border."
            RenderTableCell {TD} at (429,133) size 293x117 [border: (1px solid #008000)] [r=2 c=2 rs=1 cs=1]
              RenderText {#text} at (6,6) size 268x105
                text run at (6,6) width 262: "The table should not be wider than the"
                text run at (6,27) width 186: "room available for it unless "
                text run at (192,27) width 82: "that space is"
                text run at (6,48) width 77: "very small. "
                text run at (83,48) width 179: "Because of its margins, the"
                text run at (6,69) width 85: "width of the "
                text run at (91,69) width 164: "table should be less than"
                text run at (6,90) width 44: "100%."
      RenderTable {TABLE} at (16,1423) size 736x229
        RenderBlock {CAPTION} at (0,0) size 736x21
          RenderText {#text} at (304,0) size 128x21
            text run at (304,0) width 128: "This is the caption."
        RenderTableCol {COLGROUP} at (0,0) size 0x0 [border: (3px solid #FF0000)]
          RenderTableCol {COL} at (0,0) size 0x0 [border: (3px solid #FF0000)]
        RenderTableCol {COLGROUP} at (0,0) size 0x0 [border: (3px solid #FF0000)]
          RenderTableCol {COL} at (0,0) size 0x0 [border: (3px solid #FF0000)]
          RenderTableCol {COL} at (0,0) size 0x0 [border: (3px solid #FF0000)]
        RenderTableSection {THEAD} at (0,21) size 736x35 [border: (3px solid #FF0000)]
          RenderTableRow {TR} at (0,2) size 736x31 [border: (3px solid #FF0000)]
            RenderTableCell {TH} at (2,2) size 120x31 [r=0 c=0 rs=1 cs=1]
              RenderText {#text} at (19,5) size 82x21
                text run at (19,5) width 82: "Header One"
            RenderTableCell {TH} at (124,2) size 321x31 [r=0 c=1 rs=1 cs=1]
              RenderText {#text} at (118,5) size 85x21
                text run at (118,5) width 85: "Header Two"
            RenderTableCell {TH} at (447,2) size 287x31 [r=0 c=2 rs=1 cs=1]
              RenderText {#text} at (96,5) size 95x21
                text run at (96,5) width 95: "Header Three"
        RenderTableSection {TBODY} at (0,56) size 736x173 [border: (3px solid #FF0000)]
          RenderTableRow {TR} at (0,2) size 736x73 [border: (3px solid #FF0000)]
            RenderTableCell {TD} at (2,2) size 120x73 [r=0 c=0 rs=1 cs=1]
              RenderText {#text} at (5,5) size 102x63
                text run at (5,5) width 99: "This table uses"
                text run at (5,26) width 91: "the separated"
                text run at (5,47) width 102: "borders model."
            RenderTableCell {TD} at (124,12) size 321x52 [r=0 c=1 rs=1 cs=1]
              RenderText {#text} at (5,5) size 301x42
                text run at (5,5) width 301: "This means that borders are allowed only on"
                text run at (5,26) width 155: "table elements or table "
                text run at (160,26) width 88: "cell elements."
            RenderTableCell {TD} at (447,2) size 287x73 [r=0 c=2 rs=1 cs=1]
              RenderText {#text} at (5,5) size 275x63
                text run at (5,5) width 257: "They are not allowed on elements that"
                text run at (5,26) width 109: "represent rows, "
                text run at (114,26) width 166: "row-groups, columns, or"
                text run at (5,47) width 106: "column-groups."
          RenderTableRow {TR} at (0,77) size 736x94 [border: (3px solid #FF0000)]
            RenderTableCell {TD} at (2,87) size 120x73 [r=1 c=0 rs=1 cs=1]
              RenderText {#text} at (5,5) size 110x63
                text run at (5,5) width 110: "There should be"
                text run at (5,26) width 91: "no borders at"
                text run at (5,47) width 107: "all on this table!"
            RenderTableCell {TD} at (124,87) size 321x73 [r=1 c=1 rs=1 cs=1]
              RenderText {#text} at (5,5) size 303x63
                text run at (5,5) width 293: "If there are any borders shown that are not"
                text run at (5,26) width 159: "medium solid red, then "
                text run at (164,26) width 96: "the problem is"
                text run at (5,47) width 303: "something other than what this test is testing."
            RenderTableCell {TD} at (447,77) size 287x94 [r=1 c=2 rs=1 cs=1]
              RenderText {#text} at (5,5) size 249x63
                text run at (5,5) width 249: "This table should have a 1em margin"
                text run at (5,26) width 119: "around all edges. "
                text run at (124,26) width 87: "This margin "
                text run at (211,26) width 10: "is"
                text run at (5,47) width 132: "measured from the "
              RenderInline {EM} at (0,0) size 68x21
                RenderText {#text} at (137,47) size 68x21
                  text run at (137,47) width 68: "outer edge"
              RenderText {#text} at (205,47) size 236x42
                text run at (205,47) width 36: " of its"
                text run at (5,68) width 51: "border."
