layer at (0,0) size 800x600
  RenderView at (0,0) size 800x600
layer at (0,0) size 800x600
  RenderBlock {HTML} at (0,0) size 800x600
    RenderBody {BODY} at (8,8) size 784x576
      RenderBlock {H1} at (0,0) size 784x37
        RenderText {#text} at (0,0) size 234x36
          text run at (0,0) width 234: "Min-Width Tests"
      RenderTable {TABLE} at (0,58) size 784x86 [border: (2px outset #808080)]
        RenderTableSection {TBODY} at (2,2) size 780x82
          RenderTableRow {TR} at (0,0) size 780x82
            RenderTableCell {TD} at (0,0) size 140x82 [border: (1px inset #808080)] [r=0 c=0 rs=1 cs=1]
              RenderMenuList {SELECT} at (3,1) size 134x80 [bgcolor=#FFFFFF] [border: (40px solid #FF0000)]
                RenderBlock (anonymous) at (40,40) size 54x25
                  RenderText at (3,3) size 28x19
                    text run at (3,3) width 28: "Foo"
            RenderTableCell {TD} at (140,40) size 640x2 [border: (1px inset #808080)] [r=0 c=1 rs=1 cs=1]
      RenderBlock {P} at (0,160) size 784x24
        RenderTable {TABLE} at (0,0) size 784x24 [border: (2px outset #808080)]
          RenderTableSection {TBODY} at (2,2) size 780x20
            RenderTableRow {TR} at (0,0) size 780x20
              RenderTableCell {TD} at (0,0) size 23x20 [border: (1px inset #808080)] [r=0 c=0 rs=1 cs=1]
                RenderBlock {INPUT} at (5,4) size 13x12
              RenderTableCell {TD} at (23,9) size 757x2 [border: (1px inset #808080)] [r=0 c=1 rs=1 cs=1]
      RenderBlock {P} at (0,200) size 784x24
        RenderTable {TABLE} at (0,0) size 784x24 [border: (2px outset #808080)]
          RenderTableSection {TBODY} at (2,2) size 780x20
            RenderTableRow {TR} at (0,0) size 780x20
              RenderTableCell {TD} at (0,0) size 23x20 [border: (1px inset #808080)] [r=0 c=0 rs=1 cs=1]
                RenderBlock {INPUT} at (5,4) size 13x12
              RenderTableCell {TD} at (23,9) size 757x2 [border: (1px inset #808080)] [r=0 c=1 rs=1 cs=1]
      RenderBlock {P} at (0,240) size 784x38
        RenderTable {TABLE} at (0,0) size 784x38 [border: (2px outset #808080)]
          RenderTableSection {TBODY} at (2,2) size 780x34
            RenderTableRow {TR} at (0,0) size 780x34
              RenderTableCell {TD} at (0,0) size 50x34 [border: (1px inset #808080)] [r=0 c=0 rs=1 cs=1]
                RenderButton {INPUT} at (3,3) size 44x28 [bgcolor=#C0C0C0] [border: (2px outset #C0C0C0)]
                  RenderBlock (anonymous) at (8,4) size 28x19
                    RenderText at (0,0) size 28x19
                      text run at (0,0) width 28: "Foo"
              RenderTableCell {TD} at (50,16) size 730x2 [border: (1px inset #808080)] [r=0 c=1 rs=1 cs=1]
      RenderBlock {P} at (0,294) size 784x267
        RenderTable {TABLE} at (0,0) size 784x91 [border: (2px outset #808080)]
          RenderTableSection {TBODY} at (2,2) size 780x87
            RenderTableRow {TR} at (0,0) size 780x87
              RenderTableCell {TD} at (0,0) size 126x87 [border: (1px inset #808080)] [r=0 c=0 rs=1 cs=1]
                RenderButton {INPUT} at (3,1) size 120x85 [bgcolor=#C0C0C0] [border: (40px solid #FF0000)]
                  RenderBlock (anonymous) at (46,42) size 28x19
                    RenderText at (0,0) size 28x19
                      text run at (0,0) width 28: "Foo"
              RenderTableCell {TD} at (126,42) size 654x2 [border: (1px inset #808080)] [r=0 c=1 rs=1 cs=1]
        RenderTable {TABLE} at (0,91) size 784x91 [border: (2px outset #808080)]
          RenderTableSection {TBODY} at (2,2) size 780x87
            RenderTableRow {TR} at (0,0) size 780x87
              RenderTableCell {TD} at (0,0) size 192x87 [border: (1px inset #808080)] [r=0 c=0 rs=1 cs=1]
                RenderButton {INPUT} at (3,1) size 186x85 [bgcolor=#C0C0C0] [border: (40px solid #FF0000)]
                  RenderBlock (anonymous) at (46,42) size 94x19
                    RenderText at (0,0) size 94x19
                      text run at (0,0) width 94: "Submit a bug"
              RenderTableCell {TD} at (192,42) size 588x2 [border: (1px inset #808080)] [r=0 c=1 rs=1 cs=1]
        RenderBlock (anonymous) at (0,182) size 784x85
          RenderButton {INPUT} at (2,0) size 120x85 [bgcolor=#C0C0C0] [border: (40px solid #FF0000)]
            RenderBlock (anonymous) at (46,42) size 28x19
              RenderText at (0,0) size 28x19
                text run at (0,0) width 28: "Foo"
