layer at (0,0) size 800x600
  RenderView at (0,0) size 800x600
layer at (0,0) size 800x600
  RenderBlock {HTML} at (0,0) size 800x600
    RenderBody {BODY} at (8,8) size 784x584
      RenderMenuList {SELECT} at (2,0) size 66x27 [bgcolor=#FFFFFF] [border: (1px solid #000000)]
        RenderBlock (anonymous) at (1,1) size 64x25
          RenderText at (3,3) size 38x19
            text run at (3,3) width 38: "Hello"
      RenderBlock (anonymous) at (0,29) size 784x19
        RenderText {#text} at (0,0) size 292x19
          text run at (0,0) width 292: "This text should be *below* the select widget."
