layer at (0,0) size 800x600
  RenderView at (0,0) size 800x600
layer at (0,0) size 800x600
  RenderBlock {HTML} at (0,0) size 800x600
    RenderBody {BODY} at (8,8) size 784x584
      RenderMenuList {SELECT} at (2,2) size 66x27 [bgcolor=#FFFFFF] [border: (1px solid #000000)]
        RenderBlock (anonymous) at (1,1) size 64x25
          RenderText at (3,3) size 38x19
            text run at (3,3) width 38: "Hello"
      RenderText {#text} at (70,6) size 4x19
        text run at (70,6) width 4: " "
      RenderMenuList {SELECT} at (76,2) size 93x27 [bgcolor=#FFFFFF] [border: (1px solid #000000)]
        RenderBlock (anonymous) at (1,1) size 91x25
          RenderText at (3,3) size 65x19
            text run at (3,3) width 65: "Goodbye"
      RenderText {#text} at (0,0) size 0x0
