layer at (0,0) size 784x746
  RenderView at (0,0) size 784x600
layer at (0,0) size 784x746
  RenderBlock {HTML} at (0,0) size 784x746
    RenderBody {BODY} at (8,8) size 768x730
      RenderBlock {H1} at (0,0) size 768x37
        RenderText {#text} at (0,0) size 422x36
          text run at (0,0) width 422: "Form Element Geometry Tests"
      RenderBlock {P} at (0,58) size 768x19
        RenderText {#text} at (0,0) size 540x19
          text run at (0,0) width 540: "These tests help us tune the widget classes in KWQ to have all the right fudge factors."
      RenderBlock {H2} at (0,96) size 768x28
        RenderText {#text} at (0,0) size 165x28
          text run at (0,0) width 165: "Bounding Boxes"
      RenderTable {TABLE} at (0,143) size 188x38
        RenderTableSection {TBODY} at (0,0) size 188x38
          RenderTableRow {TR} at (0,2) size 188x34
            RenderTableCell {TD} at (2,2) size 66x34 [r=0 c=0 rs=1 cs=1]
              RenderBlock {DIV} at (1,1) size 64x32 [border: (2px solid #0000FF)]
                RenderInline {FONT} at (0,0) size 60x28
                  RenderButton {INPUT} at (2,2) size 60x28 [bgcolor=#C0C0C0] [border: (2px outset #C0C0C0)]
                    RenderBlock (anonymous) at (8,4) size 44x19
                      RenderText at (0,0) size 44x19
                        text run at (0,0) width 44: "button"
            RenderTableCell {TD} at (70,2) size 74x33 [r=0 c=1 rs=1 cs=1]
              RenderBlock {DIV} at (1,1) size 72x31 [border: (2px solid #0000FF)]
                RenderInline {FONT} at (0,0) size 68x28
                  RenderMenuList {SELECT} at (2,2) size 68x27 [bgcolor=#FFFFFF] [border: (1px solid #000000)]
                    RenderBlock (anonymous) at (1,1) size 66x25
                      RenderText at (3,3) size 40x19
                        text run at (3,3) width 40: "menu"
            RenderTableCell {TD} at (146,9) size 19x19 [r=0 c=2 rs=1 cs=1]
              RenderBlock {DIV} at (1,1) size 17x17 [border: (2px solid #0000FF)]
                RenderInline {FONT} at (0,0) size 13x28
                  RenderBlock {INPUT} at (2,2) size 13x13
            RenderTableCell {TD} at (167,9) size 19x19 [r=0 c=3 rs=1 cs=1]
              RenderBlock {DIV} at (1,1) size 17x17 [border: (2px solid #0000FF)]
                RenderInline {FONT} at (0,0) size 13x28
                  RenderBlock {INPUT} at (2,2) size 13x13
      RenderTable {TABLE} at (0,181) size 188x38
        RenderTableSection {TBODY} at (0,0) size 188x38
          RenderTableRow {TR} at (0,2) size 188x34
            RenderTableCell {TD} at (2,2) size 66x34 [r=0 c=0 rs=1 cs=1]
              RenderBlock {DIV} at (1,1) size 64x32 [border: (2px solid #0000FF)]
                RenderButton {INPUT} at (2,2) size 60x28 [bgcolor=#C0C0C0] [border: (2px outset #C0C0C0)]
                  RenderBlock (anonymous) at (8,4) size 44x19
                    RenderText at (0,0) size 44x19
                      text run at (0,0) width 44: "button"
            RenderTableCell {TD} at (70,2) size 74x33 [r=0 c=1 rs=1 cs=1]
              RenderBlock {DIV} at (1,1) size 72x31 [border: (2px solid #0000FF)]
                RenderMenuList {SELECT} at (2,2) size 68x27 [bgcolor=#FFFFFF] [border: (1px solid #000000)]
                  RenderBlock (anonymous) at (1,1) size 66x25
                    RenderText at (3,3) size 40x19
                      text run at (3,3) width 40: "menu"
            RenderTableCell {TD} at (146,9) size 19x19 [r=0 c=2 rs=1 cs=1]
              RenderBlock {DIV} at (1,1) size 17x17 [border: (2px solid #0000FF)]
                RenderBlock {INPUT} at (2,2) size 13x13
            RenderTableCell {TD} at (167,9) size 19x19 [r=0 c=3 rs=1 cs=1]
              RenderBlock {DIV} at (1,1) size 17x17 [border: (2px solid #0000FF)]
                RenderBlock {INPUT} at (2,2) size 13x13
      RenderTable {TABLE} at (0,219) size 188x38
        RenderTableSection {TBODY} at (0,0) size 188x38
          RenderTableRow {TR} at (0,2) size 188x34
            RenderTableCell {TD} at (2,2) size 66x34 [r=0 c=0 rs=1 cs=1]
              RenderBlock {DIV} at (1,1) size 64x32 [border: (2px solid #0000FF)]
                RenderInline {FONT} at (0,0) size 60x12
                  RenderButton {INPUT} at (2,2) size 60x28 [bgcolor=#C0C0C0] [border: (2px outset #C0C0C0)]
                    RenderBlock (anonymous) at (8,4) size 44x19
                      RenderText at (0,0) size 44x19
                        text run at (0,0) width 44: "button"
            RenderTableCell {TD} at (70,2) size 74x33 [r=0 c=1 rs=1 cs=1]
              RenderBlock {DIV} at (1,1) size 72x31 [border: (2px solid #0000FF)]
                RenderInline {FONT} at (0,0) size 68x12
                  RenderMenuList {SELECT} at (2,2) size 68x27 [bgcolor=#FFFFFF] [border: (1px solid #000000)]
                    RenderBlock (anonymous) at (1,1) size 66x25
                      RenderText at (3,3) size 40x19
                        text run at (3,3) width 40: "menu"
            RenderTableCell {TD} at (146,9) size 19x19 [r=0 c=2 rs=1 cs=1]
              RenderBlock {DIV} at (1,1) size 17x17 [border: (2px solid #0000FF)]
                RenderInline {FONT} at (0,0) size 13x12
                  RenderBlock {INPUT} at (2,2) size 13x13
            RenderTableCell {TD} at (167,9) size 19x19 [r=0 c=3 rs=1 cs=1]
              RenderBlock {DIV} at (1,1) size 17x17 [border: (2px solid #0000FF)]
                RenderInline {FONT} at (0,0) size 13x12
                  RenderBlock {INPUT} at (2,2) size 13x13
      RenderTable {TABLE} at (0,257) size 692x91
        RenderTableSection {TBODY} at (0,0) size 692x91
          RenderTableRow {TR} at (0,2) size 692x87
            RenderTableCell {TD} at (2,2) size 110x31 [r=0 c=0 rs=1 cs=1]
              RenderBlock {DIV} at (1,1) size 108x29 [border: (2px solid #0000FF)]
                RenderTextControl {INPUT} at (2,2) size 104x25 [bgcolor=#FFFFFF] [border: (2px inset #000000)]
            RenderTableCell {TD} at (114,2) size 48x87 [r=0 c=1 rs=1 cs=1]
              RenderBlock {DIV} at (1,1) size 46x85 [border: (2px solid #0000FF)]
                RenderListBox {SELECT} at (2,2) size 42x81 [bgcolor=#FFFFFF] [border: (1px inset #808080)]
            RenderTableCell {TD} at (164,2) size 312x34 [r=0 c=2 rs=1 cs=1]
              RenderBlock {DIV} at (1,1) size 310x32 [border: (2px solid #0000FF)]
                RenderFileUploadControl {INPUT} at (2,2) size 306x28 "(None)"
                  RenderButton {INPUT} at (0,0) size 103x28 [bgcolor=#C0C0C0] [border: (2px outset #C0C0C0)]
                    RenderBlock (anonymous) at (8,4) size 87x19
                      RenderText at (0,0) size 87x19
                        text run at (0,0) width 87: "Choose File"
            RenderTableCell {TD} at (478,2) size 212x54 [r=0 c=3 rs=1 cs=1]
              RenderBlock {DIV} at (1,1) size 210x52 [border: (2px solid #0000FF)]
      RenderBlock {H2} at (0,367) size 768x28
        RenderText {#text} at (0,0) size 200x28
          text run at (0,0) width 200: "Baseline Alignment"
      RenderBlock {DIV} at (0,414) size 768x33
        RenderInline {FONT} at (0,0) size 239x28
          RenderText {#text} at (0,0) size 43x28
            text run at (0,0) width 43: "text "
          RenderButton {INPUT} at (45,3) size 60x28 [bgcolor=#C0C0C0] [border: (2px outset #C0C0C0)]
            RenderBlock (anonymous) at (8,4) size 44x19
              RenderText at (0,0) size 44x19
                text run at (0,0) width 44: "button"
          RenderText {#text} at (107,0) size 6x28
            text run at (107,0) width 6: " "
          RenderMenuList {SELECT} at (115,3) size 68x27 [bgcolor=#FFFFFF] [border: (1px solid #000000)]
            RenderBlock (anonymous) at (1,1) size 66x25
              RenderText at (3,3) size 40x19
                text run at (3,3) width 40: "menu"
          RenderText {#text} at (185,0) size 6x28
            text run at (185,0) width 6: " "
          RenderBlock {INPUT} at (195,11) size 13x13
          RenderText {#text} at (212,0) size 6x28
            text run at (212,0) width 6: " "
          RenderBlock {INPUT} at (222,11) size 13x13
          RenderText {#text} at (0,0) size 0x0
      RenderBlock {DIV} at (0,447) size 768x32
        RenderText {#text} at (0,6) size 27x19
          text run at (0,6) width 27: "text "
        RenderButton {INPUT} at (29,2) size 60x28 [bgcolor=#C0C0C0] [border: (2px outset #C0C0C0)]
          RenderBlock (anonymous) at (8,4) size 44x19
            RenderText at (0,0) size 44x19
              text run at (0,0) width 44: "button"
        RenderText {#text} at (91,6) size 4x19
          text run at (91,6) width 4: " "
        RenderMenuList {SELECT} at (97,2) size 68x27 [bgcolor=#FFFFFF] [border: (1px solid #000000)]
          RenderBlock (anonymous) at (1,1) size 66x25
            RenderText at (3,3) size 40x19
              text run at (3,3) width 40: "menu"
        RenderText {#text} at (167,6) size 4x19
          text run at (167,6) width 4: " "
        RenderBlock {INPUT} at (175,10) size 13x13
        RenderText {#text} at (192,6) size 4x19
          text run at (192,6) width 4: " "
        RenderBlock {INPUT} at (200,10) size 13x13
        RenderText {#text} at (0,0) size 0x0
      RenderBlock {DIV} at (0,479) size 768x32
        RenderInline {FONT} at (0,0) size 205x12
          RenderText {#text} at (0,12) size 18x12
            text run at (0,12) width 18: "text "
          RenderButton {INPUT} at (20,2) size 60x28 [bgcolor=#C0C0C0] [border: (2px outset #C0C0C0)]
            RenderBlock (anonymous) at (8,4) size 44x19
              RenderText at (0,0) size 44x19
                text run at (0,0) width 44: "button"
          RenderText {#text} at (82,12) size 3x12
            text run at (82,12) width 3: " "
          RenderMenuList {SELECT} at (87,2) size 68x27 [bgcolor=#FFFFFF] [border: (1px solid #000000)]
            RenderBlock (anonymous) at (1,1) size 66x25
              RenderText at (3,3) size 40x19
                text run at (3,3) width 40: "menu"
          RenderText {#text} at (157,12) size 3x12
            text run at (157,12) width 3: " "
          RenderBlock {INPUT} at (164,10) size 13x13
          RenderText {#text} at (181,12) size 3x12
            text run at (181,12) width 3: " "
          RenderBlock {INPUT} at (188,10) size 13x13
          RenderText {#text} at (0,0) size 0x0
      RenderBlock {DIV} at (0,511) size 768x59
        RenderText {#text} at (0,33) size 27x19
          text run at (0,33) width 27: "text "
        RenderTextControl {INPUT} at (29,30) size 104x25 [bgcolor=#FFFFFF] [border: (2px inset #000000)]
        RenderText {#text} at (135,33) size 4x19
          text run at (135,33) width 4: " "
        RenderFileUploadControl {INPUT} at (141,29) size 306x28 "(None)"
          RenderButton {INPUT} at (0,0) size 103x28 [bgcolor=#C0C0C0] [border: (2px outset #C0C0C0)]
            RenderBlock (anonymous) at (8,4) size 87x19
              RenderText at (0,0) size 87x19
                text run at (0,0) width 87: "Choose File"
        RenderText {#text} at (449,33) size 4x19
          text run at (449,33) width 4: " "
        RenderText {#text} at (0,0) size 0x0
      RenderBlock {H2} at (0,589) size 768x28
        RenderText {#text} at (0,0) size 197x28
          text run at (0,0) width 197: "Pop-up Menu Sizes"
      RenderBlock {DIV} at (0,636) size 768x32
        RenderInline {FONT} at (0,0) size 176x28
          RenderText {#text} at (0,0) size 0x0
          RenderMenuList {SELECT} at (2,3) size 28x27 [bgcolor=#FFFFFF] [border: (1px solid #000000)]
            RenderBlock (anonymous) at (1,1) size 26x25
              RenderBR at (3,3) size 0x19 [bgcolor=#FFFFFF]
          RenderText {#text} at (32,0) size 6x28
            text run at (32,0) width 6: " "
          RenderMenuList {SELECT} at (40,3) size 32x27 [bgcolor=#FFFFFF] [border: (1px solid #000000)]
            RenderBlock (anonymous) at (1,1) size 30x25
              RenderText at (3,3) size 4x19
                text run at (3,3) width 4: "|"
          RenderText {#text} at (74,0) size 6x28
            text run at (74,0) width 6: " "
          RenderMenuList {SELECT} at (82,3) size 92x27 [bgcolor=#FFFFFF] [border: (1px solid #000000)]
            RenderBlock (anonymous) at (1,1) size 90x25
              RenderText at (3,3) size 64x19
                text run at (3,3) width 64: "xxxxxxxx"
          RenderText {#text} at (0,0) size 0x0
      RenderBlock {DIV} at (0,668) size 768x31
        RenderMenuList {SELECT} at (2,2) size 28x27 [bgcolor=#FFFFFF] [border: (1px solid #000000)]
          RenderBlock (anonymous) at (1,1) size 26x25
            RenderBR at (3,3) size 0x19 [bgcolor=#FFFFFF]
        RenderText {#text} at (32,6) size 4x19
          text run at (32,6) width 4: " "
        RenderMenuList {SELECT} at (38,2) size 32x27 [bgcolor=#FFFFFF] [border: (1px solid #000000)]
          RenderBlock (anonymous) at (1,1) size 30x25
            RenderText at (3,3) size 4x19
              text run at (3,3) width 4: "|"
        RenderText {#text} at (72,6) size 4x19
          text run at (72,6) width 4: " "
        RenderMenuList {SELECT} at (78,2) size 92x27 [bgcolor=#FFFFFF] [border: (1px solid #000000)]
          RenderBlock (anonymous) at (1,1) size 90x25
            RenderText at (3,3) size 64x19
              text run at (3,3) width 64: "xxxxxxxx"
        RenderText {#text} at (0,0) size 0x0
      RenderBlock {DIV} at (0,699) size 768x31
        RenderInline {FONT} at (0,0) size 170x12
          RenderText {#text} at (0,0) size 0x0
          RenderMenuList {SELECT} at (2,2) size 28x27 [bgcolor=#FFFFFF] [border: (1px solid #000000)]
            RenderBlock (anonymous) at (1,1) size 26x25
              RenderBR at (3,3) size 0x19 [bgcolor=#FFFFFF]
          RenderText {#text} at (32,12) size 3x12
            text run at (32,12) width 3: " "
          RenderMenuList {SELECT} at (37,2) size 32x27 [bgcolor=#FFFFFF] [border: (1px solid #000000)]
            RenderBlock (anonymous) at (1,1) size 30x25
              RenderText at (3,3) size 4x19
                text run at (3,3) width 4: "|"
          RenderText {#text} at (71,12) size 3x12
            text run at (71,12) width 3: " "
          RenderMenuList {SELECT} at (76,2) size 92x27 [bgcolor=#FFFFFF] [border: (1px solid #000000)]
            RenderBlock (anonymous) at (1,1) size 90x25
              RenderText at (3,3) size 64x19
                text run at (3,3) width 64: "xxxxxxxx"
          RenderText {#text} at (0,0) size 0x0
layer at (16,273) size 98x19
  RenderBlock {DIV} at (3,3) size 98x19
    RenderText {#text} at (1,0) size 59x19
      text run at (1,0) width 59: "text field"
layer at (491,272) size 202x44 clip at (492,273) size 200x42
  RenderTextControl {TEXTAREA} at (4,4) size 202x44 [bgcolor=#FFFFFF] [border: (1px solid #000000)]
    RenderBlock {DIV} at (3,3) size 196x19
      RenderText {#text} at (0,0) size 57x19
        text run at (0,0) width 57: "textarea"
layer at (40,552) size 98x19
  RenderBlock {DIV} at (3,3) size 98x19
    RenderText {#text} at (1,0) size 59x19
      text run at (1,0) width 59: "text field"
layer at (463,521) size 202x44 clip at (464,522) size 200x42
  RenderTextControl {TEXTAREA} at (455,2) size 202x44 [bgcolor=#FFFFFF] [border: (1px solid #000000)]
    RenderBlock {DIV} at (3,3) size 196x19
      RenderText {#text} at (0,0) size 57x19
        text run at (0,0) width 57: "textarea"
