layer at (0,0) size 800x600
  RenderView at (0,0) size 800x600
layer at (0,0) size 800x600
  RenderBlock {HTML} at (0,0) size 800x600
    RenderBody {BODY} at (8,8) size 784x584
      RenderText {#text} at (0,0) size 595x19
        text run at (0,0) width 595: "The label attribute appears, but is missing the equals value piece, so the containing text is used."
      RenderBR {BR} at (595,15) size 0x0
      RenderMenuList {SELECT} at (2,21) size 588x27 [bgcolor=#FFFFFF] [border: (1px solid #000000)]
        RenderBlock (anonymous) at (1,1) size 586x25
          RenderText at (3,3) size 560x19
            text run at (3,3) width 560: "the label attribute is mentioned but no value is specified; this text should appear"
      RenderText {#text} at (0,0) size 0x0
