layer at (0,0) size 800x600
  RenderView at (0,0) size 800x600
layer at (0,0) size 800x600
  RenderBlock {HTML} at (0,0) size 800x600
    RenderBody {BODY} at (8,8) size 784x584
      RenderText {#text} at (0,0) size 673x19
        text run at (0,0) width 673: "In the selection list below, the text 'The label for this element is \"1\"' should appear, and not the character '1'"
      RenderBR {BR} at (673,15) size 0x0
      RenderMenuList {SELECT} at (2,21) size 242x27 [bgcolor=#FFFFFF] [border: (1px solid #000000)]
        RenderBlock (anonymous) at (1,1) size 240x25
          RenderText at (3,3) size 214x19
            text run at (3,3) width 214: "the label for this element is \"1\""
      RenderText {#text} at (0,0) size 0x0
