layer at (0,0) size 784x604
  RenderView at (0,0) size 784x600
layer at (0,0) size 784x604
  RenderBlock {HTML} at (0,0) size 784x604
    RenderBody {BODY} at (8,8) size 768x580
      RenderBlock {P} at (0,0) size 768x38
        RenderText {#text} at (0,0) size 750x38
          text run at (0,0) width 750: "Results that match WinIE are two columns on the right that say \"after\" every time, except for the last row which should"
          text run at (0,19) width 192: "have nothing in either column."
      RenderBlock {P} at (0,54) size 768x19
        RenderText {#text} at (0,0) size 713x19
          text run at (0,0) width 713: "Results that match Gecko are like WinIE, but with \"before\" for the attribute in the first two rows and the last row."
      RenderBlock {HR} at (0,89) size 768x2 [border: (1px inset #000000)]
      RenderBlock {FORM} at (0,99) size 768x481
        RenderTable {TABLE} at (0,0) size 768x481
          RenderTableSection {THEAD} at (0,0) size 768x25
            RenderTableRow {TR} at (0,2) size 768x21
              RenderTableCell {TH} at (2,2) size 323x21 [r=0 c=0 rs=1 cs=1]
                RenderText {#text} at (1,1) size 55x19
                  text run at (1,1) width 55: "test case"
              RenderTableCell {TH} at (327,2) size 312x21 [r=0 c=1 rs=1 cs=1]
                RenderText {#text} at (1,1) size 89x19
                  text run at (1,1) width 89: "form element"
              RenderTableCell {TH} at (641,2) size 62x21 [r=0 c=2 rs=1 cs=1]
                RenderText {#text} at (1,1) size 60x19
                  text run at (1,1) width 60: "property"
              RenderTableCell {TH} at (705,2) size 61x21 [r=0 c=3 rs=1 cs=1]
                RenderText {#text} at (1,1) size 59x19
                  text run at (1,1) width 59: "attribute"
          RenderTableSection {TBODY} at (0,25) size 768x456
            RenderTableRow {TR} at (0,2) size 768x31
              RenderTableCell {TD} at (2,7) size 323x21 [r=0 c=0 rs=1 cs=1]
                RenderText {#text} at (1,1) size 207x19
                  text run at (1,1) width 207: "text with value property changed"
              RenderTableCell {TD} at (327,2) size 312x31 [r=0 c=1 rs=1 cs=1]
                RenderTextControl {INPUT} at (3,3) size 194x25 [bgcolor=#FFFFFF] [border: (2px inset #000000)]
              RenderTableCell {TD} at (641,7) size 62x21 [r=0 c=2 rs=1 cs=1]
                RenderText {#text} at (1,1) size 28x19
                  text run at (1,1) width 28: "after"
              RenderTableCell {TD} at (705,7) size 61x21 [r=0 c=3 rs=1 cs=1]
                RenderText {#text} at (1,1) size 40x19
                  text run at (1,1) width 40: "before"
            RenderTableRow {TR} at (0,35) size 768x31
              RenderTableCell {TD} at (2,40) size 323x21 [r=1 c=0 rs=1 cs=1]
                RenderText {#text} at (1,1) size 244x19
                  text run at (1,1) width 244: "password with value property changed"
              RenderTableCell {TD} at (327,35) size 312x31 [r=1 c=1 rs=1 cs=1]
                RenderTextControl {INPUT} at (3,3) size 194x25 [bgcolor=#FFFFFF] [border: (2px inset #000000)]
              RenderTableCell {TD} at (641,40) size 62x21 [r=1 c=2 rs=1 cs=1]
                RenderText {#text} at (1,1) size 28x19
                  text run at (1,1) width 28: "after"
              RenderTableCell {TD} at (705,40) size 61x21 [r=1 c=3 rs=1 cs=1]
                RenderText {#text} at (1,1) size 40x19
                  text run at (1,1) width 40: "before"
            RenderTableRow {TR} at (0,68) size 768x21
              RenderTableCell {TD} at (2,68) size 323x21 [r=2 c=0 rs=1 cs=1]
                RenderText {#text} at (1,1) size 249x19
                  text run at (1,1) width 249: "check box with value property changed"
              RenderTableCell {TD} at (327,68) size 312x21 [r=2 c=1 rs=1 cs=1]
                RenderBlock {INPUT} at (5,4) size 13x13
              RenderTableCell {TD} at (641,68) size 62x21 [r=2 c=2 rs=1 cs=1]
                RenderText {#text} at (1,1) size 28x19
                  text run at (1,1) width 28: "after"
              RenderTableCell {TD} at (705,68) size 61x21 [r=2 c=3 rs=1 cs=1]
                RenderText {#text} at (1,1) size 28x19
                  text run at (1,1) width 28: "after"
            RenderTableRow {TR} at (0,91) size 768x21
              RenderTableCell {TD} at (2,91) size 323x21 [r=3 c=0 rs=1 cs=1]
                RenderText {#text} at (1,1) size 227x19
                  text run at (1,1) width 227: "hidden with value property changed"
              RenderTableCell {TD} at (327,100) size 312x2 [r=3 c=1 rs=1 cs=1]
              RenderTableCell {TD} at (641,91) size 62x21 [r=3 c=2 rs=1 cs=1]
                RenderText {#text} at (1,1) size 28x19
                  text run at (1,1) width 28: "after"
              RenderTableCell {TD} at (705,91) size 61x21 [r=3 c=3 rs=1 cs=1]
                RenderText {#text} at (1,1) size 28x19
                  text run at (1,1) width 28: "after"
            RenderTableRow {TR} at (0,114) size 768x34
              RenderTableCell {TD} at (2,120) size 323x21 [r=4 c=0 rs=1 cs=1]
                RenderText {#text} at (1,1) size 224x19
                  text run at (1,1) width 224: "button with value property changed"
              RenderTableCell {TD} at (327,114) size 312x34 [r=4 c=1 rs=1 cs=1]
                RenderButton {INPUT} at (3,3) size 47x28 [bgcolor=#C0C0C0] [border: (2px outset #C0C0C0)]
                  RenderBlock (anonymous) at (8,4) size 31x19
                    RenderText at (0,0) size 31x19
                      text run at (0,0) width 31: "after"
              RenderTableCell {TD} at (641,120) size 62x21 [r=4 c=2 rs=1 cs=1]
                RenderText {#text} at (1,1) size 28x19
                  text run at (1,1) width 28: "after"
              RenderTableCell {TD} at (705,120) size 61x21 [r=4 c=3 rs=1 cs=1]
                RenderText {#text} at (1,1) size 28x19
                  text run at (1,1) width 28: "after"
            RenderTableRow {TR} at (0,150) size 768x21
              RenderTableCell {TD} at (2,150) size 323x21 [r=5 c=0 rs=1 cs=1]
                RenderText {#text} at (1,1) size 222x19
                  text run at (1,1) width 222: "image with value property changed"
              RenderTableCell {TD} at (327,150) size 312x21 [r=5 c=1 rs=1 cs=1]
                RenderImage {INPUT} at (1,1) size 45x19
              RenderTableCell {TD} at (641,150) size 62x21 [r=5 c=2 rs=1 cs=1]
                RenderText {#text} at (1,1) size 28x19
                  text run at (1,1) width 28: "after"
              RenderTableCell {TD} at (705,150) size 61x21 [r=5 c=3 rs=1 cs=1]
                RenderText {#text} at (1,1) size 28x19
                  text run at (1,1) width 28: "after"
            RenderTableRow {TR} at (0,173) size 768x21
              RenderTableCell {TD} at (2,173) size 323x21 [r=6 c=0 rs=1 cs=1]
                RenderText {#text} at (1,1) size 216x19
                  text run at (1,1) width 216: "radio with value property changed"
              RenderTableCell {TD} at (327,173) size 312x21 [r=6 c=1 rs=1 cs=1]
                RenderBlock {INPUT} at (5,4) size 13x13
              RenderTableCell {TD} at (641,173) size 62x21 [r=6 c=2 rs=1 cs=1]
                RenderText {#text} at (1,1) size 28x19
                  text run at (1,1) width 28: "after"
              RenderTableCell {TD} at (705,173) size 61x21 [r=6 c=3 rs=1 cs=1]
                RenderText {#text} at (1,1) size 28x19
                  text run at (1,1) width 28: "after"
            RenderTableRow {TR} at (0,196) size 768x31
              RenderTableCell {TD} at (2,201) size 323x21 [r=7 c=0 rs=1 cs=1]
                RenderText {#text} at (1,1) size 205x19
                  text run at (1,1) width 205: "text with value attribute changed"
              RenderTableCell {TD} at (327,196) size 312x31 [r=7 c=1 rs=1 cs=1]
                RenderTextControl {INPUT} at (3,3) size 194x25 [bgcolor=#FFFFFF] [border: (2px inset #000000)]
              RenderTableCell {TD} at (641,201) size 62x21 [r=7 c=2 rs=1 cs=1]
                RenderText {#text} at (1,1) size 28x19
                  text run at (1,1) width 28: "after"
              RenderTableCell {TD} at (705,201) size 61x21 [r=7 c=3 rs=1 cs=1]
                RenderText {#text} at (1,1) size 28x19
                  text run at (1,1) width 28: "after"
            RenderTableRow {TR} at (0,229) size 768x21
              RenderTableCell {TD} at (2,229) size 323x21 [r=8 c=0 rs=1 cs=1]
                RenderText {#text} at (1,1) size 247x19
                  text run at (1,1) width 247: "check box with value attribute changed"
              RenderTableCell {TD} at (327,229) size 312x21 [r=8 c=1 rs=1 cs=1]
                RenderBlock {INPUT} at (5,4) size 13x13
              RenderTableCell {TD} at (641,229) size 62x21 [r=8 c=2 rs=1 cs=1]
                RenderText {#text} at (1,1) size 28x19
                  text run at (1,1) width 28: "after"
              RenderTableCell {TD} at (705,229) size 61x21 [r=8 c=3 rs=1 cs=1]
                RenderText {#text} at (1,1) size 28x19
                  text run at (1,1) width 28: "after"
            RenderTableRow {TR} at (0,252) size 768x40
              RenderTableCell {TD} at (2,252) size 323x40 [r=9 c=0 rs=1 cs=1]
                RenderText {#text} at (1,1) size 314x38
                  text run at (1,1) width 314: "text with value property changed, then turned into"
                  text run at (1,20) width 65: "check box"
              RenderTableCell {TD} at (327,261) size 312x21 [r=9 c=1 rs=1 cs=1]
                RenderBlock {INPUT} at (5,4) size 13x13
              RenderTableCell {TD} at (641,261) size 62x21 [r=9 c=2 rs=1 cs=1]
                RenderText {#text} at (1,1) size 28x19
                  text run at (1,1) width 28: "after"
              RenderTableCell {TD} at (705,261) size 61x21 [r=9 c=3 rs=1 cs=1]
                RenderText {#text} at (1,1) size 28x19
                  text run at (1,1) width 28: "after"
            RenderTableRow {TR} at (0,294) size 768x40
              RenderTableCell {TD} at (2,294) size 323x40 [r=10 c=0 rs=1 cs=1]
                RenderText {#text} at (1,1) size 284x38
                  text run at (1,1) width 284: "check box with value property changed, then"
                  text run at (1,20) width 95: "turned into text"
              RenderTableCell {TD} at (327,298) size 312x31 [r=10 c=1 rs=1 cs=1]
                RenderTextControl {INPUT} at (3,3) size 194x25 [bgcolor=#FFFFFF] [border: (2px inset #000000)]
              RenderTableCell {TD} at (641,303) size 62x21 [r=10 c=2 rs=1 cs=1]
                RenderText {#text} at (1,1) size 28x19
                  text run at (1,1) width 28: "after"
              RenderTableCell {TD} at (705,303) size 61x21 [r=10 c=3 rs=1 cs=1]
                RenderText {#text} at (1,1) size 28x19
                  text run at (1,1) width 28: "after"
            RenderTableRow {TR} at (0,336) size 768x40
              RenderTableCell {TD} at (2,336) size 323x40 [r=11 c=0 rs=1 cs=1]
                RenderText {#text} at (1,1) size 312x38
                  text run at (1,1) width 312: "text with value attribute changed, then turned into"
                  text run at (1,20) width 65: "check box"
              RenderTableCell {TD} at (327,345) size 312x21 [r=11 c=1 rs=1 cs=1]
                RenderBlock {INPUT} at (5,4) size 13x13
              RenderTableCell {TD} at (641,345) size 62x21 [r=11 c=2 rs=1 cs=1]
                RenderText {#text} at (1,1) size 28x19
                  text run at (1,1) width 28: "after"
              RenderTableCell {TD} at (705,345) size 61x21 [r=11 c=3 rs=1 cs=1]
                RenderText {#text} at (1,1) size 28x19
                  text run at (1,1) width 28: "after"
            RenderTableRow {TR} at (0,378) size 768x40
              RenderTableCell {TD} at (2,378) size 323x40 [r=12 c=0 rs=1 cs=1]
                RenderText {#text} at (1,1) size 282x38
                  text run at (1,1) width 282: "check box with value attribute changed, then"
                  text run at (1,20) width 95: "turned into text"
              RenderTableCell {TD} at (327,382) size 312x31 [r=12 c=1 rs=1 cs=1]
                RenderTextControl {INPUT} at (3,3) size 194x25 [bgcolor=#FFFFFF] [border: (2px inset #000000)]
              RenderTableCell {TD} at (641,387) size 62x21 [r=12 c=2 rs=1 cs=1]
                RenderText {#text} at (1,1) size 28x19
                  text run at (1,1) width 28: "after"
              RenderTableCell {TD} at (705,387) size 61x21 [r=12 c=3 rs=1 cs=1]
                RenderText {#text} at (1,1) size 28x19
                  text run at (1,1) width 28: "after"
            RenderTableRow {TR} at (0,420) size 768x34
              RenderTableCell {TD} at (2,426) size 323x21 [r=13 c=0 rs=1 cs=1]
                RenderText {#text} at (1,1) size 204x19
                  text run at (1,1) width 204: "file with value property changed"
              RenderTableCell {TD} at (327,420) size 312x34 [r=13 c=1 rs=1 cs=1]
                RenderFileUploadControl {INPUT} at (3,3) size 306x28 "(None)"
                  RenderButton {INPUT} at (0,0) size 103x28 [bgcolor=#C0C0C0] [border: (2px outset #C0C0C0)]
                    RenderBlock (anonymous) at (8,4) size 87x19
                      RenderText at (0,0) size 87x19
                        text run at (0,0) width 87: "Choose File"
              RenderTableCell {TD} at (641,436) size 62x2 [r=13 c=2 rs=1 cs=1]
              RenderTableCell {TD} at (705,426) size 61x21 [r=13 c=3 rs=1 cs=1]
                RenderText {#text} at (1,1) size 40x19
                  text run at (1,1) width 40: "before"
layer at (341,140) size 188x19
  RenderBlock {DIV} at (3,3) size 188x19
    RenderText {#text} at (1,0) size 45x19
      text run at (1,0) width 45: "before"
layer at (341,173) size 188x19
  RenderBlock {DIV} at (3,3) size 188x19
    RenderText {#text} at (1,0) size 36x19
      text run at (1,0) width 36: "\x{2022}\x{2022}\x{2022}\x{2022}\x{2022}\x{2022}"
layer at (341,334) size 188x19
  RenderBlock {DIV} at (3,3) size 188x19
    RenderText {#text} at (1,0) size 31x19
      text run at (1,0) width 31: "after"
layer at (341,436) size 188x19
  RenderBlock {DIV} at (3,3) size 188x19
    RenderText {#text} at (1,0) size 31x19
      text run at (1,0) width 31: "after"
layer at (341,520) size 188x19
  RenderBlock {DIV} at (3,3) size 188x19
    RenderText {#text} at (1,0) size 31x19
      text run at (1,0) width 31: "after"
