layer at (0,0) size 800x600
  RenderView at (0,0) size 800x600
layer at (0,0) size 800x600
  RenderBlock {HTML} at (0,0) size 800x600
    RenderBody {BODY} at (8,8) size 784x584
      RenderBlock (anonymous) at (0,0) size 784x69
        RenderText {#text} at (0,0) size 663x19
          text run at (0,0) width 663: "This tests that when an option is dynamically added to a menu list, and it is too long for the current width,"
        RenderBR {BR} at (663,15) size 0x0
        RenderText {#text} at (0,19) size 364x19
          text run at (0,19) width 364: "that the select automatically recalculates the correct width."
        RenderBR {BR} at (364,34) size 0x0
        RenderMenuList {SELECT} at (2,40) size 166x27 [bgcolor=#FFFFFF] [border: (1px solid #000000)]
          RenderBlock (anonymous) at (1,1) size 164x25
            RenderText at (3,3) size 38x19
              text run at (3,3) width 38: "Short"
        RenderText {#text} at (0,0) size 0x0
      RenderBlock {DIV} at (0,69) size 784x0
