layer at (0,0) size 800x600
  RenderView at (0,0) size 800x600
layer at (0,0) size 800x600
  RenderBlock {HTML} at (0,0) size 800x600
    RenderBody {BODY} at (8,8) size 784x584
      RenderText {#text} at (0,0) size 554x19
        text run at (0,0) width 250: "This tests that styled popups look right. "
        text run at (250,0) width 304: "(Aqua for now- later, we will honor the styling)."
      RenderBR {BR} at (554,15) size 0x0
      RenderMenuList {SELECT} at (2,21) size 53x27 [bgcolor=#FF0000] [border: (1px solid #000000)]
        RenderBlock (anonymous) at (1,1) size 51x25
          RenderText at (3,3) size 25x19
            text run at (3,3) width 25: "test"
      RenderText {#text} at (57,25) size 4x19
        text run at (57,25) width 4: " "
      RenderBR {BR} at (61,40) size 0x0
      RenderText {#text} at (0,50) size 528x19
        text run at (0,50) width 528: "This tests that background color is white by default regardless of the parent element."
      RenderBR {BR} at (528,65) size 0x0
      RenderInline {SPAN} at (0,0) size 71x29 [bgcolor=#FF0000]
        RenderText {#text} at (0,0) size 0x0
        RenderMenuList {SELECT} at (7,71) size 53x27 [bgcolor=#FFFFFF] [border: (1px solid #000000)]
          RenderBlock (anonymous) at (1,1) size 51x25
            RenderText at (3,3) size 25x19
              text run at (3,3) width 25: "test"
        RenderText {#text} at (62,75) size 4x19
          text run at (62,75) width 4: " "
      RenderText {#text} at (0,0) size 0x0
      RenderBR {BR} at (0,0) size 0x0
      RenderText {#text} at (0,100) size 625x19
        text run at (0,100) width 625: "This tests that background color is inherited from the parent if background-color:inherit is specified."
      RenderBR {BR} at (625,115) size 0x0
      RenderInline {SPAN} at (0,0) size 71x29 [bgcolor=#FF0000]
        RenderText {#text} at (0,0) size 0x0
        RenderMenuList {SELECT} at (7,121) size 53x27 [border: (1px solid #000000)]
          RenderBlock (anonymous) at (1,1) size 51x25
            RenderText at (3,3) size 25x19
              text run at (3,3) width 25: "test"
        RenderText {#text} at (62,125) size 4x19
          text run at (62,125) width 4: " "
      RenderText {#text} at (0,0) size 0x0
      RenderBR {BR} at (0,0) size 0x0
      RenderText {#text} at (0,150) size 637x19
        text run at (0,150) width 637: "This tests that background color is the same as the parent if background-color:transparent is specified."
      RenderBR {BR} at (637,165) size 0x0
      RenderInline {SPAN} at (0,0) size 71x29 [bgcolor=#FF0000]
        RenderText {#text} at (0,0) size 0x0
        RenderMenuList {SELECT} at (7,171) size 53x27 [border: (1px solid #000000)]
          RenderBlock (anonymous) at (1,1) size 51x25
            RenderText at (3,3) size 25x19
              text run at (3,3) width 25: "test"
        RenderText {#text} at (62,175) size 4x19
          text run at (62,175) width 4: " "
      RenderText {#text} at (0,0) size 0x0
      RenderBR {BR} at (0,0) size 0x0
      RenderText {#text} at (0,200) size 498x19
        text run at (0,200) width 498: "This tests that background is white if only background-image:none is specified."
      RenderBR {BR} at (498,215) size 0x0
      RenderMenuList {SELECT} at (2,221) size 53x27 [bgcolor=#FFFFFF] [border: (1px solid #000000)]
        RenderBlock (anonymous) at (1,1) size 51x25
          RenderText at (3,3) size 25x19
            text run at (3,3) width 25: "test"
      RenderText {#text} at (57,225) size 4x19
        text run at (57,225) width 4: " "
      RenderBR {BR} at (61,240) size 0x0
      RenderText {#text} at (0,250) size 418x19
        text run at (0,250) width 418: "This tests that the image specified for background-image is visible."
      RenderBR {BR} at (418,265) size 0x0
      RenderMenuList {SELECT} at (2,271) size 53x27 [bgcolor=#FFFFFF] [border: (1px solid #000000)]
        RenderBlock (anonymous) at (1,1) size 51x25
          RenderText at (3,3) size 25x19
            text run at (3,3) width 25: "test"
      RenderText {#text} at (0,0) size 0x0
