layer at (0,0) size 800x600
  RenderView at (0,0) size 800x600
layer at (0,0) size 800x600
  RenderBlock {HTML} at (0,0) size 800x600
    RenderBody {BODY} at (8,8) size 784x584
      RenderBlock {DIV} at (0,0) size 10x44
        RenderText {#text} at (0,0) size 25x19
          text run at (0,0) width 25: "Foo"
        RenderImage {IMG} at (0,19) size 25x25
      RenderBlock {DIV} at (0,44) size 10x50
        RenderText {#text} at (0,0) size 25x19
          text run at (0,0) width 25: "Foo"
        RenderMenuList {SELECT} at (2,21) size 58x27 [bgcolor=#FFFFFF] [border: (1px solid #000000)]
          RenderBlock (anonymous) at (1,1) size 56x25
            RenderText at (3,3) size 30x19
              text run at (3,3) width 30: "One"
      RenderBlock {DIV} at (0,94) size 10x48
        RenderText {#text} at (0,0) size 25x19
          text run at (0,0) width 25: "Foo"
        RenderTextControl {INPUT} at (2,21) size 194x25 [bgcolor=#FFFFFF] [border: (2px inset #000000)]
      RenderBlock {DIV} at (0,142) size 10x44
        RenderImage {IMG} at (0,0) size 25x25
        RenderText {#text} at (0,25) size 25x19
          text run at (0,25) width 25: "Foo"
      RenderBlock {DIV} at (0,186) size 10x50
        RenderMenuList {SELECT} at (2,2) size 58x27 [bgcolor=#FFFFFF] [border: (1px solid #000000)]
          RenderBlock (anonymous) at (1,1) size 56x25
            RenderText at (3,3) size 30x19
              text run at (3,3) width 30: "One"
        RenderText {#text} at (0,31) size 25x19
          text run at (0,31) width 25: "Foo"
      RenderBlock {DIV} at (0,236) size 10x48
        RenderTextControl {INPUT} at (2,2) size 194x25 [bgcolor=#FFFFFF] [border: (2px inset #000000)]
        RenderText {#text} at (0,29) size 25x19
          text run at (0,29) width 25: "Foo"
layer at (13,126) size 188x19
  RenderBlock {DIV} at (3,3) size 188x19
layer at (13,249) size 188x19
  RenderBlock {DIV} at (3,3) size 188x19
