layer at (0,0) size 827x1737
  RenderView at (0,0) size 784x584
layer at (0,0) size 784x1737
  RenderBlock {HTML} at (0,0) size 784x1737
    RenderBody {BODY} at (8,17) size 768x1707 [color=#00FF00] [bgcolor=#333333]
      RenderBlock {H1} at (0,0) size 768x33
        RenderText {#text} at (0,0) size 443x33
          text run at (0,0) width 443: "CSS2 Table Backgrounds Test Suite"
      RenderBlock {H2} at (0,50) size 768x26
        RenderText {#text} at (0,0) size 55x26
          text run at (0,0) width 55: "Notes"
      RenderBlock {P} at (0,92) size 768x64
        RenderText {#text} at (0,0) size 686x16
          text run at (0,0) width 686: "This test suite is not endorsed or approved by the W3C or anyone besides fantasai. It tests conformance to fantasai's "
        RenderInline {A} at (0,0) size 714x32 [color=#FFFF00]
          RenderText {#text} at (686,0) size 714x32
            text run at (686,0) width 28: "table"
            text run at (0,16) width 190: "background clarification proposal"
        RenderText {#text} at (190,16) size 745x48
          text run at (190,16) width 540: ", not the official CSS2 specification. The intent is to demonstrate the proposal's effects under"
          text run at (0,32) width 745: "various styling conditions and to clarify any ambiguity in the proposal in preparation for a better-worded errata suggestion. It's not"
          text run at (0,48) width 292: "particularly well-designed, but it is comprehensive."
      RenderBlock {P} at (0,169) size 768x32
        RenderText {#text} at (0,0) size 755x32
          text run at (0,0) width 755: "This test suite (this page and all pages linked from the table of contents below) and its background images (listed below) are in the"
          text run at (0,16) width 357: "public domain by assertion of their author. No rights reserved."
      RenderBlock {P} at (0,214) size 768x16
        RenderText {#text} at (0,0) size 298x16
          text run at (0,0) width 298: "The images used as backgrounds are the following:"
      RenderBlock {UL} at (0,243) size 768x746
        RenderListItem {LI} at (40,0) size 728x33
          RenderListMarker at (-16,17) size 6x16: bullet
          RenderImage {IMG} at (0,0) size 80x30
          RenderText {#text} at (0,0) size 0x0
        RenderListItem {LI} at (40,33) size 728x83
          RenderListMarker at (-16,67) size 6x16: bullet
          RenderImage {IMG} at (0,0) size 30x80
          RenderText {#text} at (0,0) size 0x0
        RenderListItem {LI} at (40,116) size 728x630
          RenderListMarker at (-16,0) size 6x16: bullet
          RenderImage {IMG} at (0,16) size 779x611
          RenderText {#text} at (0,0) size 0x0
      RenderBlock {P} at (0,1002) size 768x16
        RenderText {#text} at (0,0) size 246x16
          text run at (0,0) width 246: "They are in GIF format, with transparency."
      RenderBlock {P} at (0,1031) size 768x16
        RenderText {#text} at (0,0) size 663x16
          text run at (0,0) width 663: "Each color band in the rainbow backgrounds is 20 pixels wide. Each stripe within the color band is two pixels wide."
      RenderBlock {P} at (0,1060) size 768x16
        RenderText {#text} at (0,0) size 525x16
          text run at (0,0) width 525: "The aqua and purple band is 10 pixels wide. Each stripe within the band is two pixels wide."
      RenderBlock {P} at (0,1089) size 768x16
        RenderText {#text} at (0,0) size 541x16
          text run at (0,0) width 541: "Many image background rules in this test suite are backed up with a 'black' background color."
      RenderBlock {P} at (0,1118) size 768x49
        RenderText {#text} at (0,0) size 170x16
          text run at (0,0) width 170: "This test suite assumes that "
        RenderInline {STRONG} at (0,0) size 763x33
          RenderText {#text} at (170,0) size 466x16
            text run at (170,0) width 466: "the border edge for a table element in a table with collapsed borders is the "
          RenderInline {EM} at (0,0) size 43x17
            RenderText {#text} at (636,0) size 43x17
              text run at (636,0) width 43: "middle"
          RenderText {#text} at (679,0) size 763x33
            text run at (679,0) width 84: " of the border"
            text run at (0,17) width 298: "around the element, not the outer or inner edge."
        RenderText {#text} at (298,17) size 733x32
          text run at (298,17) width 435: " (This also needs to be addressed by CSS2.1.) It also assumes support for"
          text run at (0,33) width 171: "proper ordering of tables with "
        RenderInline {CODE} at (0,0) size 42x16
          RenderText {#text} at (171,33) size 42x16
            text run at (171,33) width 42: "<tfoot>"
        RenderText {#text} at (213,33) size 4x16
          text run at (213,33) width 4: "."
      RenderBlock {H2} at (0,1183) size 768x26
        RenderText {#text} at (0,0) size 169x26
          text run at (0,0) width 169: "Table of Contents"
      RenderBlock {OL} at (0,1225) size 768x482
        RenderListItem {LI} at (40,0) size 728x112
          RenderBlock (anonymous) at (0,0) size 728x16
            RenderListMarker at (-21,0) size 17x16: "A"
            RenderText {#text} at (0,0) size 100x16
              text run at (0,0) width 100: "Background Area"
          RenderBlock {OL} at (0,16) size 728x96
            RenderListItem {LI} at (40,0) size 688x16
              RenderListMarker at (-19,0) size 15x16: "1"
              RenderInline {A} at (0,0) size 123x16 [color=#FFFF00]
                RenderText {#text} at (0,0) size 123x16
                  text run at (0,0) width 123: "Background on 'table'"
              RenderText {#text} at (0,0) size 0x0
            RenderListItem {LI} at (40,16) size 688x16
              RenderListMarker at (-19,0) size 15x16: "2"
              RenderInline {A} at (0,0) size 183x16 [color=#FFFF00]
                RenderText {#text} at (0,0) size 183x16
                  text run at (0,0) width 183: "Background on 'table-row-group'"
              RenderText {#text} at (0,0) size 0x0
            RenderListItem {LI} at (40,32) size 688x16
              RenderListMarker at (-19,0) size 15x16: "3"
              RenderInline {A} at (0,0) size 205x16 [color=#FFFF00]
                RenderText {#text} at (0,0) size 205x16
                  text run at (0,0) width 205: "Background on 'table-column-group'"
              RenderText {#text} at (0,0) size 0x0
            RenderListItem {LI} at (40,48) size 688x16
              RenderListMarker at (-19,0) size 15x16: "4"
              RenderInline {A} at (0,0) size 147x16 [color=#FFFF00]
                RenderText {#text} at (0,0) size 147x16
                  text run at (0,0) width 147: "Background on 'table-row'"
              RenderText {#text} at (0,0) size 0x0
            RenderListItem {LI} at (40,64) size 688x16
              RenderListMarker at (-19,0) size 15x16: "5"
              RenderInline {A} at (0,0) size 169x16 [color=#FFFF00]
                RenderText {#text} at (0,0) size 169x16
                  text run at (0,0) width 169: "Background on 'table-column'"
              RenderText {#text} at (0,0) size 0x0
            RenderListItem {LI} at (40,80) size 688x16
              RenderListMarker at (-19,0) size 15x16: "6"
              RenderInline {A} at (0,0) size 147x16 [color=#FFFF00]
                RenderText {#text} at (0,0) size 147x16
                  text run at (0,0) width 147: "Background on 'table-cell'"
              RenderText {#text} at (0,0) size 0x0
        RenderListItem {LI} at (40,112) size 728x112
          RenderBlock (anonymous) at (0,0) size 728x16
            RenderListMarker at (-21,0) size 17x16: "B"
            RenderText {#text} at (0,0) size 120x16
              text run at (0,0) width 120: "Background Position"
          RenderBlock {OL} at (0,16) size 728x96
            RenderListItem {LI} at (40,0) size 688x16
              RenderListMarker at (-19,0) size 15x16: "1"
              RenderInline {A} at (0,0) size 123x16 [color=#FFFF00]
                RenderText {#text} at (0,0) size 123x16
                  text run at (0,0) width 123: "Background on 'table'"
              RenderText {#text} at (0,0) size 0x0
            RenderListItem {LI} at (40,16) size 688x16
              RenderListMarker at (-19,0) size 15x16: "2"
              RenderInline {A} at (0,0) size 183x16 [color=#FFFF00]
                RenderText {#text} at (0,0) size 183x16
                  text run at (0,0) width 183: "Background on 'table-row-group'"
              RenderText {#text} at (0,0) size 0x0
            RenderListItem {LI} at (40,32) size 688x16
              RenderListMarker at (-19,0) size 15x16: "3"
              RenderInline {A} at (0,0) size 205x16 [color=#FFFF00]
                RenderText {#text} at (0,0) size 205x16
                  text run at (0,0) width 205: "Background on 'table-column-group'"
              RenderText {#text} at (0,0) size 0x0
            RenderListItem {LI} at (40,48) size 688x16
              RenderListMarker at (-19,0) size 15x16: "4"
              RenderInline {A} at (0,0) size 147x16 [color=#FFFF00]
                RenderText {#text} at (0,0) size 147x16
                  text run at (0,0) width 147: "Background on 'table-row'"
              RenderText {#text} at (0,0) size 0x0
            RenderListItem {LI} at (40,64) size 688x16
              RenderListMarker at (-19,0) size 15x16: "5"
              RenderInline {A} at (0,0) size 169x16 [color=#FFFF00]
                RenderText {#text} at (0,0) size 169x16
                  text run at (0,0) width 169: "Background on 'table-column'"
              RenderText {#text} at (0,0) size 0x0
            RenderListItem {LI} at (40,80) size 688x16
              RenderListMarker at (-19,0) size 15x16: "6"
              RenderInline {A} at (0,0) size 147x16 [color=#FFFF00]
                RenderText {#text} at (0,0) size 147x16
                  text run at (0,0) width 147: "Background on 'table-cell'"
              RenderText {#text} at (0,0) size 0x0
        RenderListItem {LI} at (40,224) size 728x48
          RenderBlock (anonymous) at (0,0) size 728x16
            RenderListMarker at (-21,0) size 17x16: "C"
            RenderText {#text} at (0,0) size 112x16
              text run at (0,0) width 112: "Background Layers"
          RenderBlock {OL} at (0,16) size 728x32
            RenderListItem {LI} at (40,0) size 688x16
              RenderListMarker at (-19,0) size 15x16: "1"
              RenderInline {A} at (0,0) size 105x16 [color=#FFFF00]
                RenderText {#text} at (0,0) size 105x16
                  text run at (0,0) width 105: "empty-cells: show"
              RenderText {#text} at (0,0) size 0x0
            RenderListItem {LI} at (40,16) size 688x16
              RenderListMarker at (-19,0) size 15x16: "2"
              RenderInline {A} at (0,0) size 99x16 [color=#FFFF00]
                RenderText {#text} at (0,0) size 99x16
                  text run at (0,0) width 99: "empty-cells: hide"
              RenderText {#text} at (0,0) size 0x0
        RenderListItem {LI} at (40,272) size 728x210
          RenderBlock (anonymous) at (0,0) size 728x16
            RenderListMarker at (-21,0) size 17x16: "D"
            RenderText {#text} at (0,0) size 145x16
              text run at (0,0) width 145: "Background with Borders"
          RenderBlock {OL} at (0,16) size 728x144
            RenderListItem {LI} at (40,0) size 688x16
              RenderListMarker at (-19,0) size 15x16: "1"
              RenderInline {A} at (0,0) size 123x16 [color=#FFFF00]
                RenderText {#text} at (0,0) size 123x16
                  text run at (0,0) width 123: "Background on 'table'"
              RenderText {#text} at (0,0) size 0x0
            RenderListItem {LI} at (40,16) size 688x16
              RenderListMarker at (-19,0) size 15x16: "2"
              RenderInline {A} at (0,0) size 183x16 [color=#FFFF00]
                RenderText {#text} at (0,0) size 183x16
                  text run at (0,0) width 183: "Background on 'table-row-group'"
              RenderText {#text} at (0,0) size 0x0
            RenderListItem {LI} at (40,32) size 688x16
              RenderListMarker at (-19,0) size 15x16: "3"
              RenderInline {A} at (0,0) size 205x16 [color=#FFFF00]
                RenderText {#text} at (0,0) size 205x16
                  text run at (0,0) width 205: "Background on 'table-column-group'"
              RenderText {#text} at (0,0) size 0x0
            RenderListItem {LI} at (40,48) size 688x16
              RenderListMarker at (-19,0) size 15x16: "4"
              RenderInline {A} at (0,0) size 147x16 [color=#FFFF00]
                RenderText {#text} at (0,0) size 147x16
                  text run at (0,0) width 147: "Background on 'table-row'"
              RenderText {#text} at (0,0) size 0x0
            RenderListItem {LI} at (40,64) size 688x16
              RenderListMarker at (-19,0) size 15x16: "5"
              RenderInline {A} at (0,0) size 169x16 [color=#FFFF00]
                RenderText {#text} at (0,0) size 169x16
                  text run at (0,0) width 169: "Background on 'table-column'"
              RenderText {#text} at (0,0) size 0x0
            RenderListItem {LI} at (40,80) size 688x16
              RenderListMarker at (-19,0) size 15x16: "6"
              RenderInline {A} at (0,0) size 147x16 [color=#FFFF00]
                RenderText {#text} at (0,0) size 147x16
                  text run at (0,0) width 147: "Background on 'table-cell'"
              RenderText {#text} at (0,0) size 0x0
            RenderListItem {LI} at (40,96) size 688x48
              RenderBlock (anonymous) at (0,0) size 688x16
                RenderListMarker at (-19,0) size 15x16: "7"
                RenderText {#text} at (0,0) size 80x16
                  text run at (0,0) width 80: "Special Tests"
              RenderBlock {OL} at (0,16) size 688x32
                RenderListItem {LI} at (40,0) size 648x16
                  RenderListMarker at (-19,0) size 15x16: "1"
                  RenderInline {A} at (0,0) size 45x16 [color=#FFFF00]
                    RenderText {#text} at (0,0) size 45x16
                      text run at (0,0) width 45: "Opacity"
                  RenderText {#text} at (0,0) size 0x0
                RenderListItem {LI} at (40,16) size 648x16
                  RenderListMarker at (-19,0) size 15x16: "2"
                  RenderInline {A} at (0,0) size 112x16 [color=#FFFF00]
                    RenderText {#text} at (0,0) size 112x16
                      text run at (0,0) width 112: "Fixed Backgrounds"
                  RenderText {#text} at (0,0) size 0x0
          RenderBlock {DIV} at (0,160) size 728x34
            RenderInline {A} at (0,0) size 88x16 [color=#FFFF00]
              RenderImage {IMG} at (0,0) size 88x31
            RenderText {#text} at (0,0) size 0x0
          RenderBlock {ADDRESS} at (0,194) size 728x16
            RenderText {#text} at (0,0) size 555x16
              text run at (0,0) width 555: "CSS2 Table Backgrounds Test Suite designed and written by fantasai <fantasai@escape.com>"
