layer at (0,0) size 3181x584
  RenderView at (0,0) size 800x584
layer at (-2381,0) size 3181x584 backgroundClip at (0,0) size 3181x584 clip at (0,0) size 3181x584 outlineClip at (0,0) size 3181x584
  RenderBlock {HTML} at (0,0) size 3181x584
    RenderBody {BODY} at (58,46) size 3065x492
      RenderBlock {H1} at (0,0) size 48x492
        RenderText {#text} at (6,0) size 36x38
          text run at (6,0) width 38: "\x{8349}\x{6795}"
      RenderBlock {H2} at (69,0) size 36x492
        RenderText {#text} at (4,0) size 28x56
          text run at (4,0) width 56: "\x{590F}\x{76EE}\x{6F31}\x{77F3}"
      RenderBlock {DIV} at (124,0) size 2941x492
        RenderBlock (anonymous) at (0,0) size 1620x492
          RenderBR {BR} at (0,0) size 19x0
          RenderBR {BR} at (19,0) size 19x0
          RenderBR {BR} at (38,0) size 19x0
          RenderText {#text} at (57,0) size 19x90
            text run at (57,0) width 90: "\x{3000}\x{3000}\x{3000}\x{3000}\x{3000}\x{3000}\x{3000}\x{3000}\x{4E00}"
          RenderBR {BR} at (57,90) size 19x0
          RenderBR {BR} at (76,0) size 19x0
          RenderText {#text} at (105,0) size 19x10
            text run at (105,0) width 10: "\x{3000}"
          RenderRuby (inline) {RUBY} at (0,0) size 19x20
            RenderRubyRun (anonymous) at (105,10) size 19x20
              RenderRubyText {RT} at (-10,0) size 10x20
                RenderText {#text} at (0,0) size 10x20
                  text run at (0,0) width 20: "\x{3084}\x{307E}\x{307F}\x{3061}"
              RenderRubyBase (anonymous) at (0,0) size 19x20
                RenderInline {RB} at (0,0) size 19x20
                  RenderText {#text} at (0,0) size 19x20
                    text run at (0,0) width 20: "\x{5C71}\x{8DEF}"
          RenderText {#text} at (105,30) size 19x130
            text run at (105,30) width 130: "\x{3092}\x{767B}\x{308A}\x{306A}\x{304C}\x{3089}\x{3001}\x{3053}\x{3046}\x{8003}\x{3048}\x{305F}\x{3002}"
          RenderBR {BR} at (105,160) size 19x0
          RenderText {#text} at (134,0) size 19x10
            text run at (134,0) width 10: "\x{3000}"
          RenderRuby (inline) {RUBY} at (0,0) size 19x10
            RenderRubyRun (anonymous) at (134,10) size 19x10
              RenderRubyText {RT} at (-10,0) size 10x10
                RenderText {#text} at (0,2) size 10x6
                  text run at (0,2) width 5: "\x{3061}"
              RenderRubyBase (anonymous) at (0,0) size 19x10
                RenderInline {RB} at (0,0) size 19x10
                  RenderText {#text} at (0,0) size 19x10
                    text run at (0,0) width 10: "\x{667A}"
          RenderText {#text} at (134,20) size 19x40
            text run at (134,20) width 40: "\x{306B}\x{50CD}\x{3051}\x{3070}"
          RenderRuby (inline) {RUBY} at (0,0) size 19x10
            RenderRubyRun (anonymous) at (134,60) size 19x10
              RenderRubyText {RT} at (-10,0) size 10x10
                RenderText {#text} at (0,0) size 10x10
                  text run at (0,0) width 10: "\x{304B}\x{3069}"
              RenderRubyBase (anonymous) at (0,0) size 19x10
                RenderInline {RB} at (0,0) size 19x10
                  RenderText {#text} at (0,0) size 19x10
                    text run at (0,0) width 10: "\x{89D2}"
          RenderText {#text} at (134,70) size 19x40
            text run at (134,70) width 40: "\x{304C}\x{7ACB}\x{3064}\x{3002}"
          RenderRuby (inline) {RUBY} at (0,0) size 19x15
            RenderRubyRun (anonymous) at (134,110) size 19x15
              RenderRubyText {RT} at (-10,0) size 10x15
                RenderText {#text} at (0,0) size 10x15
                  text run at (0,0) width 15: "\x{3058}\x{3087}\x{3046}"
              RenderRubyBase (anonymous) at (0,0) size 19x15
                RenderInline {RB} at (0,0) size 19x11
                  RenderText {#text} at (0,2) size 19x11
                    text run at (0,2) width 10: "\x{60C5}"
          RenderText {#text} at (134,125) size 19x10
            text run at (134,125) width 10: "\x{306B}"
          RenderRuby (inline) {RUBY} at (0,0) size 19x10
            RenderRubyRun (anonymous) at (134,135) size 19x10
              RenderRubyText {RT} at (-10,0) size 10x10
                RenderText {#text} at (0,0) size 10x10
                  text run at (0,0) width 10: "\x{3055}\x{304A}"
              RenderRubyBase (anonymous) at (0,0) size 19x10
                RenderInline {RB} at (0,0) size 19x10
                  RenderText {#text} at (0,0) size 19x10
                    text run at (0,0) width 10: "\x{68F9}"
          RenderText {#text} at (134,145) size 19x110
            text run at (134,145) width 110: "\x{3055}\x{305B}\x{3070}\x{6D41}\x{3055}\x{308C}\x{308B}\x{3002}\x{610F}\x{5730}\x{3092}"
          RenderRuby (inline) {RUBY} at (0,0) size 19x10
            RenderRubyRun (anonymous) at (134,255) size 19x10
              RenderRubyText {RT} at (-10,0) size 10x10
                RenderText {#text} at (0,0) size 10x10
                  text run at (0,0) width 10: "\x{3068}\x{304A}"
              RenderRubyBase (anonymous) at (0,0) size 19x10
                RenderInline {RB} at (0,0) size 19x10
                  RenderText {#text} at (0,0) size 19x10
                    text run at (0,0) width 10: "\x{901A}"
          RenderText {#text} at (134,265) size 19x20
            text run at (134,265) width 20: "\x{305B}\x{3070}"
          RenderRuby (inline) {RUBY} at (0,0) size 19x25
            RenderRubyRun (anonymous) at (134,285) size 19x25
              RenderRubyText {RT} at (-10,0) size 10x25
                RenderText {#text} at (0,0) size 10x25
                  text run at (0,0) width 25: "\x{304D}\x{3085}\x{3046}\x{304F}\x{3064}"
              RenderRubyBase (anonymous) at (0,0) size 19x25
                RenderInline {RB} at (0,0) size 19x21
                  RenderText {#text} at (0,2) size 19x21
                    text run at (0,2) width 20: "\x{7AAE}\x{5C48}"
          RenderText {#text} at (134,310) size 19x164
            text run at (134,310) width 164: "\x{3060}\x{3002}\x{3068}\x{304B}\x{304F}\x{306B}\x{4EBA}\x{306E}\x{4E16}\x{306F}\x{4F4F}\x{307F}\x{306B}\x{304F}\x{3044}\x{3002}"
          RenderBR {BR} at (134,474) size 19x0
          RenderText {#text} at (163,0) size 19x70
            text run at (163,0) width 70: "\x{3000}\x{4F4F}\x{307F}\x{306B}\x{304F}\x{3055}\x{304C}"
          RenderRuby (inline) {RUBY} at (0,0) size 19x10
            RenderRubyRun (anonymous) at (163,70) size 19x10
              RenderRubyText {RT} at (-10,0) size 10x10
                RenderText {#text} at (0,0) size 10x10
                  text run at (0,0) width 10: "\x{3053}\x{3046}"
              RenderRubyBase (anonymous) at (0,0) size 19x10
                RenderInline {RB} at (0,0) size 19x10
                  RenderText {#text} at (0,0) size 19x10
                    text run at (0,0) width 10: "\x{9AD8}"
          RenderText {#text} at (163,80) size 19x300
            text run at (163,80) width 300: "\x{3058}\x{308B}\x{3068}\x{3001}\x{5B89}\x{3044}\x{6240}\x{3078}\x{5F15}\x{304D}\x{8D8A}\x{3057}\x{305F}\x{304F}\x{306A}\x{308B}\x{3002}\x{3069}\x{3053}\x{3078}\x{8D8A}\x{3057}\x{3066}\x{3082}\x{4F4F}\x{307F}\x{306B}\x{304F}\x{3044}\x{3068}"
          RenderRuby (inline) {RUBY} at (0,0) size 19x10
            RenderRubyRun (anonymous) at (163,380) size 19x10
              RenderRubyText {RT} at (-10,0) size 10x10
                RenderText {#text} at (0,0) size 10x10
                  text run at (0,0) width 10: "\x{3055}\x{3068}"
              RenderRubyBase (anonymous) at (0,0) size 19x10
                RenderInline {RB} at (0,0) size 19x10
                  RenderText {#text} at (0,0) size 19x10
                    text run at (0,0) width 10: "\x{609F}"
          RenderText {#text} at (163,390) size 19x100
            text run at (163,390) width 100: "\x{3063}\x{305F}\x{6642}\x{3001}\x{8A69}\x{304C}\x{751F}\x{308C}\x{3066}\x{3001}"
          RenderRuby (inline) {RUBY} at (0,0) size 19x10
            RenderRubyRun (anonymous) at (192,0) size 19x10
              RenderRubyText {RT} at (-10,0) size 10x10
                RenderText {#text} at (0,2) size 10x6
                  text run at (0,2) width 5: "\x{3048}"
              RenderRubyBase (anonymous) at (0,0) size 19x10
                RenderInline {RB} at (0,0) size 19x10
                  RenderText {#text} at (0,0) size 19x10
                    text run at (0,0) width 10: "\x{753B}"
          RenderText {#text} at (192,10) size 19x50
            text run at (192,10) width 50: "\x{304C}\x{51FA}\x{6765}\x{308B}\x{3002}"
          RenderBR {BR} at (192,60) size 19x0
          RenderText {#text} at (221,0) size 19x10
            text run at (221,0) width 10: "\x{3000}"
          RenderInline {STRONG} at (0,0) size 19x34
            RenderText {#text} at (221,10) size 19x34
              text run at (221,10) width 34: "\x{4EBA}\x{306E}\x{4E16}"
          RenderText {#text} at (221,44) size 19x274
            text run at (221,44) width 274: "\x{3092}\x{4F5C}\x{3063}\x{305F}\x{3082}\x{306E}\x{306F}\x{795E}\x{3067}\x{3082}\x{306A}\x{3051}\x{308C}\x{3070}\x{9B3C}\x{3067}\x{3082}\x{306A}\x{3044}\x{3002}\x{3084}\x{306F}\x{308A}\x{5411}\x{3046}\x{4E09}\x{8ED2}"
          RenderRuby (inline) {RUBY} at (0,0) size 19x25
            RenderRubyRun (anonymous) at (221,318) size 19x25
              RenderRubyText {RT} at (-10,0) size 10x25
                RenderText {#text} at (0,0) size 10x25
                  text run at (0,0) width 25: "\x{308A}\x{3087}\x{3046}\x{3069}\x{306A}"
              RenderRubyBase (anonymous) at (0,0) size 19x25
                RenderInline {RB} at (0,0) size 19x21
                  RenderText {#text} at (0,2) size 19x21
                    text run at (0,2) width 20: "\x{4E21}\x{96A3}"
          RenderText {#text} at (221,343) size 38x487
            text run at (221,343) width 144: "\x{308A}\x{306B}\x{3061}\x{3089}\x{3061}\x{3089}\x{3059}\x{308B}\x{305F}\x{3060}\x{306E}\x{4EBA}\x{3067}\x{3042}"
            text run at (240,0) width 104: "\x{308B}\x{3002}\x{305F}\x{3060}\x{306E}\x{4EBA}\x{304C}\x{4F5C}\x{3063}\x{305F}"
          RenderInline {STRONG} at (0,0) size 19x34
            RenderText {#text} at (240,104) size 19x34
              text run at (240,104) width 34: "\x{4EBA}\x{306E}\x{4E16}"
          RenderText {#text} at (240,138) size 19x230
            text run at (240,138) width 230: "\x{304C}\x{4F4F}\x{307F}\x{306B}\x{304F}\x{3044}\x{304B}\x{3089}\x{3068}\x{3066}\x{3001}\x{8D8A}\x{3059}\x{56FD}\x{306F}\x{3042}\x{308B}\x{307E}\x{3044}\x{3002}\x{3042}\x{308C}\x{3070}"
          RenderInline {STRONG} at (0,0) size 19x40
            RenderText {#text} at (240,368) size 19x40
              text run at (240,368) width 40: "\x{4EBA}\x{3067}\x{306A}\x{3057}"
          RenderText {#text} at (240,408) size 38x492
            text run at (240,408) width 84: "\x{306E}\x{56FD}\x{3078}\x{884C}\x{304F}\x{3070}\x{304B}\x{308A}"
            text run at (259,0) width 20: "\x{3060}\x{3002}"
          RenderInline {STRONG} at (0,0) size 19x40
            RenderText {#text} at (259,20) size 19x40
              text run at (259,20) width 40: "\x{4EBA}\x{3067}\x{306A}\x{3057}"
          RenderText {#text} at (259,60) size 19x34
            text run at (259,60) width 34: "\x{306E}\x{56FD}\x{306F}"
          RenderInline {STRONG} at (0,0) size 19x34
            RenderText {#text} at (259,94) size 19x34
              text run at (259,94) width 34: "\x{4EBA}\x{306E}\x{4E16}"
          RenderText {#text} at (259,128) size 19x130
            text run at (259,128) width 130: "\x{3088}\x{308A}\x{3082}\x{306A}\x{304A}\x{4F4F}\x{307F}\x{306B}\x{304F}\x{304B}\x{308D}\x{3046}\x{3002}"
          RenderBR {BR} at (259,258) size 19x0
          RenderText {#text} at (288,0) size 19x314
            text run at (288,0) width 314: "\x{3000}\x{8D8A}\x{3059}\x{4E8B}\x{306E}\x{306A}\x{3089}\x{306C}\x{4E16}\x{304C}\x{4F4F}\x{307F}\x{306B}\x{304F}\x{3051}\x{308C}\x{3070}\x{3001}\x{4F4F}\x{307F}\x{306B}\x{304F}\x{3044}\x{6240}\x{3092}\x{3069}\x{308C}\x{307B}\x{3069}\x{304B}\x{3001}"
          RenderRuby (inline) {RUBY} at (0,0) size 19x20
            RenderRubyRun (anonymous) at (288,314) size 19x20
              RenderRubyText {RT} at (-10,0) size 10x20
                RenderText {#text} at (0,0) size 10x20
                  text run at (0,0) width 20: "\x{304F}\x{3064}\x{308D}\x{3052}"
              RenderRubyBase (anonymous) at (0,0) size 19x20
                RenderInline {RB} at (0,0) size 19x20
                  RenderText {#text} at (0,0) size 19x20
                    text run at (0,0) width 20: "\x{5BDB}\x{5BB9}"
          RenderText {#text} at (288,334) size 19x20
            text run at (288,334) width 20: "\x{3066}\x{3001}"
          RenderRuby (inline) {RUBY} at (0,0) size 19x10
            RenderRubyRun (anonymous) at (288,354) size 19x10
              RenderRubyText {RT} at (-10,0) size 10x10
                RenderText {#text} at (0,0) size 10x10
                  text run at (0,0) width 10: "\x{3064}\x{304B}"
              RenderRubyBase (anonymous) at (0,0) size 19x10
                RenderInline {RB} at (0,0) size 19x10
                  RenderText {#text} at (0,0) size 19x10
                    text run at (0,0) width 10: "\x{675F}"
          RenderText {#text} at (288,364) size 19x14
            text run at (288,364) width 14: "\x{306E}"
          RenderRuby (inline) {RUBY} at (0,0) size 19x10
            RenderRubyRun (anonymous) at (288,378) size 19x10
              RenderRubyText {RT} at (-10,0) size 10x10
                RenderText {#text} at (0,2) size 10x6
                  text run at (0,2) width 5: "\x{307E}"
              RenderRubyBase (anonymous) at (0,0) size 19x10
                RenderInline {RB} at (0,0) size 19x10
                  RenderText {#text} at (0,0) size 19x10
                    text run at (0,0) width 10: "\x{9593}"
          RenderText {#text} at (288,388) size 48x486
            text run at (288,388) width 98: "\x{306E}\x{547D}\x{3092}\x{3001}\x{675F}\x{306E}\x{9593}\x{3067}\x{3082}"
            text run at (317,0) width 370: "\x{4F4F}\x{307F}\x{3088}\x{304F}\x{305B}\x{306D}\x{3070}\x{306A}\x{3089}\x{306C}\x{3002}\x{3053}\x{3053}\x{306B}\x{8A69}\x{4EBA}\x{3068}\x{3044}\x{3046}\x{5929}\x{8077}\x{304C}\x{51FA}\x{6765}\x{3066}\x{3001}\x{3053}\x{3053}\x{306B}\x{753B}\x{5BB6}\x{3068}\x{3044}\x{3046}\x{4F7F}\x{547D}\x{304C}"
          RenderRuby (inline) {RUBY} at (0,0) size 19x10
            RenderRubyRun (anonymous) at (317,370) size 19x10
              RenderRubyText {RT} at (-10,0) size 10x10
                RenderText {#text} at (0,0) size 10x10
                  text run at (0,0) width 10: "\x{304F}\x{3060}"
              RenderRubyBase (anonymous) at (0,0) size 19x10
                RenderInline {RB} at (0,0) size 19x10
                  RenderText {#text} at (0,0) size 19x10
                    text run at (0,0) width 10: "\x{964D}"
          RenderText {#text} at (317,380) size 48x484
            text run at (317,380) width 104: "\x{308B}\x{3002}\x{3042}\x{3089}\x{3086}\x{308B}\x{82B8}\x{8853}\x{306E}\x{58EB}"
            text run at (346,0) width 54: "\x{306F}\x{4EBA}\x{306E}\x{4E16}\x{3092}"
          RenderRuby (inline) {RUBY} at (0,0) size 19x20
            RenderRubyRun (anonymous) at (346,54) size 19x20
              RenderRubyText {RT} at (-10,0) size 10x20
                RenderText {#text} at (0,1) size 10x18
                  text run at (0,1) width 17: "\x{306E}\x{3069}\x{304B}"
              RenderRubyBase (anonymous) at (0,0) size 19x20
                RenderInline {RB} at (0,0) size 19x20
                  RenderText {#text} at (0,0) size 19x20
                    text run at (0,0) width 20: "\x{9577}\x{9591}"
          RenderText {#text} at (346,74) size 19x134
            text run at (346,74) width 134: "\x{306B}\x{3057}\x{3001}\x{4EBA}\x{306E}\x{5FC3}\x{3092}\x{8C4A}\x{304B}\x{306B}\x{3059}\x{308B}\x{304C}"
          RenderRuby (inline) {RUBY} at (0,0) size 19x10
            RenderRubyRun (anonymous) at (346,208) size 19x10
              RenderRubyText {RT} at (-10,0) size 10x10
                RenderText {#text} at (0,0) size 10x10
                  text run at (0,0) width 10: "\x{3086}\x{3048}"
              RenderRubyBase (anonymous) at (0,0) size 19x10
                RenderInline {RB} at (0,0) size 19x10
                  RenderText {#text} at (0,0) size 19x10
                    text run at (0,0) width 10: "\x{6545}"
          RenderText {#text} at (346,218) size 19x10
            text run at (346,218) width 10: "\x{306B}"
          RenderRuby (inline) {RUBY} at (0,0) size 19x10
            RenderRubyRun (anonymous) at (346,228) size 19x10
              RenderRubyText {RT} at (-10,0) size 10x10
                RenderText {#text} at (0,0) size 10x10
                  text run at (0,0) width 10: "\x{305F}\x{3063}"
              RenderRubyBase (anonymous) at (0,0) size 19x10
                RenderInline {RB} at (0,0) size 19x10
                  RenderText {#text} at (0,0) size 19x10
                    text run at (0,0) width 10: "\x{5C0A}"
          RenderText {#text} at (346,238) size 19x30
            text run at (346,238) width 30: "\x{3068}\x{3044}\x{3002}"
          RenderBR {BR} at (346,268) size 19x0
          RenderText {#text} at (375,0) size 19x150
            text run at (375,0) width 150: "\x{3000}\x{4F4F}\x{307F}\x{306B}\x{304F}\x{304D}\x{4E16}\x{304B}\x{3089}\x{3001}\x{4F4F}\x{307F}\x{306B}\x{304F}\x{304D}"
          RenderRuby (inline) {RUBY} at (0,0) size 19x15
            RenderRubyRun (anonymous) at (375,150) size 19x15
              RenderRubyText {RT} at (-10,0) size 10x15
                RenderText {#text} at (0,0) size 10x15
                  text run at (0,0) width 15: "\x{308F}\x{305A}\x{3089}"
              RenderRubyBase (anonymous) at (0,0) size 19x15
                RenderInline {RB} at (0,0) size 19x11
                  RenderText {#text} at (0,2) size 19x11
                    text run at (0,2) width 10: "\x{7169}"
          RenderText {#text} at (375,165) size 19x318
            text run at (375,165) width 318: "\x{3044}\x{3092}\x{5F15}\x{304D}\x{629C}\x{3044}\x{3066}\x{3001}\x{3042}\x{308A}\x{304C}\x{305F}\x{3044}\x{4E16}\x{754C}\x{3092}\x{307E}\x{306E}\x{3042}\x{305F}\x{308A}\x{306B}\x{5199}\x{3059}\x{306E}\x{304C}\x{8A69}\x{3067}\x{3042}\x{308B}\x{3001}"
          RenderRuby (inline) {RUBY} at (0,0) size 19x10
            RenderRubyRun (anonymous) at (404,0) size 19x10
              RenderRubyText {RT} at (-10,0) size 10x10
                RenderText {#text} at (0,2) size 10x6
                  text run at (0,2) width 5: "\x{3048}"
              RenderRubyBase (anonymous) at (0,0) size 19x10
                RenderInline {RB} at (0,0) size 19x10
                  RenderText {#text} at (0,0) size 19x10
                    text run at (0,0) width 10: "\x{753B}"
          RenderText {#text} at (404,10) size 19x200
            text run at (404,10) width 200: "\x{3067}\x{3042}\x{308B}\x{3002}\x{3042}\x{308B}\x{306F}\x{97F3}\x{697D}\x{3068}\x{5F6B}\x{523B}\x{3067}\x{3042}\x{308B}\x{3002}\x{3053}\x{307E}\x{304B}\x{306B}"
          RenderRuby (inline) {RUBY} at (0,0) size 19x10
            RenderRubyRun (anonymous) at (404,210) size 19x10
              RenderRubyText {RT} at (-10,0) size 10x10
                RenderText {#text} at (0,2) size 10x6
                  text run at (0,2) width 5: "\x{3044}"
              RenderRubyBase (anonymous) at (0,0) size 19x10
                RenderInline {RB} at (0,0) size 19x10
                  RenderText {#text} at (0,0) size 19x10
                    text run at (0,0) width 10: "\x{4E91}"
          RenderText {#text} at (404,220) size 48x484
            text run at (404,220) width 264: "\x{3048}\x{3070}\x{5199}\x{3055}\x{306A}\x{3044}\x{3067}\x{3082}\x{3088}\x{3044}\x{3002}\x{305F}\x{3060}\x{307E}\x{306E}\x{3042}\x{305F}\x{308A}\x{306B}\x{898B}\x{308C}\x{3070}\x{3001}\x{305D}\x{3053}\x{306B}"
            text run at (433,0) width 70: "\x{8A69}\x{3082}\x{751F}\x{304D}\x{3001}\x{6B4C}\x{3082}"
          RenderRuby (inline) {RUBY} at (0,0) size 19x10
            RenderRubyRun (anonymous) at (433,70) size 19x10
              RenderRubyText {RT} at (-10,0) size 10x10
                RenderText {#text} at (0,2) size 10x6
                  text run at (0,2) width 5: "\x{308F}"
              RenderRubyBase (anonymous) at (0,0) size 19x10
                RenderInline {RB} at (0,0) size 19x10
                  RenderText {#text} at (0,0) size 19x10
                    text run at (0,0) width 10: "\x{6E67}"
          RenderText {#text} at (433,80) size 19x120
            text run at (433,80) width 120: "\x{304F}\x{3002}\x{7740}\x{60F3}\x{3092}\x{7D19}\x{306B}\x{843D}\x{3055}\x{306C}\x{3068}\x{3082}"
          RenderRuby (inline) {RUBY} at (0,0) size 19x25
            RenderRubyRun (anonymous) at (433,200) size 19x25
              RenderRubyText {RT} at (-10,0) size 10x25
                RenderText {#text} at (0,0) size 10x25
                  text run at (0,0) width 25: "\x{304D}\x{3085}\x{3046}\x{305D}\x{3046}"
              RenderRubyBase (anonymous) at (0,0) size 19x25
                RenderInline {RB} at (0,0) size 19x21
                  RenderText {#text} at (0,2) size 19x11
                    text run at (0,2) width 10: "\x{7486}"
                  RenderText {#text} at (0,12) size 19x11
                    text run at (0,12) width 10: "\x{93D8}"
          RenderText {#text} at (433,225) size 19x14
            text run at (433,225) width 14: "\x{306E}"
          RenderRuby (inline) {RUBY} at (0,0) size 19x10
            RenderRubyRun (anonymous) at (433,239) size 19x10
              RenderRubyText {RT} at (-10,0) size 10x10
                RenderText {#text} at (0,0) size 10x10
                  text run at (0,0) width 10: "\x{304A}\x{3093}"
              RenderRubyBase (anonymous) at (0,0) size 19x10
                RenderInline {RB} at (0,0) size 19x10
                  RenderText {#text} at (0,0) size 19x10
                    text run at (0,0) width 10: "\x{97F3}"
          RenderText {#text} at (433,249) size 19x10
            text run at (433,249) width 10: "\x{306F}"
          RenderRuby (inline) {RUBY} at (0,0) size 19x20
            RenderRubyRun (anonymous) at (433,259) size 19x20
              RenderRubyText {RT} at (-10,0) size 10x20
                RenderText {#text} at (0,0) size 10x20
                  text run at (0,0) width 20: "\x{304D}\x{3087}\x{3046}\x{308A}"
              RenderRubyBase (anonymous) at (0,0) size 19x20
                RenderInline {RB} at (0,0) size 19x20
                  RenderText {#text} at (0,0) size 19x20
                    text run at (0,0) width 20: "\x{80F8}\x{88CF}"
          RenderText {#text} at (433,279) size 19x10
            text run at (433,279) width 10: "\x{306B}"
          RenderRuby (inline) {RUBY} at (0,0) size 19x10
            RenderRubyRun (anonymous) at (433,289) size 19x10
              RenderRubyText {RT} at (-10,0) size 10x10
                RenderText {#text} at (0,0) size 10x10
                  text run at (0,0) width 10: "\x{304A}\x{3053}"
              RenderRubyBase (anonymous) at (0,0) size 19x10
                RenderInline {RB} at (0,0) size 19x10
                  RenderText {#text} at (0,0) size 19x10
                    text run at (0,0) width 10: "\x{8D77}"
          RenderText {#text} at (433,299) size 19x20
            text run at (433,299) width 20: "\x{308B}\x{3002}"
          RenderRuby (inline) {RUBY} at (0,0) size 19x20
            RenderRubyRun (anonymous) at (433,319) size 19x20
              RenderRubyText {RT} at (-10,0) size 10x20
                RenderText {#text} at (0,0) size 10x20
                  text run at (0,0) width 20: "\x{305F}\x{3093}\x{305B}\x{3044}"
              RenderRubyBase (anonymous) at (0,0) size 19x20
                RenderInline {RB} at (0,0) size 19x20
                  RenderText {#text} at (0,0) size 19x20
                    text run at (0,0) width 20: "\x{4E39}\x{9752}"
          RenderText {#text} at (433,339) size 19x10
            text run at (433,339) width 10: "\x{306F}"
          RenderRuby (inline) {RUBY} at (0,0) size 19x20
            RenderRubyRun (anonymous) at (433,349) size 19x20
              RenderRubyText {RT} at (-10,0) size 10x20
                RenderText {#text} at (0,5) size 10x10
                  text run at (0,5) width 10: "\x{304C}\x{304B}"
              RenderRubyBase (anonymous) at (0,0) size 19x20
                RenderInline {RB} at (0,0) size 19x20
                  RenderText {#text} at (0,0) size 19x20
                    text run at (0,0) width 20: "\x{753B}\x{67B6}"
          RenderText {#text} at (433,369) size 19x40
            text run at (433,369) width 40: "\x{306B}\x{5411}\x{3063}\x{3066}"
          RenderRuby (inline) {RUBY} at (0,0) size 19x20
            RenderRubyRun (anonymous) at (433,409) size 19x20
              RenderRubyText {RT} at (-10,0) size 10x20
                RenderText {#text} at (0,2) size 10x16
                  text run at (0,2) width 15: "\x{3068}\x{307E}\x{3064}"
              RenderRubyBase (anonymous) at (0,0) size 19x20
                RenderInline {RB} at (0,0) size 19x20
                  RenderText {#text} at (0,0) size 19x20
                    text run at (0,0) width 20: "\x{5857}\x{62B9}"
          RenderText {#text} at (433,429) size 19x40
            text run at (433,429) width 40: "\x{305B}\x{3093}\x{3067}\x{3082}"
          RenderRuby (inline) {RUBY} at (0,0) size 19x20
            RenderRubyRun (anonymous) at (433,469) size 19x20
              RenderRubyText {RT} at (-10,0) size 10x20
                RenderText {#text} at (0,2) size 10x16
                  text run at (0,2) width 15: "\x{3054}\x{3055}\x{3044}"
              RenderRubyBase (anonymous) at (0,0) size 19x20
                RenderInline {RB} at (0,0) size 19x20
                  RenderText {#text} at (0,0) size 19x20
                    text run at (0,0) width 20: "\x{4E94}\x{5F69}"
          RenderText {#text} at (462,0) size 19x14
            text run at (462,0) width 14: "\x{306E}"
          RenderRuby (inline) {RUBY} at (0,0) size 19x20
            RenderRubyRun (anonymous) at (462,14) size 19x20
              RenderRubyText {RT} at (-10,0) size 10x20
                RenderText {#text} at (0,0) size 10x20
                  text run at (0,0) width 20: "\x{3051}\x{3093}\x{3089}\x{3093}"
              RenderRubyBase (anonymous) at (0,0) size 19x20
                RenderInline {RB} at (0,0) size 19x20
                  RenderText {#text} at (0,0) size 19x20
                    text run at (0,0) width 20: "\x{7D62}\x{721B}"
          RenderText {#text} at (462,34) size 19x10
            text run at (462,34) width 10: "\x{306F}"
          RenderRuby (inline) {RUBY} at (0,0) size 19x17
            RenderRubyRun (anonymous) at (462,44) size 19x17
              RenderRubyText {RT} at (-10,0) size 10x17
                RenderText {#text} at (0,0) size 10x17
                  text run at (0,0) width 17: "\x{304A}\x{306E}\x{305A}"
              RenderRubyBase (anonymous) at (0,0) size 19x17
                RenderInline {RB} at (0,0) size 19x11
                  RenderText {#text} at (0,3) size 19x11
                    text run at (0,3) width 10: "\x{81EA}"
          RenderText {#text} at (462,61) size 19x20
            text run at (462,61) width 20: "\x{304B}\x{3089}"
          RenderRuby (inline) {RUBY} at (0,0) size 19x20
            RenderRubyRun (anonymous) at (462,81) size 19x20
              RenderRubyText {RT} at (-10,0) size 10x20
                RenderText {#text} at (0,0) size 10x20
                  text run at (0,0) width 20: "\x{3057}\x{3093}\x{304C}\x{3093}"
              RenderRubyBase (anonymous) at (0,0) size 19x20
                RenderInline {RB} at (0,0) size 19x20
                  RenderText {#text} at (0,0) size 19x20
                    text run at (0,0) width 20: "\x{5FC3}\x{773C}"
          RenderText {#text} at (462,101) size 19x164
            text run at (462,101) width 164: "\x{306B}\x{6620}\x{308B}\x{3002}\x{305F}\x{3060}\x{304A}\x{306E}\x{304C}\x{4F4F}\x{3080}\x{4E16}\x{3092}\x{3001}\x{304B}\x{304F}"
          RenderRuby (inline) {RUBY} at (0,0) size 19x10
            RenderRubyRun (anonymous) at (462,265) size 19x10
              RenderRubyText {RT} at (-10,0) size 10x10
                RenderText {#text} at (0,0) size 10x10
                  text run at (0,0) width 10: "\x{304B}\x{3093}"
              RenderRubyBase (anonymous) at (0,0) size 19x10
                RenderInline {RB} at (0,0) size 19x10
                  RenderText {#text} at (0,0) size 19x10
                    text run at (0,0) width 10: "\x{89B3}"
          RenderText {#text} at (462,275) size 19x40
            text run at (462,275) width 40: "\x{3058}\x{5F97}\x{3066}\x{3001}"
          RenderRuby (inline) {RUBY} at (0,0) size 19x40
            RenderRubyRun (anonymous) at (462,315) size 19x40
              RenderRubyText {RT} at (-10,0) size 10x40
                RenderText {#text} at (0,0) size 10x40
                  text run at (0,0) width 40: "\x{308C}\x{3044}\x{3060}\x{3044}\x{307B}\x{3046}\x{3059}\x{3093}"
              RenderRubyBase (anonymous) at (0,0) size 19x40
                RenderInline {RB} at (0,0) size 19x40
                  RenderText {#text} at (0,0) size 19x40
                    text run at (0,0) width 40: "\x{970A}\x{53F0}\x{65B9}\x{5BF8}"
          RenderText {#text} at (462,355) size 19x54
            text run at (462,355) width 54: "\x{306E}\x{30AB}\x{30E1}\x{30E9}\x{306B}"
          RenderRuby (inline) {RUBY} at (0,0) size 19x40
            RenderRubyRun (anonymous) at (462,409) size 19x40
              RenderRubyText {RT} at (-10,0) size 10x40
                RenderText {#text} at (0,0) size 10x40
                  text run at (0,0) width 40: "\x{304E}\x{3087}\x{3046}\x{304D}\x{3053}\x{3093}\x{3060}\x{304F}"
              RenderRubyBase (anonymous) at (0,0) size 19x40
                RenderInline {RB} at (0,0) size 19x40
                  RenderText {#text} at (0,0) size 19x40
                    text run at (0,0) width 40: "\x{6F86}\x{5B63}\x{6EB7}\x{6FC1}"
          RenderText {#text} at (462,449) size 48x483
            text run at (462,449) width 34: "\x{306E}\x{4FD7}\x{754C}"
            text run at (491,0) width 100: "\x{3092}\x{6E05}\x{304F}\x{3046}\x{3089}\x{3089}\x{304B}\x{306B}\x{53CE}\x{3081}"
          RenderRuby (inline) {RUBY} at (0,0) size 19x10
            RenderRubyRun (anonymous) at (491,100) size 19x10
              RenderRubyText {RT} at (-10,0) size 10x10
                RenderText {#text} at (0,2) size 10x6
                  text run at (0,2) width 5: "\x{3046}"
              RenderRubyBase (anonymous) at (0,0) size 19x10
                RenderInline {RB} at (0,0) size 19x10
                  RenderText {#text} at (0,0) size 19x10
                    text run at (0,0) width 10: "\x{5F97}"
          RenderText {#text} at (491,110) size 19x20
            text run at (491,110) width 20: "\x{308C}\x{3070}"
          RenderRuby (inline) {RUBY} at (0,0) size 19x10
            RenderRubyRun (anonymous) at (491,130) size 19x10
              RenderRubyText {RT} at (-10,0) size 10x10
                RenderText {#text} at (0,2) size 10x6
                  text run at (0,2) width 5: "\x{305F}"
              RenderRubyBase (anonymous) at (0,0) size 19x10
                RenderInline {RB} at (0,0) size 19x10
                  RenderText {#text} at (0,0) size 19x10
                    text run at (0,0) width 10: "\x{8DB3}"
          RenderText {#text} at (491,140) size 19x64
            text run at (491,140) width 64: "\x{308B}\x{3002}\x{3053}\x{306E}\x{6545}\x{306B}"
          RenderRuby (inline) {RUBY} at (0,0) size 19x20
            RenderRubyRun (anonymous) at (491,204) size 19x20
              RenderRubyText {RT} at (-10,0) size 10x20
                RenderText {#text} at (0,2) size 10x16
                  text run at (0,2) width 15: "\x{3080}\x{305B}\x{3044}"
              RenderRubyBase (anonymous) at (0,0) size 19x20
                RenderInline {RB} at (0,0) size 19x20
                  RenderText {#text} at (0,0) size 19x20
                    text run at (0,0) width 20: "\x{7121}\x{58F0}"
          RenderText {#text} at (491,224) size 19x104
            text run at (491,224) width 104: "\x{306E}\x{8A69}\x{4EBA}\x{306B}\x{306F}\x{4E00}\x{53E5}\x{306A}\x{304F}\x{3001}"
          RenderRuby (inline) {RUBY} at (0,0) size 19x20
            RenderRubyRun (anonymous) at (491,328) size 19x20
              RenderRubyText {RT} at (-10,0) size 10x20
                RenderText {#text} at (0,0) size 10x20
                  text run at (0,0) width 20: "\x{3080}\x{3057}\x{3087}\x{304F}"
              RenderRubyBase (anonymous) at (0,0) size 19x20
                RenderInline {RB} at (0,0) size 19x20
                  RenderText {#text} at (0,0) size 19x20
                    text run at (0,0) width 20: "\x{7121}\x{8272}"
          RenderText {#text} at (491,348) size 19x54
            text run at (491,348) width 54: "\x{306E}\x{753B}\x{5BB6}\x{306B}\x{306F}"
          RenderRuby (inline) {RUBY} at (0,0) size 19x20
            RenderRubyRun (anonymous) at (491,402) size 19x20
              RenderRubyText {RT} at (-10,0) size 10x20
                RenderText {#text} at (0,0) size 10x20
                  text run at (0,0) width 20: "\x{305B}\x{3063}\x{3051}\x{3093}"
              RenderRubyBase (anonymous) at (0,0) size 19x20
                RenderInline {RB} at (0,0) size 19x20
                  RenderText {#text} at (0,0) size 19x20
                    text run at (0,0) width 20: "\x{5C3A}\x{7E11}"
          RenderText {#text} at (491,422) size 19x60
            text run at (491,422) width 60: "\x{306A}\x{304D}\x{3082}\x{3001}\x{304B}\x{304F}"
          RenderRuby (inline) {RUBY} at (0,0) size 19x20
            RenderRubyRun (anonymous) at (520,0) size 19x20
              RenderRubyText {RT} at (-10,0) size 10x20
                RenderText {#text} at (0,0) size 10x20
                  text run at (0,0) width 20: "\x{3058}\x{3093}\x{305B}\x{3044}"
              RenderRubyBase (anonymous) at (0,0) size 19x20
                RenderInline {RB} at (0,0) size 19x20
                  RenderText {#text} at (0,0) size 19x20
                    text run at (0,0) width 20: "\x{4EBA}\x{4E16}"
          RenderText {#text} at (520,20) size 19x144
            text run at (520,20) width 144: "\x{3092}\x{89B3}\x{3058}\x{5F97}\x{308B}\x{306E}\x{70B9}\x{306B}\x{304A}\x{3044}\x{3066}\x{3001}\x{304B}\x{304F}"
          RenderRuby (inline) {RUBY} at (0,0) size 19x22
            RenderRubyRun (anonymous) at (520,164) size 19x22
              RenderRubyText {RT} at (-10,0) size 10x22
                RenderText {#text} at (0,0) size 10x22
                  text run at (0,0) width 22: "\x{307C}\x{3093}\x{306E}\x{3046}"
              RenderRubyBase (anonymous) at (0,0) size 19x22
                RenderInline {RB} at (0,0) size 19x20
                  RenderText {#text} at (0,1) size 19x20
                    text run at (0,1) width 20: "\x{7169}\x{60A9}"
          RenderText {#text} at (520,186) size 19x10
            text run at (520,186) width 10: "\x{3092}"
          RenderRuby (inline) {RUBY} at (0,0) size 19x20
            RenderRubyRun (anonymous) at (520,196) size 19x20
              RenderRubyText {RT} at (-10,0) size 10x20
                RenderText {#text} at (0,2) size 10x16
                  text run at (0,2) width 15: "\x{3052}\x{3060}\x{3064}"
              RenderRubyBase (anonymous) at (0,0) size 19x20
                RenderInline {RB} at (0,0) size 19x20
                  RenderText {#text} at (0,0) size 19x20
                    text run at (0,0) width 20: "\x{89E3}\x{8131}"
          RenderText {#text} at (520,216) size 19x114
            text run at (520,216) width 114: "\x{3059}\x{308B}\x{306E}\x{70B9}\x{306B}\x{304A}\x{3044}\x{3066}\x{3001}\x{304B}\x{304F}"
          RenderRuby (inline) {RUBY} at (0,0) size 19x40
            RenderRubyRun (anonymous) at (520,330) size 19x40
              RenderRubyText {RT} at (-10,0) size 10x40
                RenderText {#text} at (0,0) size 10x40
                  text run at (0,0) width 40: "\x{3057}\x{3087}\x{3046}\x{3058}\x{3087}\x{3046}\x{304B}\x{3044}"
              RenderRubyBase (anonymous) at (0,0) size 19x40
                RenderInline {RB} at (0,0) size 19x30
                  RenderText {#text} at (0,5) size 19x30
                    text run at (0,5) width 30: "\x{6E05}\x{6D44}\x{754C}"
          RenderText {#text} at (520,370) size 19x10
            text run at (520,370) width 10: "\x{306B}"
          RenderRuby (inline) {RUBY} at (0,0) size 19x30
            RenderRubyRun (anonymous) at (520,380) size 19x30
              RenderRubyText {RT} at (-10,0) size 10x30
                RenderText {#text} at (0,0) size 10x30
                  text run at (0,0) width 30: "\x{3057}\x{3085}\x{3064}\x{306B}\x{3085}\x{3046}"
              RenderRubyBase (anonymous) at (0,0) size 19x30
                RenderInline {RB} at (0,0) size 19x20
                  RenderText {#text} at (0,5) size 19x20
                    text run at (0,5) width 20: "\x{51FA}\x{5165}"
          RenderText {#text} at (520,410) size 48x484
            text run at (520,410) width 74: "\x{3057}\x{5F97}\x{308B}\x{306E}\x{70B9}\x{306B}\x{304A}"
            text run at (549,0) width 74: "\x{3044}\x{3066}\x{3001}\x{307E}\x{305F}\x{3053}\x{306E}"
          RenderRuby (inline) {RUBY} at (0,0) size 19x40
            RenderRubyRun (anonymous) at (549,74) size 19x40
              RenderRubyText {RT} at (-10,0) size 10x40
                RenderText {#text} at (0,7) size 10x26
                  text run at (0,7) width 25: "\x{3075}\x{3069}\x{3046}\x{3075}\x{3058}"
              RenderRubyBase (anonymous) at (0,0) size 19x40
                RenderInline {RB} at (0,0) size 19x40
                  RenderText {#text} at (0,0) size 19x40
                    text run at (0,0) width 40: "\x{4E0D}\x{540C}\x{4E0D}\x{4E8C}"
          RenderText {#text} at (549,114) size 19x14
            text run at (549,114) width 14: "\x{306E}"
          RenderRuby (inline) {RUBY} at (0,0) size 19x20
            RenderRubyRun (anonymous) at (549,128) size 19x20
              RenderRubyText {RT} at (-10,0) size 10x20
                RenderText {#text} at (0,0) size 10x20
                  text run at (0,0) width 20: "\x{3051}\x{3093}\x{3053}\x{3093}"
              RenderRubyBase (anonymous) at (0,0) size 19x20
                RenderInline {RB} at (0,0) size 19x20
                  RenderText {#text} at (0,0) size 19x20
                    text run at (0,0) width 20: "\x{4E7E}\x{5764}"
          RenderText {#text} at (549,148) size 19x10
            text run at (549,148) width 10: "\x{3092}"
          RenderRuby (inline) {RUBY} at (0,0) size 19x25
            RenderRubyRun (anonymous) at (549,158) size 19x25
              RenderRubyText {RT} at (-10,0) size 10x25
                RenderText {#text} at (0,0) size 10x25
                  text run at (0,0) width 25: "\x{3053}\x{3093}\x{308A}\x{3085}\x{3046}"
              RenderRubyBase (anonymous) at (0,0) size 19x25
                RenderInline {RB} at (0,0) size 19x21
                  RenderText {#text} at (0,2) size 19x21
                    text run at (0,2) width 20: "\x{5EFA}\x{7ACB}"
          RenderText {#text} at (549,183) size 19x104
            text run at (549,183) width 104: "\x{3057}\x{5F97}\x{308B}\x{306E}\x{70B9}\x{306B}\x{304A}\x{3044}\x{3066}\x{3001}"
          RenderRuby (inline) {RUBY} at (0,0) size 19x40
            RenderRubyRun (anonymous) at (549,287) size 19x40
              RenderRubyText {RT} at (-10,0) size 10x40
                RenderText {#text} at (0,7) size 10x26
                  text run at (0,7) width 25: "\x{304C}\x{308A}\x{3057}\x{3088}\x{304F}"
              RenderRubyBase (anonymous) at (0,0) size 19x40
                RenderInline {RB} at (0,0) size 19x40
                  RenderText {#text} at (0,0) size 19x40
                    text run at (0,0) width 40: "\x{6211}\x{5229}\x{79C1}\x{617E}"
          RenderText {#text} at (549,327) size 19x14
            text run at (549,327) width 14: "\x{306E}"
          RenderRuby (inline) {RUBY} at (0,0) size 19x20
            RenderRubyRun (anonymous) at (549,341) size 19x20
              RenderRubyText {RT} at (-10,0) size 10x20
                RenderText {#text} at (0,2) size 10x16
                  text run at (0,2) width 15: "\x{304D}\x{306F}\x{3093}"
              RenderRubyBase (anonymous) at (0,0) size 19x20
                RenderInline {RB} at (0,0) size 19x20
                  RenderText {#text} at (0,0) size 19x20
                    text run at (0,0) width 20: "\x{898A}\x{7D46}"
          RenderText {#text} at (549,361) size 19x10
            text run at (549,361) width 10: "\x{3092}"
          RenderRuby (inline) {RUBY} at (0,0) size 19x20
            RenderRubyRun (anonymous) at (549,371) size 19x20
              RenderRubyText {RT} at (-10,0) size 10x20
                RenderText {#text} at (0,0) size 10x20
                  text run at (0,0) width 20: "\x{305D}\x{3046}\x{3068}\x{3046}"
              RenderRubyBase (anonymous) at (0,0) size 19x20
                RenderInline {RB} at (0,0) size 19x20
                  RenderText {#text} at (0,0) size 19x20
                    text run at (0,0) width 20: "\x{6383}\x{8569}"
          RenderText {#text} at (549,391) size 48x485
            text run at (549,391) width 94: "\x{3059}\x{308B}\x{306E}\x{70B9}\x{306B}\x{304A}\x{3044}\x{3066}\x{3001}"
            text run at (578,0) width 32: "\x{2015}\x{2015}"
          RenderRuby (inline) {RUBY} at (0,0) size 19x20
            RenderRubyRun (anonymous) at (578,32) size 19x20
              RenderRubyText {RT} at (-10,0) size 10x20
                RenderText {#text} at (0,0) size 10x20
                  text run at (0,0) width 20: "\x{305B}\x{3093}\x{304D}\x{3093}"
              RenderRubyBase (anonymous) at (0,0) size 19x20
                RenderInline {RB} at (0,0) size 19x20
                  RenderText {#text} at (0,0) size 19x20
                    text run at (0,0) width 20: "\x{5343}\x{91D1}"
          RenderText {#text} at (578,52) size 19x64
            text run at (578,52) width 64: "\x{306E}\x{5B50}\x{3088}\x{308A}\x{3082}\x{3001}"
          RenderRuby (inline) {RUBY} at (0,0) size 19x25
            RenderRubyRun (anonymous) at (578,116) size 19x25
              RenderRubyText {RT} at (-10,0) size 10x25
                RenderText {#text} at (0,0) size 10x25
                  text run at (0,0) width 25: "\x{3070}\x{3093}\x{3058}\x{3087}\x{3046}"
              RenderRubyBase (anonymous) at (0,0) size 19x25
                RenderInline {RB} at (0,0) size 19x21
                  RenderText {#text} at (0,2) size 19x21
                    text run at (0,2) width 20: "\x{4E07}\x{4E57}"
          RenderText {#text} at (578,141) size 19x138
            text run at (578,141) width 138: "\x{306E}\x{541B}\x{3088}\x{308A}\x{3082}\x{3001}\x{3042}\x{3089}\x{3086}\x{308B}\x{4FD7}\x{754C}\x{306E}"
          RenderRuby (inline) {RUBY} at (0,0) size 19x20
            RenderRubyRun (anonymous) at (578,279) size 19x20
              RenderRubyText {RT} at (-10,0) size 10x20
                RenderText {#text} at (0,0) size 10x20
                  text run at (0,0) width 20: "\x{3061}\x{3087}\x{3046}\x{3058}"
              RenderRubyBase (anonymous) at (0,0) size 19x20
                RenderInline {RB} at (0,0) size 19x20
                  RenderText {#text} at (0,0) size 19x20
                    text run at (0,0) width 20: "\x{5BF5}\x{5150}"
          RenderText {#text} at (578,299) size 19x90
            text run at (578,299) width 90: "\x{3088}\x{308A}\x{3082}\x{5E78}\x{798F}\x{3067}\x{3042}\x{308B}\x{3002}"
          RenderBR {BR} at (578,389) size 19x0
          RenderText {#text} at (607,0) size 19x170
            text run at (607,0) width 170: "\x{3000}\x{4E16}\x{306B}\x{4F4F}\x{3080}\x{3053}\x{3068}\x{4E8C}\x{5341}\x{5E74}\x{306B}\x{3057}\x{3066}\x{3001}\x{4F4F}\x{3080}\x{306B}"
          RenderRuby (inline) {RUBY} at (0,0) size 19x20
            RenderRubyRun (anonymous) at (607,170) size 19x20
              RenderRubyText {RT} at (-10,0) size 10x20
                RenderText {#text} at (0,5) size 10x10
                  text run at (0,5) width 10: "\x{304B}\x{3044}"
              RenderRubyBase (anonymous) at (0,0) size 19x20
                RenderInline {RB} at (0,0) size 19x20
                  RenderText {#text} at (0,0) size 19x20
                    text run at (0,0) width 20: "\x{7532}\x{6590}"
          RenderText {#text} at (607,190) size 19x180
            text run at (607,190) width 180: "\x{3042}\x{308B}\x{4E16}\x{3068}\x{77E5}\x{3063}\x{305F}\x{3002}\x{4E8C}\x{5341}\x{4E94}\x{5E74}\x{306B}\x{3057}\x{3066}\x{660E}\x{6697}\x{306F}"
          RenderRuby (inline) {RUBY} at (0,0) size 19x20
            RenderRubyRun (anonymous) at (607,370) size 19x20
              RenderRubyText {RT} at (-10,0) size 10x20
                RenderText {#text} at (0,0) size 10x20
                  text run at (0,0) width 20: "\x{3072}\x{3087}\x{3046}\x{308A}"
              RenderRubyBase (anonymous) at (0,0) size 19x20
                RenderInline {RB} at (0,0) size 19x20
                  RenderText {#text} at (0,0) size 19x20
                    text run at (0,0) width 20: "\x{8868}\x{88CF}"
          RenderText {#text} at (607,390) size 48x488
            text run at (607,390) width 98: "\x{306E}\x{3054}\x{3068}\x{304F}\x{3001}\x{65E5}\x{306E}\x{3042}\x{305F}"
            text run at (636,0) width 194: "\x{308B}\x{6240}\x{306B}\x{306F}\x{304D}\x{3063}\x{3068}\x{5F71}\x{304C}\x{3055}\x{3059}\x{3068}\x{609F}\x{3063}\x{305F}\x{3002}\x{4E09}\x{5341}\x{306E}"
          RenderRuby (inline) {RUBY} at (0,0) size 19x20
            RenderRubyRun (anonymous) at (636,194) size 19x20
              RenderRubyText {RT} at (-10,0) size 10x20
                RenderText {#text} at (0,0) size 10x20
                  text run at (0,0) width 20: "\x{3053}\x{3093}\x{306B}\x{3061}"
              RenderRubyBase (anonymous) at (0,0) size 19x20
                RenderInline {RB} at (0,0) size 19x20
                  RenderText {#text} at (0,0) size 19x20
                    text run at (0,0) width 20: "\x{4ECA}\x{65E5}"
          RenderText {#text} at (636,214) size 19x196
            text run at (636,214) width 196: "\x{306F}\x{3053}\x{3046}\x{601D}\x{3046}\x{3066}\x{3044}\x{308B}\x{3002}\x{2015}\x{2015}\x{559C}\x{3073}\x{306E}\x{6DF1}\x{304D}\x{3068}\x{304D}"
          RenderRuby (inline) {RUBY} at (0,0) size 19x15
            RenderRubyRun (anonymous) at (636,410) size 19x15
              RenderRubyText {RT} at (-10,0) size 10x15
                RenderText {#text} at (0,0) size 10x15
                  text run at (0,0) width 15: "\x{3046}\x{308C}\x{3044}"
              RenderRubyBase (anonymous) at (0,0) size 19x15
                RenderInline {RB} at (0,0) size 19x11
                  RenderText {#text} at (0,2) size 19x11
                    text run at (0,2) width 10: "\x{6182}"
          RenderText {#text} at (636,425) size 48x475
            text run at (636,425) width 50: "\x{3044}\x{3088}\x{3044}\x{3088}\x{6DF1}"
            text run at (665,0) width 20: "\x{304F}\x{3001}"
          RenderRuby (inline) {RUBY} at (0,0) size 19x17
            RenderRubyRun (anonymous) at (665,20) size 19x17
              RenderRubyText {RT} at (-10,0) size 10x17
                RenderText {#text} at (0,0) size 10x17
                  text run at (0,0) width 17: "\x{305F}\x{306E}\x{3057}"
              RenderRubyBase (anonymous) at (0,0) size 19x17
                RenderInline {RB} at (0,0) size 19x11
                  RenderText {#text} at (0,3) size 19x11
                    text run at (0,3) width 10: "\x{697D}"
          RenderText {#text} at (665,37) size 19x344
            text run at (665,37) width 344: "\x{307F}\x{306E}\x{5927}\x{3044}\x{306A}\x{308B}\x{307B}\x{3069}\x{82E6}\x{3057}\x{307F}\x{3082}\x{5927}\x{304D}\x{3044}\x{3002}\x{3053}\x{308C}\x{3092}\x{5207}\x{308A}\x{653E}\x{305D}\x{3046}\x{3068}\x{3059}\x{308B}\x{3068}\x{8EAB}\x{304C}\x{6301}\x{3066}\x{306C}\x{3002}"
          RenderRuby (inline) {RUBY} at (0,0) size 19x10
            RenderRubyRun (anonymous) at (665,381) size 19x10
              RenderRubyText {RT} at (-10,0) size 10x10
                RenderText {#text} at (0,0) size 10x10
                  text run at (0,0) width 10: "\x{304B}\x{305F}"
              RenderRubyBase (anonymous) at (0,0) size 19x10
                RenderInline {RB} at (0,0) size 19x10
                  RenderText {#text} at (0,0) size 19x10
                    text run at (0,0) width 10: "\x{7247}"
          RenderText {#text} at (665,391) size 48x491
            text run at (665,391) width 100: "\x{3065}\x{3051}\x{3088}\x{3046}\x{3068}\x{3059}\x{308C}\x{3070}\x{4E16}\x{304C}"
            text run at (694,0) width 164: "\x{7ACB}\x{305F}\x{306C}\x{3002}\x{91D1}\x{306F}\x{5927}\x{4E8B}\x{3060}\x{3001}\x{5927}\x{4E8B}\x{306A}\x{3082}\x{306E}\x{304C}"
          RenderRuby (inline) {RUBY} at (0,0) size 19x10
            RenderRubyRun (anonymous) at (694,164) size 19x10
              RenderRubyText {RT} at (-10,0) size 10x10
                RenderText {#text} at (0,2) size 10x6
                  text run at (0,2) width 5: "\x{3075}"
              RenderRubyBase (anonymous) at (0,0) size 19x10
                RenderInline {RB} at (0,0) size 19x10
                  RenderText {#text} at (0,0) size 19x10
                    text run at (0,0) width 10: "\x{6B96}"
          RenderText {#text} at (694,174) size 19x30
            text run at (694,174) width 30: "\x{3048}\x{308C}\x{3070}"
          RenderRuby (inline) {RUBY} at (0,0) size 19x10
            RenderRubyRun (anonymous) at (694,204) size 19x10
              RenderRubyText {RT} at (-10,0) size 10x10
                RenderText {#text} at (0,2) size 10x6
                  text run at (0,2) width 5: "\x{306D}"
              RenderRubyBase (anonymous) at (0,0) size 19x10
                RenderInline {RB} at (0,0) size 19x10
                  RenderText {#text} at (0,0) size 19x10
                    text run at (0,0) width 10: "\x{5BDD}"
          RenderText {#text} at (694,214) size 19x10
            text run at (694,214) width 10: "\x{308B}"
          RenderRuby (inline) {RUBY} at (0,0) size 19x10
            RenderRubyRun (anonymous) at (694,224) size 19x10
              RenderRubyText {RT} at (-10,0) size 10x10
                RenderText {#text} at (0,2) size 10x6
                  text run at (0,2) width 5: "\x{307E}"
              RenderRubyBase (anonymous) at (0,0) size 19x10
                RenderInline {RB} at (0,0) size 19x10
                  RenderText {#text} at (0,0) size 19x10
                    text run at (0,0) width 10: "\x{9593}"
          RenderText {#text} at (694,234) size 48x484
            text run at (694,234) width 250: "\x{3082}\x{5FC3}\x{914D}\x{3060}\x{308D}\x{3046}\x{3002}\x{604B}\x{306F}\x{3046}\x{308C}\x{3057}\x{3044}\x{3001}\x{5B09}\x{3057}\x{3044}\x{604B}\x{304C}\x{7A4D}\x{3082}\x{308C}\x{3070}\x{3001}\x{604B}"
            text run at (723,0) width 268: "\x{3092}\x{305B}\x{306C}\x{6614}\x{304C}\x{304B}\x{3048}\x{3063}\x{3066}\x{604B}\x{3057}\x{304B}\x{308D}\x{3002}\x{95A3}\x{50DA}\x{306E}\x{80A9}\x{306F}\x{6570}\x{767E}\x{4E07}\x{4EBA}\x{306E}\x{8DB3}\x{3092}"
          RenderRuby (inline) {RUBY} at (0,0) size 19x10
            RenderRubyRun (anonymous) at (723,268) size 19x10
              RenderRubyText {RT} at (-10,0) size 10x10
                RenderText {#text} at (0,0) size 10x10
                  text run at (0,0) width 10: "\x{3055}\x{3055}"
              RenderRubyBase (anonymous) at (0,0) size 19x10
                RenderInline {RB} at (0,0) size 19x10
                  RenderText {#text} at (0,0) size 19x10
                    text run at (0,0) width 10: "\x{652F}"
          RenderText {#text} at (723,278) size 19x50
            text run at (723,278) width 50: "\x{3048}\x{3066}\x{3044}\x{308B}\x{3002}"
          RenderRuby (inline) {RUBY} at (0,0) size 19x20
            RenderRubyRun (anonymous) at (723,328) size 19x20
              RenderRubyText {RT} at (-10,0) size 10x20
                RenderText {#text} at (0,2) size 10x16
                  text run at (0,2) width 15: "\x{305B}\x{306A}\x{304B}"
              RenderRubyBase (anonymous) at (0,0) size 19x20
                RenderInline {RB} at (0,0) size 19x20
                  RenderText {#text} at (0,0) size 19x20
                    text run at (0,0) width 20: "\x{80CC}\x{4E2D}"
          RenderText {#text} at (723,348) size 48x478
            text run at (723,348) width 130: "\x{306B}\x{306F}\x{91CD}\x{3044}\x{5929}\x{4E0B}\x{304C}\x{304A}\x{3076}\x{3055}\x{3063}\x{3066}\x{3044}"
            text run at (752,0) width 200: "\x{308B}\x{3002}\x{3046}\x{307E}\x{3044}\x{7269}\x{3082}\x{98DF}\x{308F}\x{306D}\x{3070}\x{60DC}\x{3057}\x{3044}\x{3002}\x{5C11}\x{3057}\x{98DF}\x{3048}\x{3070}"
          RenderRuby (inline) {RUBY} at (0,0) size 19x10
            RenderRubyRun (anonymous) at (752,200) size 19x10
              RenderRubyText {RT} at (-10,0) size 10x10
                RenderText {#text} at (0,2) size 10x6
                  text run at (0,2) width 5: "\x{3042}"
              RenderRubyBase (anonymous) at (0,0) size 19x10
                RenderInline {RB} at (0,0) size 19x10
                  RenderText {#text} at (0,0) size 19x10
                    text run at (0,0) width 10: "\x{98FD}"
          RenderText {#text} at (752,210) size 19x10
            text run at (752,210) width 10: "\x{304D}"
          RenderRuby (inline) {RUBY} at (0,0) size 19x10
            RenderRubyRun (anonymous) at (752,220) size 19x10
              RenderRubyText {RT} at (-10,0) size 10x10
                RenderText {#text} at (0,2) size 10x6
                  text run at (0,2) width 5: "\x{305F}"
              RenderRubyBase (anonymous) at (0,0) size 19x10
                RenderInline {RB} at (0,0) size 19x10
                  RenderText {#text} at (0,0) size 19x10
                    text run at (0,0) width 10: "\x{8DB3}"
          RenderText {#text} at (752,230) size 19x192
            text run at (752,230) width 192: "\x{3089}\x{306C}\x{3002}\x{5B58}\x{5206}\x{98DF}\x{3048}\x{3070}\x{3042}\x{3068}\x{304C}\x{4E0D}\x{6109}\x{5FEB}\x{3060}\x{3002}\x{2026}\x{2026}"
          RenderBR {BR} at (752,422) size 19x0
          RenderText {#text} at (781,0) size 19x10
            text run at (781,0) width 10: "\x{3000}"
          RenderRuby (inline) {RUBY} at (0,0) size 19x10
            RenderRubyRun (anonymous) at (781,10) size 19x10
              RenderRubyText {RT} at (-10,0) size 10x10
                RenderText {#text} at (0,2) size 10x6
                  text run at (0,2) width 5: "\x{3088}"
              RenderRubyBase (anonymous) at (0,0) size 19x10
                RenderInline {RB} at (0,0) size 19x10
                  RenderText {#text} at (0,0) size 19x10
                    text run at (0,0) width 10: "\x{4F59}"
          RenderText {#text} at (781,20) size 19x14
            text run at (781,20) width 14: "\x{306E}"
          RenderRuby (inline) {RUBY} at (0,0) size 19x20
            RenderRubyRun (anonymous) at (781,34) size 19x20
              RenderRubyText {RT} at (-10,0) size 10x20
                RenderText {#text} at (0,0) size 10x20
                  text run at (0,0) width 20: "\x{304B}\x{3093}\x{304C}\x{3048}"
              RenderRubyBase (anonymous) at (0,0) size 19x20
                RenderInline {RB} at (0,0) size 19x10
                  RenderText {#text} at (0,5) size 19x10
                    text run at (0,5) width 10: "\x{8003}"
          RenderText {#text} at (781,54) size 19x164
            text run at (781,54) width 164: "\x{304C}\x{3053}\x{3053}\x{307E}\x{3067}\x{6F02}\x{6D41}\x{3057}\x{3066}\x{6765}\x{305F}\x{6642}\x{306B}\x{3001}\x{4F59}\x{306E}"
          RenderRuby (inline) {RUBY} at (0,0) size 19x20
            RenderRubyRun (anonymous) at (781,218) size 19x20
              RenderRubyText {RT} at (-10,0) size 10x20
                RenderText {#text} at (0,2) size 10x16
                  text run at (0,2) width 15: "\x{3046}\x{305D}\x{304F}"
              RenderRubyBase (anonymous) at (0,0) size 19x20
                RenderInline {RB} at (0,0) size 19x20
                  RenderText {#text} at (0,0) size 19x20
                    text run at (0,0) width 20: "\x{53F3}\x{8DB3}"
          RenderText {#text} at (781,238) size 19x30
            text run at (781,238) width 30: "\x{306F}\x{7A81}\x{7136}"
          RenderRuby (inline) {RUBY} at (0,0) size 19x10
            RenderRubyRun (anonymous) at (781,268) size 19x10
              RenderRubyText {RT} at (-10,0) size 10x10
                RenderText {#text} at (0,0) size 10x10
                  text run at (0,0) width 10: "\x{3059}\x{308F}"
              RenderRubyBase (anonymous) at (0,0) size 19x10
                RenderInline {RB} at (0,0) size 19x10
                  RenderText {#text} at (0,0) size 19x10
                    text run at (0,0) width 10: "\x{5750}"
          RenderText {#text} at (781,278) size 19x54
            text run at (781,278) width 54: "\x{308A}\x{306E}\x{308F}\x{308B}\x{3044}"
          RenderRuby (inline) {RUBY} at (0,0) size 19x20
            RenderRubyRun (anonymous) at (781,332) size 19x20
              RenderRubyText {RT} at (-10,0) size 10x20
                RenderText {#text} at (0,0) size 10x20
                  text run at (0,0) width 20: "\x{304B}\x{304F}\x{3044}\x{3057}"
              RenderRubyBase (anonymous) at (0,0) size 19x20
                RenderInline {RB} at (0,0) size 19x20
                  RenderText {#text} at (0,0) size 19x20
                    text run at (0,0) width 20: "\x{89D2}\x{77F3}"
          RenderText {#text} at (781,352) size 19x14
            text run at (781,352) width 14: "\x{306E}"
          RenderRuby (inline) {RUBY} at (0,0) size 19x10
            RenderRubyRun (anonymous) at (781,366) size 19x10
              RenderRubyText {RT} at (-10,0) size 10x10
                RenderText {#text} at (0,0) size 10x10
                  text run at (0,0) width 10: "\x{306F}\x{3057}"
              RenderRubyBase (anonymous) at (0,0) size 19x10
                RenderInline {RB} at (0,0) size 19x10
                  RenderText {#text} at (0,0) size 19x10
                    text run at (0,0) width 10: "\x{7AEF}"
          RenderText {#text} at (781,376) size 19x30
            text run at (781,376) width 30: "\x{3092}\x{8E0F}\x{307F}"
          RenderRuby (inline) {RUBY} at (0,0) size 19x10
            RenderRubyRun (anonymous) at (781,406) size 19x10
              RenderRubyText {RT} at (-10,0) size 10x10
                RenderText {#text} at (0,2) size 10x6
                  text run at (0,2) width 5: "\x{305D}"
              RenderRubyBase (anonymous) at (0,0) size 19x10
                RenderInline {RB} at (0,0) size 19x10
                  RenderText {#text} at (0,0) size 19x10
                    text run at (0,0) width 10: "\x{640D}"
          RenderText {#text} at (781,416) size 19x50
            text run at (781,416) width 50: "\x{304F}\x{306A}\x{3063}\x{305F}\x{3002}"
          RenderRuby (inline) {RUBY} at (0,0) size 19x20
            RenderRubyRun (anonymous) at (781,466) size 19x20
              RenderRubyText {RT} at (-10,0) size 10x20
                RenderText {#text} at (0,0) size 10x20
                  text run at (0,0) width 20: "\x{3078}\x{3044}\x{3053}\x{3046}"
              RenderRubyBase (anonymous) at (0,0) size 19x20
                RenderInline {RB} at (0,0) size 19x20
                  RenderText {#text} at (0,0) size 19x20
                    text run at (0,0) width 20: "\x{5E73}\x{8861}"
          RenderText {#text} at (810,0) size 19x180
            text run at (810,0) width 180: "\x{3092}\x{4FDD}\x{3064}\x{305F}\x{3081}\x{306B}\x{3001}\x{3059}\x{308F}\x{3084}\x{3068}\x{524D}\x{306B}\x{98DB}\x{3073}\x{51FA}\x{3057}\x{305F}"
          RenderRuby (inline) {RUBY} at (0,0) size 19x20
            RenderRubyRun (anonymous) at (810,180) size 19x20
              RenderRubyText {RT} at (-10,0) size 10x20
                RenderText {#text} at (0,2) size 10x16
                  text run at (0,2) width 15: "\x{3055}\x{305D}\x{304F}"
              RenderRubyBase (anonymous) at (0,0) size 19x20
                RenderInline {RB} at (0,0) size 19x20
                  RenderText {#text} at (0,0) size 19x20
                    text run at (0,0) width 20: "\x{5DE6}\x{8DB3}"
          RenderText {#text} at (810,200) size 19x20
            text run at (810,200) width 20: "\x{304C}\x{3001}"
          RenderRuby (inline) {RUBY} at (0,0) size 19x20
            RenderRubyRun (anonymous) at (810,220) size 19x20
              RenderRubyText {RT} at (-10,0) size 10x20
                RenderText {#text} at (0,2) size 10x16
                  text run at (0,2) width 15: "\x{3057}\x{305D}\x{3093}"
              RenderRubyBase (anonymous) at (0,0) size 19x20
                RenderInline {RB} at (0,0) size 19x20
                  RenderText {#text} at (0,0) size 19x20
                    text run at (0,0) width 20: "\x{4ED5}\x{640D}"
          RenderText {#text} at (810,240) size 19x24
            text run at (810,240) width 24: "\x{3058}\x{306E}"
          RenderRuby (inline) {RUBY} at (0,0) size 19x10
            RenderRubyRun (anonymous) at (810,264) size 19x10
              RenderRubyText {RT} at (-10,0) size 10x10
                RenderText {#text} at (0,2) size 10x6
                  text run at (0,2) width 5: "\x{3046}"
              RenderRubyBase (anonymous) at (0,0) size 19x10
                RenderInline {RB} at (0,0) size 19x10
                  RenderText {#text} at (0,0) size 19x10
                    text run at (0,0) width 10: "\x{57CB}"
          RenderText {#text} at (810,274) size 19x10
            text run at (810,274) width 10: "\x{3081}"
          RenderRuby (inline) {RUBY} at (0,0) size 19x10
            RenderRubyRun (anonymous) at (810,284) size 19x10
              RenderRubyText {RT} at (-10,0) size 10x10
                RenderText {#text} at (0,0) size 10x10
                  text run at (0,0) width 10: "\x{3042}\x{308F}"
              RenderRubyBase (anonymous) at (0,0) size 19x10
                RenderInline {RB} at (0,0) size 19x10
                  RenderText {#text} at (0,0) size 19x10
                    text run at (0,0) width 10: "\x{5408}"
          RenderText {#text} at (810,294) size 19x164
            text run at (810,294) width 164: "\x{305B}\x{3092}\x{3059}\x{308B}\x{3068}\x{5171}\x{306B}\x{3001}\x{4F59}\x{306E}\x{8170}\x{306F}\x{5177}\x{5408}\x{3088}\x{304F}"
          RenderRuby (inline) {RUBY} at (0,0) size 19x10
            RenderRubyRun (anonymous) at (810,458) size 19x10
              RenderRubyText {RT} at (-10,0) size 10x10
                RenderText {#text} at (0,0) size 10x10
                  text run at (0,0) width 10: "\x{307B}\x{3046}"
              RenderRubyBase (anonymous) at (0,0) size 19x10
                RenderInline {RB} at (0,0) size 19x10
                  RenderText {#text} at (0,0) size 19x10
                    text run at (0,0) width 10: "\x{65B9}"
          RenderText {#text} at (810,468) size 48x488
            text run at (810,468) width 20: "\x{4E09}\x{5C3A}"
            text run at (839,0) width 74: "\x{307B}\x{3069}\x{306A}\x{5CA9}\x{306E}\x{4E0A}\x{306B}"
          RenderRuby (inline) {RUBY} at (0,0) size 19x10
            RenderRubyRun (anonymous) at (839,74) size 19x10
              RenderRubyText {RT} at (-10,0) size 10x10
                RenderText {#text} at (0,2) size 10x6
                  text run at (0,2) width 5: "\x{304A}"
              RenderRubyBase (anonymous) at (0,0) size 19x10
                RenderInline {RB} at (0,0) size 19x10
                  RenderText {#text} at (0,0) size 19x10
                    text run at (0,0) width 10: "\x{5378}"
          RenderText {#text} at (839,84) size 19x134
            text run at (839,84) width 134: "\x{308A}\x{305F}\x{3002}\x{80A9}\x{306B}\x{304B}\x{3051}\x{305F}\x{7D75}\x{306E}\x{5177}\x{7BB1}\x{304C}"
          RenderRuby (inline) {RUBY} at (0,0) size 19x10
            RenderRubyRun (anonymous) at (839,218) size 19x10
              RenderRubyText {RT} at (-10,0) size 10x10
                RenderText {#text} at (0,0) size 10x10
                  text run at (0,0) width 10: "\x{308F}\x{304D}"
              RenderRubyBase (anonymous) at (0,0) size 19x10
                RenderInline {RB} at (0,0) size 19x10
                  RenderText {#text} at (0,0) size 19x10
                    text run at (0,0) width 10: "\x{814B}"
          RenderText {#text} at (839,228) size 19x44
            text run at (839,228) width 44: "\x{306E}\x{4E0B}\x{304B}\x{3089}"
          RenderRuby (inline) {RUBY} at (0,0) size 19x10
            RenderRubyRun (anonymous) at (839,272) size 19x10
              RenderRubyText {RT} at (-10,0) size 10x10
                RenderText {#text} at (0,0) size 10x10
                  text run at (0,0) width 10: "\x{304A}\x{3069}"
              RenderRubyBase (anonymous) at (0,0) size 19x10
                RenderInline {RB} at (0,0) size 19x10
                  RenderText {#text} at (0,0) size 19x10
                    text run at (0,0) width 10: "\x{8E8D}"
          RenderText {#text} at (839,282) size 19x110
            text run at (839,282) width 110: "\x{308A}\x{51FA}\x{3057}\x{305F}\x{3060}\x{3051}\x{3067}\x{3001}\x{5E78}\x{3044}\x{3068}"
          RenderRuby (inline) {RUBY} at (0,0) size 19x10
            RenderRubyRun (anonymous) at (839,392) size 19x10
              RenderRubyText {RT} at (-10,0) size 10x10
                RenderText {#text} at (0,0) size 10x10
                  text run at (0,0) width 10: "\x{306A}\x{3093}"
              RenderRubyBase (anonymous) at (0,0) size 19x10
                RenderInline {RB} at (0,0) size 19x10
                  RenderText {#text} at (0,0) size 19x10
                    text run at (0,0) width 10: "\x{4F55}"
          RenderText {#text} at (839,402) size 19x84
            text run at (839,402) width 84: "\x{306E}\x{4E8B}\x{3082}\x{306A}\x{304B}\x{3063}\x{305F}\x{3002}"
          RenderBR {BR} at (839,486) size 19x0
          RenderText {#text} at (868,0) size 19x150
            text run at (868,0) width 150: "\x{3000}\x{7ACB}\x{3061}\x{4E0A}\x{304C}\x{308B}\x{6642}\x{306B}\x{5411}\x{3046}\x{3092}\x{898B}\x{308B}\x{3068}\x{3001}"
          RenderRuby (inline) {RUBY} at (0,0) size 19x10
            RenderRubyRun (anonymous) at (868,150) size 19x10
              RenderRubyText {RT} at (-10,0) size 10x10
                RenderText {#text} at (0,0) size 10x10
                  text run at (0,0) width 10: "\x{307F}\x{3061}"
              RenderRubyBase (anonymous) at (0,0) size 19x10
                RenderInline {RB} at (0,0) size 19x10
                  RenderText {#text} at (0,0) size 19x10
                    text run at (0,0) width 10: "\x{8DEF}"
          RenderText {#text} at (868,160) size 19x184
            text run at (868,160) width 184: "\x{304B}\x{3089}\x{5DE6}\x{306E}\x{65B9}\x{306B}\x{30D0}\x{30B1}\x{30C4}\x{3092}\x{4F0F}\x{305B}\x{305F}\x{3088}\x{3046}\x{306A}\x{5CF0}\x{304C}"
          RenderRuby (inline) {RUBY} at (0,0) size 19x10
            RenderRubyRun (anonymous) at (868,344) size 19x10
              RenderRubyText {RT} at (-10,0) size 10x10
                RenderText {#text} at (0,0) size 10x10
                  text run at (0,0) width 10: "\x{305D}\x{3073}"
              RenderRubyBase (anonymous) at (0,0) size 19x10
                RenderInline {RB} at (0,0) size 19x10
                  RenderText {#text} at (0,0) size 19x10
                    text run at (0,0) width 10: "\x{8073}"
          RenderText {#text} at (868,354) size 19x70
            text run at (868,354) width 70: "\x{3048}\x{3066}\x{3044}\x{308B}\x{3002}\x{6749}\x{304B}"
          RenderRuby (inline) {RUBY} at (0,0) size 19x17
            RenderRubyRun (anonymous) at (868,424) size 19x17
              RenderRubyText {RT} at (-10,0) size 10x17
                RenderText {#text} at (0,0) size 10x17
                  text run at (0,0) width 17: "\x{3072}\x{306E}\x{304D}"
              RenderRubyBase (anonymous) at (0,0) size 19x17
                RenderInline {RB} at (0,0) size 19x11
                  RenderText {#text} at (0,3) size 19x11
                    text run at (0,3) width 10: "\x{6A9C}"
          RenderText {#text} at (868,441) size 48x491
            text run at (868,441) width 50: "\x{304B}\x{5206}\x{304B}\x{3089}\x{306A}"
            text run at (897,0) width 20: "\x{3044}\x{304C}"
          RenderRuby (inline) {RUBY} at (0,0) size 19x20
            RenderRubyRun (anonymous) at (897,20) size 19x20
              RenderRubyText {RT} at (-10,0) size 10x20
                RenderText {#text} at (0,2) size 10x16
                  text run at (0,2) width 15: "\x{306D}\x{3082}\x{3068}"
              RenderRubyBase (anonymous) at (0,0) size 19x20
                RenderInline {RB} at (0,0) size 19x20
                  RenderText {#text} at (0,0) size 19x20
                    text run at (0,0) width 20: "\x{6839}\x{5143}"
          RenderText {#text} at (897,40) size 19x20
            text run at (897,40) width 20: "\x{304B}\x{3089}"
          RenderRuby (inline) {RUBY} at (0,0) size 19x15
            RenderRubyRun (anonymous) at (897,60) size 19x15
              RenderRubyText {RT} at (-10,0) size 10x15
                RenderText {#text} at (0,0) size 10x15
                  text run at (0,0) width 15: "\x{3044}\x{305F}\x{3060}"
              RenderRubyBase (anonymous) at (0,0) size 19x15
                RenderInline {RB} at (0,0) size 19x11
                  RenderText {#text} at (0,2) size 19x11
                    text run at (0,2) width 10: "\x{9802}"
          RenderText {#text} at (897,75) size 19x80
            text run at (897,75) width 80: "\x{304D}\x{307E}\x{3067}\x{3053}\x{3068}\x{3054}\x{3068}\x{304F}"
          RenderRuby (inline) {RUBY} at (0,0) size 19x20
            RenderRubyRun (anonymous) at (897,155) size 19x20
              RenderRubyText {RT} at (-10,0) size 10x20
                RenderText {#text} at (0,0) size 10x20
                  text run at (0,0) width 20: "\x{3042}\x{304A}\x{3050}\x{308D}"
              RenderRubyBase (anonymous) at (0,0) size 19x20
                RenderInline {RB} at (0,0) size 19x20
                  RenderText {#text} at (0,0) size 19x20
                    text run at (0,0) width 20: "\x{84BC}\x{9ED2}"
          RenderText {#text} at (897,175) size 19x150
            text run at (897,175) width 150: "\x{3044}\x{4E2D}\x{306B}\x{3001}\x{5C71}\x{685C}\x{304C}\x{8584}\x{8D64}\x{304F}\x{3060}\x{3093}\x{3060}\x{3089}\x{306B}"
          RenderRuby (inline) {RUBY} at (0,0) size 19x20
            RenderRubyRun (anonymous) at (897,325) size 19x20
              RenderRubyText {RT} at (-10,0) size 10x20
                RenderText {#text} at (0,2) size 10x16
                  text run at (0,2) width 15: "\x{305F}\x{306A}\x{3073}"
              RenderRubyBase (anonymous) at (0,0) size 19x20
                RenderInline {RB} at (0,0) size 19x20
                  RenderText {#text} at (0,0) size 19x20
                    text run at (0,0) width 20: "\x{68DA}\x{5F15}"
          RenderText {#text} at (897,345) size 19x30
            text run at (897,345) width 30: "\x{3044}\x{3066}\x{3001}"
          RenderRuby (inline) {RUBY} at (0,0) size 19x10
            RenderRubyRun (anonymous) at (897,375) size 19x10
              RenderRubyText {RT} at (-10,0) size 10x10
                RenderText {#text} at (0,2) size 10x6
                  text run at (0,2) width 5: "\x{3064}"
              RenderRubyBase (anonymous) at (0,0) size 19x10
                RenderInline {RB} at (0,0) size 19x10
                  RenderText {#text} at (0,0) size 19x10
                    text run at (0,0) width 10: "\x{7D9A}"
          RenderText {#text} at (897,385) size 19x10
            text run at (897,385) width 10: "\x{304E}"
          RenderRuby (inline) {RUBY} at (0,0) size 19x10
            RenderRubyRun (anonymous) at (897,395) size 19x10
              RenderRubyText {RT} at (-10,0) size 10x10
                RenderText {#text} at (0,2) size 10x6
                  text run at (0,2) width 5: "\x{3081}"
              RenderRubyBase (anonymous) at (0,0) size 19x10
                RenderInline {RB} at (0,0) size 19x10
                  RenderText {#text} at (0,0) size 19x10
                    text run at (0,0) width 10: "\x{76EE}"
          RenderText {#text} at (897,405) size 19x10
            text run at (897,405) width 10: "\x{304C}"
          RenderRuby (inline) {RUBY} at (0,0) size 19x10
            RenderRubyRun (anonymous) at (897,415) size 19x10
              RenderRubyText {RT} at (-10,0) size 10x10
                RenderText {#text} at (0,0) size 10x10
                  text run at (0,0) width 10: "\x{3057}\x{304B}"
              RenderRubyBase (anonymous) at (0,0) size 19x10
                RenderInline {RB} at (0,0) size 19x10
                  RenderText {#text} at (0,0) size 19x10
                    text run at (0,0) width 10: "\x{78BA}"
          RenderText {#text} at (897,425) size 48x485
            text run at (897,425) width 60: "\x{3068}\x{898B}\x{3048}\x{306C}\x{304F}\x{3089}"
            text run at (926,0) width 10: "\x{3044}"
          RenderRuby (inline) {RUBY} at (0,0) size 19x10
            RenderRubyRun (anonymous) at (926,10) size 19x10
              RenderRubyText {RT} at (-10,0) size 10x10
                RenderText {#text} at (0,0) size 10x10
                  text run at (0,0) width 10: "\x{3082}\x{3084}"
              RenderRubyBase (anonymous) at (0,0) size 19x10
                RenderInline {RB} at (0,0) size 19x10
                  RenderText {#text} at (0,0) size 19x10
                    text run at (0,0) width 10: "\x{9744}"
          RenderText {#text} at (926,20) size 19x90
            text run at (926,20) width 90: "\x{304C}\x{6FC3}\x{3044}\x{3002}\x{5C11}\x{3057}\x{624B}\x{524D}\x{306B}"
          RenderRuby (inline) {RUBY} at (0,0) size 19x20
            RenderRubyRun (anonymous) at (926,110) size 19x20
              RenderRubyText {RT} at (-10,0) size 10x20
                RenderText {#text} at (0,0) size 10x20
                  text run at (0,0) width 20: "\x{306F}\x{3052}\x{3084}\x{307E}"
              RenderRubyBase (anonymous) at (0,0) size 19x20
                RenderInline {RB} at (0,0) size 19x20
                  RenderText {#text} at (0,0) size 19x20
                    text run at (0,0) width 20: "\x{79BF}\x{5C71}"
          RenderText {#text} at (926,130) size 19x40
            text run at (926,130) width 40: "\x{304C}\x{4E00}\x{3064}\x{3001}"
          RenderRuby (inline) {RUBY} at (0,0) size 19x10
            RenderRubyRun (anonymous) at (926,170) size 19x10
              RenderRubyText {RT} at (-10,0) size 10x10
                RenderText {#text} at (0,0) size 10x10
                  text run at (0,0) width 10: "\x{3050}\x{3093}"
              RenderRubyBase (anonymous) at (0,0) size 19x10
                RenderInline {RB} at (0,0) size 19x10
                  RenderText {#text} at (0,0) size 19x10
                    text run at (0,0) width 10: "\x{7FA4}"
          RenderText {#text} at (926,180) size 19x60
            text run at (926,180) width 60: "\x{3092}\x{306C}\x{304D}\x{3093}\x{3067}\x{3066}"
          RenderRuby (inline) {RUBY} at (0,0) size 19x10
            RenderRubyRun (anonymous) at (926,240) size 19x10
              RenderRubyText {RT} at (-10,0) size 10x10
                RenderText {#text} at (0,0) size 10x10
                  text run at (0,0) width 10: "\x{307E}\x{3086}"
              RenderRubyBase (anonymous) at (0,0) size 19x10
                RenderInline {RB} at (0,0) size 19x10
                  RenderText {#text} at (0,0) size 19x10
                    text run at (0,0) width 10: "\x{7709}"
          RenderText {#text} at (926,250) size 19x10
            text run at (926,250) width 10: "\x{306B}"
          RenderRuby (inline) {RUBY} at (0,0) size 19x10
            RenderRubyRun (anonymous) at (926,260) size 19x10
              RenderRubyText {RT} at (-10,0) size 10x10
                RenderText {#text} at (0,0) size 10x10
                  text run at (0,0) width 10: "\x{305B}\x{307E}"
              RenderRubyBase (anonymous) at (0,0) size 19x10
                RenderInline {RB} at (0,0) size 19x10
                  RenderText {#text} at (0,0) size 19x10
                    text run at (0,0) width 10: "\x{903C}"
          RenderText {#text} at (926,270) size 19x20
            text run at (926,270) width 20: "\x{308B}\x{3002}"
          RenderRuby (inline) {RUBY} at (0,0) size 19x10
            RenderRubyRun (anonymous) at (926,290) size 19x10
              RenderRubyText {RT} at (-10,0) size 10x10
                RenderText {#text} at (0,2) size 10x6
                  text run at (0,2) width 5: "\x{306F}"
              RenderRubyBase (anonymous) at (0,0) size 19x10
                RenderInline {RB} at (0,0) size 19x10
                  RenderText {#text} at (0,0) size 19x10
                    text run at (0,0) width 10: "\x{79BF}"
          RenderText {#text} at (926,300) size 19x84
            text run at (926,300) width 84: "\x{3052}\x{305F}\x{5074}\x{9762}\x{306F}\x{5DE8}\x{4EBA}\x{306E}"
          RenderRuby (inline) {RUBY} at (0,0) size 19x12
            RenderRubyRun (anonymous) at (926,384) size 19x12
              RenderRubyText {RT} at (-10,0) size 10x12
                RenderText {#text} at (0,0) size 10x12
                  text run at (0,0) width 12: "\x{304A}\x{306E}"
              RenderRubyBase (anonymous) at (0,0) size 19x12
                RenderInline {RB} at (0,0) size 19x10
                  RenderText {#text} at (0,1) size 19x10
                    text run at (0,1) width 10: "\x{65A7}"
          RenderText {#text} at (926,396) size 19x10
            text run at (926,396) width 10: "\x{3067}"
          RenderRuby (inline) {RUBY} at (0,0) size 19x10
            RenderRubyRun (anonymous) at (926,406) size 19x10
              RenderRubyText {RT} at (-10,0) size 10x10
                RenderText {#text} at (0,0) size 10x10
                  text run at (0,0) width 10: "\x{3051}\x{305A}"
              RenderRubyBase (anonymous) at (0,0) size 19x10
                RenderInline {RB} at (0,0) size 19x10
                  RenderText {#text} at (0,0) size 19x10
                    text run at (0,0) width 10: "\x{524A}"
          RenderText {#text} at (926,416) size 48x486
            text run at (926,416) width 70: "\x{308A}\x{53BB}\x{3063}\x{305F}\x{304B}\x{3001}\x{92ED}"
            text run at (955,0) width 124: "\x{3069}\x{304D}\x{5E73}\x{9762}\x{3092}\x{3084}\x{3051}\x{306B}\x{8C37}\x{306E}\x{5E95}\x{306B}"
          RenderRuby (inline) {RUBY} at (0,0) size 19x10
            RenderRubyRun (anonymous) at (955,124) size 19x10
              RenderRubyText {RT} at (-10,0) size 10x10
                RenderText {#text} at (0,0) size 10x10
                  text run at (0,0) width 10: "\x{3046}\x{305A}"
              RenderRubyBase (anonymous) at (0,0) size 19x10
                RenderInline {RB} at (0,0) size 19x10
                  RenderText {#text} at (0,0) size 19x10
                    text run at (0,0) width 10: "\x{57CB}"
          RenderText {#text} at (955,134) size 19x50
            text run at (955,134) width 50: "\x{3081}\x{3066}\x{3044}\x{308B}\x{3002}"
          RenderRuby (inline) {RUBY} at (0,0) size 19x20
            RenderRubyRun (anonymous) at (955,184) size 19x20
              RenderRubyText {RT} at (-10,0) size 10x20
                RenderText {#text} at (0,0) size 10x20
                  text run at (0,0) width 20: "\x{3066}\x{3063}\x{307A}\x{3093}"
              RenderRubyBase (anonymous) at (0,0) size 19x20
                RenderInline {RB} at (0,0) size 19x20
                  RenderText {#text} at (0,0) size 19x20
                    text run at (0,0) width 20: "\x{5929}\x{8FBA}"
          RenderText {#text} at (955,204) size 19x222
            text run at (955,204) width 222: "\x{306B}\x{4E00}\x{672C}\x{898B}\x{3048}\x{308B}\x{306E}\x{306F}\x{8D64}\x{677E}\x{3060}\x{308D}\x{3046}\x{3002}\x{679D}\x{306E}\x{9593}\x{306E}\x{7A7A}\x{3055}\x{3048}"
          RenderRuby (inline) {RUBY} at (0,0) size 19x20
            RenderRubyRun (anonymous) at (955,426) size 19x20
              RenderRubyText {RT} at (-10,0) size 10x20
                RenderText {#text} at (0,0) size 10x20
                  text run at (0,0) width 20: "\x{306F}\x{3063}\x{304D}\x{308A}"
              RenderRubyBase (anonymous) at (0,0) size 19x20
                RenderInline {RB} at (0,0) size 19x20
                  RenderText {#text} at (0,0) size 19x20
                    text run at (0,0) width 20: "\x{5224}\x{7136}"
          RenderText {#text} at (955,446) size 48x476
            text run at (955,446) width 30: "\x{3057}\x{3066}\x{3044}"
            text run at (984,0) width 250: "\x{308B}\x{3002}\x{884C}\x{304F}\x{624B}\x{306F}\x{4E8C}\x{4E01}\x{307B}\x{3069}\x{3067}\x{5207}\x{308C}\x{3066}\x{3044}\x{308B}\x{304C}\x{3001}\x{9AD8}\x{3044}\x{6240}\x{304B}\x{3089}\x{8D64}\x{3044}"
          RenderRuby (inline) {RUBY} at (0,0) size 19x20
            RenderRubyRun (anonymous) at (984,250) size 19x20
              RenderRubyText {RT} at (-10,0) size 10x20
                RenderText {#text} at (0,2) size 10x16
                  text run at (0,2) width 15: "\x{3051}\x{3063}\x{3068}"
              RenderRubyBase (anonymous) at (0,0) size 19x20
                RenderInline {RB} at (0,0) size 19x20
                  RenderText {#text} at (0,0) size 19x20
                    text run at (0,0) width 20: "\x{6BDB}\x{5E03}"
          RenderText {#text} at (984,270) size 48x484
            text run at (984,270) width 214: "\x{304C}\x{52D5}\x{3044}\x{3066}\x{6765}\x{308B}\x{306E}\x{3092}\x{898B}\x{308B}\x{3068}\x{3001}\x{767B}\x{308C}\x{3070}\x{3042}\x{3059}\x{3053}\x{3078}\x{51FA}\x{308B}"
            text run at (1013,0) width 114: "\x{306E}\x{3060}\x{308D}\x{3046}\x{3002}\x{8DEF}\x{306F}\x{3059}\x{3053}\x{3076}\x{308B}"
          RenderRuby (inline) {RUBY} at (0,0) size 19x20
            RenderRubyRun (anonymous) at (1013,114) size 19x20
              RenderRubyText {RT} at (-10,0) size 10x20
                RenderText {#text} at (0,2) size 10x16
                  text run at (0,2) width 15: "\x{306A}\x{3093}\x{304E}"
              RenderRubyBase (anonymous) at (0,0) size 19x20
                RenderInline {RB} at (0,0) size 19x20
                  RenderText {#text} at (0,0) size 19x20
                    text run at (0,0) width 20: "\x{96E3}\x{7FA9}"
          RenderText {#text} at (1013,134) size 19x20
            text run at (1013,134) width 20: "\x{3060}\x{3002}"
          RenderBR {BR} at (1013,154) size 19x0
          RenderText {#text} at (1042,0) size 19x130
            text run at (1042,0) width 130: "\x{3000}\x{571F}\x{3092}\x{306A}\x{3089}\x{3059}\x{3060}\x{3051}\x{306A}\x{3089}\x{3055}\x{307B}\x{3069}"
          RenderRuby (inline) {RUBY} at (0,0) size 19x20
            RenderRubyRun (anonymous) at (1042,130) size 19x20
              RenderRubyText {RT} at (-10,0) size 10x20
                RenderText {#text} at (0,5) size 10x10
                  text run at (0,5) width 10: "\x{3066}\x{307E}"
              RenderRubyBase (anonymous) at (0,0) size 19x20
                RenderInline {RB} at (0,0) size 19x20
                  RenderText {#text} at (0,0) size 19x20
                    text run at (0,0) width 20: "\x{624B}\x{9593}"
          RenderText {#text} at (1042,150) size 19x10
            text run at (1042,150) width 10: "\x{3082}"
          RenderRuby (inline) {RUBY} at (0,0) size 19x10
            RenderRubyRun (anonymous) at (1042,160) size 19x10
              RenderRubyText {RT} at (-10,0) size 10x10
                RenderText {#text} at (0,2) size 10x6
                  text run at (0,2) width 5: "\x{3044}"
              RenderRubyBase (anonymous) at (0,0) size 19x10
                RenderInline {RB} at (0,0) size 19x10
                  RenderText {#text} at (0,0) size 19x10
                    text run at (0,0) width 10: "\x{5165}"
          RenderText {#text} at (1042,170) size 19x204
            text run at (1042,170) width 204: "\x{308B}\x{307E}\x{3044}\x{304C}\x{3001}\x{571F}\x{306E}\x{4E2D}\x{306B}\x{306F}\x{5927}\x{304D}\x{306A}\x{77F3}\x{304C}\x{3042}\x{308B}\x{3002}\x{571F}\x{306F}"
          RenderRuby (inline) {RUBY} at (0,0) size 19x10
            RenderRubyRun (anonymous) at (1042,374) size 19x10
              RenderRubyText {RT} at (-10,0) size 10x10
                RenderText {#text} at (0,0) size 10x10
                  text run at (0,0) width 10: "\x{305F}\x{3044}"
              RenderRubyBase (anonymous) at (0,0) size 19x10
                RenderInline {RB} at (0,0) size 19x10
                  RenderText {#text} at (0,0) size 19x10
                    text run at (0,0) width 10: "\x{5E73}"
          RenderText {#text} at (1042,384) size 48x484
            text run at (1042,384) width 100: "\x{3089}\x{306B}\x{3057}\x{3066}\x{3082}\x{77F3}\x{306F}\x{5E73}\x{3089}\x{306B}"
            text run at (1071,0) width 220: "\x{306A}\x{3089}\x{306C}\x{3002}\x{77F3}\x{306F}\x{5207}\x{308A}\x{7815}\x{3044}\x{3066}\x{3082}\x{3001}\x{5CA9}\x{306F}\x{59CB}\x{672B}\x{304C}\x{3064}\x{304B}\x{306C}\x{3002}"
          RenderRuby (inline) {RUBY} at (0,0) size 19x20
            RenderRubyRun (anonymous) at (1071,220) size 19x20
              RenderRubyText {RT} at (-10,0) size 10x20
                RenderText {#text} at (0,0) size 10x20
                  text run at (0,0) width 20: "\x{307B}\x{308A}\x{304F}\x{305A}"
              RenderRubyBase (anonymous) at (0,0) size 19x20
                RenderInline {RB} at (0,0) size 19x20
                  RenderText {#text} at (0,0) size 19x20
                    text run at (0,0) width 20: "\x{6398}\x{5D29}"
          RenderText {#text} at (1071,240) size 19x64
            text run at (1071,240) width 64: "\x{3057}\x{305F}\x{571F}\x{306E}\x{4E0A}\x{306B}"
          RenderRuby (inline) {RUBY} at (0,0) size 19x20
            RenderRubyRun (anonymous) at (1071,304) size 19x20
              RenderRubyText {RT} at (-10,0) size 10x20
                RenderText {#text} at (0,0) size 10x20
                  text run at (0,0) width 20: "\x{3086}\x{3046}\x{305C}\x{3093}"
              RenderRubyBase (anonymous) at (0,0) size 19x20
                RenderInline {RB} at (0,0) size 19x20
                  RenderText {#text} at (0,0) size 19x20
                    text run at (0,0) width 20: "\x{60A0}\x{7136}"
          RenderText {#text} at (1071,324) size 19x10
            text run at (1071,324) width 10: "\x{3068}"
          RenderRuby (inline) {RUBY} at (0,0) size 19x15
            RenderRubyRun (anonymous) at (1071,334) size 19x15
              RenderRubyText {RT} at (-10,0) size 10x15
                RenderText {#text} at (0,0) size 10x15
                  text run at (0,0) width 15: "\x{305D}\x{3070}\x{3060}"
              RenderRubyBase (anonymous) at (0,0) size 19x15
                RenderInline {RB} at (0,0) size 19x11
                  RenderText {#text} at (0,2) size 19x11
                    text run at (0,2) width 10: "\x{5CD9}"
          RenderText {#text} at (1071,349) size 19x134
            text run at (1071,349) width 134: "\x{3063}\x{3066}\x{3001}\x{543E}\x{3089}\x{306E}\x{305F}\x{3081}\x{306B}\x{9053}\x{3092}\x{8B72}\x{308B}"
          RenderRuby (inline) {RUBY} at (0,0) size 19x20
            RenderRubyRun (anonymous) at (1100,0) size 19x20
              RenderRubyText {RT} at (-10,0) size 10x20
                RenderText {#text} at (0,2) size 10x16
                  text run at (0,2) width 15: "\x{3051}\x{3057}\x{304D}"
              RenderRubyBase (anonymous) at (0,0) size 19x20
                RenderInline {RB} at (0,0) size 19x20
                  RenderText {#text} at (0,0) size 19x20
                    text run at (0,0) width 20: "\x{666F}\x{8272}"
          RenderText {#text} at (1100,20) size 19x280
            text run at (1100,20) width 280: "\x{306F}\x{306A}\x{3044}\x{3002}\x{5411}\x{3046}\x{3067}\x{805E}\x{304B}\x{306C}\x{4E0A}\x{306F}\x{4E57}\x{308A}\x{8D8A}\x{3059}\x{304B}\x{3001}\x{5EFB}\x{3089}\x{306A}\x{3051}\x{308C}\x{3070}\x{306A}\x{3089}\x{3093}\x{3002}"
          RenderRuby (inline) {RUBY} at (0,0) size 19x10
            RenderRubyRun (anonymous) at (1100,300) size 19x10
              RenderRubyText {RT} at (-10,0) size 10x10
                RenderText {#text} at (0,0) size 10x10
                  text run at (0,0) width 10: "\x{3044}\x{308F}"
              RenderRubyBase (anonymous) at (0,0) size 19x10
                RenderInline {RB} at (0,0) size 19x10
                  RenderText {#text} at (0,0) size 19x10
                    text run at (0,0) width 10: "\x{5DCC}"
          RenderText {#text} at (1100,310) size 19x74
            text run at (1100,310) width 74: "\x{306E}\x{306A}\x{3044}\x{6240}\x{3067}\x{3055}\x{3048}"
          RenderRuby (inline) {RUBY} at (0,0) size 19x10
            RenderRubyRun (anonymous) at (1100,384) size 19x10
              RenderRubyText {RT} at (-10,0) size 10x10
                RenderText {#text} at (0,2) size 10x6
                  text run at (0,2) width 5: "\x{3042}"
              RenderRubyBase (anonymous) at (0,0) size 19x10
                RenderInline {RB} at (0,0) size 19x10
                  RenderText {#text} at (0,0) size 19x10
                    text run at (0,0) width 10: "\x{6B69}"
          RenderText {#text} at (1100,394) size 48x484
            text run at (1100,394) width 90: "\x{308B}\x{304D}\x{3088}\x{304F}\x{306F}\x{306A}\x{3044}\x{3002}\x{5DE6}"
            text run at (1129,0) width 100: "\x{53F3}\x{304C}\x{9AD8}\x{304F}\x{3063}\x{3066}\x{3001}\x{4E2D}\x{5FC3}\x{304C}"
          RenderRuby (inline) {RUBY} at (0,0) size 19x10
            RenderRubyRun (anonymous) at (1129,100) size 19x10
              RenderRubyText {RT} at (-10,0) size 10x10
                RenderText {#text} at (0,0) size 10x10
                  text run at (0,0) width 10: "\x{304F}\x{307C}"
              RenderRubyBase (anonymous) at (0,0) size 19x10
                RenderInline {RB} at (0,0) size 19x10
                  RenderText {#text} at (0,0) size 19x10
                    text run at (0,0) width 10: "\x{7AAA}"
          RenderText {#text} at (1129,110) size 19x80
            text run at (1129,110) width 80: "\x{3093}\x{3067}\x{3001}\x{307E}\x{308B}\x{3067}\x{4E00}\x{9593}"
          RenderRuby (inline) {RUBY} at (0,0) size 19x10
            RenderRubyRun (anonymous) at (1129,190) size 19x10
              RenderRubyText {RT} at (-10,0) size 10x10
                RenderText {#text} at (0,0) size 10x10
                  text run at (0,0) width 10: "\x{306F}\x{3070}"
              RenderRubyBase (anonymous) at (0,0) size 19x10
                RenderInline {RB} at (0,0) size 19x10
                  RenderText {#text} at (0,0) size 19x10
                    text run at (0,0) width 10: "\x{5E45}"
          RenderText {#text} at (1129,200) size 19x40
            text run at (1129,200) width 40: "\x{3092}\x{4E09}\x{89D2}\x{306B}"
          RenderRuby (inline) {RUBY} at (0,0) size 19x10
            RenderRubyRun (anonymous) at (1129,240) size 19x10
              RenderRubyText {RT} at (-10,0) size 10x10
                RenderText {#text} at (0,2) size 10x6
                  text run at (0,2) width 5: "\x{304F}"
              RenderRubyBase (anonymous) at (0,0) size 19x10
                RenderInline {RB} at (0,0) size 19x10
                  RenderText {#text} at (0,0) size 19x10
                    text run at (0,0) width 10: "\x{7A7F}"
          RenderText {#text} at (1129,250) size 19x84
            text run at (1129,250) width 84: "\x{3063}\x{3066}\x{3001}\x{305D}\x{306E}\x{9802}\x{70B9}\x{304C}"
          RenderRuby (inline) {RUBY} at (0,0) size 19x20
            RenderRubyRun (anonymous) at (1129,334) size 19x20
              RenderRubyText {RT} at (-10,0) size 10x20
                RenderText {#text} at (0,0) size 10x20
                  text run at (0,0) width 20: "\x{307E}\x{3093}\x{306A}\x{304B}"
              RenderRubyBase (anonymous) at (0,0) size 19x20
                RenderInline {RB} at (0,0) size 19x20
                  RenderText {#text} at (0,0) size 19x20
                    text run at (0,0) width 20: "\x{771F}\x{4E2D}"
          RenderText {#text} at (1129,354) size 19x10
            text run at (1129,354) width 10: "\x{3092}"
          RenderRuby (inline) {RUBY} at (0,0) size 19x15
            RenderRubyRun (anonymous) at (1129,364) size 19x15
              RenderRubyText {RT} at (-10,0) size 10x15
                RenderText {#text} at (0,0) size 10x15
                  text run at (0,0) width 15: "\x{3064}\x{3089}\x{306C}"
              RenderRubyBase (anonymous) at (0,0) size 19x15
                RenderInline {RB} at (0,0) size 19x11
                  RenderText {#text} at (0,2) size 19x11
                    text run at (0,2) width 10: "\x{8CAB}"
          RenderText {#text} at (1129,379) size 48x479
            text run at (1129,379) width 100: "\x{3044}\x{3066}\x{3044}\x{308B}\x{3068}\x{8A55}\x{3057}\x{3066}\x{3082}\x{3088}"
            text run at (1158,0) width 150: "\x{3044}\x{3002}\x{8DEF}\x{3092}\x{884C}\x{304F}\x{3068}\x{4E91}\x{308F}\x{3093}\x{3088}\x{308A}\x{5DDD}\x{5E95}\x{3092}"
          RenderRuby (inline) {RUBY} at (0,0) size 19x10
            RenderRubyRun (anonymous) at (1158,150) size 19x10
              RenderRubyText {RT} at (-10,0) size 10x10
                RenderText {#text} at (0,0) size 10x10
                  text run at (0,0) width 10: "\x{308F}\x{305F}"
              RenderRubyBase (anonymous) at (0,0) size 19x10
                RenderInline {RB} at (0,0) size 19x10
                  RenderText {#text} at (0,0) size 19x10
                    text run at (0,0) width 10: "\x{6E09}"
          RenderText {#text} at (1158,160) size 19x100
            text run at (1158,160) width 100: "\x{308B}\x{3068}\x{4E91}\x{3046}\x{65B9}\x{304C}\x{9069}\x{5F53}\x{3060}\x{3002}"
          RenderRuby (inline) {RUBY} at (0,0) size 19x10
            RenderRubyRun (anonymous) at (1158,260) size 19x10
              RenderRubyText {RT} at (-10,0) size 10x10
                RenderText {#text} at (0,0) size 10x10
                  text run at (0,0) width 10: "\x{3082}\x{3068}"
              RenderRubyBase (anonymous) at (0,0) size 19x10
                RenderInline {RB} at (0,0) size 19x10
                  RenderText {#text} at (0,0) size 19x10
                    text run at (0,0) width 10: "\x{56FA}"
          RenderText {#text} at (1158,270) size 19x160
            text run at (1158,270) width 160: "\x{3088}\x{308A}\x{6025}\x{3050}\x{65C5}\x{3067}\x{306A}\x{3044}\x{304B}\x{3089}\x{3001}\x{3076}\x{3089}\x{3076}\x{3089}\x{3068}"
          RenderRuby (inline) {RUBY} at (0,0) size 19x20
            RenderRubyRun (anonymous) at (1158,430) size 19x20
              RenderRubyText {RT} at (-10,0) size 10x20
                RenderText {#text} at (0,0) size 10x20
                  text run at (0,0) width 20: "\x{306A}\x{306A}\x{307E}\x{304C}"
              RenderRubyBase (anonymous) at (0,0) size 19x20
                RenderInline {RB} at (0,0) size 19x20
                  RenderText {#text} at (0,0) size 19x20
                    text run at (0,0) width 20: "\x{4E03}\x{66F2}"
          RenderText {#text} at (1158,450) size 38x490
            text run at (1158,450) width 40: "\x{308A}\x{3078}\x{304B}\x{304B}"
            text run at (1177,0) width 20: "\x{308B}\x{3002}"
          RenderBR {BR} at (1177,20) size 19x0
          RenderText {#text} at (1206,0) size 19x94
            text run at (1206,0) width 94: "\x{3000}\x{305F}\x{3061}\x{307E}\x{3061}\x{8DB3}\x{306E}\x{4E0B}\x{3067}"
          RenderRuby (inline) {RUBY} at (0,0) size 19x20
            RenderRubyRun (anonymous) at (1206,94) size 19x20
              RenderRubyText {RT} at (-10,0) size 10x20
                RenderText {#text} at (0,2) size 10x16
                  text run at (0,2) width 15: "\x{3072}\x{3070}\x{308A}"
              RenderRubyBase (anonymous) at (0,0) size 19x20
                RenderInline {RB} at (0,0) size 19x20
                  RenderText {#text} at (0,0) size 19x20
                    text run at (0,0) width 20: "\x{96F2}\x{96C0}"
          RenderText {#text} at (1206,114) size 19x104
            text run at (1206,114) width 104: "\x{306E}\x{58F0}\x{304C}\x{3057}\x{51FA}\x{3057}\x{305F}\x{3002}\x{8C37}\x{3092}"
          RenderRuby (inline) {RUBY} at (0,0) size 19x20
            RenderRubyRun (anonymous) at (1206,218) size 19x20
              RenderRubyText {RT} at (-10,0) size 10x20
                RenderText {#text} at (0,2) size 10x16
                  text run at (0,2) width 15: "\x{307F}\x{304A}\x{308D}"
              RenderRubyBase (anonymous) at (0,0) size 19x20
                RenderInline {RB} at (0,0) size 19x20
                  RenderText {#text} at (0,0) size 19x20
                    text run at (0,0) width 20: "\x{898B}\x{4E0B}"
          RenderText {#text} at (1206,238) size 48x488
            text run at (1206,238) width 250: "\x{3057}\x{305F}\x{304C}\x{3001}\x{3069}\x{3053}\x{3067}\x{9CF4}\x{3044}\x{3066}\x{308B}\x{304B}\x{5F71}\x{3082}\x{5F62}\x{3082}\x{898B}\x{3048}\x{306C}\x{3002}\x{305F}\x{3060}\x{58F0}\x{3060}\x{3051}"
            text run at (1235,0) width 130: "\x{304C}\x{660E}\x{3089}\x{304B}\x{306B}\x{805E}\x{3048}\x{308B}\x{3002}\x{305B}\x{3063}\x{305B}\x{3068}"
          RenderRuby (inline) {RUBY} at (0,0) size 19x10
            RenderRubyRun (anonymous) at (1235,130) size 19x10
              RenderRubyText {RT} at (-10,0) size 10x10
                RenderText {#text} at (0,0) size 10x10
                  text run at (0,0) width 10: "\x{305B}\x{308F}"
              RenderRubyBase (anonymous) at (0,0) size 19x10
                RenderInline {RB} at (0,0) size 19x10
                  RenderText {#text} at (0,0) size 19x10
                    text run at (0,0) width 10: "\x{5FD9}"
          RenderText {#text} at (1235,140) size 19x30
            text run at (1235,140) width 30: "\x{3057}\x{304F}\x{3001}"
          RenderRuby (inline) {RUBY} at (0,0) size 19x20
            RenderRubyRun (anonymous) at (1235,170) size 19x20
              RenderRubyText {RT} at (-10,0) size 10x20
                RenderText {#text} at (0,2) size 10x16
                  text run at (0,2) width 15: "\x{305F}\x{3048}\x{307E}"
              RenderRubyBase (anonymous) at (0,0) size 19x20
                RenderInline {RB} at (0,0) size 19x20
                  RenderText {#text} at (0,0) size 19x20
                    text run at (0,0) width 20: "\x{7D76}\x{9593}"
          RenderText {#text} at (1235,190) size 19x80
            text run at (1235,190) width 80: "\x{306A}\x{304F}\x{9CF4}\x{3044}\x{3066}\x{3044}\x{308B}\x{3002}"
          RenderRuby (inline) {RUBY} at (0,0) size 19x30
            RenderRubyRun (anonymous) at (1235,270) size 19x30
              RenderRubyText {RT} at (-10,0) size 10x30
                RenderText {#text} at (0,2) size 10x26
                  text run at (0,2) width 25: "\x{307B}\x{3046}\x{3044}\x{304F}\x{308A}"
              RenderRubyBase (anonymous) at (0,0) size 19x30
                RenderInline {RB} at (0,0) size 19x30
                  RenderText {#text} at (0,0) size 19x30
                    text run at (0,0) width 30: "\x{65B9}\x{5E7E}\x{91CC}"
          RenderText {#text} at (1235,300) size 19x74
            text run at (1235,300) width 74: "\x{306E}\x{7A7A}\x{6C17}\x{304C}\x{4E00}\x{9762}\x{306B}"
          RenderRuby (inline) {RUBY} at (0,0) size 19x12
            RenderRubyRun (anonymous) at (1235,374) size 19x12
              RenderRubyText {RT} at (-10,0) size 10x12
                RenderText {#text} at (0,0) size 10x12
                  text run at (0,0) width 12: "\x{306E}\x{307F}"
              RenderRubyBase (anonymous) at (0,0) size 19x12
                RenderInline {RB} at (0,0) size 19x10
                  RenderText {#text} at (0,1) size 19x10
                    text run at (0,1) width 10: "\x{86A4}"
          RenderText {#text} at (1235,386) size 48x486
            text run at (1235,386) width 100: "\x{306B}\x{523A}\x{3055}\x{308C}\x{3066}\x{3044}\x{305F}\x{305F}\x{307E}\x{308C}"
            text run at (1264,0) width 168: "\x{306A}\x{3044}\x{3088}\x{3046}\x{306A}\x{6C17}\x{304C}\x{3059}\x{308B}\x{3002}\x{3042}\x{306E}\x{9CE5}\x{306E}\x{9CF4}\x{304F}"
          RenderRuby (inline) {RUBY} at (0,0) size 19x10
            RenderRubyRun (anonymous) at (1264,168) size 19x10
              RenderRubyText {RT} at (-10,0) size 10x10
                RenderText {#text} at (0,2) size 10x6
                  text run at (0,2) width 5: "\x{306D}"
              RenderRubyBase (anonymous) at (0,0) size 19x10
                RenderInline {RB} at (0,0) size 19x10
                  RenderText {#text} at (0,0) size 19x10
                    text run at (0,0) width 10: "\x{97F3}"
          RenderText {#text} at (1264,178) size 67x484
            text run at (1264,178) width 302: "\x{306B}\x{306F}\x{77AC}\x{6642}\x{306E}\x{4F59}\x{88D5}\x{3082}\x{306A}\x{3044}\x{3002}\x{306E}\x{3069}\x{304B}\x{306A}\x{6625}\x{306E}\x{65E5}\x{3092}\x{9CF4}\x{304D}\x{5C3D}\x{304F}\x{3057}\x{3001}\x{9CF4}\x{304D}\x{3042}\x{304B}"
            text run at (1283,0) width 484: "\x{3057}\x{3001}\x{307E}\x{305F}\x{9CF4}\x{304D}\x{66AE}\x{3089}\x{3055}\x{306A}\x{3051}\x{308C}\x{3070}\x{6C17}\x{304C}\x{6E08}\x{307E}\x{3093}\x{3068}\x{898B}\x{3048}\x{308B}\x{3002}\x{305D}\x{306E}\x{4E0A}\x{3069}\x{3053}\x{307E}\x{3067}\x{3082}\x{767B}\x{3063}\x{3066}\x{884C}\x{304F}\x{3001}\x{3044}\x{3064}\x{307E}\x{3067}\x{3082}\x{767B}\x{3063}\x{3066}\x{884C}\x{304F}\x{3002}"
            text run at (1312,0) width 234: "\x{96F2}\x{96C0}\x{306F}\x{304D}\x{3063}\x{3068}\x{96F2}\x{306E}\x{4E2D}\x{3067}\x{6B7B}\x{306C}\x{306B}\x{76F8}\x{9055}\x{306A}\x{3044}\x{3002}\x{767B}\x{308A}\x{8A70}\x{3081}\x{305F}"
          RenderRuby (inline) {RUBY} at (0,0) size 19x20
            RenderRubyRun (anonymous) at (1312,234) size 19x20
              RenderRubyText {RT} at (-10,0) size 10x20
                RenderText {#text} at (0,2) size 10x16
                  text run at (0,2) width 15: "\x{3042}\x{3052}\x{304F}"
              RenderRubyBase (anonymous) at (0,0) size 19x20
                RenderInline {RB} at (0,0) size 19x20
                  RenderText {#text} at (0,0) size 19x20
                    text run at (0,0) width 20: "\x{63DA}\x{53E5}"
          RenderText {#text} at (1312,254) size 19x70
            text run at (1312,254) width 70: "\x{306F}\x{3001}\x{6D41}\x{308C}\x{3066}\x{96F2}\x{306B}"
          RenderRuby (inline) {RUBY} at (0,0) size 19x10
            RenderRubyRun (anonymous) at (1312,324) size 19x10
              RenderRubyText {RT} at (-10,0) size 10x10
                RenderText {#text} at (0,2) size 10x6
                  text run at (0,2) width 5: "\x{3044}"
              RenderRubyBase (anonymous) at (0,0) size 19x10
                RenderInline {RB} at (0,0) size 19x10
                  RenderText {#text} at (0,0) size 19x10
                    text run at (0,0) width 10: "\x{5165}"
          RenderText {#text} at (1312,334) size 19x30
            text run at (1312,334) width 30: "\x{3063}\x{3066}\x{3001}"
          RenderRuby (inline) {RUBY} at (0,0) size 19x15
            RenderRubyRun (anonymous) at (1312,364) size 19x15
              RenderRubyText {RT} at (-10,0) size 10x15
                RenderText {#text} at (0,0) size 10x15
                  text run at (0,0) width 15: "\x{305F}\x{3060}\x{3088}"
              RenderRubyBase (anonymous) at (0,0) size 19x15
                RenderInline {RB} at (0,0) size 19x11
                  RenderText {#text} at (0,2) size 19x11
                    text run at (0,2) width 10: "\x{6F02}"
          RenderText {#text} at (1312,379) size 48x489
            text run at (1312,379) width 110: "\x{3046}\x{3066}\x{3044}\x{308B}\x{3046}\x{3061}\x{306B}\x{5F62}\x{306F}\x{6D88}\x{3048}"
            text run at (1341,0) width 154: "\x{3066}\x{306A}\x{304F}\x{306A}\x{3063}\x{3066}\x{3001}\x{305F}\x{3060}\x{58F0}\x{3060}\x{3051}\x{304C}\x{7A7A}\x{306E}"
          RenderRuby (inline) {RUBY} at (0,0) size 19x10
            RenderRubyRun (anonymous) at (1341,154) size 19x10
              RenderRubyText {RT} at (-10,0) size 10x10
                RenderText {#text} at (0,0) size 10x10
                  text run at (0,0) width 10: "\x{3046}\x{3061}"
              RenderRubyBase (anonymous) at (0,0) size 19x10
                RenderInline {RB} at (0,0) size 19x10
                  RenderText {#text} at (0,0) size 19x10
                    text run at (0,0) width 10: "\x{88E1}"
          RenderText {#text} at (1341,164) size 19x114
            text run at (1341,164) width 114: "\x{306B}\x{6B8B}\x{308B}\x{306E}\x{304B}\x{3082}\x{77E5}\x{308C}\x{306A}\x{3044}\x{3002}"
          RenderBR {BR} at (1341,278) size 19x0
          RenderText {#text} at (1370,0) size 19x10
            text run at (1370,0) width 10: "\x{3000}"
          RenderRuby (inline) {RUBY} at (0,0) size 19x20
            RenderRubyRun (anonymous) at (1370,10) size 19x20
              RenderRubyText {RT} at (-10,0) size 10x20
                RenderText {#text} at (0,0) size 10x20
                  text run at (0,0) width 20: "\x{3044}\x{308F}\x{304B}\x{3069}"
              RenderRubyBase (anonymous) at (0,0) size 19x20
                RenderInline {RB} at (0,0) size 19x20
                  RenderText {#text} at (0,0) size 19x20
                    text run at (0,0) width 20: "\x{5DCC}\x{89D2}"
          RenderText {#text} at (1370,30) size 19x80
            text run at (1370,30) width 80: "\x{3092}\x{92ED}\x{3069}\x{304F}\x{5EFB}\x{3063}\x{3066}\x{3001}"
          RenderRuby (inline) {RUBY} at (0,0) size 19x20
            RenderRubyRun (anonymous) at (1370,110) size 19x20
              RenderRubyText {RT} at (-10,0) size 10x20
                RenderText {#text} at (0,2) size 10x16
                  text run at (0,2) width 15: "\x{3042}\x{3093}\x{307E}"
              RenderRubyBase (anonymous) at (0,0) size 19x20
                RenderInline {RB} at (0,0) size 19x20
                  RenderText {#text} at (0,0) size 19x20
                    text run at (0,0) width 20: "\x{6309}\x{6469}"
          RenderText {#text} at (1370,130) size 19x20
            text run at (1370,130) width 20: "\x{306A}\x{3089}"
          RenderRuby (inline) {RUBY} at (0,0) size 19x30
            RenderRubyRun (anonymous) at (1370,150) size 19x30
              RenderRubyText {RT} at (-10,0) size 10x30
                RenderText {#text} at (0,0) size 10x30
                  text run at (0,0) width 30: "\x{307E}\x{3063}\x{3055}\x{304B}\x{3055}\x{307E}"
              RenderRubyBase (anonymous) at (0,0) size 19x30
                RenderInline {RB} at (0,0) size 19x30
                  RenderText {#text} at (0,0) size 19x30
                    text run at (0,0) width 30: "\x{771F}\x{9006}\x{69D8}"
          RenderText {#text} at (1370,180) size 19x90
            text run at (1370,180) width 90: "\x{306B}\x{843D}\x{3064}\x{308B}\x{3068}\x{3053}\x{308D}\x{3092}\x{3001}"
          RenderRuby (inline) {RUBY} at (0,0) size 19x10
            RenderRubyRun (anonymous) at (1370,270) size 19x10
              RenderRubyText {RT} at (-10,0) size 10x10
                RenderText {#text} at (0,0) size 10x10
                  text run at (0,0) width 10: "\x{304D}\x{308F}"
              RenderRubyBase (anonymous) at (0,0) size 19x10
                RenderInline {RB} at (0,0) size 19x10
                  RenderText {#text} at (0,0) size 19x10
                    text run at (0,0) width 10: "\x{969B}"
          RenderText {#text} at (1370,280) size 19x100
            text run at (1370,280) width 100: "\x{3069}\x{304F}\x{53F3}\x{3078}\x{5207}\x{308C}\x{3066}\x{3001}\x{6A2A}\x{306B}"
          RenderRuby (inline) {RUBY} at (0,0) size 19x20
            RenderRubyRun (anonymous) at (1370,380) size 19x20
              RenderRubyText {RT} at (-10,0) size 10x20
                RenderText {#text} at (0,2) size 10x16
                  text run at (0,2) width 15: "\x{307F}\x{304A}\x{308D}"
              RenderRubyBase (anonymous) at (0,0) size 19x20
                RenderInline {RB} at (0,0) size 19x20
                  RenderText {#text} at (0,0) size 19x20
                    text run at (0,0) width 20: "\x{898B}\x{4E0B}"
          RenderText {#text} at (1370,400) size 19x30
            text run at (1370,400) width 30: "\x{3059}\x{3068}\x{3001}"
          RenderRuby (inline) {RUBY} at (0,0) size 19x10
            RenderRubyRun (anonymous) at (1370,430) size 19x10
              RenderRubyText {RT} at (-10,0) size 10x10
                RenderText {#text} at (0,2) size 10x6
                  text run at (0,2) width 5: "\x{306A}"
              RenderRubyBase (anonymous) at (0,0) size 19x10
                RenderInline {RB} at (0,0) size 19x10
                  RenderText {#text} at (0,0) size 19x10
                    text run at (0,0) width 10: "\x{83DC}"
          RenderText {#text} at (1370,440) size 48x484
            text run at (1370,440) width 44: "\x{306E}\x{82B1}\x{304C}\x{4E00}"
            text run at (1399,0) width 298: "\x{9762}\x{306B}\x{898B}\x{3048}\x{308B}\x{3002}\x{96F2}\x{96C0}\x{306F}\x{3042}\x{3059}\x{3053}\x{3078}\x{843D}\x{3061}\x{308B}\x{306E}\x{304B}\x{3068}\x{601D}\x{3063}\x{305F}\x{3002}\x{3044}\x{3044}\x{3084}\x{3001}\x{3042}\x{306E}"
          RenderRuby (inline) {RUBY} at (0,0) size 19x20
            RenderRubyRun (anonymous) at (1399,298) size 19x20
              RenderRubyText {RT} at (-10,0) size 10x20
                RenderText {#text} at (0,2) size 10x16
                  text run at (0,2) width 15: "\x{3053}\x{304C}\x{306D}"
              RenderRubyBase (anonymous) at (0,0) size 19x20
                RenderInline {RB} at (0,0) size 19x20
                  RenderText {#text} at (0,0) size 19x20
                    text run at (0,0) width 20: "\x{9EC4}\x{91D1}"
          RenderText {#text} at (1399,318) size 48x476
            text run at (1399,318) width 158: "\x{306E}\x{539F}\x{304B}\x{3089}\x{98DB}\x{3073}\x{4E0A}\x{304C}\x{3063}\x{3066}\x{304F}\x{308B}\x{306E}\x{304B}\x{3068}"
            text run at (1428,0) width 140: "\x{601D}\x{3063}\x{305F}\x{3002}\x{6B21}\x{306B}\x{306F}\x{843D}\x{3061}\x{308B}\x{96F2}\x{96C0}\x{3068}\x{3001}"
          RenderRuby (inline) {RUBY} at (0,0) size 19x10
            RenderRubyRun (anonymous) at (1428,140) size 19x10
              RenderRubyText {RT} at (-10,0) size 10x10
                RenderText {#text} at (0,0) size 10x10
                  text run at (0,0) width 10: "\x{3042}\x{304C}"
              RenderRubyBase (anonymous) at (0,0) size 19x10
                RenderInline {RB} at (0,0) size 19x10
                  RenderText {#text} at (0,0) size 19x10
                    text run at (0,0) width 10: "\x{4E0A}"
          RenderText {#text} at (1428,150) size 19x10
            text run at (1428,150) width 10: "\x{308B}"
          RenderRuby (inline) {RUBY} at (0,0) size 19x20
            RenderRubyRun (anonymous) at (1428,160) size 19x20
              RenderRubyText {RT} at (-10,0) size 10x20
                RenderText {#text} at (0,2) size 10x16
                  text run at (0,2) width 15: "\x{3072}\x{3070}\x{308A}"
              RenderRubyBase (anonymous) at (0,0) size 19x20
                RenderInline {RB} at (0,0) size 19x20
                  RenderText {#text} at (0,0) size 19x20
                    text run at (0,0) width 20: "\x{96F2}\x{96C0}"
          RenderText {#text} at (1428,180) size 48x474
            text run at (1428,180) width 294: "\x{304C}\x{5341}\x{6587}\x{5B57}\x{306B}\x{3059}\x{308C}\x{9055}\x{3046}\x{306E}\x{304B}\x{3068}\x{601D}\x{3063}\x{305F}\x{3002}\x{6700}\x{5F8C}\x{306B}\x{3001}\x{843D}\x{3061}\x{308B}\x{6642}\x{3082}\x{3001}\x{4E0A}\x{308B}\x{6642}"
            text run at (1457,0) width 80: "\x{3082}\x{3001}\x{307E}\x{305F}\x{5341}\x{6587}\x{5B57}\x{306B}"
          RenderRuby (inline) {RUBY} at (0,0) size 19x10
            RenderRubyRun (anonymous) at (1457,80) size 19x10
              RenderRubyText {RT} at (-10,0) size 10x10
                RenderText {#text} at (0,2) size 10x6
                  text run at (0,2) width 5: "\x{3059}"
              RenderRubyBase (anonymous) at (0,0) size 19x10
                RenderInline {RB} at (0,0) size 19x10
                  RenderText {#text} at (0,0) size 19x10
                    text run at (0,0) width 10: "\x{64E6}"
          RenderText {#text} at (1457,90) size 19x250
            text run at (1457,90) width 250: "\x{308C}\x{9055}\x{3046}\x{3068}\x{304D}\x{306B}\x{3082}\x{5143}\x{6C17}\x{3088}\x{304F}\x{9CF4}\x{304D}\x{3064}\x{3065}\x{3051}\x{308B}\x{3060}\x{308D}\x{3046}\x{3068}\x{601D}\x{3063}\x{305F}\x{3002}"
          RenderBR {BR} at (1457,340) size 19x0
          RenderText {#text} at (1486,0) size 19x120
            text run at (1486,0) width 120: "\x{3000}\x{6625}\x{306F}\x{7720}\x{304F}\x{306A}\x{308B}\x{3002}\x{732B}\x{306F}\x{9F20}\x{3092}"
          RenderRuby (inline) {RUBY} at (0,0) size 19x10
            RenderRubyRun (anonymous) at (1486,120) size 19x10
              RenderRubyText {RT} at (-10,0) size 10x10
                RenderText {#text} at (0,2) size 10x6
                  text run at (0,2) width 5: "\x{3068}"
              RenderRubyBase (anonymous) at (0,0) size 19x10
                RenderInline {RB} at (0,0) size 19x10
                  RenderText {#text} at (0,0) size 19x10
                    text run at (0,0) width 10: "\x{6355}"
          RenderText {#text} at (1486,130) size 19x268
            text run at (1486,130) width 268: "\x{308B}\x{4E8B}\x{3092}\x{5FD8}\x{308C}\x{3001}\x{4EBA}\x{9593}\x{306F}\x{501F}\x{91D1}\x{306E}\x{3042}\x{308B}\x{4E8B}\x{3092}\x{5FD8}\x{308C}\x{308B}\x{3002}\x{6642}\x{306B}\x{306F}\x{81EA}\x{5206}\x{306E}"
          RenderRuby (inline) {RUBY} at (0,0) size 19x20
            RenderRubyRun (anonymous) at (1486,398) size 19x20
              RenderRubyText {RT} at (-10,0) size 10x20
                RenderText {#text} at (0,0) size 10x20
                  text run at (0,0) width 20: "\x{305F}\x{307E}\x{3057}\x{3044}"
              RenderRubyBase (anonymous) at (0,0) size 19x20
                RenderInline {RB} at (0,0) size 19x10
                  RenderText {#text} at (0,5) size 19x10
                    text run at (0,5) width 10: "\x{9B42}"
          RenderText {#text} at (1486,418) size 19x14
            text run at (1486,418) width 14: "\x{306E}"
          RenderRuby (inline) {RUBY} at (0,0) size 19x20
            RenderRubyRun (anonymous) at (1486,432) size 19x20
              RenderRubyText {RT} at (-10,0) size 10x20
                RenderText {#text} at (0,0) size 10x20
                  text run at (0,0) width 20: "\x{3044}\x{3069}\x{3053}\x{308D}"
              RenderRubyBase (anonymous) at (0,0) size 19x20
                RenderInline {RB} at (0,0) size 19x20
                  RenderText {#text} at (0,0) size 19x20
                    text run at (0,0) width 20: "\x{5C45}\x{6240}"
          RenderText {#text} at (1486,452) size 48x492
            text run at (1486,452) width 40: "\x{3055}\x{3048}\x{5FD8}\x{308C}"
            text run at (1515,0) width 244: "\x{3066}\x{6B63}\x{4F53}\x{306A}\x{304F}\x{306A}\x{308B}\x{3002}\x{305F}\x{3060}\x{83DC}\x{306E}\x{82B1}\x{3092}\x{9060}\x{304F}\x{671B}\x{3093}\x{3060}\x{3068}\x{304D}\x{306B}\x{773C}\x{304C}"
          RenderRuby (inline) {RUBY} at (0,0) size 19x10
            RenderRubyRun (anonymous) at (1515,244) size 19x10
              RenderRubyText {RT} at (-10,0) size 10x10
                RenderText {#text} at (0,2) size 10x6
                  text run at (0,2) width 5: "\x{3055}"
              RenderRubyBase (anonymous) at (0,0) size 19x10
                RenderInline {RB} at (0,0) size 19x10
                  RenderText {#text} at (0,0) size 19x10
                    text run at (0,0) width 10: "\x{9192}"
          RenderText {#text} at (1515,254) size 19x208
            text run at (1515,254) width 208: "\x{3081}\x{308B}\x{3002}\x{96F2}\x{96C0}\x{306E}\x{58F0}\x{3092}\x{805E}\x{3044}\x{305F}\x{3068}\x{304D}\x{306B}\x{9B42}\x{306E}\x{3042}\x{308A}\x{304B}\x{304C}"
          RenderRuby (inline) {RUBY} at (0,0) size 19x20
            RenderRubyRun (anonymous) at (1515,462) size 19x20
              RenderRubyText {RT} at (-10,0) size 10x20
                RenderText {#text} at (0,0) size 10x20
                  text run at (0,0) width 20: "\x{306F}\x{3093}\x{305C}\x{3093}"
              RenderRubyBase (anonymous) at (0,0) size 19x20
                RenderInline {RB} at (0,0) size 19x20
                  RenderText {#text} at (0,0) size 19x20
                    text run at (0,0) width 20: "\x{5224}\x{7136}"
          RenderText {#text} at (1515,482) size 57x492
            text run at (1515,482) width 10: "\x{3059}"
            text run at (1534,0) width 478: "\x{308B}\x{3002}\x{96F2}\x{96C0}\x{306E}\x{9CF4}\x{304F}\x{306E}\x{306F}\x{53E3}\x{3067}\x{9CF4}\x{304F}\x{306E}\x{3067}\x{306F}\x{306A}\x{3044}\x{3001}\x{9B42}\x{5168}\x{4F53}\x{304C}\x{9CF4}\x{304F}\x{306E}\x{3060}\x{3002}\x{9B42}\x{306E}\x{6D3B}\x{52D5}\x{304C}\x{58F0}\x{306B}\x{3042}\x{3089}\x{308F}\x{308C}\x{305F}\x{3082}\x{306E}\x{306E}\x{3046}\x{3061}"
            text run at (1553,0) width 442: "\x{3067}\x{3001}\x{3042}\x{308C}\x{307B}\x{3069}\x{5143}\x{6C17}\x{306E}\x{3042}\x{308B}\x{3082}\x{306E}\x{306F}\x{306A}\x{3044}\x{3002}\x{3042}\x{3042}\x{6109}\x{5FEB}\x{3060}\x{3002}\x{3053}\x{3046}\x{601D}\x{3063}\x{3066}\x{3001}\x{3053}\x{3046}\x{6109}\x{5FEB}\x{306B}\x{306A}\x{308B}\x{306E}\x{304C}\x{8A69}\x{3067}\x{3042}\x{308B}\x{3002}"
          RenderBR {BR} at (1553,442) size 19x0
          RenderText {#text} at (1582,0) size 19x352
            text run at (1582,0) width 352: "\x{3000}\x{305F}\x{3061}\x{307E}\x{3061}\x{30B7}\x{30A7}\x{30EC}\x{30FC}\x{306E}\x{96F2}\x{96C0}\x{306E}\x{8A69}\x{3092}\x{601D}\x{3044}\x{51FA}\x{3057}\x{3066}\x{3001}\x{53E3}\x{306E}\x{3046}\x{3061}\x{3067}\x{899A}\x{3048}\x{305F}\x{3068}\x{3053}\x{308D}\x{3060}\x{3051}"
          RenderRuby (inline) {RUBY} at (0,0) size 19x25
            RenderRubyRun (anonymous) at (1582,352) size 19x25
              RenderRubyText {RT} at (-10,0) size 10x25
                RenderText {#text} at (0,0) size 10x25
                  text run at (0,0) width 25: "\x{3042}\x{3093}\x{3057}\x{3087}\x{3046}"
              RenderRubyBase (anonymous) at (0,0) size 19x25
                RenderInline {RB} at (0,0) size 19x21
                  RenderText {#text} at (0,2) size 19x21
                    text run at (0,2) width 20: "\x{6697}\x{8AA6}"
          RenderText {#text} at (1582,377) size 38x487
            text run at (1582,377) width 110: "\x{3057}\x{3066}\x{898B}\x{305F}\x{304C}\x{3001}\x{899A}\x{3048}\x{3066}\x{3044}\x{308B}"
            text run at (1601,0) width 322: "\x{3068}\x{3053}\x{308D}\x{306F}\x{4E8C}\x{4E09}\x{53E5}\x{3057}\x{304B}\x{306A}\x{304B}\x{3063}\x{305F}\x{3002}\x{305D}\x{306E}\x{4E8C}\x{4E09}\x{53E5}\x{306E}\x{306A}\x{304B}\x{306B}\x{3053}\x{3093}\x{306A}\x{306E}\x{304C}\x{3042}\x{308B}\x{3002}"
          RenderBR {BR} at (1601,322) size 19x0
        RenderBlock {DIV} at (1620,32) size 95x460
          RenderText {#text} at (0,0) size 19x177
            text run at (0,0) width 177: "\x{3000}\x{3000}We look before and after"
          RenderBR {BR} at (0,177) size 19x0
          RenderText {#text} at (19,0) size 19x198
            text run at (19,0) width 198: "\x{3000}\x{3000}\x{3000}\x{3000}And pine for what is not:"
          RenderBR {BR} at (19,198) size 19x0
          RenderText {#text} at (38,0) size 19x158
            text run at (38,0) width 158: "\x{3000}\x{3000}Our sincerest laughter"
          RenderBR {BR} at (38,158) size 19x0
          RenderText {#text} at (57,0) size 19x206
            text run at (57,0) width 206: "\x{3000}\x{3000}\x{3000}\x{3000}With some pain is fraught;"
          RenderBR {BR} at (57,206) size 19x0
          RenderText {#text} at (76,0) size 19x355
            text run at (76,0) width 355: "Our sweetest songs are those that tell of saddest thought."
          RenderBR {BR} at (76,355) size 19x0
        RenderBlock (anonymous) at (1715,0) size 1226x492
          RenderText {#text} at (10,0) size 19x70
            text run at (10,0) width 70: "\x{300C}\x{524D}\x{3092}\x{307F}\x{3066}\x{306F}\x{3001}"
          RenderRuby (inline) {RUBY} at (0,0) size 19x10
            RenderRubyRun (anonymous) at (10,70) size 19x10
              RenderRubyText {RT} at (-10,0) size 10x10
                RenderText {#text} at (0,0) size 10x10
                  text run at (0,0) width 10: "\x{3057}\x{308A}"
              RenderRubyBase (anonymous) at (0,0) size 19x10
                RenderInline {RB} at (0,0) size 19x10
                  RenderText {#text} at (0,0) size 19x10
                    text run at (0,0) width 10: "\x{5F8C}"
          RenderText {#text} at (10,80) size 19x60
            text run at (10,80) width 60: "\x{3048}\x{3092}\x{898B}\x{3066}\x{306F}\x{3001}"
          RenderRuby (inline) {RUBY} at (0,0) size 19x20
            RenderRubyRun (anonymous) at (10,140) size 19x20
              RenderRubyText {RT} at (-10,0) size 10x20
                RenderText {#text} at (0,1) size 10x18
                  text run at (0,1) width 17: "\x{3082}\x{306E}\x{307B}"
              RenderRubyBase (anonymous) at (0,0) size 19x20
                RenderInline {RB} at (0,0) size 19x20
                  RenderText {#text} at (0,0) size 19x20
                    text run at (0,0) width 20: "\x{7269}\x{6B32}"
          RenderText {#text} at (10,160) size 48x488
            text run at (10,160) width 328: "\x{3057}\x{3068}\x{3001}\x{3042}\x{3053}\x{304C}\x{308B}\x{308B}\x{304B}\x{306A}\x{308F}\x{308C}\x{3002}\x{8179}\x{304B}\x{3089}\x{306E}\x{3001}\x{7B11}\x{3068}\x{3044}\x{3048}\x{3069}\x{3001}\x{82E6}\x{3057}\x{307F}\x{306E}\x{3001}\x{305D}\x{3053}\x{306B}"
            text run at (39,0) width 110: "\x{3042}\x{308B}\x{3079}\x{3057}\x{3002}\x{3046}\x{3064}\x{304F}\x{3057}\x{304D}\x{3001}"
          RenderRuby (inline) {RUBY} at (0,0) size 19x10
            RenderRubyRun (anonymous) at (39,110) size 19x10
              RenderRubyText {RT} at (-10,0) size 10x10
                RenderText {#text} at (0,0) size 10x10
                  text run at (0,0) width 10: "\x{304D}\x{308F}"
              RenderRubyBase (anonymous) at (0,0) size 19x10
                RenderInline {RB} at (0,0) size 19x10
                  RenderText {#text} at (0,0) size 19x10
                    text run at (0,0) width 10: "\x{6975}"
          RenderText {#text} at (39,120) size 19x142
            text run at (39,120) width 142: "\x{307F}\x{306E}\x{6B4C}\x{306B}\x{3001}\x{60B2}\x{3057}\x{3055}\x{306E}\x{3001}\x{6975}\x{307F}\x{306E}"
          RenderRuby (inline) {RUBY} at (0,0) size 19x15
            RenderRubyRun (anonymous) at (39,262) size 19x15
              RenderRubyText {RT} at (-10,0) size 10x15
                RenderText {#text} at (0,0) size 10x15
                  text run at (0,0) width 15: "\x{304A}\x{3082}\x{3044}"
              RenderRubyBase (anonymous) at (0,0) size 19x15
                RenderInline {RB} at (0,0) size 19x11
                  RenderText {#text} at (0,2) size 19x11
                    text run at (0,2) width 10: "\x{60F3}"
          RenderText {#text} at (39,277) size 19x10
            text run at (39,277) width 10: "\x{3001}"
          RenderRuby (inline) {RUBY} at (0,0) size 19x10
            RenderRubyRun (anonymous) at (39,287) size 19x10
              RenderRubyText {RT} at (-10,0) size 10x10
                RenderText {#text} at (0,0) size 10x10
                  text run at (0,0) width 10: "\x{3053}\x{3082}"
              RenderRubyBase (anonymous) at (0,0) size 19x10
                RenderInline {RB} at (0,0) size 19x10
                  RenderText {#text} at (0,0) size 19x10
                    text run at (0,0) width 10: "\x{7C60}"
          RenderText {#text} at (39,297) size 19x60
            text run at (39,297) width 60: "\x{308B}\x{3068}\x{305E}\x{77E5}\x{308C}\x{300D}"
          RenderBR {BR} at (39,357) size 19x0
          RenderText {#text} at (58,0) size 48x488
            text run at (58,0) width 488: "\x{3000}\x{306A}\x{308B}\x{307B}\x{3069}\x{3044}\x{304F}\x{3089}\x{8A69}\x{4EBA}\x{304C}\x{5E78}\x{798F}\x{3067}\x{3082}\x{3001}\x{3042}\x{306E}\x{96F2}\x{96C0}\x{306E}\x{3088}\x{3046}\x{306B}\x{601D}\x{3044}\x{5207}\x{3063}\x{3066}\x{3001}\x{4E00}\x{5FC3}\x{4E0D}\x{4E71}\x{306B}\x{3001}\x{524D}\x{5F8C}\x{3092}\x{5FD8}\x{5374}\x{3057}\x{3066}\x{3001}\x{308F}\x{304C}\x{559C}\x{3073}"
            text run at (87,0) width 30: "\x{3092}\x{6B4C}\x{3046}"
          RenderRuby (inline) {RUBY} at (0,0) size 19x10
            RenderRubyRun (anonymous) at (87,30) size 19x10
              RenderRubyText {RT} at (-10,0) size 10x10
                RenderText {#text} at (0,0) size 10x10
                  text run at (0,0) width 10: "\x{308F}\x{3051}"
              RenderRubyBase (anonymous) at (0,0) size 19x10
                RenderInline {RB} at (0,0) size 19x10
                  RenderText {#text} at (0,0) size 19x10
                    text run at (0,0) width 10: "\x{8A33}"
          RenderText {#text} at (87,40) size 19x272
            text run at (87,40) width 272: "\x{306B}\x{306F}\x{884C}\x{304F}\x{307E}\x{3044}\x{3002}\x{897F}\x{6D0B}\x{306E}\x{8A69}\x{306F}\x{7121}\x{8AD6}\x{306E}\x{4E8B}\x{3001}\x{652F}\x{90A3}\x{306E}\x{8A69}\x{306B}\x{3082}\x{3001}\x{3088}\x{304F}"
          RenderRuby (inline) {RUBY} at (0,0) size 19x20
            RenderRubyRun (anonymous) at (87,312) size 19x20
              RenderRubyText {RT} at (-10,0) size 10x20
                RenderText {#text} at (0,0) size 10x20
                  text run at (0,0) width 20: "\x{3070}\x{3093}\x{3053}\x{304F}"
              RenderRubyBase (anonymous) at (0,0) size 19x20
                RenderInline {RB} at (0,0) size 19x20
                  RenderText {#text} at (0,0) size 19x20
                    text run at (0,0) width 20: "\x{4E07}\x{659B}"
          RenderText {#text} at (87,332) size 19x14
            text run at (87,332) width 14: "\x{306E}"
          RenderRuby (inline) {RUBY} at (0,0) size 19x15
            RenderRubyRun (anonymous) at (87,346) size 19x15
              RenderRubyText {RT} at (-10,0) size 10x15
                RenderText {#text} at (0,0) size 10x15
                  text run at (0,0) width 15: "\x{3046}\x{308C}\x{3044}"
              RenderRubyBase (anonymous) at (0,0) size 19x15
                RenderInline {RB} at (0,0) size 19x11
                  RenderText {#text} at (0,2) size 19x11
                    text run at (0,2) width 10: "\x{6101}"
          RenderText {#text} at (87,361) size 48x491
            text run at (87,361) width 130: "\x{306A}\x{3069}\x{3068}\x{4E91}\x{3046}\x{5B57}\x{304C}\x{3042}\x{308B}\x{3002}\x{8A69}\x{4EBA}\x{3060}"
            text run at (116,0) width 50: "\x{304B}\x{3089}\x{4E07}\x{659B}\x{3067}"
          RenderRuby (inline) {RUBY} at (0,0) size 19x20
            RenderRubyRun (anonymous) at (116,50) size 19x20
              RenderRubyText {RT} at (-10,0) size 10x20
                RenderText {#text} at (0,0) size 10x20
                  text run at (0,0) width 20: "\x{3057}\x{308D}\x{3046}\x{3068}"
              RenderRubyBase (anonymous) at (0,0) size 19x20
                RenderInline {RB} at (0,0) size 19x20
                  RenderText {#text} at (0,0) size 19x20
                    text run at (0,0) width 20: "\x{7D20}\x{4EBA}"
          RenderText {#text} at (116,70) size 19x30
            text run at (116,70) width 30: "\x{306A}\x{3089}\x{4E00}"
          RenderRuby (inline) {RUBY} at (0,0) size 19x10
            RenderRubyRun (anonymous) at (116,100) size 19x10
              RenderRubyText {RT} at (-10,0) size 10x10
                RenderText {#text} at (0,0) size 10x10
                  text run at (0,0) width 10: "\x{3054}\x{3046}"
              RenderRubyBase (anonymous) at (0,0) size 19x10
                RenderInline {RB} at (0,0) size 19x10
                  RenderText {#text} at (0,0) size 19x10
                    text run at (0,0) width 10: "\x{5408}"
          RenderText {#text} at (116,110) size 19x284
            text run at (116,110) width 284: "\x{3067}\x{6E08}\x{3080}\x{304B}\x{3082}\x{77E5}\x{308C}\x{306C}\x{3002}\x{3057}\x{3066}\x{898B}\x{308B}\x{3068}\x{8A69}\x{4EBA}\x{306F}\x{5E38}\x{306E}\x{4EBA}\x{3088}\x{308A}\x{3082}\x{82E6}\x{52B4}\x{6027}\x{3067}\x{3001}"
          RenderRuby (inline) {RUBY} at (0,0) size 19x20
            RenderRubyRun (anonymous) at (116,394) size 19x20
              RenderRubyText {RT} at (-10,0) size 10x20
                RenderText {#text} at (0,0) size 10x20
                  text run at (0,0) width 20: "\x{307C}\x{3093}\x{3053}\x{3064}"
              RenderRubyBase (anonymous) at (0,0) size 19x20
                RenderInline {RB} at (0,0) size 19x20
                  RenderText {#text} at (0,0) size 19x20
                    text run at (0,0) width 20: "\x{51E1}\x{9AA8}"
          RenderText {#text} at (116,414) size 48x488
            text run at (116,414) width 74: "\x{306E}\x{500D}\x{4EE5}\x{4E0A}\x{306B}\x{795E}\x{7D4C}"
            text run at (145,0) width 262: "\x{304C}\x{92ED}\x{654F}\x{306A}\x{306E}\x{304B}\x{3082}\x{77E5}\x{308C}\x{3093}\x{3002}\x{8D85}\x{4FD7}\x{306E}\x{559C}\x{3073}\x{3082}\x{3042}\x{308D}\x{3046}\x{304C}\x{3001}\x{7121}\x{91CF}\x{306E}"
          RenderRuby (inline) {RUBY} at (0,0) size 19x20
            RenderRubyRun (anonymous) at (145,262) size 19x20
              RenderRubyText {RT} at (-10,0) size 10x20
                RenderText {#text} at (0,0) size 10x20
                  text run at (0,0) width 20: "\x{304B}\x{306A}\x{3057}\x{307F}"
              RenderRubyBase (anonymous) at (0,0) size 19x20
                RenderInline {RB} at (0,0) size 19x10
                  RenderText {#text} at (0,5) size 19x10
                    text run at (0,5) width 10: "\x{60B2}"
          RenderText {#text} at (145,282) size 38x486
            text run at (145,282) width 204: "\x{3082}\x{591A}\x{304B}\x{308D}\x{3046}\x{3002}\x{305D}\x{3093}\x{306A}\x{3089}\x{3070}\x{8A69}\x{4EBA}\x{306B}\x{306A}\x{308B}\x{306E}\x{3082}\x{8003}\x{3048}"
            text run at (164,0) width 30: "\x{7269}\x{3060}\x{3002}"
          RenderBR {BR} at (164,30) size 19x0
          RenderText {#text} at (193,0) size 19x80
            text run at (193,0) width 80: "\x{3000}\x{3057}\x{3070}\x{3089}\x{304F}\x{306F}\x{8DEF}\x{304C}"
          RenderRuby (inline) {RUBY} at (0,0) size 19x15
            RenderRubyRun (anonymous) at (193,80) size 19x15
              RenderRubyText {RT} at (-10,0) size 10x15
                RenderText {#text} at (0,0) size 10x15
                  text run at (0,0) width 15: "\x{305F}\x{3044}\x{3089}"
              RenderRubyBase (anonymous) at (0,0) size 19x15
                RenderInline {RB} at (0,0) size 19x11
                  RenderText {#text} at (0,2) size 19x11
                    text run at (0,2) width 10: "\x{5E73}"
          RenderText {#text} at (193,95) size 19x40
            text run at (193,95) width 40: "\x{3067}\x{3001}\x{53F3}\x{306F}"
          RenderRuby (inline) {RUBY} at (0,0) size 19x30
            RenderRubyRun (anonymous) at (193,135) size 19x30
              RenderRubyText {RT} at (-10,0) size 10x30
                RenderText {#text} at (0,2) size 10x26
                  text run at (0,2) width 25: "\x{305E}\x{3046}\x{304D}\x{3084}\x{307E}"
              RenderRubyBase (anonymous) at (0,0) size 19x30
                RenderInline {RB} at (0,0) size 19x30
                  RenderText {#text} at (0,0) size 19x30
                    text run at (0,0) width 30: "\x{96D1}\x{6728}\x{5C71}"
          RenderText {#text} at (193,165) size 19x222
            text run at (193,165) width 222: "\x{3001}\x{5DE6}\x{306F}\x{83DC}\x{306E}\x{82B1}\x{306E}\x{898B}\x{3064}\x{3065}\x{3051}\x{3067}\x{3042}\x{308B}\x{3002}\x{8DB3}\x{306E}\x{4E0B}\x{306B}\x{6642}\x{3005}"
          RenderRuby (inline) {RUBY} at (0,0) size 19x30
            RenderRubyRun (anonymous) at (193,387) size 19x30
              RenderRubyText {RT} at (-10,0) size 10x30
                RenderText {#text} at (0,5) size 10x20
                  text run at (0,5) width 20: "\x{305F}\x{3093}\x{307D}\x{307D}"
              RenderRubyBase (anonymous) at (0,0) size 19x30
                RenderInline {RB} at (0,0) size 19x30
                  RenderText {#text} at (0,0) size 19x30
                    text run at (0,0) width 30: "\x{84B2}\x{516C}\x{82F1}"
          RenderText {#text} at (193,417) size 19x70
            text run at (193,417) width 70: "\x{3092}\x{8E0F}\x{307F}\x{3064}\x{3051}\x{308B}\x{3002}"
          RenderRuby (inline) {RUBY} at (0,0) size 19x22
            RenderRubyRun (anonymous) at (222,0) size 19x22
              RenderRubyText {RT} at (-10,0) size 10x22
                RenderText {#text} at (0,0) size 10x22
                  text run at (0,0) width 22: "\x{306E}\x{3053}\x{304E}\x{308A}"
              RenderRubyBase (anonymous) at (0,0) size 19x22
                RenderInline {RB} at (0,0) size 19x10
                  RenderText {#text} at (0,6) size 19x10
                    text run at (0,6) width 10: "\x{92F8}"
          RenderText {#text} at (222,22) size 19x228
            text run at (222,22) width 228: "\x{306E}\x{3088}\x{3046}\x{306A}\x{8449}\x{304C}\x{9060}\x{616E}\x{306A}\x{304F}\x{56DB}\x{65B9}\x{3078}\x{306E}\x{3057}\x{3066}\x{771F}\x{4E2D}\x{306B}\x{9EC4}\x{8272}\x{306A}"
          RenderRuby (inline) {RUBY} at (0,0) size 19x10
            RenderRubyRun (anonymous) at (222,250) size 19x10
              RenderRubyText {RT} at (-10,0) size 10x10
                RenderText {#text} at (0,0) size 10x10
                  text run at (0,0) width 10: "\x{305F}\x{307E}"
              RenderRubyBase (anonymous) at (0,0) size 19x10
                RenderInline {RB} at (0,0) size 19x10
                  RenderText {#text} at (0,0) size 19x10
                    text run at (0,0) width 10: "\x{73E0}"
          RenderText {#text} at (222,260) size 48x484
            text run at (222,260) width 224: "\x{3092}\x{64C1}\x{8B77}\x{3057}\x{3066}\x{3044}\x{308B}\x{3002}\x{83DC}\x{306E}\x{82B1}\x{306B}\x{6C17}\x{3092}\x{3068}\x{3089}\x{308C}\x{3066}\x{3001}\x{8E0F}\x{307F}\x{3064}"
            text run at (251,0) width 408: "\x{3051}\x{305F}\x{3042}\x{3068}\x{3067}\x{3001}\x{6C17}\x{306E}\x{6BD2}\x{306A}\x{4E8B}\x{3092}\x{3057}\x{305F}\x{3068}\x{3001}\x{632F}\x{308A}\x{5411}\x{3044}\x{3066}\x{898B}\x{308B}\x{3068}\x{3001}\x{9EC4}\x{8272}\x{306A}\x{73E0}\x{306F}\x{4F9D}\x{7136}\x{3068}\x{3057}\x{3066}\x{92F8}\x{306E}\x{306A}\x{304B}\x{306B}"
          RenderRuby (inline) {RUBY} at (0,0) size 19x20
            RenderRubyRun (anonymous) at (251,408) size 19x20
              RenderRubyText {RT} at (-10,0) size 10x20
                RenderText {#text} at (0,2) size 10x16
                  text run at (0,2) width 15: "\x{3061}\x{3093}\x{3056}"
              RenderRubyBase (anonymous) at (0,0) size 19x20
                RenderInline {RB} at (0,0) size 19x20
                  RenderText {#text} at (0,0) size 19x20
                    text run at (0,0) width 20: "\x{93AE}\x{5EA7}"
          RenderText {#text} at (251,428) size 19x50
            text run at (251,428) width 50: "\x{3057}\x{3066}\x{3044}\x{308B}\x{3002}"
          RenderRuby (inline) {RUBY} at (0,0) size 19x20
            RenderRubyRun (anonymous) at (280,0) size 19x20
              RenderRubyText {RT} at (-10,0) size 10x20
                RenderText {#text} at (0,1) size 10x18
                  text run at (0,1) width 17: "\x{306E}\x{3093}\x{304D}"
              RenderRubyBase (anonymous) at (0,0) size 19x20
                RenderInline {RB} at (0,0) size 19x20
                  RenderText {#text} at (0,0) size 19x20
                    text run at (0,0) width 20: "\x{5451}\x{6C17}"
          RenderText {#text} at (280,20) size 19x154
            text run at (280,20) width 154: "\x{306A}\x{3082}\x{306E}\x{3060}\x{3002}\x{307E}\x{305F}\x{8003}\x{3048}\x{3092}\x{3064}\x{3065}\x{3051}\x{308B}\x{3002}"
          RenderBR {BR} at (280,174) size 19x0
          RenderText {#text} at (309,0) size 19x40
            text run at (309,0) width 40: "\x{3000}\x{8A69}\x{4EBA}\x{306B}"
          RenderRuby (inline) {RUBY} at (0,0) size 19x15
            RenderRubyRun (anonymous) at (309,40) size 19x15
              RenderRubyText {RT} at (-10,0) size 10x15
                RenderText {#text} at (0,0) size 10x15
                  text run at (0,0) width 15: "\x{3046}\x{308C}\x{3044}"
              RenderRubyBase (anonymous) at (0,0) size 19x15
                RenderInline {RB} at (0,0) size 19x11
                  RenderText {#text} at (0,2) size 19x11
                    text run at (0,2) width 10: "\x{6182}"
          RenderText {#text} at (309,55) size 19x158
            text run at (309,55) width 158: "\x{306F}\x{3064}\x{304D}\x{3082}\x{306E}\x{304B}\x{3082}\x{77E5}\x{308C}\x{306A}\x{3044}\x{304C}\x{3001}\x{3042}\x{306E}"
          RenderRuby (inline) {RUBY} at (0,0) size 19x20
            RenderRubyRun (anonymous) at (309,213) size 19x20
              RenderRubyText {RT} at (-10,0) size 10x20
                RenderText {#text} at (0,2) size 10x16
                  text run at (0,2) width 15: "\x{3072}\x{3070}\x{308A}"
              RenderRubyBase (anonymous) at (0,0) size 19x20
                RenderInline {RB} at (0,0) size 19x20
                  RenderText {#text} at (0,0) size 19x20
                    text run at (0,0) width 20: "\x{96F2}\x{96C0}"
          RenderText {#text} at (309,233) size 19x90
            text run at (309,233) width 90: "\x{3092}\x{805E}\x{304F}\x{5FC3}\x{6301}\x{306B}\x{306A}\x{308C}\x{3070}"
          RenderRuby (inline) {RUBY} at (0,0) size 19x20
            RenderRubyRun (anonymous) at (309,323) size 19x20
              RenderRubyText {RT} at (-10,0) size 10x20
                RenderText {#text} at (0,2) size 10x16
                  text run at (0,2) width 15: "\x{307F}\x{3058}\x{3093}"
              RenderRubyBase (anonymous) at (0,0) size 19x20
                RenderInline {RB} at (0,0) size 19x20
                  RenderText {#text} at (0,0) size 19x20
                    text run at (0,0) width 20: "\x{5FAE}\x{5875}"
          RenderText {#text} at (309,343) size 19x14
            text run at (309,343) width 14: "\x{306E}"
          RenderRuby (inline) {RUBY} at (0,0) size 19x10
            RenderRubyRun (anonymous) at (309,357) size 19x10
              RenderRubyText {RT} at (-10,0) size 10x10
                RenderText {#text} at (0,2) size 10x6
                  text run at (0,2) width 5: "\x{304F}"
              RenderRubyBase (anonymous) at (0,0) size 19x10
                RenderInline {RB} at (0,0) size 19x10
                  RenderText {#text} at (0,0) size 19x10
                    text run at (0,0) width 10: "\x{82E6}"
          RenderText {#text} at (309,367) size 48x491
            text run at (309,367) width 124: "\x{3082}\x{306A}\x{3044}\x{3002}\x{83DC}\x{306E}\x{82B1}\x{3092}\x{898B}\x{3066}\x{3082}\x{3001}"
            text run at (338,0) width 90: "\x{305F}\x{3060}\x{3046}\x{308C}\x{3057}\x{304F}\x{3066}\x{80F8}\x{304C}"
          RenderRuby (inline) {RUBY} at (0,0) size 19x10
            RenderRubyRun (anonymous) at (338,90) size 19x10
              RenderRubyText {RT} at (-10,0) size 10x10
                RenderText {#text} at (0,0) size 10x10
                  text run at (0,0) width 10: "\x{304A}\x{3069}"
              RenderRubyBase (anonymous) at (0,0) size 19x10
                RenderInline {RB} at (0,0) size 19x10
                  RenderText {#text} at (0,0) size 19x10
                    text run at (0,0) width 10: "\x{8E8D}"
          RenderText {#text} at (338,100) size 48x490
            text run at (338,100) width 390: "\x{308B}\x{3070}\x{304B}\x{308A}\x{3060}\x{3002}\x{84B2}\x{516C}\x{82F1}\x{3082}\x{305D}\x{306E}\x{901A}\x{308A}\x{3001}\x{685C}\x{3082}\x{2015}\x{2015}\x{685C}\x{306F}\x{3044}\x{3064}\x{304B}\x{898B}\x{3048}\x{306A}\x{304F}\x{306A}\x{3063}\x{305F}\x{3002}\x{3053}\x{3046}\x{5C71}\x{306E}\x{4E2D}"
            text run at (367,0) width 64: "\x{3078}\x{6765}\x{3066}\x{81EA}\x{7136}\x{306E}"
          RenderRuby (inline) {RUBY} at (0,0) size 19x20
            RenderRubyRun (anonymous) at (367,64) size 19x20
              RenderRubyText {RT} at (-10,0) size 10x20
                RenderText {#text} at (0,0) size 10x20
                  text run at (0,0) width 20: "\x{3051}\x{3044}\x{3076}\x{3064}"
              RenderRubyBase (anonymous) at (0,0) size 19x20
                RenderInline {RB} at (0,0) size 19x20
                  RenderText {#text} at (0,0) size 19x20
                    text run at (0,0) width 20: "\x{666F}\x{7269}"
          RenderText {#text} at (367,84) size 48x486
            text run at (367,84) width 402: "\x{306B}\x{63A5}\x{3059}\x{308C}\x{3070}\x{3001}\x{898B}\x{308B}\x{3082}\x{306E}\x{3082}\x{805E}\x{304F}\x{3082}\x{306E}\x{3082}\x{9762}\x{767D}\x{3044}\x{3002}\x{9762}\x{767D}\x{3044}\x{3060}\x{3051}\x{3067}\x{5225}\x{6BB5}\x{306E}\x{82E6}\x{3057}\x{307F}\x{3082}\x{8D77}\x{3089}\x{306C}\x{3002}\x{8D77}\x{308B}"
            text run at (396,0) width 60: "\x{3068}\x{3059}\x{308C}\x{3070}\x{8DB3}\x{304C}"
          RenderRuby (inline) {RUBY} at (0,0) size 19x20
            RenderRubyRun (anonymous) at (396,60) size 19x20
              RenderRubyText {RT} at (-10,0) size 10x20
                RenderText {#text} at (0,2) size 10x16
                  text run at (0,2) width 15: "\x{304F}\x{305F}\x{3073}"
              RenderRubyBase (anonymous) at (0,0) size 19x20
                RenderInline {RB} at (0,0) size 19x20
                  RenderText {#text} at (0,0) size 19x20
                    text run at (0,0) width 20: "\x{8349}\x{81E5}"
          RenderText {#text} at (396,80) size 19x30
            text run at (396,80) width 30: "\x{308C}\x{3066}\x{3001}"
          RenderRuby (inline) {RUBY} at (0,0) size 19x10
            RenderRubyRun (anonymous) at (396,110) size 19x10
              RenderRubyText {RT} at (-10,0) size 10x10
                RenderText {#text} at (0,0) size 10x10
                  text run at (0,0) width 10: "\x{3046}\x{307E}"
              RenderRubyBase (anonymous) at (0,0) size 19x10
                RenderInline {RB} at (0,0) size 19x10
                  RenderText {#text} at (0,0) size 19x10
                    text run at (0,0) width 10: "\x{65E8}"
          RenderText {#text} at (396,120) size 19x188
            text run at (396,120) width 188: "\x{3044}\x{3082}\x{306E}\x{304C}\x{98DF}\x{3079}\x{3089}\x{308C}\x{306C}\x{304F}\x{3089}\x{3044}\x{306E}\x{4E8B}\x{3060}\x{308D}\x{3046}\x{3002}"
          RenderBR {BR} at (396,308) size 19x0
          RenderText {#text} at (425,0) size 19x272
            text run at (425,0) width 272: "\x{3000}\x{3057}\x{304B}\x{3057}\x{82E6}\x{3057}\x{307F}\x{306E}\x{306A}\x{3044}\x{306E}\x{306F}\x{306A}\x{305C}\x{3060}\x{308D}\x{3046}\x{3002}\x{305F}\x{3060}\x{3053}\x{306E}\x{666F}\x{8272}\x{3092}\x{4E00}"
          RenderRuby (inline) {RUBY} at (0,0) size 19x10
            RenderRubyRun (anonymous) at (425,272) size 19x10
              RenderRubyText {RT} at (-10,0) size 10x10
                RenderText {#text} at (0,0) size 10x10
                  text run at (0,0) width 10: "\x{3077}\x{304F}"
              RenderRubyBase (anonymous) at (0,0) size 19x10
                RenderInline {RB} at (0,0) size 19x10
                  RenderText {#text} at (0,0) size 19x10
                    text run at (0,0) width 10: "\x{5E45}"
          RenderText {#text} at (425,282) size 19x14
            text run at (425,282) width 14: "\x{306E}"
          RenderRuby (inline) {RUBY} at (0,0) size 19x10
            RenderRubyRun (anonymous) at (425,296) size 19x10
              RenderRubyText {RT} at (-10,0) size 10x10
                RenderText {#text} at (0,2) size 10x6
                  text run at (0,2) width 5: "\x{3048}"
              RenderRubyBase (anonymous) at (0,0) size 19x10
                RenderInline {RB} at (0,0) size 19x10
                  RenderText {#text} at (0,0) size 19x10
                    text run at (0,0) width 10: "\x{753B}"
          RenderText {#text} at (425,306) size 19x30
            text run at (425,306) width 30: "\x{3068}\x{3057}\x{3066}"
          RenderRuby (inline) {RUBY} at (0,0) size 19x10
            RenderRubyRun (anonymous) at (425,336) size 19x10
              RenderRubyText {RT} at (-10,0) size 10x10
                RenderText {#text} at (0,2) size 10x6
                  text run at (0,2) width 5: "\x{307F}"
              RenderRubyBase (anonymous) at (0,0) size 19x10
                RenderInline {RB} at (0,0) size 19x10
                  RenderText {#text} at (0,0) size 19x10
                    text run at (0,0) width 10: "\x{89B3}"
          RenderText {#text} at (425,346) size 19x20
            text run at (425,346) width 20: "\x{3001}\x{4E00}"
          RenderRuby (inline) {RUBY} at (0,0) size 19x10
            RenderRubyRun (anonymous) at (425,366) size 19x10
              RenderRubyText {RT} at (-10,0) size 10x10
                RenderText {#text} at (0,0) size 10x10
                  text run at (0,0) width 10: "\x{304B}\x{3093}"
              RenderRubyBase (anonymous) at (0,0) size 19x10
                RenderInline {RB} at (0,0) size 19x10
                  RenderText {#text} at (0,0) size 19x10
                    text run at (0,0) width 10: "\x{5DFB}"
          RenderText {#text} at (425,376) size 48x490
            text run at (425,376) width 114: "\x{306E}\x{8A69}\x{3068}\x{3057}\x{3066}\x{8AAD}\x{3080}\x{304B}\x{3089}\x{3067}\x{3042}"
            text run at (454,0) width 20: "\x{308B}\x{3002}"
          RenderRuby (inline) {RUBY} at (0,0) size 19x10
            RenderRubyRun (anonymous) at (454,20) size 19x10
              RenderRubyText {RT} at (-10,0) size 10x10
                RenderText {#text} at (0,2) size 10x6
                  text run at (0,2) width 5: "\x{304C}"
              RenderRubyBase (anonymous) at (0,0) size 19x10
                RenderInline {RB} at (0,0) size 19x10
                  RenderText {#text} at (0,0) size 19x10
                    text run at (0,0) width 10: "\x{753B}"
          RenderText {#text} at (454,30) size 19x100
            text run at (454,30) width 100: "\x{3067}\x{3042}\x{308A}\x{8A69}\x{3067}\x{3042}\x{308B}\x{4EE5}\x{4E0A}\x{306F}"
          RenderRuby (inline) {RUBY} at (0,0) size 19x20
            RenderRubyRun (anonymous) at (454,130) size 19x20
              RenderRubyText {RT} at (-10,0) size 10x20
                RenderText {#text} at (0,2) size 10x16
                  text run at (0,2) width 15: "\x{3058}\x{3081}\x{3093}"
              RenderRubyBase (anonymous) at (0,0) size 19x20
                RenderInline {RB} at (0,0) size 19x20
                  RenderText {#text} at (0,0) size 19x20
                    text run at (0,0) width 20: "\x{5730}\x{9762}"
          RenderText {#text} at (454,150) size 19x230
            text run at (454,150) width 230: "\x{3092}\x{8CB0}\x{3063}\x{3066}\x{3001}\x{958B}\x{62D3}\x{3059}\x{308B}\x{6C17}\x{306B}\x{3082}\x{306A}\x{3089}\x{306D}\x{3070}\x{3001}\x{9244}\x{9053}\x{3092}\x{304B}\x{3051}\x{3066}"
          RenderRuby (inline) {RUBY} at (0,0) size 19x20
            RenderRubyRun (anonymous) at (454,380) size 19x20
              RenderRubyText {RT} at (-10,0) size 10x20
                RenderText {#text} at (0,0) size 10x20
                  text run at (0,0) width 20: "\x{3072}\x{3068}\x{3082}\x{3046}"
              RenderRubyBase (anonymous) at (0,0) size 19x20
                RenderInline {RB} at (0,0) size 19x20
                  RenderText {#text} at (0,0) size 19x20
                    text run at (0,0) width 20: "\x{4E00}\x{5132}"
          RenderText {#text} at (454,400) size 19x30
            text run at (454,400) width 30: "\x{3051}\x{3059}\x{308B}"
          RenderRuby (inline) {RUBY} at (0,0) size 19x25
            RenderRubyRun (anonymous) at (454,430) size 19x25
              RenderRubyText {RT} at (-10,0) size 10x25
                RenderText {#text} at (0,0) size 10x25
                  text run at (0,0) width 25: "\x{308A}\x{3087}\x{3046}\x{3051}\x{3093}"
              RenderRubyBase (anonymous) at (0,0) size 19x25
                RenderInline {RB} at (0,0) size 19x21
                  RenderText {#text} at (0,2) size 19x21
                    text run at (0,2) width 20: "\x{4E86}\x{898B}"
          RenderText {#text} at (454,455) size 48x485
            text run at (454,455) width 30: "\x{3082}\x{8D77}\x{3089}"
            text run at (483,0) width 150: "\x{306C}\x{3002}\x{305F}\x{3060}\x{3053}\x{306E}\x{666F}\x{8272}\x{304C}\x{2015}\x{2015}\x{8179}\x{306E}"
          RenderRuby (inline) {RUBY} at (0,0) size 19x10
            RenderRubyRun (anonymous) at (483,150) size 19x10
              RenderRubyText {RT} at (-10,0) size 10x10
                RenderText {#text} at (0,2) size 10x6
                  text run at (0,2) width 5: "\x{305F}"
              RenderRubyBase (anonymous) at (0,0) size 19x10
                RenderInline {RB} at (0,0) size 19x10
                  RenderText {#text} at (0,0) size 19x10
                    text run at (0,0) width 10: "\x{8DB3}"
          RenderText {#text} at (483,160) size 48x492
            text run at (483,160) width 332: "\x{3057}\x{306B}\x{3082}\x{306A}\x{3089}\x{306C}\x{3001}\x{6708}\x{7D66}\x{306E}\x{88DC}\x{3044}\x{306B}\x{3082}\x{306A}\x{3089}\x{306C}\x{3053}\x{306E}\x{666F}\x{8272}\x{304C}\x{666F}\x{8272}\x{3068}\x{3057}\x{3066}\x{306E}\x{307F}\x{3001}\x{4F59}\x{304C}"
            text run at (512,0) width 170: "\x{5FC3}\x{3092}\x{697D}\x{307E}\x{305B}\x{3064}\x{3064}\x{3042}\x{308B}\x{304B}\x{3089}\x{82E6}\x{52B4}\x{3082}\x{5FC3}\x{914D}\x{3082}"
          RenderRuby (inline) {RUBY} at (0,0) size 19x15
            RenderRubyRun (anonymous) at (512,170) size 19x15
              RenderRubyText {RT} at (-10,0) size 10x15
                RenderText {#text} at (0,0) size 10x15
                  text run at (0,0) width 15: "\x{3068}\x{3082}\x{306A}"
              RenderRubyBase (anonymous) at (0,0) size 19x15
                RenderInline {RB} at (0,0) size 19x11
                  RenderText {#text} at (0,2) size 19x11
                    text run at (0,2) width 10: "\x{4F34}"
          RenderText {#text} at (512,185) size 19x188
            text run at (512,185) width 188: "\x{308F}\x{306C}\x{306E}\x{3060}\x{308D}\x{3046}\x{3002}\x{81EA}\x{7136}\x{306E}\x{529B}\x{306F}\x{3053}\x{3053}\x{306B}\x{304A}\x{3044}\x{3066}"
          RenderRuby (inline) {RUBY} at (0,0) size 19x10
            RenderRubyRun (anonymous) at (512,373) size 19x10
              RenderRubyText {RT} at (-10,0) size 10x10
                RenderText {#text} at (0,0) size 10x10
                  text run at (0,0) width 10: "\x{305F}\x{3063}"
              RenderRubyBase (anonymous) at (0,0) size 19x10
                RenderInline {RB} at (0,0) size 19x10
                  RenderText {#text} at (0,0) size 19x10
                    text run at (0,0) width 10: "\x{5C0A}"
          RenderText {#text} at (512,383) size 48x487
            text run at (512,383) width 104: "\x{3068}\x{3044}\x{3002}\x{543E}\x{4EBA}\x{306E}\x{6027}\x{60C5}\x{3092}\x{77AC}"
            text run at (541,0) width 20: "\x{523B}\x{306B}"
          RenderRuby (inline) {RUBY} at (0,0) size 19x20
            RenderRubyRun (anonymous) at (541,20) size 19x20
              RenderRubyText {RT} at (-10,0) size 10x20
                RenderText {#text} at (0,2) size 10x16
                  text run at (0,2) width 15: "\x{3068}\x{3046}\x{3084}"
              RenderRubyBase (anonymous) at (0,0) size 19x20
                RenderInline {RB} at (0,0) size 19x20
                  RenderText {#text} at (0,0) size 19x20
                    text run at (0,0) width 20: "\x{9676}\x{51B6}"
          RenderText {#text} at (541,40) size 19x20
            text run at (541,40) width 20: "\x{3057}\x{3066}"
          RenderRuby (inline) {RUBY} at (0,0) size 19x20
            RenderRubyRun (anonymous) at (541,60) size 19x20
              RenderRubyText {RT} at (-10,0) size 10x20
                RenderText {#text} at (0,0) size 10x20
                  text run at (0,0) width 20: "\x{3058}\x{3085}\x{3093}\x{3053}"
              RenderRubyBase (anonymous) at (0,0) size 19x20
                RenderInline {RB} at (0,0) size 19x20
                  RenderText {#text} at (0,0) size 19x20
                    text run at (0,0) width 20: "\x{9187}\x{4E4E}"
          RenderText {#text} at (541,80) size 19x224
            text run at (541,80) width 224: "\x{3068}\x{3057}\x{3066}\x{9187}\x{306A}\x{308B}\x{8A69}\x{5883}\x{306B}\x{5165}\x{3089}\x{3057}\x{3080}\x{308B}\x{306E}\x{306F}\x{81EA}\x{7136}\x{3067}\x{3042}\x{308B}\x{3002}"
          RenderBR {BR} at (541,304) size 19x0
          RenderText {#text} at (570,0) size 19x384
            text run at (570,0) width 384: "\x{3000}\x{604B}\x{306F}\x{3046}\x{3064}\x{304F}\x{3057}\x{304B}\x{308D}\x{3001}\x{5B5D}\x{3082}\x{3046}\x{3064}\x{304F}\x{3057}\x{304B}\x{308D}\x{3001}\x{5FE0}\x{541B}\x{611B}\x{56FD}\x{3082}\x{7D50}\x{69CB}\x{3060}\x{308D}\x{3046}\x{3002}\x{3057}\x{304B}\x{3057}\x{81EA}\x{8EAB}\x{304C}\x{305D}\x{306E}"
          RenderRuby (inline) {RUBY} at (0,0) size 19x15
            RenderRubyRun (anonymous) at (570,384) size 19x15
              RenderRubyText {RT} at (-10,0) size 10x15
                RenderText {#text} at (0,0) size 10x15
                  text run at (0,0) width 15: "\x{304D}\x{3087}\x{304F}"
              RenderRubyBase (anonymous) at (0,0) size 19x15
                RenderInline {RB} at (0,0) size 19x11
                  RenderText {#text} at (0,2) size 19x11
                    text run at (0,2) width 10: "\x{5C40}"
          RenderText {#text} at (570,399) size 19x74
            text run at (570,399) width 74: "\x{306B}\x{5F53}\x{308C}\x{3070}\x{5229}\x{5BB3}\x{306E}"
          RenderRuby (inline) {RUBY} at (0,0) size 19x20
            RenderRubyRun (anonymous) at (599,0) size 19x20
              RenderRubyText {RT} at (-10,0) size 10x20
                RenderText {#text} at (0,2) size 10x16
                  text run at (0,2) width 15: "\x{3064}\x{3080}\x{3058}"
              RenderRubyBase (anonymous) at (0,0) size 19x20
                RenderInline {RB} at (0,0) size 19x20
                  RenderText {#text} at (0,0) size 19x20
                    text run at (0,0) width 20: "\x{65CB}\x{98A8}"
          RenderText {#text} at (599,20) size 19x10
            text run at (599,20) width 10: "\x{306B}"
          RenderRuby (inline) {RUBY} at (0,0) size 19x10
            RenderRubyRun (anonymous) at (599,30) size 19x10
              RenderRubyText {RT} at (-10,0) size 10x10
                RenderText {#text} at (0,2) size 10x6
                  text run at (0,2) width 5: "\x{307E}"
              RenderRubyBase (anonymous) at (0,0) size 19x10
                RenderInline {RB} at (0,0) size 19x10
                  RenderText {#text} at (0,0) size 19x10
                    text run at (0,0) width 10: "\x{6372}"
          RenderText {#text} at (599,40) size 19x240
            text run at (599,40) width 240: "\x{304D}\x{8FBC}\x{307E}\x{308C}\x{3066}\x{3001}\x{3046}\x{3064}\x{304F}\x{3057}\x{304D}\x{4E8B}\x{306B}\x{3082}\x{3001}\x{7D50}\x{69CB}\x{306A}\x{4E8B}\x{306B}\x{3082}\x{3001}\x{76EE}\x{306F}"
          RenderRuby (inline) {RUBY} at (0,0) size 19x10
            RenderRubyRun (anonymous) at (599,280) size 19x10
              RenderRubyText {RT} at (-10,0) size 10x10
                RenderText {#text} at (0,0) size 10x10
                  text run at (0,0) width 10: "\x{304F}\x{3089}"
              RenderRubyBase (anonymous) at (0,0) size 19x10
                RenderInline {RB} at (0,0) size 19x10
                  RenderText {#text} at (0,0) size 19x10
                    text run at (0,0) width 10: "\x{7729}"
          RenderText {#text} at (599,290) size 48x490
            text run at (599,290) width 200: "\x{3093}\x{3067}\x{3057}\x{307E}\x{3046}\x{3002}\x{3057}\x{305F}\x{304C}\x{3063}\x{3066}\x{3069}\x{3053}\x{306B}\x{8A69}\x{304C}\x{3042}\x{308B}\x{304B}\x{81EA}"
            text run at (628,0) width 30: "\x{8EAB}\x{306B}\x{306F}"
          RenderRuby (inline) {RUBY} at (0,0) size 19x10
            RenderRubyRun (anonymous) at (628,30) size 19x10
              RenderRubyText {RT} at (-10,0) size 10x10
                RenderText {#text} at (0,2) size 10x6
                  text run at (0,2) width 5: "\x{3052}"
              RenderRubyBase (anonymous) at (0,0) size 19x10
                RenderInline {RB} at (0,0) size 19x10
                  RenderText {#text} at (0,0) size 19x10
                    text run at (0,0) width 10: "\x{89E3}"
          RenderText {#text} at (628,40) size 19x50
            text run at (628,40) width 50: "\x{3057}\x{304B}\x{306D}\x{308B}\x{3002}"
          RenderBR {BR} at (628,90) size 19x0
          RenderText {#text} at (647,0) size 48x486
            text run at (647,0) width 486: "\x{3000}\x{3053}\x{308C}\x{304C}\x{308F}\x{304B}\x{308B}\x{305F}\x{3081}\x{306B}\x{306F}\x{3001}\x{308F}\x{304B}\x{308B}\x{3060}\x{3051}\x{306E}\x{4F59}\x{88D5}\x{306E}\x{3042}\x{308B}\x{7B2C}\x{4E09}\x{8005}\x{306E}\x{5730}\x{4F4D}\x{306B}\x{7ACB}\x{305F}\x{306D}\x{3070}\x{306A}\x{3089}\x{306C}\x{3002}\x{4E09}\x{8005}\x{306E}\x{5730}\x{4F4D}\x{306B}\x{7ACB}\x{3066}\x{3070}"
            text run at (676,0) width 50: "\x{3053}\x{305D}\x{829D}\x{5C45}\x{306F}"
          RenderRuby (inline) {RUBY} at (0,0) size 19x10
            RenderRubyRun (anonymous) at (676,50) size 19x10
              RenderRubyText {RT} at (-10,0) size 10x10
                RenderText {#text} at (0,2) size 10x6
                  text run at (0,2) width 5: "\x{307F}"
              RenderRubyBase (anonymous) at (0,0) size 19x10
                RenderInline {RB} at (0,0) size 19x10
                  RenderText {#text} at (0,0) size 19x10
                    text run at (0,0) width 10: "\x{89B3}"
          RenderText {#text} at (676,60) size 48x484
            text run at (676,60) width 424: "\x{3066}\x{9762}\x{767D}\x{3044}\x{3002}\x{5C0F}\x{8AAC}\x{3082}\x{898B}\x{3066}\x{9762}\x{767D}\x{3044}\x{3002}\x{829D}\x{5C45}\x{3092}\x{898B}\x{3066}\x{9762}\x{767D}\x{3044}\x{4EBA}\x{3082}\x{3001}\x{5C0F}\x{8AAC}\x{3092}\x{8AAD}\x{3093}\x{3067}\x{9762}\x{767D}\x{3044}\x{4EBA}\x{3082}\x{3001}\x{81EA}\x{5DF1}\x{306E}\x{5229}\x{5BB3}"
            text run at (705,0) width 10: "\x{306F}"
          RenderRuby (inline) {RUBY} at (0,0) size 19x10
            RenderRubyRun (anonymous) at (705,10) size 19x10
              RenderRubyText {RT} at (-10,0) size 10x10
                RenderText {#text} at (0,0) size 10x10
                  text run at (0,0) width 10: "\x{305F}\x{306A}"
              RenderRubyBase (anonymous) at (0,0) size 19x10
                RenderInline {RB} at (0,0) size 19x10
                  RenderText {#text} at (0,0) size 19x10
                    text run at (0,0) width 10: "\x{68DA}"
          RenderText {#text} at (705,20) size 19x260
            text run at (705,20) width 260: "\x{3078}\x{4E0A}\x{3052}\x{3066}\x{3044}\x{308B}\x{3002}\x{898B}\x{305F}\x{308A}\x{8AAD}\x{3093}\x{3060}\x{308A}\x{3059}\x{308B}\x{9593}\x{3060}\x{3051}\x{306F}\x{8A69}\x{4EBA}\x{3067}\x{3042}\x{308B}\x{3002}"
          RenderBR {BR} at (705,280) size 19x0
          RenderText {#text} at (734,0) size 19x194
            text run at (734,0) width 194: "\x{3000}\x{305D}\x{308C}\x{3059}\x{3089}\x{3001}\x{666E}\x{901A}\x{306E}\x{829D}\x{5C45}\x{3084}\x{5C0F}\x{8AAC}\x{3067}\x{306F}\x{4EBA}\x{60C5}\x{3092}"
          RenderRuby (inline) {RUBY} at (0,0) size 19x10
            RenderRubyRun (anonymous) at (734,194) size 19x10
              RenderRubyText {RT} at (-10,0) size 10x10
                RenderText {#text} at (0,0) size 10x10
                  text run at (0,0) width 10: "\x{307E}\x{306C}"
              RenderRubyBase (anonymous) at (0,0) size 19x10
                RenderInline {RB} at (0,0) size 19x10
                  RenderText {#text} at (0,0) size 19x10
                    text run at (0,0) width 10: "\x{514D}"
          RenderText {#text} at (734,204) size 48x484
            text run at (734,204) width 280: "\x{304B}\x{308C}\x{306C}\x{3002}\x{82E6}\x{3057}\x{3093}\x{3060}\x{308A}\x{3001}\x{6012}\x{3063}\x{305F}\x{308A}\x{3001}\x{9A12}\x{3044}\x{3060}\x{308A}\x{3001}\x{6CE3}\x{3044}\x{305F}\x{308A}\x{3059}\x{308B}\x{3002}\x{898B}"
            text run at (763,0) width 388: "\x{308B}\x{3082}\x{306E}\x{3082}\x{3044}\x{3064}\x{304B}\x{305D}\x{306E}\x{4E2D}\x{306B}\x{540C}\x{5316}\x{3057}\x{3066}\x{82E6}\x{3057}\x{3093}\x{3060}\x{308A}\x{3001}\x{6012}\x{3063}\x{305F}\x{308A}\x{3001}\x{9A12}\x{3044}\x{3060}\x{308A}\x{3001}\x{6CE3}\x{3044}\x{305F}\x{308A}\x{3059}\x{308B}\x{3002}"
          RenderRuby (inline) {RUBY} at (0,0) size 19x20
            RenderRubyRun (anonymous) at (763,388) size 19x20
              RenderRubyText {RT} at (-10,0) size 10x20
                RenderText {#text} at (0,2) size 10x16
                  text run at (0,2) width 15: "\x{3068}\x{308A}\x{3048}"
              RenderRubyBase (anonymous) at (0,0) size 19x20
                RenderInline {RB} at (0,0) size 19x20
                  RenderText {#text} at (0,0) size 19x20
                    text run at (0,0) width 20: "\x{53D6}\x{67C4}"
          RenderText {#text} at (763,408) size 19x40
            text run at (763,408) width 40: "\x{306F}\x{5229}\x{617E}\x{304C}"
          RenderRuby (inline) {RUBY} at (0,0) size 19x10
            RenderRubyRun (anonymous) at (763,448) size 19x10
              RenderRubyText {RT} at (-10,0) size 10x10
                RenderText {#text} at (0,0) size 10x10
                  text run at (0,0) width 10: "\x{307E}\x{3058}"
              RenderRubyBase (anonymous) at (0,0) size 19x10
                RenderInline {RB} at (0,0) size 19x10
                  RenderText {#text} at (0,0) size 19x10
                    text run at (0,0) width 10: "\x{4EA4}"
          RenderText {#text} at (763,458) size 48x488
            text run at (763,458) width 30: "\x{3089}\x{306C}\x{3068}"
            text run at (792,0) width 40: "\x{4E91}\x{3046}\x{70B9}\x{306B}"
          RenderRuby (inline) {RUBY} at (0,0) size 19x10
            RenderRubyRun (anonymous) at (792,40) size 19x10
              RenderRubyText {RT} at (-10,0) size 10x10
                RenderText {#text} at (0,0) size 10x10
                  text run at (0,0) width 10: "\x{305D}\x{3093}"
              RenderRubyBase (anonymous) at (0,0) size 19x10
                RenderInline {RB} at (0,0) size 19x10
                  RenderText {#text} at (0,0) size 19x10
                    text run at (0,0) width 10: "\x{5B58}"
          RenderText {#text} at (792,50) size 19x198
            text run at (792,50) width 198: "\x{3059}\x{308B}\x{304B}\x{3082}\x{77E5}\x{308C}\x{306C}\x{304C}\x{3001}\x{4EA4}\x{3089}\x{306C}\x{3060}\x{3051}\x{306B}\x{305D}\x{306E}\x{4ED6}\x{306E}"
          RenderRuby (inline) {RUBY} at (0,0) size 19x25
            RenderRubyRun (anonymous) at (792,248) size 19x25
              RenderRubyText {RT} at (-10,0) size 10x25
                RenderText {#text} at (0,0) size 10x25
                  text run at (0,0) width 25: "\x{3058}\x{3087}\x{3046}\x{3057}\x{3087}"
              RenderRubyBase (anonymous) at (0,0) size 19x25
                RenderInline {RB} at (0,0) size 19x21
                  RenderText {#text} at (0,2) size 19x21
                    text run at (0,2) width 20: "\x{60C5}\x{7DD2}"
          RenderText {#text} at (792,273) size 19x190
            text run at (792,273) width 190: "\x{306F}\x{5E38}\x{3088}\x{308A}\x{306F}\x{4F59}\x{8A08}\x{306B}\x{6D3B}\x{52D5}\x{3059}\x{308B}\x{3060}\x{308D}\x{3046}\x{3002}\x{305D}\x{308C}\x{304C}"
          RenderRuby (inline) {RUBY} at (0,0) size 19x10
            RenderRubyRun (anonymous) at (792,463) size 19x10
              RenderRubyText {RT} at (-10,0) size 10x10
                RenderText {#text} at (0,0) size 10x10
                  text run at (0,0) width 10: "\x{3044}\x{3084}"
              RenderRubyBase (anonymous) at (0,0) size 19x10
                RenderInline {RB} at (0,0) size 19x10
                  RenderText {#text} at (0,0) size 19x10
                    text run at (0,0) width 10: "\x{5ACC}"
          RenderText {#text} at (811,0) size 19x20
            text run at (811,0) width 20: "\x{3060}\x{3002}"
          RenderBR {BR} at (811,20) size 19x0
          RenderText {#text} at (840,0) size 19x432
            text run at (840,0) width 432: "\x{3000}\x{82E6}\x{3057}\x{3093}\x{3060}\x{308A}\x{3001}\x{6012}\x{3063}\x{305F}\x{308A}\x{3001}\x{9A12}\x{3044}\x{3060}\x{308A}\x{3001}\x{6CE3}\x{3044}\x{305F}\x{308A}\x{306F}\x{4EBA}\x{306E}\x{4E16}\x{306B}\x{3064}\x{304D}\x{3082}\x{306E}\x{3060}\x{3002}\x{4F59}\x{3082}\x{4E09}\x{5341}\x{5E74}\x{306E}\x{9593}\x{305D}\x{308C}\x{3092}"
          RenderRuby (inline) {RUBY} at (0,0) size 19x20
            RenderRubyRun (anonymous) at (840,432) size 19x20
              RenderRubyText {RT} at (-10,0) size 10x20
                RenderText {#text} at (0,2) size 10x16
                  text run at (0,2) width 15: "\x{3057}\x{3068}\x{304A}"
              RenderRubyBase (anonymous) at (0,0) size 19x20
                RenderInline {RB} at (0,0) size 19x20
                  RenderText {#text} at (0,0) size 19x20
                    text run at (0,0) width 20: "\x{4ED5}\x{901A}"
          RenderText {#text} at (840,452) size 19x30
            text run at (840,452) width 30: "\x{3057}\x{3066}\x{3001}"
          RenderRuby (inline) {RUBY} at (0,0) size 19x20
            RenderRubyRun (anonymous) at (869,0) size 19x20
              RenderRubyText {RT} at (-10,0) size 10x20
                RenderText {#text} at (0,0) size 10x20
                  text run at (0,0) width 20: "\x{3042}\x{304D}\x{3042}\x{304D}"
              RenderRubyBase (anonymous) at (0,0) size 19x20
                RenderInline {RB} at (0,0) size 19x20
                  RenderText {#text} at (0,0) size 19x20
                    text run at (0,0) width 20: "\x{98FD}\x{3005}"
          RenderText {#text} at (869,20) size 19x30
            text run at (869,20) width 30: "\x{3057}\x{305F}\x{3002}"
          RenderRuby (inline) {RUBY} at (0,0) size 19x10
            RenderRubyRun (anonymous) at (869,50) size 19x10
              RenderRubyText {RT} at (-10,0) size 10x10
                RenderText {#text} at (0,2) size 10x6
                  text run at (0,2) width 5: "\x{3042}"
              RenderRubyBase (anonymous) at (0,0) size 19x10
                RenderInline {RB} at (0,0) size 19x10
                  RenderText {#text} at (0,0) size 19x10
                    text run at (0,0) width 10: "\x{98FD}"
          RenderText {#text} at (869,60) size 48x484
            text run at (869,60) width 424: "\x{304D}\x{98FD}\x{304D}\x{3057}\x{305F}\x{4E0A}\x{306B}\x{829D}\x{5C45}\x{3084}\x{5C0F}\x{8AAC}\x{3067}\x{540C}\x{3058}\x{523A}\x{6FC0}\x{3092}\x{7E70}\x{308A}\x{8FD4}\x{3057}\x{3066}\x{306F}\x{5927}\x{5909}\x{3060}\x{3002}\x{4F59}\x{304C}\x{6B32}\x{3059}\x{308B}\x{8A69}\x{306F}\x{305D}\x{3093}\x{306A}\x{4E16}\x{9593}\x{7684}\x{306E}"
            text run at (898,0) width 30: "\x{4EBA}\x{60C5}\x{3092}"
          RenderRuby (inline) {RUBY} at (0,0) size 19x20
            RenderRubyRun (anonymous) at (898,30) size 19x20
              RenderRubyText {RT} at (-10,0) size 10x20
                RenderText {#text} at (0,5) size 10x10
                  text run at (0,5) width 10: "\x{3053}\x{3076}"
              RenderRubyBase (anonymous) at (0,0) size 19x20
                RenderInline {RB} at (0,0) size 19x20
                  RenderText {#text} at (0,0) size 19x20
                    text run at (0,0) width 20: "\x{9F13}\x{821E}"
          RenderText {#text} at (898,50) size 19x264
            text run at (898,50) width 264: "\x{3059}\x{308B}\x{3088}\x{3046}\x{306A}\x{3082}\x{306E}\x{3067}\x{306F}\x{306A}\x{3044}\x{3002}\x{4FD7}\x{5FF5}\x{3092}\x{653E}\x{68C4}\x{3057}\x{3066}\x{3001}\x{3057}\x{3070}\x{3089}\x{304F}\x{3067}\x{3082}"
          RenderRuby (inline) {RUBY} at (0,0) size 19x20
            RenderRubyRun (anonymous) at (898,314) size 19x20
              RenderRubyText {RT} at (-10,0) size 10x20
                RenderText {#text} at (0,0) size 10x20
                  text run at (0,0) width 20: "\x{3058}\x{3093}\x{304B}\x{3044}"
              RenderRubyBase (anonymous) at (0,0) size 19x20
                RenderInline {RB} at (0,0) size 19x20
                  RenderText {#text} at (0,0) size 19x20
                    text run at (0,0) width 20: "\x{5875}\x{754C}"
          RenderText {#text} at (898,334) size 67x490
            text run at (898,334) width 140: "\x{3092}\x{96E2}\x{308C}\x{305F}\x{5FC3}\x{6301}\x{3061}\x{306B}\x{306A}\x{308C}\x{308B}\x{8A69}\x{3067}\x{3042}"
            text run at (917,0) width 490: "\x{308B}\x{3002}\x{3044}\x{304F}\x{3089}\x{5091}\x{4F5C}\x{3067}\x{3082}\x{4EBA}\x{60C5}\x{3092}\x{96E2}\x{308C}\x{305F}\x{829D}\x{5C45}\x{306F}\x{306A}\x{3044}\x{3001}\x{7406}\x{975E}\x{3092}\x{7D76}\x{3057}\x{305F}\x{5C0F}\x{8AAC}\x{306F}\x{5C11}\x{304B}\x{308D}\x{3046}\x{3002}\x{3069}\x{3053}\x{307E}\x{3067}\x{3082}\x{4E16}\x{9593}\x{3092}\x{51FA}\x{308B}\x{4E8B}\x{304C}\x{51FA}\x{6765}"
            text run at (946,0) width 392: "\x{306C}\x{306E}\x{304C}\x{5F7C}\x{3089}\x{306E}\x{7279}\x{8272}\x{3067}\x{3042}\x{308B}\x{3002}\x{3053}\x{3068}\x{306B}\x{897F}\x{6D0B}\x{306E}\x{8A69}\x{306B}\x{306A}\x{308B}\x{3068}\x{3001}\x{4EBA}\x{4E8B}\x{304C}\x{6839}\x{672C}\x{306B}\x{306A}\x{308B}\x{304B}\x{3089}\x{3044}\x{308F}\x{3086}\x{308B}"
          RenderRuby (inline) {RUBY} at (0,0) size 19x20
            RenderRubyRun (anonymous) at (946,392) size 19x20
              RenderRubyText {RT} at (-10,0) size 10x20
                RenderText {#text} at (0,2) size 10x16
                  text run at (0,2) width 15: "\x{3057}\x{3044}\x{304B}"
              RenderRubyBase (anonymous) at (0,0) size 19x20
                RenderInline {RB} at (0,0) size 19x20
                  RenderText {#text} at (0,0) size 19x20
                    text run at (0,0) width 20: "\x{8A69}\x{6B4C}"
          RenderText {#text} at (946,412) size 48x490
            text run at (946,412) width 78: "\x{306E}\x{7D14}\x{7C8B}\x{306A}\x{308B}\x{3082}\x{306E}"
            text run at (975,0) width 34: "\x{3082}\x{3053}\x{306E}"
          RenderRuby (inline) {RUBY} at (0,0) size 19x15
            RenderRubyRun (anonymous) at (975,34) size 19x15
              RenderRubyText {RT} at (-10,0) size 10x15
                RenderText {#text} at (0,0) size 10x15
                  text run at (0,0) width 15: "\x{304D}\x{3087}\x{3046}"
              RenderRubyBase (anonymous) at (0,0) size 19x15
                RenderInline {RB} at (0,0) size 19x11
                  RenderText {#text} at (0,2) size 19x11
                    text run at (0,2) width 10: "\x{5883}"
          RenderText {#text} at (975,49) size 19x10
            text run at (975,49) width 10: "\x{3092}"
          RenderRuby (inline) {RUBY} at (0,0) size 19x20
            RenderRubyRun (anonymous) at (975,59) size 19x20
              RenderRubyText {RT} at (-10,0) size 10x20
                RenderText {#text} at (0,2) size 10x16
                  text run at (0,2) width 15: "\x{3052}\x{3060}\x{3064}"
              RenderRubyBase (anonymous) at (0,0) size 19x20
                RenderInline {RB} at (0,0) size 19x20
                  RenderText {#text} at (0,0) size 19x20
                    text run at (0,0) width 20: "\x{89E3}\x{8131}"
          RenderText {#text} at (975,79) size 19x360
            text run at (975,79) width 360: "\x{3059}\x{308B}\x{4E8B}\x{3092}\x{77E5}\x{3089}\x{306C}\x{3002}\x{3069}\x{3053}\x{307E}\x{3067}\x{3082}\x{540C}\x{60C5}\x{3060}\x{3068}\x{304B}\x{3001}\x{611B}\x{3060}\x{3068}\x{304B}\x{3001}\x{6B63}\x{7FA9}\x{3060}\x{3068}\x{304B}\x{3001}\x{81EA}\x{7531}\x{3060}\x{3068}\x{304B}\x{3001}"
          RenderRuby (inline) {RUBY} at (0,0) size 19x20
            RenderRubyRun (anonymous) at (975,439) size 19x20
              RenderRubyText {RT} at (-10,0) size 10x20
                RenderText {#text} at (0,2) size 10x16
                  text run at (0,2) width 15: "\x{3046}\x{304D}\x{3088}"
              RenderRubyBase (anonymous) at (0,0) size 19x20
                RenderInline {RB} at (0,0) size 19x20
                  RenderText {#text} at (0,0) size 19x20
                    text run at (0,0) width 20: "\x{6D6E}\x{4E16}"
          RenderText {#text} at (975,459) size 19x14
            text run at (975,459) width 14: "\x{306E}"
          RenderRuby (inline) {RUBY} at (0,0) size 19x30
            RenderRubyRun (anonymous) at (1004,0) size 19x30
              RenderRubyText {RT} at (-10,0) size 10x30
                RenderText {#text} at (0,2) size 10x26
                  text run at (0,2) width 25: "\x{304B}\x{3093}\x{3053}\x{3046}\x{3070}"
              RenderRubyBase (anonymous) at (0,0) size 19x30
                RenderInline {RB} at (0,0) size 19x30
                  RenderText {#text} at (0,0) size 19x30
                    text run at (0,0) width 30: "\x{52E7}\x{5DE5}\x{5834}"
          RenderText {#text} at (1004,30) size 19x104
            text run at (1004,30) width 104: "\x{306B}\x{3042}\x{308B}\x{3082}\x{306E}\x{3060}\x{3051}\x{3067}\x{7528}\x{3092}"
          RenderRuby (inline) {RUBY} at (0,0) size 19x10
            RenderRubyRun (anonymous) at (1004,134) size 19x10
              RenderRubyText {RT} at (-10,0) size 10x10
                RenderText {#text} at (0,0) size 10x10
                  text run at (0,0) width 10: "\x{3079}\x{3093}"
              RenderRubyBase (anonymous) at (0,0) size 19x10
                RenderInline {RB} at (0,0) size 19x10
                  RenderText {#text} at (0,0) size 19x10
                    text run at (0,0) width 10: "\x{5F01}"
          RenderText {#text} at (1004,144) size 19x204
            text run at (1004,144) width 204: "\x{3058}\x{3066}\x{3044}\x{308B}\x{3002}\x{3044}\x{304F}\x{3089}\x{8A69}\x{7684}\x{306B}\x{306A}\x{3063}\x{3066}\x{3082}\x{5730}\x{9762}\x{306E}\x{4E0A}\x{3092}"
          RenderRuby (inline) {RUBY} at (0,0) size 19x10
            RenderRubyRun (anonymous) at (1004,348) size 19x10
              RenderRubyText {RT} at (-10,0) size 10x10
                RenderText {#text} at (0,2) size 10x6
                  text run at (0,2) width 5: "\x{304B}"
              RenderRubyBase (anonymous) at (0,0) size 19x10
                RenderInline {RB} at (0,0) size 19x10
                  RenderText {#text} at (0,0) size 19x10
                    text run at (0,0) width 10: "\x{99B3}"
          RenderText {#text} at (1004,358) size 19x70
            text run at (1004,358) width 70: "\x{3051}\x{3066}\x{3042}\x{308B}\x{3044}\x{3066}\x{3001}"
          RenderRuby (inline) {RUBY} at (0,0) size 19x10
            RenderRubyRun (anonymous) at (1004,428) size 19x10
              RenderRubyText {RT} at (-10,0) size 10x10
                RenderText {#text} at (0,0) size 10x10
                  text run at (0,0) width 10: "\x{305C}\x{306B}"
              RenderRubyBase (anonymous) at (0,0) size 19x10
                RenderInline {RB} at (0,0) size 19x10
                  RenderText {#text} at (0,0) size 19x10
                    text run at (0,0) width 10: "\x{92AD}"
          RenderText {#text} at (1004,438) size 48x492
            text run at (1004,438) width 54: "\x{306E}\x{52D8}\x{5B9A}\x{3092}\x{5FD8}"
            text run at (1033,0) width 130: "\x{308C}\x{308B}\x{3072}\x{307E}\x{304C}\x{306A}\x{3044}\x{3002}\x{30B7}\x{30A7}\x{30EC}\x{30FC}\x{304C}"
          RenderRuby (inline) {RUBY} at (0,0) size 19x20
            RenderRubyRun (anonymous) at (1033,130) size 19x20
              RenderRubyText {RT} at (-10,0) size 10x20
                RenderText {#text} at (0,2) size 10x16
                  text run at (0,2) width 15: "\x{3072}\x{3070}\x{308A}"
              RenderRubyBase (anonymous) at (0,0) size 19x20
                RenderInline {RB} at (0,0) size 19x20
                  RenderText {#text} at (0,0) size 19x20
                    text run at (0,0) width 20: "\x{96F2}\x{96C0}"
          RenderText {#text} at (1033,150) size 19x164
            text run at (1033,150) width 164: "\x{3092}\x{805E}\x{3044}\x{3066}\x{5606}\x{606F}\x{3057}\x{305F}\x{306E}\x{3082}\x{7121}\x{7406}\x{306F}\x{306A}\x{3044}\x{3002}"
          RenderBR {BR} at (1033,314) size 19x0
          RenderText {#text} at (1062,0) size 19x104
            text run at (1062,0) width 104: "\x{3000}\x{3046}\x{308C}\x{3057}\x{3044}\x{4E8B}\x{306B}\x{6771}\x{6D0B}\x{306E}"
          RenderRuby (inline) {RUBY} at (0,0) size 19x20
            RenderRubyRun (anonymous) at (1062,104) size 19x20
              RenderRubyText {RT} at (-10,0) size 10x20
                RenderText {#text} at (0,2) size 10x16
                  text run at (0,2) width 15: "\x{3057}\x{3044}\x{304B}"
              RenderRubyBase (anonymous) at (0,0) size 19x20
                RenderInline {RB} at (0,0) size 19x20
                  RenderText {#text} at (0,0) size 19x20
                    text run at (0,0) width 20: "\x{8A69}\x{6B4C}"
          RenderText {#text} at (1062,124) size 19x40
            text run at (1062,124) width 40: "\x{306F}\x{305D}\x{3053}\x{3092}"
          RenderRuby (inline) {RUBY} at (0,0) size 19x20
            RenderRubyRun (anonymous) at (1062,164) size 19x20
              RenderRubyText {RT} at (-10,0) size 10x20
                RenderText {#text} at (0,2) size 10x16
                  text run at (0,2) width 15: "\x{3052}\x{3060}\x{3064}"
              RenderRubyBase (anonymous) at (0,0) size 19x20
                RenderInline {RB} at (0,0) size 19x20
                  RenderText {#text} at (0,0) size 19x20
                    text run at (0,0) width 20: "\x{89E3}\x{8131}"
          RenderText {#text} at (1062,184) size 19x74
            text run at (1062,184) width 74: "\x{3057}\x{305F}\x{306E}\x{304C}\x{3042}\x{308B}\x{3002}"
          RenderRuby (inline) {RUBY} at (0,0) size 19x25
            RenderRubyRun (anonymous) at (1062,258) size 19x25
              RenderRubyText {RT} at (-10,0) size 10x25
                RenderText {#text} at (0,0) size 10x25
                  text run at (0,0) width 25: "\x{304D}\x{304F}\x{3092}\x{3068}\x{308B}"
              RenderRubyBase (anonymous) at (0,0) size 19x25
                RenderInline {RB} at (0,0) size 19x21
                  RenderText {#text} at (0,2) size 19x21
                    text run at (0,2) width 20: "\x{63A1}\x{83CA}"
          RenderRuby (inline) {RUBY} at (0,0) size 19x32
            RenderRubyRun (anonymous) at (1062,283) size 19x32
              RenderRubyText {RT} at (-10,0) size 10x32
                RenderText {#text} at (0,0) size 10x32
                  text run at (0,0) width 32: "\x{3068}\x{3046}\x{308A}\x{306E}\x{3082}\x{3068}"
              RenderRubyBase (anonymous) at (0,0) size 19x32
                RenderInline {RB} at (0,0) size 19x30
                  RenderText {#text} at (0,1) size 19x30
                    text run at (0,1) width 30: "\x{6771}\x{7C6C}\x{4E0B}"
          RenderText {#text} at (1062,315) size 19x10
            text run at (1062,315) width 10: "\x{3001}"
          RenderRuby (inline) {RUBY} at (0,0) size 19x35
            RenderRubyRun (anonymous) at (1062,325) size 19x35
              RenderRubyText {RT} at (-10,0) size 10x35
                RenderText {#text} at (0,0) size 10x35
                  text run at (0,0) width 35: "\x{3086}\x{3046}\x{305C}\x{3093}\x{3068}\x{3057}\x{3066}"
              RenderRubyBase (anonymous) at (0,0) size 19x35
                RenderInline {RB} at (0,0) size 19x21
                  RenderText {#text} at (0,7) size 19x21
                    text run at (0,7) width 20: "\x{60A0}\x{7136}"
          RenderRuby (inline) {RUBY} at (0,0) size 19x35
            RenderRubyRun (anonymous) at (1062,360) size 19x35
              RenderRubyText {RT} at (-10,0) size 10x35
                RenderText {#text} at (0,0) size 10x35
                  text run at (0,0) width 35: "\x{306A}\x{3093}\x{3056}\x{3093}\x{3092}\x{307F}\x{308B}"
              RenderRubyBase (anonymous) at (0,0) size 19x35
                RenderInline {RB} at (0,0) size 19x31
                  RenderText {#text} at (0,2) size 19x31
                    text run at (0,2) width 30: "\x{898B}\x{5357}\x{5C71}"
          RenderText {#text} at (1062,395) size 19x84
            text run at (1062,395) width 84: "\x{3002}\x{305F}\x{3060}\x{305D}\x{308C}\x{304E}\x{308A}\x{306E}"
          RenderRuby (inline) {RUBY} at (0,0) size 19x10
            RenderRubyRun (anonymous) at (1062,479) size 19x10
              RenderRubyText {RT} at (-10,0) size 10x10
                RenderText {#text} at (0,0) size 10x10
                  text run at (0,0) width 10: "\x{3046}\x{3061}"
              RenderRubyBase (anonymous) at (0,0) size 19x10
                RenderInline {RB} at (0,0) size 19x10
                  RenderText {#text} at (0,0) size 19x10
                    text run at (0,0) width 10: "\x{88CF}"
          RenderText {#text} at (1091,0) size 19x342
            text run at (1091,0) width 342: "\x{306B}\x{6691}\x{82E6}\x{3057}\x{3044}\x{4E16}\x{306E}\x{4E2D}\x{3092}\x{307E}\x{308B}\x{3067}\x{5FD8}\x{308C}\x{305F}\x{5149}\x{666F}\x{304C}\x{51FA}\x{3066}\x{304F}\x{308B}\x{3002}\x{57A3}\x{306E}\x{5411}\x{3046}\x{306B}\x{96A3}\x{308A}\x{306E}\x{5A18}\x{304C}"
          RenderRuby (inline) {RUBY} at (0,0) size 19x12
            RenderRubyRun (anonymous) at (1091,342) size 19x12
              RenderRubyText {RT} at (-10,0) size 10x12
                RenderText {#text} at (0,0) size 10x12
                  text run at (0,0) width 12: "\x{306E}\x{305E}"
              RenderRubyBase (anonymous) at (0,0) size 19x12
                RenderInline {RB} at (0,0) size 19x10
                  RenderText {#text} at (0,1) size 19x10
                    text run at (0,1) width 10: "\x{8997}"
          RenderText {#text} at (1091,354) size 19x110
            text run at (1091,354) width 110: "\x{3044}\x{3066}\x{308B}\x{8A33}\x{3067}\x{3082}\x{306A}\x{3051}\x{308C}\x{3070}\x{3001}"
          RenderRuby (inline) {RUBY} at (0,0) size 19x20
            RenderRubyRun (anonymous) at (1091,464) size 19x20
              RenderRubyText {RT} at (-10,0) size 10x20
                RenderText {#text} at (0,0) size 10x20
                  text run at (0,0) width 20: "\x{306A}\x{3093}\x{3056}\x{3093}"
              RenderRubyBase (anonymous) at (0,0) size 19x20
                RenderInline {RB} at (0,0) size 19x20
                  RenderText {#text} at (0,0) size 19x20
                    text run at (0,0) width 20: "\x{5357}\x{5C71}"
          RenderText {#text} at (1120,0) size 19x200
            text run at (1120,0) width 200: "\x{306B}\x{89AA}\x{53CB}\x{304C}\x{5949}\x{8077}\x{3057}\x{3066}\x{3044}\x{308B}\x{6B21}\x{7B2C}\x{3067}\x{3082}\x{306A}\x{3044}\x{3002}\x{8D85}\x{7136}\x{3068}"
          RenderRuby (inline) {RUBY} at (0,0) size 19x40
            RenderRubyRun (anonymous) at (1120,200) size 19x40
              RenderRubyText {RT} at (-10,0) size 10x40
                RenderText {#text} at (0,0) size 10x40
                  text run at (0,0) width 40: "\x{3057}\x{3085}\x{3063}\x{305B}\x{3051}\x{3093}\x{3066}\x{304D}"
              RenderRubyBase (anonymous) at (0,0) size 19x40
                RenderInline {RB} at (0,0) size 19x40
                  RenderText {#text} at (0,0) size 19x40
                    text run at (0,0) width 40: "\x{51FA}\x{4E16}\x{9593}\x{7684}"
          RenderText {#text} at (1120,240) size 19x214
            text run at (1120,240) width 214: "\x{306B}\x{5229}\x{5BB3}\x{640D}\x{5F97}\x{306E}\x{6C57}\x{3092}\x{6D41}\x{3057}\x{53BB}\x{3063}\x{305F}\x{5FC3}\x{6301}\x{3061}\x{306B}\x{306A}\x{308C}\x{308B}\x{3002}"
          RenderRuby (inline) {RUBY} at (0,0) size 19x15
            RenderRubyRun (anonymous) at (1120,454) size 19x15
              RenderRubyText {RT} at (-10,0) size 10x15
                RenderText {#text} at (0,0) size 10x15
                  text run at (0,0) width 15: "\x{3072}\x{3068}\x{308A}"
              RenderRubyBase (anonymous) at (0,0) size 19x15
                RenderInline {RB} at (0,0) size 19x11
                  RenderText {#text} at (0,2) size 19x11
                    text run at (0,2) width 10: "\x{72EC}"
          RenderRuby (inline) {RUBY} at (0,0) size 19x52
            RenderRubyRun (anonymous) at (1149,0) size 19x52
              RenderRubyText {RT} at (-10,0) size 10x52
                RenderText {#text} at (0,0) size 10x52
                  text run at (0,0) width 52: "\x{3086}\x{3046}\x{3053}\x{3046}\x{306E}\x{3046}\x{3061}\x{306B}\x{3056}\x{3057}"
              RenderRubyBase (anonymous) at (0,0) size 19x52
                RenderInline {RB} at (0,0) size 19x40
                  RenderText {#text} at (0,6) size 19x40
                    text run at (0,6) width 40: "\x{5750}\x{5E7D}\x{7BC1}\x{88CF}"
          RenderText {#text} at (1149,52) size 19x10
            text run at (1149,52) width 10: "\x{3001}"
          RenderRuby (inline) {RUBY} at (0,0) size 19x35
            RenderRubyRun (anonymous) at (1149,62) size 19x35
              RenderRubyText {RT} at (-10,0) size 10x35
                RenderText {#text} at (0,0) size 10x35
                  text run at (0,0) width 35: "\x{304D}\x{3093}\x{3092}\x{3060}\x{3093}\x{3058}\x{3066}"
              RenderRubyBase (anonymous) at (0,0) size 19x35
                RenderInline {RB} at (0,0) size 19x21
                  RenderText {#text} at (0,7) size 19x21
                    text run at (0,7) width 20: "\x{5F3E}\x{7434}"
          RenderRuby (inline) {RUBY} at (0,0) size 19x45
            RenderRubyRun (anonymous) at (1149,97) size 19x45
              RenderRubyText {RT} at (-10,0) size 10x45
                RenderText {#text} at (0,0) size 10x45
                  text run at (0,0) width 45: "\x{307E}\x{305F}\x{3061}\x{3087}\x{3046}\x{3057}\x{3087}\x{3046}\x{3059}"
              RenderRubyBase (anonymous) at (0,0) size 19x45
                RenderInline {RB} at (0,0) size 19x31
                  RenderText {#text} at (0,7) size 19x31
                    text run at (0,7) width 30: "\x{5FA9}\x{9577}\x{562F}"
          RenderText {#text} at (1149,142) size 19x10
            text run at (1149,142) width 10: "\x{3001}"
          RenderRuby (inline) {RUBY} at (0,0) size 19x20
            RenderRubyRun (anonymous) at (1149,152) size 19x20
              RenderRubyText {RT} at (-10,0) size 10x20
                RenderText {#text} at (0,0) size 10x20
                  text run at (0,0) width 20: "\x{3057}\x{3093}\x{308A}\x{3093}"
              RenderRubyBase (anonymous) at (0,0) size 19x20
                RenderInline {RB} at (0,0) size 19x20
                  RenderText {#text} at (0,0) size 19x20
                    text run at (0,0) width 20: "\x{6DF1}\x{6797}"
          RenderRuby (inline) {RUBY} at (0,0) size 19x30
            RenderRubyRun (anonymous) at (1149,172) size 19x30
              RenderRubyText {RT} at (-10,0) size 10x30
                RenderText {#text} at (0,2) size 10x26
                  text run at (0,2) width 25: "\x{3072}\x{3068}\x{3057}\x{3089}\x{305A}"
              RenderRubyBase (anonymous) at (0,0) size 19x30
                RenderInline {RB} at (0,0) size 19x30
                  RenderText {#text} at (0,0) size 19x30
                    text run at (0,0) width 30: "\x{4EBA}\x{4E0D}\x{77E5}"
          RenderText {#text} at (1149,202) size 19x10
            text run at (1149,202) width 10: "\x{3001}"
          RenderRuby (inline) {RUBY} at (0,0) size 19x40
            RenderRubyRun (anonymous) at (1149,212) size 19x40
              RenderRubyText {RT} at (-10,0) size 10x40
                RenderText {#text} at (0,0) size 10x40
                  text run at (0,0) width 40: "\x{3081}\x{3044}\x{3052}\x{3064}\x{304D}\x{305F}\x{308A}\x{3066}"
              RenderRubyBase (anonymous) at (0,0) size 19x40
                RenderInline {RB} at (0,0) size 19x30
                  RenderText {#text} at (0,5) size 19x30
                    text run at (0,5) width 30: "\x{660E}\x{6708}\x{6765}"
          RenderRuby (inline) {RUBY} at (0,0) size 19x25
            RenderRubyRun (anonymous) at (1149,252) size 19x25
              RenderRubyText {RT} at (-10,0) size 10x25
                RenderText {#text} at (0,0) size 10x25
                  text run at (0,0) width 25: "\x{3042}\x{3044}\x{3066}\x{3089}\x{3059}"
              RenderRubyBase (anonymous) at (0,0) size 19x25
                RenderInline {RB} at (0,0) size 19x21
                  RenderText {#text} at (0,2) size 19x21
                    text run at (0,2) width 20: "\x{76F8}\x{7167}"
          RenderText {#text} at (1149,277) size 19x104
            text run at (1149,277) width 104: "\x{3002}\x{305F}\x{3060}\x{4E8C}\x{5341}\x{5B57}\x{306E}\x{3046}\x{3061}\x{306B}"
          RenderRuby (inline) {RUBY} at (0,0) size 19x10
            RenderRubyRun (anonymous) at (1149,381) size 19x10
              RenderRubyText {RT} at (-10,0) size 10x10
                RenderText {#text} at (0,0) size 10x10
                  text run at (0,0) width 10: "\x{3086}\x{3046}"
              RenderRubyBase (anonymous) at (0,0) size 19x10
                RenderInline {RB} at (0,0) size 19x10
                  RenderText {#text} at (0,0) size 19x10
                    text run at (0,0) width 10: "\x{512A}"
          RenderText {#text} at (1149,391) size 19x10
            text run at (1149,391) width 10: "\x{306B}"
          RenderRuby (inline) {RUBY} at (0,0) size 19x30
            RenderRubyRun (anonymous) at (1149,401) size 19x30
              RenderRubyText {RT} at (-10,0) size 10x30
                RenderText {#text} at (0,0) size 10x30
                  text run at (0,0) width 30: "\x{3079}\x{3064}\x{3051}\x{3093}\x{3053}\x{3093}"
              RenderRubyBase (anonymous) at (0,0) size 19x30
                RenderInline {RB} at (0,0) size 19x30
                  RenderText {#text} at (0,0) size 19x30
                    text run at (0,0) width 30: "\x{5225}\x{4E7E}\x{5764}"
          RenderText {#text} at (1149,431) size 19x10
            text run at (1149,431) width 10: "\x{3092}"
          RenderRuby (inline) {RUBY} at (0,0) size 19x25
            RenderRubyRun (anonymous) at (1149,441) size 19x25
              RenderRubyText {RT} at (-10,0) size 10x25
                RenderText {#text} at (0,0) size 10x25
                  text run at (0,0) width 25: "\x{3053}\x{3093}\x{308A}\x{3085}\x{3046}"
              RenderRubyBase (anonymous) at (0,0) size 19x25
                RenderInline {RB} at (0,0) size 19x21
                  RenderText {#text} at (0,2) size 19x21
                    text run at (0,2) width 20: "\x{5EFA}\x{7ACB}"
          RenderText {#text} at (1149,466) size 48x486
            text run at (1149,466) width 20: "\x{3057}\x{3066}"
            text run at (1178,0) width 88: "\x{3044}\x{308B}\x{3002}\x{3053}\x{306E}\x{4E7E}\x{5764}\x{306E}"
          RenderRuby (inline) {RUBY} at (0,0) size 19x20
            RenderRubyRun (anonymous) at (1178,88) size 19x20
              RenderRubyText {RT} at (-10,0) size 10x20
                RenderText {#text} at (0,2) size 10x16
                  text run at (0,2) width 15: "\x{304F}\x{3069}\x{304F}"
              RenderRubyBase (anonymous) at (0,0) size 19x20
                RenderInline {RB} at (0,0) size 19x20
                  RenderText {#text} at (0,0) size 19x20
                    text run at (0,0) width 20: "\x{529F}\x{5FB3}"
          RenderText {#text} at (1178,108) size 19x20
            text run at (1178,108) width 20: "\x{306F}\x{300C}"
          RenderRuby (inline) {RUBY} at (0,0) size 19x30
            RenderRubyRun (anonymous) at (1178,128) size 19x30
              RenderRubyText {RT} at (-10,0) size 10x30
                RenderText {#text} at (0,2) size 10x26
                  text run at (0,2) width 25: "\x{307B}\x{3068}\x{3068}\x{304E}\x{3059}"
              RenderRubyBase (anonymous) at (0,0) size 19x30
                RenderInline {RB} at (0,0) size 19x30
                  RenderText {#text} at (0,0) size 19x30
                    text run at (0,0) width 30: "\x{4E0D}\x{5982}\x{5E30}"
          RenderText {#text} at (1178,158) size 19x30
            text run at (1178,158) width 30: "\x{300D}\x{3084}\x{300C}"
          RenderRuby (inline) {RUBY} at (0,0) size 19x40
            RenderRubyRun (anonymous) at (1178,188) size 19x40
              RenderRubyText {RT} at (-10,0) size 10x40
                RenderText {#text} at (0,2) size 10x36
                  text run at (0,2) width 35: "\x{3053}\x{3093}\x{3058}\x{304D}\x{3084}\x{3057}\x{3083}"
              RenderRubyBase (anonymous) at (0,0) size 19x40
                RenderInline {RB} at (0,0) size 19x40
                  RenderText {#text} at (0,0) size 19x40
                    text run at (0,0) width 40: "\x{91D1}\x{8272}\x{591C}\x{53C9}"
          RenderText {#text} at (1178,228) size 48x492
            text run at (1178,228) width 264: "\x{300D}\x{306E}\x{529F}\x{5FB3}\x{3067}\x{306F}\x{306A}\x{3044}\x{3002}\x{6C7D}\x{8239}\x{3001}\x{6C7D}\x{8ECA}\x{3001}\x{6A29}\x{5229}\x{3001}\x{7FA9}\x{52D9}\x{3001}\x{9053}\x{5FB3}\x{3001}\x{793C}\x{7FA9}"
            text run at (1207,0) width 60: "\x{3067}\x{75B2}\x{308C}\x{679C}\x{3066}\x{305F}"
          RenderRuby (inline) {RUBY} at (0,0) size 19x12
            RenderRubyRun (anonymous) at (1207,60) size 19x12
              RenderRubyText {RT} at (-10,0) size 10x12
                RenderText {#text} at (0,0) size 10x12
                  text run at (0,0) width 12: "\x{306E}\x{3061}"
              RenderRubyBase (anonymous) at (0,0) size 19x12
                RenderInline {RB} at (0,0) size 19x10
                  RenderText {#text} at (0,1) size 19x10
                    text run at (0,1) width 10: "\x{5F8C}"
          RenderText {#text} at (1207,72) size 19x260
            text run at (1207,72) width 260: "\x{306B}\x{3001}\x{3059}\x{3079}\x{3066}\x{3092}\x{5FD8}\x{5374}\x{3057}\x{3066}\x{3050}\x{3063}\x{3059}\x{308A}\x{5BDD}\x{8FBC}\x{3080}\x{3088}\x{3046}\x{306A}\x{529F}\x{5FB3}\x{3067}\x{3042}\x{308B}\x{3002}"
          RenderBR {BR} at (1207,332) size 19x0
