layer at (0,0) size 800x600
  RenderView at (0,0) size 800x600
layer at (0,0) size 800x600
  RenderBlock {HTML} at (0,0) size 800x600
    RenderBody {BODY} at (8,8) size 784x584
      RenderBlock {P} at (0,0) size 784x21
        RenderText {#text} at (0,0) size 57x21
          text run at (0,0) width 57: "Test for "
        RenderInline {I} at (0,0) size 509x21
          RenderInline {A} at (0,0) size 154x21 [color=#0000EE]
            RenderText {#text} at (57,0) size 154x21
              text run at (57,0) width 154: "rdar://problem/6777374"
          RenderText {#text} at (211,0) size 355x21
            text run at (211,0) width 4: " "
            text run at (215,0) width 351: "Generated content with display: run-in causes a crash"
        RenderText {#text} at (566,0) size 4x21
          text run at (566,0) width 4: "."
      RenderBlock {DIV} at (0,37) size 784x21
        RenderBlock {DIV} at (0,0) size 784x21
          RenderInline (generated) at (0,0) size 40x21
            RenderText at (0,0) size 40x21
              text run at (0,0) width 40: "PASS"
          RenderText {#text} at (40,0) size 176x21
            text run at (40,0) width 176: " < this should say \x{201C}PASS\x{201D}"
