layer at (0,0) size 845x584
  RenderView at (0,0) size 800x584
layer at (-45,0) size 845x584 backgroundClip at (0,0) size 845x584 clip at (0,0) size 845x584 outlineClip at (0,0) size 845x584
  RenderBlock {HTML} at (0,0) size 845x584
    RenderBody {BODY} at (8,8) size 829x568
layer at (-37,8) size 829x568 backgroundClip at (0,0) size 845x584 clip at (0,0) size 845x584 outlineClip at (0,0) size 845x584
  RenderBlock {DIV} at (0,0) size 829x568 [border: (5px solid #000000)]
    RenderText {#text} at (5,15) size 2417x168
      text run at (5,15) width 139: "Lorem ipsum dolor sit"
      text run at (24,15) width 116: "amet, consectetuer"
      text run at (43,15) width 130: "adipiscing elit. Nulla"
      text run at (62,15) width 115: "varius enim ac mi."
      text run at (81,15) width 163: "Curabitur sollicitudin felis"
      text run at (100,15) width 127: "quis lectus. Quisque"
      text run at (119,15) width 151: "adipiscing rhoncus sem."
      text run at (138,15) width 112: "Proin nulla purus,"
      text run at (157,15) width 147: "vulputate vel, varius ut,"
      text run at (176,15) width 164: "euismod et, nisi. Sed vitae"
      text run at (195,15) width 124: "felis vel orci sagittis"
      text run at (214,15) width 147: "aliquam. Cras convallis"
      text run at (233,15) width 132: "adipiscing sem. Nam"
      text run at (252,15) width 154: "nonummy enim. Nullam"
      text run at (271,15) width 160: "bibendum lobortis neque."
      text run at (290,15) width 136: "Vestibulum velit orci,"
      text run at (309,15) width 158: "tempus euismod, pretium"
      text run at (328,15) width 167: "quis, interdum vitae, nulla."
      text run at (347,15) width 134: "Phasellus eget ante et"
      text run at (366,15) width 124: "tortor condimentum"
      text run at (385,15) width 154: "vestibulum. Suspendisse"
      text run at (404,15) width 155: "hendrerit quam nec felis."
      text run at (423,15) width 139: "Sed varius turpis vitae"
      text run at (442,15) width 159: "pede. Lorem ipsum dolor"
      text run at (461,15) width 134: "sit amet, consectetuer"
      text run at (480,15) width 129: "adipiscing elit. Proin"
      text run at (499,15) width 154: "bibendum justo ac enim."
      text run at (518,15) width 110: "Class aptent taciti"
      text run at (537,15) width 166: "sociosqu ad litora torquent"
      text run at (556,15) width 144: "per conubia nostra, per"
      text run at (575,15) width 159: "inceptos hymenaeos. Sed"
      text run at (594,15) width 127: "leo nulla, rutrum eu,"
      text run at (613,15) width 143: "dictum ut, posuere vel,"
      text run at (632,15) width 153: "arcu. Nam libero. Morbi"
      text run at (651,15) width 95: "orci. Maecenas"
      text run at (670,15) width 146: "pellentesque. Curabitur"
      text run at (689,15) width 152: "erat erat, ullamcorper at,"
      text run at (708,15) width 167: "gravida vitae, iaculis vitae,"
      text run at (727,15) width 117: "elit. Nullam quam."
      text run at (746,15) width 125: "Quisque orci lectus,"
      text run at (765,15) width 161: "ullamcorper eu, imperdiet"
      text run at (784,15) width 153: "sed, accumsan et, ligula."
      text run at (803,15) width 157: "Duis diam nisl, sagittis a,"
      text run at (824,15) width 162: "blandit volutpat, interdum"
      text run at (843,15) width 137: "sed, velit. Vestibulum"
      text run at (862,15) width 132: "quam. Nulla a purus."
      text run at (881,15) width 157: "Phasellus semper semper"
      text run at (900,15) width 137: "lectus. Nulla porttitor,"
      text run at (919,15) width 153: "dolor dictum scelerisque"
      text run at (938,15) width 165: "luctus, velit ipsum lobortis"
      text run at (957,15) width 151: "mauris, ac pretium enim"
      text run at (976,15) width 129: "nunc vel risus. Proin"
      text run at (995,15) width 156: "gravida mi ut sem cursus"
      text run at (1014,15) width 158: "mattis. Fusce laoreet, nisi"
      text run at (1033,15) width 157: "quis luctus volutpat, arcu"
      text run at (1052,15) width 154: "pede tincidunt enim, nec"
      text run at (1071,15) width 143: "malesuada urna nisl eu"
      text run at (1090,15) width 138: "enim. Vivamus varius"
      text run at (1109,15) width 99: "augue ac purus."
      text run at (1128,15) width 150: "Vestibulum vestibulum."
      text run at (1147,15) width 159: "Phasellus et est vitae ante"
      text run at (1166,15) width 163: "accumsan rhoncus. Morbi"
      text run at (1185,15) width 166: "convallis, arcu at hendrerit"
      text run at (1204,15) width 115: "gravida, sem diam"
      text run at (1223,15) width 168: "dignissim risus, sed aliquet"
      text run at (1242,15) width 166: "erat mi ut mi. Nunc cursus"
      text run at (1261,15) width 137: "lacinia elit. Nunc nisi."
      text run at (1280,15) width 99: "Quisque at erat."
      text run at (1299,15) width 159: "Vestibulum dictum quam"
      text run at (1318,15) width 139: "vitae nibh. Nunc vitae"
      text run at (1337,15) width 146: "ante non odio interdum"
      text run at (1356,15) width 134: "blandit. Curabitur leo"
      text run at (1375,15) width 140: "quam, fermentum sed,"
      text run at (1394,15) width 162: "feugiat in, ullamcorper id,"
      text run at (1413,15) width 131: "nibh. Suspendisse ac"
      text run at (1432,15) width 100: "turpis. In iaculis"
      text run at (1451,15) width 150: "sollicitudin dui. Aenean"
      text run at (1470,15) width 139: "vitae lectus vitae nulla"
      text run at (1489,15) width 155: "pellentesque sollicitudin."
      text run at (1508,15) width 141: "Nunc gravida pharetra"
      text run at (1527,15) width 160: "lectus. Etiam lacus ligula,"
      text run at (1546,15) width 154: "placerat ut, dictum vitae,"
      text run at (1565,15) width 142: "tempus vel, risus. Cras"
      text run at (1584,15) width 153: "rhoncus. Praesent varius"
      text run at (1603,15) width 127: "ultricies orci. Donec"
      text run at (1622,15) width 143: "mattis, neque ut ornare"
      text run at (1643,15) width 168: "fringilla, ante urna placerat"
      text run at (1662,15) width 146: "eros, vel commodo nisi"
      text run at (1681,15) width 143: "tortor ut mauris. Morbi"
      text run at (1700,15) width 135: "magna dui, sagittis sit"
      text run at (1719,15) width 112: "amet, tincidunt et,"
      text run at (1738,15) width 146: "elementum eget, quam."
      text run at (1757,15) width 153: "Fusce molestie nisl vitae"
      text run at (1776,15) width 162: "nisi. Vestibulum a sapien."
      text run at (1795,15) width 129: "Phasellus ante lacus,"
      text run at (1814,15) width 144: "vehicula non, cursus a,"
      text run at (1833,15) width 114: "tempor ut, magna."
      text run at (1852,15) width 128: "Suspendisse potenti."
      text run at (1871,15) width 167: "Fusce aliquet, odio viverra"
      text run at (1890,15) width 144: "vulputate dictum, enim"
      text run at (1909,15) width 128: "odio luctus purus, ut"
      text run at (1928,15) width 143: "scelerisque quam nulla"
      text run at (1947,15) width 165: "non est. Donec eros lacus,"
      text run at (1966,15) width 162: "egestas vitae, lacinia quis,"
      text run at (1985,15) width 159: "tempor quis, pede. Morbi"
      text run at (2004,15) width 163: "orci erat, iaculis id, ornare"
      text run at (2023,15) width 143: "ac, elementum at, sem."
      text run at (2042,15) width 159: "Nunc ornare sodales nisi."
      text run at (2061,15) width 166: "Morbi interdum commodo"
      text run at (2080,15) width 155: "nisl. Fusce eget eros non"
      text run at (2099,15) width 149: "nisi ornare facilisis. Sed"
      text run at (2118,15) width 155: "placerat, est non posuere"
      text run at (2137,15) width 121: "posuere, purus sem"
      text run at (2156,15) width 163: "dignissim libero, a viverra"
      text run at (2175,15) width 137: "tellus dolor vel lorem."
      text run at (2194,15) width 116: "Cras augue. Etiam"
      text run at (2213,15) width 152: "ultricies consequat odio."
      text run at (2232,15) width 147: "Mauris ac libero. Etiam"
      text run at (2251,15) width 127: "posuere, libero vitae"
      text run at (2270,15) width 163: "euismod gravida, urna elit"
      text run at (2289,15) width 132: "imperdiet magna, vel"
      text run at (2308,15) width 121: "cursus elit felis non"
      text run at (2327,15) width 151: "mauris. Donec orci erat,"
      text run at (2346,15) width 136: "porta id, dignissim ut,"
      text run at (2365,15) width 127: "posuere dictum, leo."
      text run at (2384,15) width 150: "Suspendisse scelerisque"
      text run at (2403,15) width 84: "egestas nulla."
