layer at (0,0) size 800x600
  RenderView at (0,0) size 800x600
layer at (0,0) size 800x256
  RenderBlock {html} at (0,0) size 800x256
    RenderBody {body} at (8,16) size 784x224
      RenderBlock {p} at (0,0) size 784x32
        RenderText {#text} at (0,8) size 36x18
          text run at (0,8) width 36: "both: "
        RenderBlock {math} at (36,0) size 16x32
          RenderBlock {msubsup} at (1,0) size 14x32
            RenderBlock {msubsup} at (0,3) size 7x24
              RenderInline {mi} at (0,0) size 7x16
                RenderText {#text} at (0,8) size 7x16
                  text run at (0,8) width 7: "x"
            RenderBlock {msubsup} at (8,0) size 6x32
              RenderBlock {msubsup} at (0,0) size 6x16
                RenderInline {mi} at (0,0) size 5x12
                  RenderText {#text} at (0,3) size 5x12
                    text run at (0,3) width 5: "k"
              RenderBlock {msubsup} at (0,16) size 6x16
                RenderInline {mn} at (0,0) size 6x12
                  RenderText {#text} at (0,3) size 6x12
                    text run at (0,3) width 6: "1"
        RenderText {#text} at (0,0) size 0x0
      RenderBlock {p} at (0,48) size 784x32
        RenderText {#text} at (0,8) size 148x18
          text run at (0,8) width 148: "long subscript w/ both: "
        RenderBlock {math} at (148,0) size 44x32
          RenderBlock {msubsup} at (1,0) size 42x32
            RenderBlock {msubsup} at (0,3) size 9x24
              RenderInline {mi} at (0,0) size 9x16
                RenderText {#text} at (0,8) size 9x16
                  text run at (0,8) width 9: "Z"
            RenderBlock {msubsup} at (10,0) size 32x32
              RenderBlock {msubsup} at (0,0) size 32x16
                RenderInline {mi} at (0,0) size 3x12
                  RenderText {#text} at (0,3) size 3x12
                    text run at (0,3) width 3: "j"
              RenderBlock {msubsup} at (0,16) size 32x16
                RenderBlock {mrow} at (1,3) size 31x12
                  RenderInline {mi} at (0,0) size 5x12
                    RenderText {#text} at (0,0) size 5x12
                      text run at (0,0) width 5: "x"
                  RenderBlock {mo} at (5,0) size 8x12
                    RenderBlock {mo} at (0,0) size 7x12
                      RenderText {mo} at (0,0) size 7x12
                        text run at (0,0) width 7: "+"
                  RenderInline {mi} at (0,0) size 5x12
                    RenderText {#text} at (13,0) size 5x12
                      text run at (13,0) width 5: "y"
                  RenderBlock {mo} at (18,0) size 8x12
                    RenderBlock {mo} at (0,0) size 7x12
                      RenderText {mo} at (0,0) size 7x12
                        text run at (0,0) width 7: "+"
                  RenderInline {mi} at (0,0) size 5x12
                    RenderText {#text} at (26,0) size 5x12
                      text run at (26,0) width 5: "z"
        RenderText {#text} at (0,0) size 0x0
      RenderBlock {p} at (0,96) size 784x32
        RenderText {#text} at (0,8) size 160x18
          text run at (0,8) width 160: "long superscript w/ both: "
        RenderBlock {math} at (160,0) size 29x32
          RenderBlock {msubsup} at (1,0) size 27x32
            RenderBlock {msubsup} at (0,3) size 9x24
              RenderInline {mi} at (0,0) size 9x16
                RenderText {#text} at (0,8) size 9x16
                  text run at (0,8) width 9: "Z"
            RenderBlock {msubsup} at (10,0) size 17x32
              RenderBlock {msubsup} at (0,0) size 17x16
                RenderBlock {mrow} at (1,3) size 16x12
                  RenderInline {mi} at (0,0) size 5x12
                    RenderText {#text} at (0,0) size 5x12
                      text run at (0,0) width 5: "k"
                  RenderBlock {mo} at (5,0) size 8x12
                    RenderBlock {mo} at (0,0) size 7x12
                      RenderText {mo} at (0,0) size 7x12
                        text run at (0,0) width 7: "+"
                  RenderInline {mi} at (0,0) size 3x12
                    RenderText {#text} at (13,0) size 3x12
                      text run at (13,0) width 3: "j"
              RenderBlock {msubsup} at (0,16) size 17x16
                RenderInline {mi} at (0,0) size 5x12
                  RenderText {#text} at (0,3) size 5x12
                    text run at (0,3) width 5: "x"
        RenderText {#text} at (0,0) size 0x0
      RenderBlock {p} at (0,144) size 784x32
        RenderText {#text} at (0,8) size 88x18
          text run at (0,8) width 88: "long w/ both: "
        RenderBlock {math} at (88,0) size 44x32
          RenderBlock {msubsup} at (1,0) size 42x32
            RenderBlock {msubsup} at (0,3) size 9x24
              RenderInline {mi} at (0,0) size 9x16
                RenderText {#text} at (0,8) size 9x16
                  text run at (0,8) width 9: "Z"
            RenderBlock {msubsup} at (10,0) size 32x32
              RenderBlock {msubsup} at (0,0) size 32x16
                RenderBlock {mrow} at (0,3) size 16x12
                  RenderInline {mi} at (0,0) size 5x12
                    RenderText {#text} at (0,0) size 5x12
                      text run at (0,0) width 5: "k"
                  RenderBlock {mo} at (5,0) size 8x12
                    RenderBlock {mo} at (0,0) size 7x12
                      RenderText {mo} at (0,0) size 7x12
                        text run at (0,0) width 7: "+"
                  RenderInline {mi} at (0,0) size 3x12
                    RenderText {#text} at (13,0) size 3x12
                      text run at (13,0) width 3: "j"
              RenderBlock {msubsup} at (0,16) size 32x16
                RenderBlock {mrow} at (1,3) size 31x12
                  RenderInline {mi} at (0,0) size 5x12
                    RenderText {#text} at (0,0) size 5x12
                      text run at (0,0) width 5: "x"
                  RenderBlock {mo} at (5,0) size 8x12
                    RenderBlock {mo} at (0,0) size 7x12
                      RenderText {mo} at (0,0) size 7x12
                        text run at (0,0) width 7: "+"
                  RenderInline {mi} at (0,0) size 5x12
                    RenderText {#text} at (13,0) size 5x12
                      text run at (13,0) width 5: "y"
                  RenderBlock {mo} at (18,0) size 8x12
                    RenderBlock {mo} at (0,0) size 7x12
                      RenderText {mo} at (0,0) size 7x12
                        text run at (0,0) width 7: "+"
                  RenderInline {mi} at (0,0) size 5x12
                    RenderText {#text} at (26,0) size 5x12
                      text run at (26,0) width 5: "z"
        RenderText {#text} at (0,0) size 0x0
      RenderBlock {p} at (0,192) size 784x32
        RenderText {#text} at (0,8) size 123x18
          text run at (0,8) width 123: "Wrapped in mrow: "
        RenderBlock {math} at (123,0) size 16x32
          RenderBlock {mrow} at (1,0) size 14x32
            RenderBlock {msubsup} at (0,0) size 14x32
              RenderBlock {msubsup} at (0,3) size 7x24
                RenderInline {mi} at (0,0) size 7x16
                  RenderText {#text} at (0,8) size 7x16
                    text run at (0,8) width 7: "x"
              RenderBlock {msubsup} at (8,0) size 6x32
                RenderBlock {msubsup} at (0,0) size 6x16
                  RenderInline {mi} at (0,0) size 5x12
                    RenderText {#text} at (0,3) size 5x12
                      text run at (0,3) width 5: "k"
                RenderBlock {msubsup} at (0,16) size 6x16
                  RenderInline {mn} at (0,0) size 6x12
                    RenderText {#text} at (0,3) size 6x12
                      text run at (0,3) width 6: "1"
        RenderText {#text} at (0,0) size 0x0
