layer at (0,0) size 794x682
  RenderView at (0,0) size 784x584
layer at (0,0) size 784x682
  RenderBlock {HTML} at (0,0) size 784x682
    RenderBody {BODY} at (8,16) size 768x658
      RenderBlock {P} at (0,0) size 768x38
        RenderText {#text} at (0,0) size 751x38
          text run at (0,0) width 751: "There should be a SPAN in the middle of all four paragraphs that has padding, a green border, and a margin on the left,"
          text run at (0,19) width 363: "and padding, an orange border, and a margin on the right."
      RenderBlock {H1} at (0,54) size 768x19
        RenderText {#text} at (0,0) size 89x19
          text run at (0,0) width 89: "Left-to-Right"
      RenderBlock {DIV} at (0,83) size 768x252 [border: (1px solid #000000)]
        RenderBlock {P} at (6,22) size 756x32
          RenderText {#text} at (0,6) size 125x19
            text run at (0,6) width 125: "Lorem ipsum dolor "
          RenderInline {SPAN} at (0,0) size 186x21 [border: (1px solid #0000FF) (10px solid #FFA500) (1px solid #0000FF) (10px solid #008000)]
            RenderText {#text} at (170,6) size 131x19
              text run at (170,6) width 131 RTL override: "sit amet, consectetur "
          RenderText {#text} at (346,6) size 332x19
            text run at (346,6) width 332: "adipisicing elit, sed do eiusmod tempor incididunt ut."
        RenderBlock {P} at (6,70) size 756x160
          RenderText {#text} at (0,6) size 732x51
            text run at (0,6) width 588: "Lorem ipsum dolor sit amet, consectetur adipisicing elit, sed do eiusmod tempor incididunt ut "
            text run at (588,6) width 144: "labore et dolore magna"
            text run at (0,38) width 430: "aliqua. Ut enim ad minim veniam, quis nostrud exercitation ullamco "
          RenderInline {SPAN} at (0,0) size 780x85 [border: (1px solid #0000FF) (10px solid #FFA500) (1px solid #0000FF) (10px solid #008000)]
            RenderText {#text} at (430,38) size 780x83
              text run at (430,38) width 235 RTL override: "laboris nisi ut aliquip ex ea commodo"
              text run at (0,70) width 424 RTL override: "voluptate velit esse cillum dolore eu fugiat nulla pariatur. Excepteur"
              text run at (424,70) width 324 RTL override: "consequat. Duis aute irure dolor in reprehenderit in "
              text run at (45,102) width 590 RTL override: "non proident, sunt in culpa qui officia deserunt mollit anim id est laborum. Lorem ipsum dolor"
              text run at (635,102) width 145 RTL override: "sint occaecat cupidatat "
          RenderText {#text} at (0,134) size 561x19
            text run at (0,134) width 561: "sit amet, consectetur adipisicing elit, sed do eiusmod tempor incididunt ut labore et dolore"
      RenderBlock {H1} at (0,345) size 768x19
        RenderText {#text} at (0,0) size 89x19
          text run at (0,0) width 89: "Right-to-Left"
      RenderBlock {DIV} at (0,374) size 768x284 [border: (1px solid #000000)]
        RenderBlock {P} at (6,22) size 756x32
          RenderText {#text} at (631,6) size 125x19
            text run at (631,6) width 125 RTL override: "Lorem ipsum dolor "
          RenderInline {SPAN} at (0,0) size 186x21 [border: (1px solid #0000FF) (10px solid #FFA500) (1px solid #0000FF) (10px solid #008000)]
            RenderText {#text} at (455,6) size 131x19
              text run at (455,6) width 131 RTL override: "sit amet, consectetur "
          RenderText {#text} at (78,6) size 332x19
            text run at (78,6) width 332 RTL override: "adipisicing elit, sed do eiusmod tempor incididunt ut."
        RenderBlock {P} at (6,70) size 756x192
          RenderText {#text} at (24,6) size 732x51
            text run at (24,6) width 144 RTL override: "labore et dolore magna"
            text run at (168,6) width 588 RTL override: "Lorem ipsum dolor sit amet, consectetur adipisicing elit, sed do eiusmod tempor incididunt ut "
            text run at (326,38) width 430 RTL override: "aliqua. Ut enim ad minim veniam, quis nostrud exercitation ullamco "
          RenderInline {SPAN} at (0,0) size 780x85 [border: (1px solid #0000FF) (10px solid #FFA500) (1px solid #0000FF) (10px solid #008000)]
            RenderText {#text} at (91,38) size 780x83
              text run at (91,38) width 235 RTL override: "laboris nisi ut aliquip ex ea commodo"
              text run at (8,70) width 424 RTL override: "voluptate velit esse cillum dolore eu fugiat nulla pariatur. Excepteur"
              text run at (432,70) width 324 RTL override: "consequat. Duis aute irure dolor in reprehenderit in "
              text run at (-24,102) width 590 RTL override: "non proident, sunt in culpa qui officia deserunt mollit anim id est laborum. Lorem ipsum dolor"
              text run at (566,102) width 145 RTL override: "sint occaecat cupidatat "
          RenderText {#text} at (29,134) size 727x51
            text run at (29,134) width 162 RTL override: "magna aliqua. Ut enim ad"
            text run at (191,134) width 565 RTL override: "sit amet, consectetur adipisicing elit, sed do eiusmod tempor incididunt ut labore et dolore "
            text run at (311,166) width 445 RTL override: "minim veniam, quis nostrud exercitation ullamco laboris nisi ut aliquip."
