ALERT: 0.1724137931034483
layer at (0,0) size 800x600
  RenderView at (0,0) size 800x600
layer at (0,0) size 800x600
  RenderBlock {HTML} at (0,0) size 800x600
    RenderBody {BODY} at (8,8) size 784x576
      RenderBlock {P} at (0,0) size 784x21
        RenderText {#text} at (0,0) size 234x21
          text run at (0,0) width 234: "This tests for a drag select crasher."
      RenderBlock {DIV} at (0,37) size 784x29
        RenderInline {SPAN} at (0,0) size 72x21
          RenderText {#text} at (0,4) size 72x21
            text run at (0,4) width 72: "Start here."
        RenderText {#text} at (72,4) size 4x21
          text run at (72,4) width 4: " "
        RenderTextControl {INPUT} at (78,2) size 166x25
      RenderBlock {UL} at (0,82) size 784x0
layer at (88,49) size 162x21
  RenderBlock {DIV} at (2,2) size 162x21
selection start: position 4 of child 0 {#text} of child 0 {SPAN} of child 2 {DIV} of body
selection end:   position 1 of child 1 {#text} of child 2 {DIV} of body
